Archive member included to satisfy reference by file (symbol)

D:/Renesas/RA/e2studio_v2026-04.2_fsp_v6.5.0/toolchains/gcc_arm/13.2.rel1/bin/../lib/gcc/arm-none-eabi/13.2.1/thumb/v8-m.main+dp/hard\libstdc++_nano.a(atexit_arm.o)
                              ./src/app/tasks/queues.o (__aeabi_atexit)
D:/Renesas/RA/e2studio_v2026-04.2_fsp_v6.5.0/toolchains/gcc_arm/13.2.rel1/bin/../lib/gcc/arm-none-eabi/13.2.1/thumb/v8-m.main+dp/hard\libstdc++_nano.a(class_type_info.o)
                              ./src/app/tasks/UartRecvTask/UartRecvTask.o (vtable for __cxxabiv1::__class_type_info)
D:/Renesas/RA/e2studio_v2026-04.2_fsp_v6.5.0/toolchains/gcc_arm/13.2.rel1/bin/../lib/gcc/arm-none-eabi/13.2.1/thumb/v8-m.main+dp/hard\libstdc++_nano.a(del_ops.o)
                              D:/Renesas/RA/e2studio_v2026-04.2_fsp_v6.5.0/toolchains/gcc_arm/13.2.rel1/bin/../lib/gcc/arm-none-eabi/13.2.1/thumb/v8-m.main+dp/hard\libstdc++_nano.a(class_type_info.o) (operator delete(void*, unsigned int))
D:/Renesas/RA/e2studio_v2026-04.2_fsp_v6.5.0/toolchains/gcc_arm/13.2.rel1/bin/../lib/gcc/arm-none-eabi/13.2.1/thumb/v8-m.main+dp/hard\libstdc++_nano.a(eh_arm.o)
                              ./src/app/tasks/queues.o (__cxa_end_cleanup)
D:/Renesas/RA/e2studio_v2026-04.2_fsp_v6.5.0/toolchains/gcc_arm/13.2.rel1/bin/../lib/gcc/arm-none-eabi/13.2.1/thumb/v8-m.main+dp/hard\libstdc++_nano.a(eh_exception.o)
                              D:/Renesas/RA/e2studio_v2026-04.2_fsp_v6.5.0/toolchains/gcc_arm/13.2.rel1/bin/../lib/gcc/arm-none-eabi/13.2.1/thumb/v8-m.main+dp/hard\libstdc++_nano.a(eh_arm.o) (typeinfo for __cxxabiv1::__forced_unwind)
D:/Renesas/RA/e2studio_v2026-04.2_fsp_v6.5.0/toolchains/gcc_arm/13.2.rel1/bin/../lib/gcc/arm-none-eabi/13.2.1/thumb/v8-m.main+dp/hard\libstdc++_nano.a(eh_globals.o)
                              D:/Renesas/RA/e2studio_v2026-04.2_fsp_v6.5.0/toolchains/gcc_arm/13.2.rel1/bin/../lib/gcc/arm-none-eabi/13.2.1/thumb/v8-m.main+dp/hard\libstdc++_nano.a(eh_arm.o) (__cxa_get_globals)
D:/Renesas/RA/e2studio_v2026-04.2_fsp_v6.5.0/toolchains/gcc_arm/13.2.rel1/bin/../lib/gcc/arm-none-eabi/13.2.1/thumb/v8-m.main+dp/hard\libstdc++_nano.a(eh_personality.o)
                              ./src/app/utils/ElegantDebug.o (__gxx_personality_v0)
D:/Renesas/RA/e2studio_v2026-04.2_fsp_v6.5.0/toolchains/gcc_arm/13.2.rel1/bin/../lib/gcc/arm-none-eabi/13.2.1/thumb/v8-m.main+dp/hard\libstdc++_nano.a(eh_terminate.o)
                              D:/Renesas/RA/e2studio_v2026-04.2_fsp_v6.5.0/toolchains/gcc_arm/13.2.rel1/bin/../lib/gcc/arm-none-eabi/13.2.1/thumb/v8-m.main+dp/hard\libstdc++_nano.a(eh_arm.o) (std::terminate())
D:/Renesas/RA/e2studio_v2026-04.2_fsp_v6.5.0/toolchains/gcc_arm/13.2.rel1/bin/../lib/gcc/arm-none-eabi/13.2.1/thumb/v8-m.main+dp/hard\libstdc++_nano.a(eh_unex_handler.o)
                              D:/Renesas/RA/e2studio_v2026-04.2_fsp_v6.5.0/toolchains/gcc_arm/13.2.rel1/bin/../lib/gcc/arm-none-eabi/13.2.1/thumb/v8-m.main+dp/hard\libstdc++_nano.a(eh_terminate.o) (__cxxabiv1::__unexpected_handler)
D:/Renesas/RA/e2studio_v2026-04.2_fsp_v6.5.0/toolchains/gcc_arm/13.2.rel1/bin/../lib/gcc/arm-none-eabi/13.2.1/thumb/v8-m.main+dp/hard\libstdc++_nano.a(si_class_type_info.o)
                              ./src/app/tasks/UartRecvTask/UartRecvTask.o (vtable for __cxxabiv1::__si_class_type_info)
D:/Renesas/RA/e2studio_v2026-04.2_fsp_v6.5.0/toolchains/gcc_arm/13.2.rel1/bin/../lib/gcc/arm-none-eabi/13.2.1/thumb/v8-m.main+dp/hard\libstdc++_nano.a(tinfo.o)
                              D:/Renesas/RA/e2studio_v2026-04.2_fsp_v6.5.0/toolchains/gcc_arm/13.2.rel1/bin/../lib/gcc/arm-none-eabi/13.2.1/thumb/v8-m.main+dp/hard\libstdc++_nano.a(class_type_info.o) (std::type_info::~type_info())
D:/Renesas/RA/e2studio_v2026-04.2_fsp_v6.5.0/toolchains/gcc_arm/13.2.rel1/bin/../lib/gcc/arm-none-eabi/13.2.1/thumb/v8-m.main+dp/hard\libstdc++_nano.a(del_op.o)
                              D:/Renesas/RA/e2studio_v2026-04.2_fsp_v6.5.0/toolchains/gcc_arm/13.2.rel1/bin/../lib/gcc/arm-none-eabi/13.2.1/thumb/v8-m.main+dp/hard\libstdc++_nano.a(del_ops.o) (operator delete(void*))
D:/Renesas/RA/e2studio_v2026-04.2_fsp_v6.5.0/toolchains/gcc_arm/13.2.rel1/bin/../lib/gcc/arm-none-eabi/13.2.1/thumb/v8-m.main+dp/hard\libstdc++_nano.a(eh_call.o)
                              D:/Renesas/RA/e2studio_v2026-04.2_fsp_v6.5.0/toolchains/gcc_arm/13.2.rel1/bin/../lib/gcc/arm-none-eabi/13.2.1/thumb/v8-m.main+dp/hard\libstdc++_nano.a(eh_personality.o) (__cxa_call_terminate)
D:/Renesas/RA/e2studio_v2026-04.2_fsp_v6.5.0/toolchains/gcc_arm/13.2.rel1/bin/../lib/gcc/arm-none-eabi/13.2.1/thumb/v8-m.main+dp/hard\libstdc++_nano.a(eh_catch.o)
                              D:/Renesas/RA/e2studio_v2026-04.2_fsp_v6.5.0/toolchains/gcc_arm/13.2.rel1/bin/../lib/gcc/arm-none-eabi/13.2.1/thumb/v8-m.main+dp/hard\libstdc++_nano.a(eh_call.o) (__cxa_begin_catch)
[...]
Memory Configuration

Name             Origin             Length             Attributes
RAM              0x22000000         0x000ea000         xrw
FLASH            0x02000000         0x00080000         xr
DATA_FLASH       0x27000000         0x00000000         xr
SDRAM            0x68000000         0x04000000         xrw
OSPI0_CS0        0x80000000         0x08000000         xrw
OSPI0_CS1        0x90000000         0x08000000         xr
OSPI1_CS0        0x70000000         0x04000000         xrw
OSPI1_CS1        0x78000000         0x04000000         xr
OPTION_SETTING_OFS0 0x02c9f040         0x00000004         r
OPTION_SETTING_OFS2 0x02c9f044         0x00000004         r
OPTION_SETTING_SAS 0x02c9f074         0x00000004         r
OPTION_SETTING_OFS1 0x12c9f4c0         0x00000004         r
OPTION_SETTING_OFS1_SEC 0x02c9f0c0         0x00000004         r
OPTION_SETTING_OFS1_SEL 0x02c9f120         0x00000004         r
OPTION_SETTING_OFS3 0x12c9f4c4         0x00000004         r
OPTION_SETTING_OFS3_SEC 0x02c9f0c4         0x00000004         r
OPTION_SETTING_OFS3_SEL 0x02c9f124         0x00000004         r
OPTION_SETTING_BPS 0x12c9f600         0x00000080         r
OPTION_SETTING_BPS_SEC 0x02c9f200         0x00000080         r
OPTION_SETTING_OTP_FSBLCTRL0 0x02e07600         0x00000004         r
OPTION_SETTING_OTP_FSBLCTRL1 0x02e07604         0x00000004         r
OPTION_SETTING_OTP_FSBLCTRL2 0x02e07608         0x00000004         r
OPTION_SETTING_OTP_SAMR 0x02e07614         0x00000004         r
OPTION_SETTING_OTP_SACC00 0x02e07620         0x00000004         r
OPTION_SETTING_OTP_SACC10 0x02e07630         0x00000004         r
OPTION_SETTING_OTP_SACC01 0x02e07640         0x00000004         r
OPTION_SETTING_OTP_SACC11 0x02e07650         0x00000004         r
OPTION_SETTING_OTP_SACC02 0x02e07660         0x00000004         r
OPTION_SETTING_OTP_SACC12 0x02e07670         0x00000004         r
OPTION_SETTING_OTP_SACC03 0x02e07680         0x00000004         r
OPTION_SETTING_OTP_SACC13 0x02e07690         0x00000004         r
OPTION_SETTING_OTP_PBPS_SEC 0x02e17700         0x00000080         r
OPTION_SETTING_OTP_PBPS 0x12e17780         0x00000080         r
OPTION_SETTING_OTP_ZHUK 0x02e17920         0x00000004         r
ITCM             0x00000000         0x00020000         xrw
DTCM             0x20000000         0x00020000         xrw
*default*        0x00000000         0xffffffff

Linker script and memory map

LOAD D:/Renesas/RA/e2studio_v2026-04.2_fsp_v6.5.0/toolchains/gcc_arm/13.2.rel1/bin/../lib/gcc/arm-none-eabi/13.2.1/thumb/v8-m.main+dp/hard/crti.o
LOAD D:/Renesas/RA/e2studio_v2026-04.2_fsp_v6.5.0/toolchains/gcc_arm/13.2.rel1/bin/../lib/gcc/arm-none-eabi/13.2.1/thumb/v8-m.main+dp/hard/crtbegin.o
LOAD D:/Renesas/RA/e2studio_v2026-04.2_fsp_v6.5.0/toolchains/gcc_arm/13.2.rel1/bin/../lib/gcc/arm-none-eabi/13.2.1/thumb/v8-m.main+dp/hard/crt0.o
START GROUP
LOAD ./src/app/utils/ElegantDebug.o
LOAD ./src/app/tasks/UartRecvTask/UartRecvTask.o
LOAD ./src/app/tasks/NormalizeTask/normalizeTask.o
LOAD ./src/app/tasks/IKTask/IKTask.o
LOAD ./src/app/tasks/CPUCommTask/CPUCommTask.o
LOAD ./src/app/tasks/queues.o
LOAD ./src/app/tasks/tasks.o
LOAD ./src/app/drivers/tft_spi.o
LOAD ./src/FreeRTOS/FreeRTOS-Kernel/portable/RM_FSP_PORT/port.o
LOAD ./src/FreeRTOS/FreeRTOS-Kernel/portable/MemMang/heap_4.o
LOAD ./src/FreeRTOS/FreeRTOS-Kernel/croutine.o
LOAD ./src/FreeRTOS/FreeRTOS-Kernel/event_groups.o
LOAD ./src/FreeRTOS/FreeRTOS-Kernel/list.o
LOAD ./src/FreeRTOS/FreeRTOS-Kernel/queue.o
LOAD ./src/FreeRTOS/FreeRTOS-Kernel/stream_buffer.o
LOAD ./src/FreeRTOS/FreeRTOS-Kernel/tasks.o
LOAD ./src/FreeRTOS/FreeRTOS-Kernel/timers.o
LOAD ./src/cpp_main.o
LOAD ./src/hal_entry.o
LOAD ./src/hal_warmstart.o
LOAD ./ra_gen/common_data.o
LOAD ./ra_gen/hal_data.o
LOAD ./ra_gen/main.o
LOAD ./ra_gen/pin_data.o
LOAD ./ra_gen/vector_data.o
LOAD ./ra/fsp/src/r_sci_b_uart/r_sci_b_uart.o
LOAD ./ra/fsp/src/r_ioport/r_ioport.o
LOAD ./ra/fsp/src/r_agt/r_agt.o
LOAD ./ra/fsp/src/bsp/mcu/ra8p1/bsp_linker.o
LOAD ./ra/fsp/src/bsp/mcu/all/bsp_clocks.o
LOAD ./ra/fsp/src/bsp/mcu/all/bsp_common.o
LOAD ./ra/fsp/src/bsp/mcu/all/bsp_delay.o
LOAD ./ra/fsp/src/bsp/mcu/all/bsp_group_irq.o
LOAD ./ra/fsp/src/bsp/mcu/all/bsp_guard.o
LOAD ./ra/fsp/src/bsp/mcu/all/bsp_io.o
LOAD ./ra/fsp/src/bsp/mcu/all/bsp_ipc.o
LOAD ./ra/fsp/src/bsp/mcu/all/bsp_irq.o
LOAD ./ra/fsp/src/bsp/mcu/all/bsp_macl.o
LOAD ./ra/fsp/src/bsp/mcu/all/bsp_ospi_b.o
LOAD ./ra/fsp/src/bsp/mcu/all/bsp_register_protection.o
LOAD ./ra/fsp/src/bsp/mcu/all/bsp_sbrk.o
LOAD ./ra/fsp/src/bsp/mcu/all/bsp_sdram.o
LOAD ./ra/fsp/src/bsp/mcu/all/bsp_security.o
LOAD ./ra/fsp/src/bsp/cmsis/Device/RENESAS/Source/startup.o
LOAD ./ra/fsp/src/bsp/cmsis/Device/RENESAS/Source/system.o
END GROUP
LOAD D:/Renesas/RA/e2studio_v2026-04.2_fsp_v6.5.0/toolchains/gcc_arm/13.2.rel1/bin/../lib/gcc/arm-none-eabi/13.2.1/thumb/v8-m.main+dp/hard\libstdc++_nano.a
LOAD D:/Renesas/RA/e2studio_v2026-04.2_fsp_v6.5.0/toolchains/gcc_arm/13.2.rel1/bin/../lib/gcc/arm-none-eabi/13.2.1/thumb/v8-m.main+dp/hard\libm.a
START GROUP
LOAD D:/Renesas/RA/e2studio_v2026-04.2_fsp_v6.5.0/toolchains/gcc_arm/13.2.rel1/bin/../lib/gcc/arm-none-eabi/13.2.1/thumb/v8-m.main+dp/hard\libgcc.a
LOAD D:/Renesas/RA/e2studio_v2026-04.2_fsp_v6.5.0/toolchains/gcc_arm/13.2.rel1/bin/../lib/gcc/arm-none-eabi/13.2.1/thumb/v8-m.main+dp/hard\libg_nano.a
LOAD D:/Renesas/RA/e2studio_v2026-04.2_fsp_v6.5.0/toolchains/gcc_arm/13.2.rel1/bin/../lib/gcc/arm-none-eabi/13.2.1/thumb/v8-m.main+dp/hard\libc_nano.a
END GROUP
START GROUP
LOAD D:/Renesas/RA/e2studio_v2026-04.2_fsp_v6.5.0/toolchains/gcc_arm/13.2.rel1/bin/../lib/gcc/arm-none-eabi/13.2.1/thumb/v8-m.main+dp/hard\libgcc.a
LOAD D:/Renesas/RA/e2studio_v2026-04.2_fsp_v6.5.0/toolchains/gcc_arm/13.2.rel1/bin/../lib/gcc/arm-none-eabi/13.2.1/thumb/v8-m.main+dp/hard\libc_nano.a
LOAD D:/Renesas/RA/e2studio_v2026-04.2_fsp_v6.5.0/toolchains/gcc_arm/13.2.rel1/bin/../lib/gcc/arm-none-eabi/13.2.1/thumb/v8-m.main+dp/hard\libnosys.a
END GROUP
START GROUP
LOAD D:/Renesas/RA/e2studio_v2026-04.2_fsp_v6.5.0/toolchains/gcc_arm/13.2.rel1/bin/../lib/gcc/arm-none-eabi/13.2.1/thumb/v8-m.main+dp/hard\libgcc.a
LOAD D:/Renesas/RA/e2studio_v2026-04.2_fsp_v6.5.0/toolchains/gcc_arm/13.2.rel1/bin/../lib/gcc/arm-none-eabi/13.2.1/thumb/v8-m.main+dp/hard\libc_nano.a
LOAD D:/Renesas/RA/e2studio_v2026-04.2_fsp_v6.5.0/toolchains/gcc_arm/13.2.rel1/bin/../lib/gcc/arm-none-eabi/13.2.1/thumb/v8-m.main+dp/hard\libnosys.a
END GROUP
LOAD D:/Renesas/RA/e2studio_v2026-04.2_fsp_v6.5.0/toolchains/gcc_arm/13.2.rel1/bin/../lib/gcc/arm-none-eabi/13.2.1/thumb/v8-m.main+dp/hard/crtend.o
LOAD D:/Renesas/RA/e2studio_v2026-04.2_fsp_v6.5.0/toolchains/gcc_arm/13.2.rel1/bin/../lib/gcc/arm-none-eabi/13.2.1/thumb/v8-m.main+dp/hard/crtn.o
                0x22000000                        RAM_START = 0x22000000
                0x000ea000                        RAM_LENGTH = 0xea000
                0x02000000                        FLASH_START = 0x2000000
                0x00080000                        FLASH_LENGTH = 0x80000
                0x27000000                        DATA_FLASH_START = 0x27000000
                0x00000000                        DATA_FLASH_LENGTH = 0x0
                0x68000000                        SDRAM_START = 0x68000000
                0x04000000                        SDRAM_LENGTH = 0x4000000
                0x80000000                        OSPI0_CS0_START = 0x80000000
                0x08000000                        OSPI0_CS0_LENGTH = 0x8000000
                0x90000000                        OSPI0_CS1_START = 0x90000000
                0x08000000                        OSPI0_CS1_LENGTH = 0x8000000
                0x70000000                        OSPI1_CS0_START = 0x70000000
                0x04000000                        OSPI1_CS0_LENGTH = 0x4000000
                0x78000000                        OSPI1_CS1_START = 0x78000000
                0x04000000                        OSPI1_CS1_LENGTH = 0x4000000
                0x02c9f040                        OPTION_SETTING_OFS0_START = 0x2c9f040
                0x00000004                        OPTION_SETTING_OFS0_LENGTH = 0x4
                0x02c9f044                        OPTION_SETTING_OFS2_START = 0x2c9f044
                0x00000004                        OPTION_SETTING_OFS2_LENGTH = 0x4
                0x02c9f074                        OPTION_SETTING_SAS_START = 0x2c9f074
                0x00000004                        OPTION_SETTING_SAS_LENGTH = 0x4
                0x12c9f4c0                        OPTION_SETTING_OFS1_START = 0x12c9f4c0
                0x00000004                        OPTION_SETTING_OFS1_LENGTH = 0x4
                0x02c9f0c0                        OPTION_SETTING_OFS1_SEC_START = 0x2c9f0c0
                0x00000004                        OPTION_SETTING_OFS1_SEC_LENGTH = 0x4
                0x02c9f120                        OPTION_SETTING_OFS1_SEL_START = 0x2c9f120
                0x00000004                        OPTION_SETTING_OFS1_SEL_LENGTH = 0x4
                0x12c9f4c4                        OPTION_SETTING_OFS3_START = 0x12c9f4c4
                0x00000004                        OPTION_SETTING_OFS3_LENGTH = 0x4
                0x02c9f0c4                        OPTION_SETTING_OFS3_SEC_START = 0x2c9f0c4
                0x00000004                        OPTION_SETTING_OFS3_SEC_LENGTH = 0x4
                0x02c9f124                        OPTION_SETTING_OFS3_SEL_START = 0x2c9f124
                0x00000004                        OPTION_SETTING_OFS3_SEL_LENGTH = 0x4
                0x12c9f600                        OPTION_SETTING_BPS_START = 0x12c9f600
                0x00000080                        OPTION_SETTING_BPS_LENGTH = 0x80
                0x02c9f200                        OPTION_SETTING_BPS_SEC_START = 0x2c9f200
                0x00000080                        OPTION_SETTING_BPS_SEC_LENGTH = 0x80
                0x02e07600                        OPTION_SETTING_OTP_FSBLCTRL0_START = 0x2e07600
                0x00000004                        OPTION_SETTING_OTP_FSBLCTRL0_LENGTH = 0x4
                0x02e07604                        OPTION_SETTING_OTP_FSBLCTRL1_START = 0x2e07604
                0x00000004                        OPTION_SETTING_OTP_FSBLCTRL1_LENGTH = 0x4
                0x02e07608                        OPTION_SETTING_OTP_FSBLCTRL2_START = 0x2e07608
                0x00000004                        OPTION_SETTING_OTP_FSBLCTRL2_LENGTH = 0x4
                0x02e07614                        OPTION_SETTING_OTP_SAMR_START = 0x2e07614
                0x00000004                        OPTION_SETTING_OTP_SAMR_LENGTH = 0x4
                0x02e07620                        OPTION_SETTING_OTP_SACC00_START = 0x2e07620
                0x00000004                        OPTION_SETTING_OTP_SACC00_LENGTH = 0x4
                0x02e07630                        OPTION_SETTING_OTP_SACC10_START = 0x2e07630
                0x00000004                        OPTION_SETTING_OTP_SACC10_LENGTH = 0x4
                0x02e07640                        OPTION_SETTING_OTP_SACC01_START = 0x2e07640
                0x00000004                        OPTION_SETTING_OTP_SACC01_LENGTH = 0x4
                0x02e07650                        OPTION_SETTING_OTP_SACC11_START = 0x2e07650
                0x00000004                        OPTION_SETTING_OTP_SACC11_LENGTH = 0x4
                0x02e07660                        OPTION_SETTING_OTP_SACC02_START = 0x2e07660
                0x00000004                        OPTION_SETTING_OTP_SACC02_LENGTH = 0x4
                0x02e07670                        OPTION_SETTING_OTP_SACC12_START = 0x2e07670
                0x00000004                        OPTION_SETTING_OTP_SACC12_LENGTH = 0x4
                0x02e07680                        OPTION_SETTING_OTP_SACC03_START = 0x2e07680
                0x00000004                        OPTION_SETTING_OTP_SACC03_LENGTH = 0x4
                0x02e07690                        OPTION_SETTING_OTP_SACC13_START = 0x2e07690
                0x00000004                        OPTION_SETTING_OTP_SACC13_LENGTH = 0x4
                0x02e17700                        OPTION_SETTING_OTP_PBPS_SEC_START = 0x2e17700
                0x00000080                        OPTION_SETTING_OTP_PBPS_SEC_LENGTH = 0x80
                0x12e17780                        OPTION_SETTING_OTP_PBPS_START = 0x12e17780
                0x00000080                        OPTION_SETTING_OTP_PBPS_LENGTH = 0x80
                0x02e17920                        OPTION_SETTING_OTP_ZHUK_START = 0x2e17920
                0x00000004                        OPTION_SETTING_OTP_ZHUK_LENGTH = 0x4
                0x00000000                        ITCM_START = 0x0
                0x00020000                        ITCM_LENGTH = 0x20000
                0x20000000                        DTCM_START = 0x20000000
                0x00020000                        DTCM_LENGTH = 0x20000
START GROUP
LOAD D:/Renesas/RA/e2studio_v2026-04.2_fsp_v6.5.0/toolchains/gcc_arm/13.2.rel1/bin/../lib/gcc/arm-none-eabi/13.2.1/thumb/v8-m.main+dp/hard\libgcc.a
LOAD D:/Renesas/RA/e2studio_v2026-04.2_fsp_v6.5.0/toolchains/gcc_arm/13.2.rel1/bin/../lib/gcc/arm-none-eabi/13.2.1/thumb/v8-m.main+dp/hard\libc.a
LOAD D:/Renesas/RA/e2studio_v2026-04.2_fsp_v6.5.0/toolchains/gcc_arm/13.2.rel1/bin/../lib/gcc/arm-none-eabi/13.2.1/thumb/v8-m.main+dp/hard\libm.a
END GROUP

.ospi0_cs1.startof
                0x90000000        0x0
                0x90000000                        __ddsc_OSPI0_CS1_START = .

.sdram.startof  0x68000000        0x0
                0x68000000                        __ddsc_SDRAM_START = .

__sdram_from_ospi0_cs1$$
                0x68000000        0x0 load address 0x90000000
                0x68000000                        __sdram_from_ospi0_cs1$$Base = .
                0x90000000                        __sdram_from_ospi0_cs1$$Load = LOADADDR (__sdram_from_ospi0_cs1$$)
 *(.sdram_from_ospi0_cs1)
 *(.sdram_code_from_ospi0_cs1)
                0x68000000                        __sdram_from_ospi0_cs1$$Limit = .

.ospi0_cs0.startof
                0x80000000        0x0
                0x80000000                        __ddsc_OSPI0_CS0_START = .

__ospi0_cs0_from_ospi0_cs1$$
                0x80000000        0x0 load address 0x90000000
                0x80000000                        __ospi0_cs0_from_ospi0_cs1$$Base = .
                0x90000000                        __ospi0_cs0_from_ospi0_cs1$$Load = LOADADDR (__ospi0_cs0_from_ospi0_cs1$$)
 *(.ospi0_cs0_from_ospi0_cs1)
 *(.ospi0_cs0_code_from_ospi0_cs1)
                0x80000000                        __ospi0_cs0_from_ospi0_cs1$$Limit = .

.ospi1_cs0.startof
                0x70000000        0x0
                0x70000000                        __ddsc_OSPI1_CS0_START = .

__ospi1_cs0_from_ospi0_cs1$$
                0x70000000        0x0 load address 0x90000000
                0x70000000                        __ospi1_cs0_from_ospi0_cs1$$Base = .
                0x90000000                        __ospi1_cs0_from_ospi0_cs1$$Load = LOADADDR (__ospi1_cs0_from_ospi0_cs1$$)
 *(.ospi1_cs0_from_ospi0_cs1)
 *(.ospi1_cs0_code_from_ospi0_cs1)
                0x70000000                        __ospi1_cs0_from_ospi0_cs1$$Limit = .

.itcm.startof   0x00000000        0x0
                0x00000000                        __ddsc_ITCM_START = .

__itcm_from_ospi0_cs1$$
                0x00000000        0x0 load address 0x90000000
                0x00000000                        __itcm_from_ospi0_cs1$$Base = .
                0x90000000                        __itcm_from_ospi0_cs1$$Load = LOADADDR (__itcm_from_ospi0_cs1$$)
 *(.itcm_from_ospi0_cs1)
 *(.itcm_code_from_ospi0_cs1)
                0x00000000                        __itcm_from_ospi0_cs1$$Limit = .

.dtcm.startof   0x20000000        0x0
                0x20000000                        __ddsc_DTCM_START = .

__dtcm_from_ospi0_cs1$$
                0x20000000        0x0 load address 0x90000000
                0x20000000                        __dtcm_from_ospi0_cs1$$Base = .
                0x90000000                        __dtcm_from_ospi0_cs1$$Load = LOADADDR (__dtcm_from_ospi0_cs1$$)
 *(.dtcm_from_ospi0_cs1)
 *(.dtcm_code_from_ospi0_cs1)
                0x20000000                        __dtcm_from_ospi0_cs1$$Limit = .

.ram.startof    0x22000000        0x0
                0x22000000                        __ddsc_RAM_START = .

__ram_dtc_vector$$
                0x22000000        0x0
                0x22000000                        __ram_dtc_vector$$Base = .
 *(.fsp_dtc_vector_table)
                0x22000000                        __ram_dtc_vector$$Limit = .

__ram_from_ospi0_cs1$$
                0x22000000        0x0 load address 0x90000000
                0x22000000                        __ram_from_ospi0_cs1$$Base = .
                0x90000000                        __ram_from_ospi0_cs1$$Load = LOADADDR (__ram_from_ospi0_cs1$$)
 *(.ram_from_ospi0_cs1)
 *(.ram_code_from_ospi0_cs1)
                0x22000000                        __ram_from_ospi0_cs1$$Limit = .

__ospi0_cs1_readonly$$
                0x90000000        0x0
                0x90000000                        __ospi0_cs1_readonly$$Base = .
 *(.ospi0_cs1)
 *(.ospi0_cs1_code)
                0x90000000                        __ospi0_cs1_readonly$$Limit = .

__ospi0_cs1_noinit$$
                0x90000000        0x0
                0x90000000                        __ospi0_cs1_noinit$$Base = .
 *(.ospi0_cs1_noinit)
                0x90000000                        __ospi0_cs1_noinit$$Limit = .

.ospi0_cs1.endof
                0x90000000        0x0
                0x90000000                        __ddsc_OSPI0_CS1_END = .

.ospi1_cs1.startof
                0x78000000        0x0
                0x78000000                        __ddsc_OSPI1_CS1_START = .

__sdram_from_ospi1_cs1$$
                0x68000000        0x0 load address 0x78000000
                0x68000000                        __sdram_from_ospi1_cs1$$Base = .
                0x78000000                        __sdram_from_ospi1_cs1$$Load = LOADADDR (__sdram_from_ospi1_cs1$$)
 *(.sdram_from_ospi1_cs1)
 *(.sdram_code_from_ospi1_cs1)
                0x68000000                        __sdram_from_ospi1_cs1$$Limit = .

__ospi0_cs0_from_ospi1_cs1$$
                0x80000000        0x0 load address 0x78000000
                0x80000000                        __ospi0_cs0_from_ospi1_cs1$$Base = .
                0x78000000                        __ospi0_cs0_from_ospi1_cs1$$Load = LOADADDR (__ospi0_cs0_from_ospi1_cs1$$)
 *(.ospi0_cs0_from_ospi1_cs1)
 *(.ospi0_cs0_code_from_ospi1_cs1)
                0x80000000                        __ospi0_cs0_from_ospi1_cs1$$Limit = .

__ospi1_cs0_from_ospi1_cs1$$
                0x70000000        0x0 load address 0x78000000
                0x70000000                        __ospi1_cs0_from_ospi1_cs1$$Base = .
                0x78000000                        __ospi1_cs0_from_ospi1_cs1$$Load = LOADADDR (__ospi1_cs0_from_ospi1_cs1$$)
 *(.ospi1_cs0_from_ospi1_cs1)
 *(.ospi1_cs0_code_from_ospi1_cs1)
                0x70000000                        __ospi1_cs0_from_ospi1_cs1$$Limit = .

__itcm_from_ospi1_cs1$$
                0x00000000        0x0 load address 0x78000000
                0x00000000                        __itcm_from_ospi1_cs1$$Base = .
                0x78000000                        __itcm_from_ospi1_cs1$$Load = LOADADDR (__itcm_from_ospi1_cs1$$)
 *(.itcm_from_ospi1_cs1)
 *(.itcm_code_from_ospi1_cs1)
                0x00000000                        __itcm_from_ospi1_cs1$$Limit = .

__dtcm_from_ospi1_cs1$$
                0x20000000        0x0 load address 0x78000000
                0x20000000                        __dtcm_from_ospi1_cs1$$Base = .
                0x78000000                        __dtcm_from_ospi1_cs1$$Load = LOADADDR (__dtcm_from_ospi1_cs1$$)
 *(.dtcm_from_ospi1_cs1)
 *(.dtcm_code_from_ospi1_cs1)
                0x20000000                        __dtcm_from_ospi1_cs1$$Limit = .

__ram_from_ospi1_cs1$$
                0x22000000        0x0 load address 0x78000000
                0x22000000                        __ram_from_ospi1_cs1$$Base = .
                0x78000000                        __ram_from_ospi1_cs1$$Load = LOADADDR (__ram_from_ospi1_cs1$$)
 *(.ram_from_ospi1_cs1)
 *(.ram_code_from_ospi1_cs1)
                0x22000000                        __ram_from_ospi1_cs1$$Limit = .

__ospi1_cs1_readonly$$
                0x78000000        0x0
                0x78000000                        __ospi1_cs1_readonly$$Base = .
 *(.ospi1_cs1)
 *(.ospi1_cs1_code)
                0x78000000                        __ospi1_cs1_readonly$$Limit = .

__ospi1_cs1_noinit$$
                0x78000000        0x0
                0x78000000                        __ospi1_cs1_noinit$$Base = .
 *(.ospi1_cs1_noinit)
                0x78000000                        __ospi1_cs1_noinit$$Limit = .

.ospi1_cs1.endof
                0x78000000        0x0
                0x78000000                        __ddsc_OSPI1_CS1_END = .

.data_flash.startof
                0x27000000        0x0
                0x27000000                        __ddsc_DATA_FLASH_START = .

__sdram_from_data_flash$$
                0x68000000        0x0 load address 0x27000000
                0x68000000                        __sdram_from_data_flash$$Base = .
                0x27000000                        __sdram_from_data_flash$$Load = LOADADDR (__sdram_from_data_flash$$)
 *(.sdram_from_data_flash)
 *(.sdram_code_from_data_flash)
                0x68000000                        __sdram_from_data_flash$$Limit = .

__ospi0_cs0_from_data_flash$$
                0x80000000        0x0 load address 0x27000000
                0x80000000                        __ospi0_cs0_from_data_flash$$Base = .
                0x27000000                        __ospi0_cs0_from_data_flash$$Load = LOADADDR (__ospi0_cs0_from_data_flash$$)
 *(.ospi0_cs0_from_data_flash)
 *(.ospi0_cs0_code_from_data_flash)
                0x80000000                        __ospi0_cs0_from_data_flash$$Limit = .

__ospi1_cs0_from_data_flash$$
                0x70000000        0x0 load address 0x27000000
                0x70000000                        __ospi1_cs0_from_data_flash$$Base = .
                0x27000000                        __ospi1_cs0_from_data_flash$$Load = LOADADDR (__ospi1_cs0_from_data_flash$$)
 *(.ospi1_cs0_from_data_flash)
 *(.ospi1_cs0_code_from_data_flash)
                0x70000000                        __ospi1_cs0_from_data_flash$$Limit = .

__itcm_from_data_flash$$
                0x00000000        0x0 load address 0x27000000
                0x00000000                        __itcm_from_data_flash$$Base = .
                0x27000000                        __itcm_from_data_flash$$Load = LOADADDR (__itcm_from_data_flash$$)
 *(.itcm_from_data_flash)
 *(.itcm_code_from_data_flash)
                0x00000000                        __itcm_from_data_flash$$Limit = .

__dtcm_from_data_flash$$
                0x20000000        0x0 load address 0x27000000
                0x20000000                        __dtcm_from_data_flash$$Base = .
                0x27000000                        __dtcm_from_data_flash$$Load = LOADADDR (__dtcm_from_data_flash$$)
 *(.dtcm_from_data_flash)
 *(.dtcm_code_from_data_flash)
                0x20000000                        __dtcm_from_data_flash$$Limit = .

__ram_from_data_flash$$
                0x22000000        0x0 load address 0x27000000
                0x22000000                        __ram_from_data_flash$$Base = .
                0x27000000                        __ram_from_data_flash$$Load = LOADADDR (__ram_from_data_flash$$)
 *(.ram_from_data_flash)
 *(.ram_code_from_data_flash)
                0x22000000                        __ram_from_data_flash$$Limit = .

__data_flash_readonly$$
                0x27000000        0x0
                0x27000000                        __data_flash_readonly$$Base = .
 *(.data_flash)
 *(.data_flash_code)
                0x27000000                        __data_flash_readonly$$Limit = .

__data_flash_noinit$$
                0x27000000        0x0
                0x27000000                        __data_flash_noinit$$Base = .
 *(.data_flash_noinit)
                0x27000000                        __data_flash_noinit$$Limit = .

.data_flash.endof
                0x27000000        0x0
                0x27000000                        __ddsc_DATA_FLASH_END = .

.flash.startof  0x02000000        0x0
                0x02000000                        __ddsc_FLASH_START = .

__flash_vectors$$
                0x02000000       0x64
                0x02000000                        __flash_vectors$$Base = .
                0x02000000                        _VECTORS = .
 *(.fixed_vectors)
 .fixed_vectors
                0x02000000       0x40 ./ra/fsp/src/bsp/cmsis/Device/RENESAS/Source/startup.o
                0x02000000                __Vectors
 *(.application_vectors)
 .application_vectors
                0x02000040       0x24 ./ra_gen/vector_data.o
                0x02000040                g_vector_table
                0x02000064                        __flash_vectors$$Limit = .

__flash_noinit$$
                0x02000064        0x0
                0x02000064                        __flash_noinit$$Base = .
 *(.flash_noinit)
                0x02000064                        __flash_noinit$$Limit = .

__sdram_from_flash$$
                0x68000000        0x0 load address 0x02000064
                0x68000000                        __sdram_from_flash$$Base = .
                0x02000064                        __sdram_from_flash$$Load = LOADADDR (__sdram_from_flash$$)
 *(.sdram_from_flash)
 *(.sdram_code_from_flash)
                0x68000000                        __sdram_from_flash$$Limit = .

__sdram_noinit_nocache$$
                0x68000000        0x0 load address 0x02000080
                0x68000000                        __sdram_noinit_nocache$$Base = .
 *(.sdram_noinit_nocache)
                0x68000000                        __sdram_noinit_nocache$$Limit = .

__sdram_zero_nocache$$
                0x68000000        0x0 load address 0x02000064
                0x68000000                        __sdram_zero_nocache$$Base = .
 *(.sdram_nocache)
                0x68000000                        . = ALIGN (0x20)
                0x68000000                        __sdram_zero_nocache$$Limit = .

__sdram_noinit$$
                0x68000000        0x0 load address 0x02000064
                0x68000000                        __sdram_noinit$$Base = .
 *(.sdram_noinit)
                0x68000000                        __sdram_noinit$$Limit = .

__sdram_zero$$  0x68000000        0x0 load address 0x02000064
                0x68000000                        __sdram_zero$$Base = .
 *(.sdram)
                0x68000000                        __sdram_zero$$Limit = .

.sdram.endof    0x68000000        0x0
                0x68000000                        __ddsc_SDRAM_END = .

__ospi0_cs0_from_flash$$
                0x80000000        0x0 load address 0x02000064
                0x80000000                        __ospi0_cs0_from_flash$$Base = .
                0x02000064                        __ospi0_cs0_from_flash$$Load = LOADADDR (__ospi0_cs0_from_flash$$)
 *(.ospi0_cs0_from_flash)
 *(.ospi0_cs0_code_from_flash)
                0x80000000                        __ospi0_cs0_from_flash$$Limit = .

__ospi0_cs0_noinit_nocache$$
                0x80000000        0x0 load address 0x02000080
                0x80000000                        __ospi0_cs0_noinit_nocache$$Base = .
 *(.ospi0_cs0_noinit_nocache)
                0x80000000                        __ospi0_cs0_noinit_nocache$$Limit = .

__ospi0_cs0_zero_nocache$$
                0x80000000        0x0 load address 0x02000064
                0x80000000                        __ospi0_cs0_zero_nocache$$Base = .
 *(.ospi0_cs0_nocache)
                0x80000000                        . = ALIGN (0x20)
                0x80000000                        __ospi0_cs0_zero_nocache$$Limit = .

__ospi0_cs0_noinit$$
                0x80000000        0x0 load address 0x02000064
                0x80000000                        __ospi0_cs0_noinit$$Base = .
 *(.ospi0_cs0_noinit)
                0x80000000                        __ospi0_cs0_noinit$$Limit = .

__ospi0_cs0_zero$$
                0x80000000        0x0 load address 0x02000064
                0x80000000                        __ospi0_cs0_zero$$Base = .
 *(.ospi0_cs0)
                0x80000000                        __ospi0_cs0_zero$$Limit = .

.ospi0_cs0.endof
                0x80000000        0x0
                0x80000000                        __ddsc_OSPI0_CS0_END = .

__ospi1_cs0_from_flash$$
                0x70000000        0x0 load address 0x02000064
                0x70000000                        __ospi1_cs0_from_flash$$Base = .
                0x02000064                        __ospi1_cs0_from_flash$$Load = LOADADDR (__ospi1_cs0_from_flash$$)
 *(.ospi1_cs0_from_flash)
 *(.ospi1_cs0_code_from_flash)
                0x70000000                        __ospi1_cs0_from_flash$$Limit = .

__ospi1_cs0_noinit_nocache$$
                0x70000000        0x0 load address 0x02000080
                0x70000000                        __ospi1_cs0_noinit_nocache$$Base = .
 *(.ospi1_cs0_noinit_nocache)
                0x70000000                        __ospi1_cs0_noinit_nocache$$Limit = .

__ospi1_cs0_zero_nocache$$
                0x70000000        0x0 load address 0x02000064
                0x70000000                        __ospi1_cs0_zero_nocache$$Base = .
 *(.ospi1_cs0_nocache)
                0x70000000                        . = ALIGN (0x20)
                0x70000000                        __ospi1_cs0_zero_nocache$$Limit = .

__ospi1_cs0_noinit$$
                0x70000000        0x0 load address 0x02000064
                0x70000000                        __ospi1_cs0_noinit$$Base = .
 *(.ospi1_cs0_noinit)
                0x70000000                        __ospi1_cs0_noinit$$Limit = .

__ospi1_cs0_zero$$
                0x70000000        0x0 load address 0x02000064
                0x70000000                        __ospi1_cs0_zero$$Base = .
 *(.ospi1_cs0)
                0x70000000                        __ospi1_cs0_zero$$Limit = .

.ospi1_cs0.endof
                0x70000000        0x0
                0x70000000                        __ddsc_OSPI1_CS0_END = .

__itcm_from_flash$$
                0x00000000        0x0 load address 0x02000064
                0x00000000                        __itcm_from_flash$$Base = .
                0x02000064                        __itcm_from_flash$$Load = LOADADDR (__itcm_from_flash$$)
 *(.itcm_from_flash)
 *(.itcm_code_from_flash)
                0x00000000                        __itcm_from_flash$$Limit = .

__itcm_noinit$$
                0x00000000        0x0 load address 0x02000064
                0x00000000                        __itcm_noinit$$Base = .
 *(.itcm_noinit)
                0x00000000                        __itcm_noinit$$Limit = .

__itcm_zero$$   0x00000000        0x0 load address 0x02000064
                0x00000000                        __itcm_zero$$Base = .
 *(.itcm)
                0x00000000                        __itcm_zero$$Limit = .

.itcm.endof     0x00000000        0x0
                0x00000000                        __ddsc_ITCM_END = .

__dtcm_from_flash$$
                0x20000000        0x0 load address 0x02000064
                0x20000000                        __dtcm_from_flash$$Base = .
                0x02000064                        __dtcm_from_flash$$Load = LOADADDR (__dtcm_from_flash$$)
 *(.dtcm_from_flash)
 *(.dtcm_code_from_flash)
                0x20000000                        __dtcm_from_flash$$Limit = .

__dtcm_noinit$$
                0x20000000        0x0 load address 0x02000064
                0x20000000                        __dtcm_noinit$$Base = .
 *(.dtcm_noinit)
                0x20000000                        __dtcm_noinit$$Limit = .

__dtcm_zero$$   0x20000000        0x0 load address 0x02000064
                0x20000000                        __dtcm_zero$$Base = .
 *(.dtcm)
                0x20000000                        __dtcm_zero$$Limit = .

.dtcm.endof     0x20000000        0x0
                0x20000000                        __ddsc_DTCM_END = .

__ram_from_flash$$
                0x22000000      0x1d0 load address 0x02000064
                0x22000000                        __ram_from_flash$$Base = .
                0x02000064                        __ram_from_flash$$Load = LOADADDR (__ram_from_flash$$)
 *(.ram_from_flash)
 *(.ram_code_from_flash)
 *(.data*)
 .data.__dso_handle
                0x22000000        0x4 D:/Renesas/RA/e2studio_v2026-04.2_fsp_v6.5.0/toolchains/gcc_arm/13.2.rel1/bin/../lib/gcc/arm-none-eabi/13.2.1/thumb/v8-m.main+dp/hard/crtbegin.o
                0x22000000                __dso_handle
 .data.g_uart0_baud_setting
                0x22000004        0x4 ./ra_gen/hal_data.o
                0x22000004                g_uart0_baud_setting
 .data.g_uart9_baud_setting
                0x22000008        0x4 ./ra_gen/hal_data.o
                0x22000008                g_uart9_baud_setting
 .data._ZN10__cxxabiv120__unexpected_handlerE
                0x2200000c        0x4 D:/Renesas/RA/e2studio_v2026-04.2_fsp_v6.5.0/toolchains/gcc_arm/13.2.rel1/bin/../lib/gcc/arm-none-eabi/13.2.1/thumb/v8-m.main+dp/hard\libstdc++_nano.a(eh_unex_handler.o)
                0x2200000c                __cxxabiv1::__unexpected_handler
 .data._ZN10__cxxabiv119__terminate_handlerE
                0x22000010        0x4 D:/Renesas/RA/e2studio_v2026-04.2_fsp_v6.5.0/toolchains/gcc_arm/13.2.rel1/bin/../lib/gcc/arm-none-eabi/13.2.1/thumb/v8-m.main+dp/hard\libstdc++_nano.a(eh_term_handler.o)
                0x22000010                __cxxabiv1::__terminate_handler
 .data.__global_locale
                0x22000014      0x16c D:/Renesas/RA/e2studio_v2026-04.2_fsp_v6.5.0/toolchains/gcc_arm/13.2.rel1/bin/../lib/gcc/arm-none-eabi/13.2.1/thumb/v8-m.main+dp/hard\libg_nano.a(libc_a-locale.o)
                0x22000014                __global_locale
 .data._impure_ptr
                0x22000180        0x4 D:/Renesas/RA/e2studio_v2026-04.2_fsp_v6.5.0/toolchains/gcc_arm/13.2.rel1/bin/../lib/gcc/arm-none-eabi/13.2.1/thumb/v8-m.main+dp/hard\libg_nano.a(libc_a-impure.o)
                0x22000180                _impure_ptr
 .data._impure_data
                0x22000184       0x4c D:/Renesas/RA/e2studio_v2026-04.2_fsp_v6.5.0/toolchains/gcc_arm/13.2.rel1/bin/../lib/gcc/arm-none-eabi/13.2.1/thumb/v8-m.main+dp/hard\libg_nano.a(libc_a-impure.o)
                0x22000184                _impure_data
 *(vtable)
                0x220001d0                        __ram_from_flash$$Limit = .

.tm_clone_table
                0x220001d0        0x0 load address 0x02000234
 .tm_clone_table
                0x220001d0        0x0 D:/Renesas/RA/e2studio_v2026-04.2_fsp_v6.5.0/toolchains/gcc_arm/13.2.rel1/bin/../lib/gcc/arm-none-eabi/13.2.1/thumb/v8-m.main+dp/hard/crtbegin.o
 .tm_clone_table
                0x220001d0        0x0 D:/Renesas/RA/e2studio_v2026-04.2_fsp_v6.5.0/toolchains/gcc_arm/13.2.rel1/bin/../lib/gcc/arm-none-eabi/13.2.1/thumb/v8-m.main+dp/hard/crtend.o

.igot.plt       0x220001d0        0x0 load address 0x02000234
 .igot.plt      0x220001d0        0x0 D:/Renesas/RA/e2studio_v2026-04.2_fsp_v6.5.0/toolchains/gcc_arm/13.2.rel1/bin/../lib/gcc/arm-none-eabi/13.2.1/thumb/v8-m.main+dp/hard/crtbegin.o

__ram_noinit_nocache$$
                0x220001e0        0x0 load address 0x02000240
                0x220001e0                        __ram_noinit_nocache$$Base = .
 *(.ram_noinit_nocache)
                0x220001e0                        __ram_noinit_nocache$$Limit = .

__ram_zero_nocache$$
                0x220001d0       0x10 load address 0x02000234
                0x220001d0                        __ram_zero_nocache$$Base = .
 *(.bss.*_fsp_nocache)
 *(.ram_nocache)
                0x220001e0                        . = ALIGN (0x20)
 *fill*         0x220001d0       0x10 
                0x220001e0                        __ram_zero_nocache$$Limit = .

__ram_noinit$$  0x220001e0    0x2002c load address 0x02000234
                0x220001e0                        __ram_noinit$$Base = .
 *(.bss.g_heap)
 .bss.g_heap    0x220001e0    0x10000 ./ra/fsp/src/bsp/cmsis/Device/RENESAS/Source/startup.o
                0x220001e0                g_heap
 *(.bss.g_main_stack)
 .bss.g_main_stack
                0x220101e0    0x10000 ./ra/fsp/src/bsp/cmsis/Device/RENESAS/Source/startup.o
                0x220101e0                g_main_stack
 *(.ram_noinit)
 .ram_noinit    0x220201e0       0x2c ./ra/fsp/src/bsp/mcu/all/bsp_clocks.o
 *(.noinit)
                0x2202020c                        __ram_noinit$$Limit = .

__ram_zero$$    0x2202020c    0x1046d load address 0x02000234
                0x2202020c                        __ram_zero$$Base = .
 *(.ram)
 *(.bss*)
 .bss.completed.1
                0x2202020c        0x1 D:/Renesas/RA/e2studio_v2026-04.2_fsp_v6.5.0/toolchains/gcc_arm/13.2.rel1/bin/../lib/gcc/arm-none-eabi/13.2.1/thumb/v8-m.main+dp/hard/crtbegin.o
 *fill*         0x2202020d        0x3 
 .bss.object.0  0x22020210       0x18 D:/Renesas/RA/e2studio_v2026-04.2_fsp_v6.5.0/toolchains/gcc_arm/13.2.rel1/bin/../lib/gcc/arm-none-eabi/13.2.1/thumb/v8-m.main+dp/hard/crtbegin.o
 .bss._debug_tick_ms
                0x22020228        0x4 ./src/app/utils/ElegantDebug.o
                0x22020228                _debug_tick_ms
 .bss._ZN12UartRecvTask14_rxRingCtrllerE
                0x2202022c       0x18 ./src/app/tasks/UartRecvTask/UartRecvTask.o
                0x2202022c                UartRecvTask::_rxRingCtrller
 .bss._ZN12UartRecvTask13_rxRawCtrllerE
                0x22020244      0x400 ./src/app/tasks/UartRecvTask/UartRecvTask.o
                0x22020244                UartRecvTask::_rxRawCtrller
 .bss.normalizedDataQueue
                0x22020644        0x4 ./src/app/tasks/queues.o
                0x22020644                normalizedDataQueue
 .bss.originalDataQueue
                0x22020648        0x4 ./src/app/tasks/queues.o
                0x22020648                originalDataQueue
 .bss.normalizeTask
                0x2202064c       0x18 ./src/app/tasks/tasks.o
                0x2202064c                normalizeTask
 .bss.uartRecvTask
                0x22020664       0x14 ./src/app/tasks/tasks.o
                0x22020664                uartRecvTask
 .bss.blinkTask
                0x22020678       0x10 ./src/app/tasks/tasks.o
                0x22020678                blinkTask
 .bss.g_mask_level_before_disable
                0x22020688        0x4 ./src/FreeRTOS/FreeRTOS-Kernel/portable/RM_FSP_PORT/port.o
 .bss.uxCriticalNesting
                0x2202068c        0x4 ./src/FreeRTOS/FreeRTOS-Kernel/portable/RM_FSP_PORT/port.o
 .bss.xNumberOfSuccessfulFrees
                0x22020690        0x4 ./src/FreeRTOS/FreeRTOS-Kernel/portable/MemMang/heap_4.o
 .bss.xNumberOfSuccessfulAllocations
                0x22020694        0x4 ./src/FreeRTOS/FreeRTOS-Kernel/portable/MemMang/heap_4.o
 .bss.xMinimumEverFreeBytesRemaining
                0x22020698        0x4 ./src/FreeRTOS/FreeRTOS-Kernel/portable/MemMang/heap_4.o
 .bss.xFreeBytesRemaining
                0x2202069c        0x4 ./src/FreeRTOS/FreeRTOS-Kernel/portable/MemMang/heap_4.o
 .bss.pxEnd     0x220206a0        0x4 ./src/FreeRTOS/FreeRTOS-Kernel/portable/MemMang/heap_4.o
 .bss.xStart    0x220206a4        0x8 ./src/FreeRTOS/FreeRTOS-Kernel/portable/MemMang/heap_4.o
 .bss.ucHeap    0x220206ac     0xf000 ./src/FreeRTOS/FreeRTOS-Kernel/portable/MemMang/heap_4.o
 .bss.xQueueRegistry
                0x2202f6ac       0x40 ./src/FreeRTOS/FreeRTOS-Kernel/queue.o
                0x2202f6ac                xQueueRegistry
 .bss.uxSchedulerSuspended
                0x2202f6ec        0x4 ./src/FreeRTOS/FreeRTOS-Kernel/tasks.o
 .bss.xIdleTaskHandles
                0x2202f6f0        0x4 ./src/FreeRTOS/FreeRTOS-Kernel/tasks.o
 .bss.xNextTaskUnblockTime
                0x2202f6f4        0x4 ./src/FreeRTOS/FreeRTOS-Kernel/tasks.o
 .bss.uxTaskNumber
                0x2202f6f8        0x4 ./src/FreeRTOS/FreeRTOS-Kernel/tasks.o
 .bss.xNumOfOverflows
                0x2202f6fc        0x4 ./src/FreeRTOS/FreeRTOS-Kernel/tasks.o
 .bss.xYieldPendings
                0x2202f700        0x4 ./src/FreeRTOS/FreeRTOS-Kernel/tasks.o
 .bss.xPendedTicks
                0x2202f704        0x4 ./src/FreeRTOS/FreeRTOS-Kernel/tasks.o
 .bss.xSchedulerRunning
                0x2202f708        0x4 ./src/FreeRTOS/FreeRTOS-Kernel/tasks.o
 .bss.uxTopReadyPriority
                0x2202f70c        0x4 ./src/FreeRTOS/FreeRTOS-Kernel/tasks.o
 .bss.xTickCount
                0x2202f710        0x4 ./src/FreeRTOS/FreeRTOS-Kernel/tasks.o
 .bss.uxCurrentNumberOfTasks
                0x2202f714        0x4 ./src/FreeRTOS/FreeRTOS-Kernel/tasks.o
 .bss.xSuspendedTaskList
                0x2202f718       0x14 ./src/FreeRTOS/FreeRTOS-Kernel/tasks.o
 .bss.uxDeletedTasksWaitingCleanUp
                0x2202f72c        0x4 ./src/FreeRTOS/FreeRTOS-Kernel/tasks.o
 .bss.xTasksWaitingTermination
                0x2202f730       0x14 ./src/FreeRTOS/FreeRTOS-Kernel/tasks.o
 .bss.xPendingReadyList
                0x2202f744       0x14 ./src/FreeRTOS/FreeRTOS-Kernel/tasks.o
 .bss.pxOverflowDelayedTaskList
                0x2202f758        0x4 ./src/FreeRTOS/FreeRTOS-Kernel/tasks.o
 .bss.pxDelayedTaskList
                0x2202f75c        0x4 ./src/FreeRTOS/FreeRTOS-Kernel/tasks.o
 .bss.xDelayedTaskList2
                0x2202f760       0x14 ./src/FreeRTOS/FreeRTOS-Kernel/tasks.o
 .bss.xDelayedTaskList1
                0x2202f774       0x14 ./src/FreeRTOS/FreeRTOS-Kernel/tasks.o
 .bss.pxReadyTasksLists
                0x2202f788      0x460 ./src/FreeRTOS/FreeRTOS-Kernel/tasks.o
 .bss.pxCurrentTCB
                0x2202fbe8        0x4 ./src/FreeRTOS/FreeRTOS-Kernel/tasks.o
                0x2202fbe8                pxCurrentTCB
 .bss.xStaticTimerQueue.0
                0x2202fbec       0x50 ./src/FreeRTOS/FreeRTOS-Kernel/timers.o
 .bss.ucStaticTimerQueueStorage.1
                0x2202fc3c       0xa0 ./src/FreeRTOS/FreeRTOS-Kernel/timers.o
 .bss.xLastTime.2
                0x2202fcdc        0x4 ./src/FreeRTOS/FreeRTOS-Kernel/timers.o
 .bss.xTimerTaskHandle
                0x2202fce0        0x4 ./src/FreeRTOS/FreeRTOS-Kernel/timers.o
 .bss.xTimerQueue
                0x2202fce4        0x4 ./src/FreeRTOS/FreeRTOS-Kernel/timers.o
 .bss.pxOverflowTimerList
                0x2202fce8        0x4 ./src/FreeRTOS/FreeRTOS-Kernel/timers.o
 .bss.pxCurrentTimerList
                0x2202fcec        0x4 ./src/FreeRTOS/FreeRTOS-Kernel/timers.o
 .bss.xActiveTimerList2
                0x2202fcf0       0x14 ./src/FreeRTOS/FreeRTOS-Kernel/timers.o
 .bss.xActiveTimerList1
                0x2202fd04       0x14 ./src/FreeRTOS/FreeRTOS-Kernel/timers.o
 .bss.dbg       0x2202fd18        0x8 ./src/cpp_main.o
                0x2202fd18                dbg
 .bss._ZZ30vApplicationGetTimerTaskMemoryE16uxTimerTaskStack
                0x2202fd20      0x400 ./src/cpp_main.o
 .bss._ZZ30vApplicationGetTimerTaskMemoryE13xTimerTaskTCB
                0x22030120       0x70 ./src/cpp_main.o
 .bss._ZZ29vApplicationGetIdleTaskMemoryE15uxIdleTaskStack
                0x22030190      0x200 ./src/cpp_main.o
 .bss._ZZ29vApplicationGetIdleTaskMemoryE12xIdleTaskTCB
                0x22030390       0x70 ./src/cpp_main.o
 .bss.g_ioport_ctrl
                0x22030400        0x8 ./ra_gen/common_data.o
                0x22030400                g_ioport_ctrl
 .bss.agt_SysTick_ctrl
                0x22030408       0x20 ./ra_gen/hal_data.o
                0x22030408                agt_SysTick_ctrl
 .bss.g_uart0_ctrl
                0x22030428       0x34 ./ra_gen/hal_data.o
                0x22030428                g_uart0_ctrl
 .bss.g_uart9_ctrl
                0x2203045c       0x34 ./ra_gen/hal_data.o
                0x2203045c                g_uart9_ctrl
 .bss.gp_prv_agt_periods
                0x22030490        0x8 ./ra/fsp/src/r_agt/r_agt.o
 .bss.g_bsp_group_irq_sources
                0x22030498       0x54 ./ra/fsp/src/bsp/mcu/all/bsp_group_irq.o
                0x22030498                g_bsp_group_irq_sources
 .bss.g_protect_pfswe_counter
                0x220304ec        0x4 ./ra/fsp/src/bsp/mcu/all/bsp_io.o
                0x220304ec                g_protect_pfswe_counter
 .bss.gp_renesas_isr_context
                0x220304f0       0x24 ./ra/fsp/src/bsp/mcu/all/bsp_irq.o
                0x220304f0                gp_renesas_isr_context
 .bss.g_protect_counters
                0x22030514        0xa ./ra/fsp/src/bsp/mcu/all/bsp_register_protection.o
                0x22030514                g_protect_counters
 *fill*         0x2203051e        0x2 
 .bss.current_block_offset.0
                0x22030520        0x4 ./ra/fsp/src/bsp/mcu/all/bsp_sbrk.o
 .bss.SystemCoreClock
                0x22030524        0x4 ./ra/fsp/src/bsp/cmsis/Device/RENESAS/Source/system.o
                0x22030524                SystemCoreClock
 .bss._ZN12_GLOBAL__N_110eh_globalsE
                0x22030528        0xc D:/Renesas/RA/e2studio_v2026-04.2_fsp_v6.5.0/toolchains/gcc_arm/13.2.rel1/bin/../lib/gcc/arm-none-eabi/13.2.1/thumb/v8-m.main+dp/hard\libstdc++_nano.a(eh_globals.o)
 .bss.__malloc_sbrk_start
                0x22030534        0x4 D:/Renesas/RA/e2studio_v2026-04.2_fsp_v6.5.0/toolchains/gcc_arm/13.2.rel1/bin/../lib/gcc/arm-none-eabi/13.2.1/thumb/v8-m.main+dp/hard\libg_nano.a(libc_a-mallocr.o)
                0x22030534                __malloc_sbrk_start
 .bss.__malloc_free_list
                0x22030538        0x4 D:/Renesas/RA/e2studio_v2026-04.2_fsp_v6.5.0/toolchains/gcc_arm/13.2.rel1/bin/../lib/gcc/arm-none-eabi/13.2.1/thumb/v8-m.main+dp/hard\libg_nano.a(libc_a-mallocr.o)
                0x22030538                __malloc_free_list
 .bss.__sf      0x2203053c      0x138 D:/Renesas/RA/e2studio_v2026-04.2_fsp_v6.5.0/toolchains/gcc_arm/13.2.rel1/bin/../lib/gcc/arm-none-eabi/13.2.1/thumb/v8-m.main+dp/hard\libg_nano.a(libc_a-findfp.o)
                0x2203053c                __sf
 .bss.errno     0x22030674        0x4 D:/Renesas/RA/e2studio_v2026-04.2_fsp_v6.5.0/toolchains/gcc_arm/13.2.rel1/bin/../lib/gcc/arm-none-eabi/13.2.1/thumb/v8-m.main+dp/hard\libg_nano.a(libc_a-reent.o)
                0x22030674                errno
 .bss.__lock___malloc_recursive_mutex
                0x22030678        0x1 D:/Renesas/RA/e2studio_v2026-04.2_fsp_v6.5.0/toolchains/gcc_arm/13.2.rel1/bin/../lib/gcc/arm-none-eabi/13.2.1/thumb/v8-m.main+dp/hard\libg_nano.a(libc_a-lock.o)
                0x22030678                __lock___malloc_recursive_mutex
                0x22030679                        __ram_zero$$Limit = .

__ram_thread_stack$$
                0x22030680        0x0 load address 0x02000238
                0x22030680                        __ram_thread_stack$$Base = .
 *(.stack?*)
                0x22030680                        __ram_thread_stack$$Limit = .

.ram.endof      0x22030800        0x0
                0x22030800                        __ddsc_RAM_END = .

.ram.flat_nsc   0x22030800        0x0
                0x22030800                        __ddsc_RAM_NSC = .

__flash_readonly$$
                0x02000238     0x885c
                0x02000238                        __flash_readonly$$Base = .
 *(.flash)
 *(.flash_code)
 *(.text*)
 .text.deregister_tm_clones
                0x02000238       0x1c D:/Renesas/RA/e2studio_v2026-04.2_fsp_v6.5.0/toolchains/gcc_arm/13.2.rel1/bin/../lib/gcc/arm-none-eabi/13.2.1/thumb/v8-m.main+dp/hard/crtbegin.o
 .text.register_tm_clones
                0x02000254       0x28 D:/Renesas/RA/e2studio_v2026-04.2_fsp_v6.5.0/toolchains/gcc_arm/13.2.rel1/bin/../lib/gcc/arm-none-eabi/13.2.1/thumb/v8-m.main+dp/hard/crtbegin.o
 .text.__do_global_dtors_aux
                0x0200027c       0x28 D:/Renesas/RA/e2studio_v2026-04.2_fsp_v6.5.0/toolchains/gcc_arm/13.2.rel1/bin/../lib/gcc/arm-none-eabi/13.2.1/thumb/v8-m.main+dp/hard/crtbegin.o
 .text.frame_dummy
                0x020002a4       0x24 D:/Renesas/RA/e2studio_v2026-04.2_fsp_v6.5.0/toolchains/gcc_arm/13.2.rel1/bin/../lib/gcc/arm-none-eabi/13.2.1/thumb/v8-m.main+dp/hard/crtbegin.o
 .text._ZN12ElegantDebugC2EPK16st_uart_instancebbb
                0x020002c8        0xe ./src/app/utils/ElegantDebug.o
                0x020002c8                ElegantDebug::ElegantDebug(st_uart_instance const*, bool, bool, bool)
                0x020002c8                ElegantDebug::ElegantDebug(st_uart_instance const*, bool, bool, bool)
 .text._ZN12ElegantDebugD2Ev
                0x020002d6       0x10 ./src/app/utils/ElegantDebug.o
                0x020002d6                ElegantDebug::~ElegantDebug()
                0x020002d6                ElegantDebug::~ElegantDebug()
 *fill*         0x020002e6        0x2 
 .text._ZN12ElegantDebug5_sendEPKc
                0x020002e8       0xa0 ./src/app/utils/ElegantDebug.o
                0x020002e8                ElegantDebug::_send(char const*)
 .text._ZN12ElegantDebug11logWithTypeEPKcS1_S1_z
                0x02000388       0x4c ./src/app/utils/ElegantDebug.o
                0x02000388                ElegantDebug::logWithType(char const*, char const*, char const*, ...)
 .text._ZN12ElegantDebug2okEPKcz
                0x020003d4       0x58 ./src/app/utils/ElegantDebug.o
                0x020003d4                ElegantDebug::ok(char const*, ...)
 .text._ZN12ElegantDebug4infoEPKcz
                0x0200042c       0x58 ./src/app/utils/ElegantDebug.o
                0x0200042c                ElegantDebug::info(char const*, ...)
 .text._ZN8FreeRTOS8TaskBase9taskEntryEv
                0x02000484       0x14 ./src/app/tasks/UartRecvTask/UartRecvTask.o
                0x02000484                FreeRTOS::TaskBase::taskEntry()
 .text._ZN12UartRecvTask12taskFunctionEv
                0x02000498      0x13c ./src/app/tasks/UartRecvTask/UartRecvTask.o
                0x02000498                UartRecvTask::taskFunction()
 .text._ZN12UartRecvTask12uartCallbackEP20st_uart_callback_arg
                0x020005d4       0x44 ./src/app/tasks/UartRecvTask/UartRecvTask.o
                0x020005d4                UartRecvTask::uartCallback(st_uart_callback_arg*)
 .text._GLOBAL__sub_I__ZN12UartRecvTask13_rxRawCtrllerE
                0x02000618       0x20 ./src/app/tasks/UartRecvTask/UartRecvTask.o
 .text._ZN13NormalizeTask12taskFunctionEv
                0x02000638       0xb4 ./src/app/tasks/NormalizeTask/normalizeTask.o
                0x02000638                NormalizeTask::taskFunction()
 .text._ZN8FreeRTOS5QueueIN12UartRecvTask12TransmitDataEED2Ev
                0x020006ec        0xe ./src/app/tasks/queues.o
                0x020006ec                FreeRTOS::Queue<UartRecvTask::TransmitData>::~Queue()
                0x020006ec                FreeRTOS::Queue<UartRecvTask::TransmitData>::~Queue()
 .text._ZN8FreeRTOS5QueueIN14sharedDatatype12Attitude6DOFEED2Ev
                0x020006fa        0xe ./src/app/tasks/queues.o
                0x020006fa                FreeRTOS::Queue<sharedDatatype::Attitude6DOF>::~Queue()
                0x020006fa                FreeRTOS::Queue<sharedDatatype::Attitude6DOF>::~Queue()
 .text._GLOBAL__sub_I_originalDataQueue
                0x02000708       0x68 ./src/app/tasks/queues.o
 .text._ZN13NormalizeTaskD2Ev
                0x02000770       0x18 ./src/app/tasks/tasks.o
                0x02000770                NormalizeTask::~NormalizeTask()
                0x02000770                NormalizeTask::~NormalizeTask()
 .text._ZN12UartRecvTaskD2Ev
                0x02000788       0x18 ./src/app/tasks/tasks.o
                0x02000788                UartRecvTask::~UartRecvTask()
                0x02000788                UartRecvTask::~UartRecvTask()
 .text._ZN9BlinkTaskD2Ev
                0x020007a0       0x18 ./src/app/tasks/tasks.o
                0x020007a0                BlinkTask::~BlinkTask()
                0x020007a0                BlinkTask::~BlinkTask()
 .text._ZN9BlinkTask12taskFunctionEv
                0x020007b8       0x44 ./src/app/tasks/tasks.o
                0x020007b8                BlinkTask::taskFunction()
 .text._Z16callTaskFunctionPv
                0x020007fc       0x14 ./src/app/tasks/tasks.o
                0x020007fc                callTaskFunction(void*)
 .text._ZN8FreeRTOS4TaskC2EmmPKc
                0x02000810       0x54 ./src/app/tasks/tasks.o
                0x02000810                FreeRTOS::Task::Task(unsigned long, unsigned long, char const*)
                0x02000810                FreeRTOS::Task::Task(unsigned long, unsigned long, char const*)
 .text._GLOBAL__sub_I_blinkTask
                0x02000864       0xe8 ./src/app/tasks/tasks.o
 .text.prvTaskExitError
                0x0200094c        0x4 ./src/FreeRTOS/FreeRTOS-Kernel/portable/RM_FSP_PORT/port.o
 .text.SVC_Handler
                0x02000950       0x18 ./src/FreeRTOS/FreeRTOS-Kernel/portable/RM_FSP_PORT/port.o
                0x02000950                SVC_Handler
 .text.PendSV_Handler
                0x02000968       0x44 ./src/FreeRTOS/FreeRTOS-Kernel/portable/RM_FSP_PORT/port.o
                0x02000968                PendSV_Handler
 .text.rm_freertos_port_restore_task_stackless
                0x020009ac       0x24 ./src/FreeRTOS/FreeRTOS-Kernel/portable/RM_FSP_PORT/port.o
                0x020009ac                rm_freertos_port_restore_task_stackless
 .text.SysTick_Handler
                0x020009d0       0x24 ./src/FreeRTOS/FreeRTOS-Kernel/portable/RM_FSP_PORT/port.o
                0x020009d0                SysTick_Handler
 .text.vPortSVCHandler_C
                0x020009f4       0x1e ./src/FreeRTOS/FreeRTOS-Kernel/portable/RM_FSP_PORT/port.o
                0x020009f4                vPortSVCHandler_C
 *fill*         0x02000a12        0x2 
 .text.pxPortInitialiseStack
                0x02000a14       0x34 ./src/FreeRTOS/FreeRTOS-Kernel/portable/RM_FSP_PORT/port.o
                0x02000a14                pxPortInitialiseStack
 .text.vPortEnterCritical
                0x02000a48       0x3c ./src/FreeRTOS/FreeRTOS-Kernel/portable/RM_FSP_PORT/port.o
                0x02000a48                vPortEnterCritical
 .text.vPortExitCritical
                0x02000a84       0x28 ./src/FreeRTOS/FreeRTOS-Kernel/portable/RM_FSP_PORT/port.o
                0x02000a84                vPortExitCritical
 .text.vPortSetupTimerInterrupt
                0x02000aac       0x38 ./src/FreeRTOS/FreeRTOS-Kernel/portable/RM_FSP_PORT/port.o
                0x02000aac                vPortSetupTimerInterrupt
 .text.xPortStartScheduler
                0x02000ae4       0x3c ./src/FreeRTOS/FreeRTOS-Kernel/portable/RM_FSP_PORT/port.o
                0x02000ae4                xPortStartScheduler
 .text.pvPortMalloc
                0x02000b20      0x180 ./src/FreeRTOS/FreeRTOS-Kernel/portable/MemMang/heap_4.o
                0x02000b20                pvPortMalloc
 .text.vPortFree
                0x02000ca0       0xe8 ./src/FreeRTOS/FreeRTOS-Kernel/portable/MemMang/heap_4.o
                0x02000ca0                vPortFree
 .text.vListInitialise
                0x02000d88       0x16 ./src/FreeRTOS/FreeRTOS-Kernel/list.o
                0x02000d88                vListInitialise
 .text.vListInitialiseItem
                0x02000d9e        0x6 ./src/FreeRTOS/FreeRTOS-Kernel/list.o
                0x02000d9e                vListInitialiseItem
 .text.vListInsertEnd
                0x02000da4       0x16 ./src/FreeRTOS/FreeRTOS-Kernel/list.o
                0x02000da4                vListInsertEnd
 .text.vListInsert
                0x02000dba       0x32 ./src/FreeRTOS/FreeRTOS-Kernel/list.o
                0x02000dba                vListInsert
 .text.uxListRemove
                0x02000dec       0x22 ./src/FreeRTOS/FreeRTOS-Kernel/list.o
                0x02000dec                uxListRemove
 .text.prvIsQueueEmpty
                0x02000e0e       0x16 ./src/FreeRTOS/FreeRTOS-Kernel/queue.o
 .text.prvCopyDataToQueue
                0x02000e24       0x72 ./src/FreeRTOS/FreeRTOS-Kernel/queue.o
 .text.prvCopyDataFromQueue
                0x02000e96       0x24 ./src/FreeRTOS/FreeRTOS-Kernel/queue.o
 .text.prvUnlockQueue
                0x02000eba       0x76 ./src/FreeRTOS/FreeRTOS-Kernel/queue.o
 .text.xQueueGenericReset
                0x02000f30       0x90 ./src/FreeRTOS/FreeRTOS-Kernel/queue.o
                0x02000f30                xQueueGenericReset
 .text.xQueueGenericCreateStatic
                0x02000fc0       0x68 ./src/FreeRTOS/FreeRTOS-Kernel/queue.o
                0x02000fc0                xQueueGenericCreateStatic
 .text.xQueueGenericCreate
                0x02001028       0x50 ./src/FreeRTOS/FreeRTOS-Kernel/queue.o
                0x02001028                xQueueGenericCreate
 .text.xQueueGenericSend
                0x02001078      0x168 ./src/FreeRTOS/FreeRTOS-Kernel/queue.o
                0x02001078                xQueueGenericSend
 .text.xQueueReceive
                0x020011e0      0x144 ./src/FreeRTOS/FreeRTOS-Kernel/queue.o
                0x020011e0                xQueueReceive
 .text.vQueueAddToRegistry
                0x02001324       0x50 ./src/FreeRTOS/FreeRTOS-Kernel/queue.o
                0x02001324                vQueueAddToRegistry
 .text.vQueueUnregisterQueue
                0x02001374       0x3c ./src/FreeRTOS/FreeRTOS-Kernel/queue.o
                0x02001374                vQueueUnregisterQueue
 .text.vQueueDelete
                0x020013b0       0x22 ./src/FreeRTOS/FreeRTOS-Kernel/queue.o
                0x020013b0                vQueueDelete
 .text.vQueueWaitForMessageRestricted
                0x020013d2       0x4e ./src/FreeRTOS/FreeRTOS-Kernel/queue.o
                0x020013d2                vQueueWaitForMessageRestricted
 .text.prvResetNextTaskUnblockTime
                0x02001420       0x28 ./src/FreeRTOS/FreeRTOS-Kernel/tasks.o
 .text.prvInitialiseNewTask
                0x02001448       0x8e ./src/FreeRTOS/FreeRTOS-Kernel/tasks.o
 *fill*         0x020014d6        0x2 
 .text.prvAddNewTaskToReadyList
                0x020014d8      0x11c ./src/FreeRTOS/FreeRTOS-Kernel/tasks.o
 .text.prvDeleteTCB
                0x020015f4       0x2e ./src/FreeRTOS/FreeRTOS-Kernel/tasks.o
 *fill*         0x02001622        0x2 
 .text.prvCheckTasksWaitingTermination
                0x02001624       0x48 ./src/FreeRTOS/FreeRTOS-Kernel/tasks.o
 .text.prvIdleTask
                0x0200166c       0x28 ./src/FreeRTOS/FreeRTOS-Kernel/tasks.o
 .text.prvAddCurrentTaskToDelayedList
                0x02001694       0xbc ./src/FreeRTOS/FreeRTOS-Kernel/tasks.o
 .text.xTaskCreateStatic
                0x02001750       0x7c ./src/FreeRTOS/FreeRTOS-Kernel/tasks.o
                0x02001750                xTaskCreateStatic
 .text.xTaskCreate
                0x020017cc       0x62 ./src/FreeRTOS/FreeRTOS-Kernel/tasks.o
                0x020017cc                xTaskCreate
 *fill*         0x0200182e        0x2 
 .text.vTaskDelete
                0x02001830       0xb8 ./src/FreeRTOS/FreeRTOS-Kernel/tasks.o
                0x02001830                vTaskDelete
 .text.vTaskStartScheduler
                0x020018e8       0x94 ./src/FreeRTOS/FreeRTOS-Kernel/tasks.o
                0x020018e8                vTaskStartScheduler
 .text.vTaskSuspendAll
                0x0200197c       0x10 ./src/FreeRTOS/FreeRTOS-Kernel/tasks.o
                0x0200197c                vTaskSuspendAll
 .text.xTaskGetTickCount
                0x0200198c        0xc ./src/FreeRTOS/FreeRTOS-Kernel/tasks.o
                0x0200198c                xTaskGetTickCount
 .text.xTaskIncrementTick
                0x02001998      0x198 ./src/FreeRTOS/FreeRTOS-Kernel/tasks.o
                0x02001998                xTaskIncrementTick
 .text.xTaskResumeAll
                0x02001b30      0x164 ./src/FreeRTOS/FreeRTOS-Kernel/tasks.o
                0x02001b30                xTaskResumeAll
 .text.vTaskDelay
                0x02001c94       0x48 ./src/FreeRTOS/FreeRTOS-Kernel/tasks.o
                0x02001c94                vTaskDelay
 .text.vTaskSwitchContext
                0x02001cdc       0xa0 ./src/FreeRTOS/FreeRTOS-Kernel/tasks.o
                0x02001cdc                vTaskSwitchContext
 .text.vTaskPlaceOnEventList
                0x02001d7c       0x28 ./src/FreeRTOS/FreeRTOS-Kernel/tasks.o
                0x02001d7c                vTaskPlaceOnEventList
 .text.vTaskPlaceOnEventListRestricted
                0x02001da4       0x4c ./src/FreeRTOS/FreeRTOS-Kernel/tasks.o
                0x02001da4                vTaskPlaceOnEventListRestricted
 .text.xTaskRemoveFromEventList
                0x02001df0       0xe4 ./src/FreeRTOS/FreeRTOS-Kernel/tasks.o
                0x02001df0                xTaskRemoveFromEventList
 .text.vTaskInternalSetTimeOutState
                0x02001ed4       0x18 ./src/FreeRTOS/FreeRTOS-Kernel/tasks.o
                0x02001ed4                vTaskInternalSetTimeOutState
 .text.xTaskCheckForTimeOut
                0x02001eec       0x74 ./src/FreeRTOS/FreeRTOS-Kernel/tasks.o
                0x02001eec                xTaskCheckForTimeOut
 .text.vTaskMissedYield
                0x02001f60        0xc ./src/FreeRTOS/FreeRTOS-Kernel/tasks.o
                0x02001f60                vTaskMissedYield
 .text.xTaskGetSchedulerState
                0x02001f6c       0x20 ./src/FreeRTOS/FreeRTOS-Kernel/tasks.o
                0x02001f6c                xTaskGetSchedulerState
 .text.xTaskPriorityDisinherit
                0x02001f8c       0x98 ./src/FreeRTOS/FreeRTOS-Kernel/tasks.o
                0x02001f8c                xTaskPriorityDisinherit
 .text.prvInsertTimerInActiveList
                0x02002024       0x48 ./src/FreeRTOS/FreeRTOS-Kernel/timers.o
 .text.prvReloadTimer
                0x0200206c       0x28 ./src/FreeRTOS/FreeRTOS-Kernel/timers.o
 .text.prvProcessExpiredTimer
                0x02002094       0x40 ./src/FreeRTOS/FreeRTOS-Kernel/timers.o
 .text.prvSampleTimeNow
                0x020020d4       0x58 ./src/FreeRTOS/FreeRTOS-Kernel/timers.o
 .text.prvTimerTask
                0x0200212c      0x188 ./src/FreeRTOS/FreeRTOS-Kernel/timers.o
 .text.prvCheckForValidListAndQueue
                0x020022b4       0x70 ./src/FreeRTOS/FreeRTOS-Kernel/timers.o
 .text.xTimerCreateTimerTask
                0x02002324       0x5c ./src/FreeRTOS/FreeRTOS-Kernel/timers.o
                0x02002324                xTimerCreateTimerTask
 .text.vSysTick
                0x02002380       0x10 ./src/cpp_main.o
                0x02002380                vSysTick
 .text.vApplicationGetIdleTaskMemory
                0x02002390       0x18 ./src/cpp_main.o
                0x02002390                vApplicationGetIdleTaskMemory
 .text.vApplicationGetTimerTaskMemory
                0x020023a8       0x18 ./src/cpp_main.o
                0x020023a8                vApplicationGetTimerTaskMemory
 .text.cpp_main
                0x020023c0       0xe0 ./src/cpp_main.o
                0x020023c0                cpp_main
 .text.UART0_Callback
                0x020024a0        0x8 ./src/cpp_main.o
                0x020024a0                UART0_Callback
 .text.UART9_Callback
                0x020024a8        0x2 ./src/cpp_main.o
                0x020024a8                UART9_Callback
 *fill*         0x020024aa        0x2 
 .text._GLOBAL__sub_I_vSysTick
                0x020024ac       0x34 ./src/cpp_main.o
 .text.hal_entry
                0x020024e0       0x24 ./src/hal_entry.o
                0x020024e0                hal_entry
 .text.R_BSP_WarmStart
                0x02002504       0x1c ./src/hal_warmstart.o
                0x02002504                R_BSP_WarmStart
 .text.main     0x02002520        0xa ./ra_gen/main.o
                0x02002520                main
 .text.R_SCI_B_UART_Read
                0x0200252a        0x8 ./ra/fsp/src/r_sci_b_uart/r_sci_b_uart.o
                0x0200252a                R_SCI_B_UART_Read
 .text.R_SCI_B_UART_Write
                0x02002532       0x3c ./ra/fsp/src/r_sci_b_uart/r_sci_b_uart.o
                0x02002532                R_SCI_B_UART_Write
 .text.R_SCI_B_UART_CallbackSet
                0x0200256e        0xa ./ra/fsp/src/r_sci_b_uart/r_sci_b_uart.o
                0x0200256e                R_SCI_B_UART_CallbackSet
 .text.R_SCI_B_UART_InfoGet
                0x02002578        0xc ./ra/fsp/src/r_sci_b_uart/r_sci_b_uart.o
                0x02002578                R_SCI_B_UART_InfoGet
 .text.R_SCI_B_UART_Abort
                0x02002584       0x48 ./ra/fsp/src/r_sci_b_uart/r_sci_b_uart.o
                0x02002584                R_SCI_B_UART_Abort
 .text.R_SCI_B_UART_ReadStop
                0x020025cc        0xc ./ra/fsp/src/r_sci_b_uart/r_sci_b_uart.o
                0x020025cc                R_SCI_B_UART_ReadStop
 .text.R_SCI_B_UART_ReceiveSuspend
                0x020025d8        0x4 ./ra/fsp/src/r_sci_b_uart/r_sci_b_uart.o
                0x020025d8                R_SCI_B_UART_ReceiveSuspend
 .text.R_SCI_B_UART_ReceiveResume
                0x020025dc        0x4 ./ra/fsp/src/r_sci_b_uart/r_sci_b_uart.o
                0x020025dc                R_SCI_B_UART_ReceiveResume
 .text.r_sci_b_irq_cfg
                0x020025e0       0x70 ./ra/fsp/src/r_sci_b_uart/r_sci_b_uart.o
 .text.r_sci_b_uart_call_callback
                0x02002650       0x46 ./ra/fsp/src/r_sci_b_uart/r_sci_b_uart.o
 *fill*         0x02002696        0x2 
 .text.R_SCI_B_UART_Close
                0x02002698       0xf0 ./ra/fsp/src/r_sci_b_uart/r_sci_b_uart.o
                0x02002698                R_SCI_B_UART_Close
 .text.r_sci_b_uart_synchronization_delay_cfg
                0x02002788       0x7c ./ra/fsp/src/r_sci_b_uart/r_sci_b_uart.o
 .text.R_SCI_B_UART_BaudSet
                0x02002804       0x2e ./ra/fsp/src/r_sci_b_uart/r_sci_b_uart.o
                0x02002804                R_SCI_B_UART_BaudSet
 *fill*         0x02002832        0x2 
 .text.R_SCI_B_UART_Open
                0x02002834      0x290 ./ra/fsp/src/r_sci_b_uart/r_sci_b_uart.o
                0x02002834                R_SCI_B_UART_Open
 .text.sci_b_uart_txi_isr
                0x02002ac4       0xa4 ./ra/fsp/src/r_sci_b_uart/r_sci_b_uart.o
                0x02002ac4                sci_b_uart_txi_isr
 .text.sci_b_uart_rxi_isr
                0x02002b68       0x94 ./ra/fsp/src/r_sci_b_uart/r_sci_b_uart.o
                0x02002b68                sci_b_uart_rxi_isr
 .text.sci_b_uart_tei_isr
                0x02002bfc       0x4c ./ra/fsp/src/r_sci_b_uart/r_sci_b_uart.o
                0x02002bfc                sci_b_uart_tei_isr
 .text.sci_b_uart_eri_isr
                0x02002c48       0x84 ./ra/fsp/src/r_sci_b_uart/r_sci_b_uart.o
                0x02002c48                sci_b_uart_eri_isr
 .text.R_IOPORT_PinWrite
                0x02002ccc       0x28 ./ra/fsp/src/r_ioport/r_ioport.o
                0x02002ccc                R_IOPORT_PinWrite
 .text.r_ioport_pfs_write
                0x02002cf4       0x40 ./ra/fsp/src/r_ioport/r_ioport.o
 .text.bsp_vbatt_init
                0x02002d34      0x10c ./ra/fsp/src/r_ioport/r_ioport.o
 .text.r_ioport_pins_config
                0x02002e40       0x84 ./ra/fsp/src/r_ioport/r_ioport.o
 .text.R_IOPORT_Open
                0x02002ec4       0x14 ./ra/fsp/src/r_ioport/r_ioport.o
                0x02002ec4                R_IOPORT_Open
 .text.R_AGT_Enable
                0x02002ed8       0x24 ./ra/fsp/src/r_agt/r_agt.o
                0x02002ed8                R_AGT_Enable
 .text.r_agt_common_preamble
                0x02002efc       0x20 ./ra/fsp/src/r_agt/r_agt.o
 .text.r_agt_period_register_set
                0x02002f1c       0x24 ./ra/fsp/src/r_agt/r_agt.o
 .text.R_AGT_Start
                0x02002f40       0x34 ./ra/fsp/src/r_agt/r_agt.o
                0x02002f40                R_AGT_Start
 .text.R_AGT_Open
                0x02002f74      0x120 ./ra/fsp/src/r_agt/r_agt.o
                0x02002f74                R_AGT_Open
 .text.agt_int_isr
                0x02003094       0xa0 ./ra/fsp/src/r_agt/r_agt.o
                0x02003094                agt_int_isr
 .text.bsp_peripheral_clock_set
                0x02003134       0x2e ./ra/fsp/src/bsp/mcu/all/bsp_clocks.o
 *fill*         0x02003162        0x2 
 .text.SystemCoreClockUpdate
                0x02003164       0x7c ./ra/fsp/src/bsp/mcu/all/bsp_clocks.o
                0x02003164                SystemCoreClockUpdate
 .text.bsp_prv_clear_pfb
                0x020031e0       0x14 ./ra/fsp/src/bsp/mcu/all/bsp_clocks.o
                0x020031e0                bsp_prv_clear_pfb
 .text.bsp_prv_set_pfb
                0x020031f4       0x18 ./ra/fsp/src/bsp/mcu/all/bsp_clocks.o
                0x020031f4                bsp_prv_set_pfb
 .text.R_BSP_SubClockStabilizeWaitAfterReset
                0x0200320c        0x2 ./ra/fsp/src/bsp/mcu/all/bsp_clocks.o
                0x0200320c                R_BSP_SubClockStabilizeWaitAfterReset
 *fill*         0x0200320e        0x2 
 .text.bsp_clock_init
                0x02003210      0x278 ./ra/fsp/src/bsp/mcu/all/bsp_clocks.o
                0x02003210                bsp_clock_init
 .text.R_BSP_SourceClockHzGet
                0x02003488        0xc ./ra/fsp/src/bsp/mcu/all/bsp_clocks.o
                0x02003488                R_BSP_SourceClockHzGet
 .text.R_BSP_Init_RTC
                0x02003494       0xac ./ra/fsp/src/bsp/mcu/all/bsp_clocks.o
                0x02003494                R_BSP_Init_RTC
 .text.bsp_init_internal
                0x02003540        0x2 ./ra/fsp/src/bsp/mcu/all/bsp_common.o
                0x02003540                bsp_init_internal
                0x02003540                bsp_init
 .text.__assert_func
                0x02003542        0x4 ./ra/fsp/src/bsp/mcu/all/bsp_common.o
                0x02003542                __assert_func
 *fill*         0x02003546        0x2 
 .text.bsp_prv_software_delay_loop
                0x02003548        0xc ./ra/fsp/src/bsp/mcu/all/bsp_delay.o
                0x02003548                bsp_prv_software_delay_loop
 .text.R_BSP_SoftwareDelay
                0x02003554       0xd0 ./ra/fsp/src/bsp/mcu/all/bsp_delay.o
                0x02003554                R_BSP_SoftwareDelay
 .text.NMI_Handler
                0x02003624       0x4c ./ra/fsp/src/bsp/mcu/all/bsp_group_irq.o
                0x02003624                NMI_Handler
 .text.bsp_irq_cfg
                0x02003670       0x34 ./ra/fsp/src/bsp/mcu/all/bsp_irq.o
                0x02003670                bsp_irq_cfg
 .text.R_BSP_RegisterProtectEnable
                0x020036a4       0x64 ./ra/fsp/src/bsp/mcu/all/bsp_register_protection.o
                0x020036a4                R_BSP_RegisterProtectEnable
 .text.R_BSP_RegisterProtectDisable
                0x02003708       0x58 ./ra/fsp/src/bsp/mcu/all/bsp_register_protection.o
                0x02003708                R_BSP_RegisterProtectDisable
 .text._sbrk    0x02003760       0x30 ./ra/fsp/src/bsp/mcu/all/bsp_sbrk.o
                0x02003760                _sbrk
 .text.Default_Handler
                0x02003790        0x4 ./ra/fsp/src/bsp/cmsis/Device/RENESAS/Source/startup.o
                0x02003790                HardFault_Handler
                0x02003790                UsageFault_Handler
                0x02003790                SecureFault_Handler
                0x02003790                Default_Handler
                0x02003790                MemManage_Handler
                0x02003790                BusFault_Handler
                0x02003790                DebugMon_Handler
 .text.Reset_Handler
                0x02003794        0xc ./ra/fsp/src/bsp/cmsis/Device/RENESAS/Source/startup.o
                0x02003794                Reset_Handler
 .text.SystemRuntimeInit
                0x020037a0       0x70 ./ra/fsp/src/bsp/cmsis/Device/RENESAS/Source/system.o
 .text.SystemInit
                0x02003810      0x260 ./ra/fsp/src/bsp/cmsis/Device/RENESAS/Source/system.o
                0x02003810                SystemInit
 .text.__aeabi_atexit
                0x02003a70        0xa D:/Renesas/RA/e2studio_v2026-04.2_fsp_v6.5.0/toolchains/gcc_arm/13.2.rel1/bin/../lib/gcc/arm-none-eabi/13.2.1/thumb/v8-m.main+dp/hard\libstdc++_nano.a(atexit_arm.o)
                0x02003a70                __aeabi_atexit
 .text._ZNK10__cxxabiv117__class_type_info11__do_upcastEPKS0_PPv
                0x02003a7a       0x32 D:/Renesas/RA/e2studio_v2026-04.2_fsp_v6.5.0/toolchains/gcc_arm/13.2.rel1/bin/../lib/gcc/arm-none-eabi/13.2.1/thumb/v8-m.main+dp/hard\libstdc++_nano.a(class_type_info.o)
                0x02003a7a                __cxxabiv1::__class_type_info::__do_upcast(__cxxabiv1::__class_type_info const*, void**) const
 .text._ZNK10__cxxabiv117__class_type_info20__do_find_public_srcEiPKvPKS0_S2_
                0x02003aac        0xc D:/Renesas/RA/e2studio_v2026-04.2_fsp_v6.5.0/toolchains/gcc_arm/13.2.rel1/bin/../lib/gcc/arm-none-eabi/13.2.1/thumb/v8-m.main+dp/hard\libstdc++_nano.a(class_type_info.o)
                0x02003aac                __cxxabiv1::__class_type_info::__do_find_public_src(int, void const*, __cxxabiv1::__class_type_info const*, void const*) const
 .text._ZN10__cxxabiv117__class_type_infoD2Ev
                0x02003ab8       0x14 D:/Renesas/RA/e2studio_v2026-04.2_fsp_v6.5.0/toolchains/gcc_arm/13.2.rel1/bin/../lib/gcc/arm-none-eabi/13.2.1/thumb/v8-m.main+dp/hard\libstdc++_nano.a(class_type_info.o)
                0x02003ab8                __cxxabiv1::__class_type_info::~__class_type_info()
                0x02003ab8                __cxxabiv1::__class_type_info::~__class_type_info()
 .text._ZN10__cxxabiv117__class_type_infoD0Ev
                0x02003acc       0x14 D:/Renesas/RA/e2studio_v2026-04.2_fsp_v6.5.0/toolchains/gcc_arm/13.2.rel1/bin/../lib/gcc/arm-none-eabi/13.2.1/thumb/v8-m.main+dp/hard\libstdc++_nano.a(class_type_info.o)
                0x02003acc                __cxxabiv1::__class_type_info::~__class_type_info()
 .text._ZNK10__cxxabiv117__class_type_info12__do_dyncastEiNS0_10__sub_kindEPKS0_PKvS3_S5_RNS0_16__dyncast_resultE
                0x02003ae0       0x3e D:/Renesas/RA/e2studio_v2026-04.2_fsp_v6.5.0/toolchains/gcc_arm/13.2.rel1/bin/../lib/gcc/arm-none-eabi/13.2.1/thumb/v8-m.main+dp/hard\libstdc++_nano.a(class_type_info.o)
                0x02003ae0                __cxxabiv1::__class_type_info::__do_dyncast(int, __cxxabiv1::__class_type_info::__sub_kind, __cxxabiv1::__class_type_info const*, void const*, __cxxabiv1::__class_type_info const*, void const*, __cxxabiv1::__class_type_info::__dyncast_result&) const
 .text._ZNK10__cxxabiv117__class_type_info11__do_upcastEPKS0_PKvRNS0_15__upcast_resultE
                0x02003b1e       0x18 D:/Renesas/RA/e2studio_v2026-04.2_fsp_v6.5.0/toolchains/gcc_arm/13.2.rel1/bin/../lib/gcc/arm-none-eabi/13.2.1/thumb/v8-m.main+dp/hard\libstdc++_nano.a(class_type_info.o)
                0x02003b1e                __cxxabiv1::__class_type_info::__do_upcast(__cxxabiv1::__class_type_info const*, void const*, __cxxabiv1::__class_type_info::__upcast_result&) const
 .text._ZNK10__cxxabiv117__class_type_info10__do_catchEPKSt9type_infoPPvj
                0x02003b36       0x2a D:/Renesas/RA/e2studio_v2026-04.2_fsp_v6.5.0/toolchains/gcc_arm/13.2.rel1/bin/../lib/gcc/arm-none-eabi/13.2.1/thumb/v8-m.main+dp/hard\libstdc++_nano.a(class_type_info.o)
                0x02003b36                __cxxabiv1::__class_type_info::__do_catch(std::type_info const*, void**, unsigned int) const
 .text._ZdlPvj  0x02003b60        0x4 D:/Renesas/RA/e2studio_v2026-04.2_fsp_v6.5.0/toolchains/gcc_arm/13.2.rel1/bin/../lib/gcc/arm-none-eabi/13.2.1/thumb/v8-m.main+dp/hard\libstdc++_nano.a(del_ops.o)
                0x02003b60                operator delete(void*, unsigned int)
 .text.__cxa_end_cleanup
                0x02003b64        0xc D:/Renesas/RA/e2studio_v2026-04.2_fsp_v6.5.0/toolchains/gcc_arm/13.2.rel1/bin/../lib/gcc/arm-none-eabi/13.2.1/thumb/v8-m.main+dp/hard\libstdc++_nano.a(eh_arm.o)
                0x02003b64                __cxa_end_cleanup
 .text._ZN10__cxxabiv1L24__is_gxx_exception_classEPc
                0x02003b70       0x3a D:/Renesas/RA/e2studio_v2026-04.2_fsp_v6.5.0/toolchains/gcc_arm/13.2.rel1/bin/../lib/gcc/arm-none-eabi/13.2.1/thumb/v8-m.main+dp/hard\libstdc++_nano.a(eh_arm.o)
 *fill*         0x02003baa        0x2 
 .text.__cxa_type_match
                0x02003bac       0xbc D:/Renesas/RA/e2studio_v2026-04.2_fsp_v6.5.0/toolchains/gcc_arm/13.2.rel1/bin/../lib/gcc/arm-none-eabi/13.2.1/thumb/v8-m.main+dp/hard\libstdc++_nano.a(eh_arm.o)
                0x02003bac                __cxa_type_match
 .text.__cxa_begin_cleanup
                0x02003c68       0x3a D:/Renesas/RA/e2studio_v2026-04.2_fsp_v6.5.0/toolchains/gcc_arm/13.2.rel1/bin/../lib/gcc/arm-none-eabi/13.2.1/thumb/v8-m.main+dp/hard\libstdc++_nano.a(eh_arm.o)
                0x02003c68                __cxa_begin_cleanup
 .text.__gnu_end_cleanup
                0x02003ca2       0x32 D:/Renesas/RA/e2studio_v2026-04.2_fsp_v6.5.0/toolchains/gcc_arm/13.2.rel1/bin/../lib/gcc/arm-none-eabi/13.2.1/thumb/v8-m.main+dp/hard\libstdc++_nano.a(eh_arm.o)
                0x02003ca2                __gnu_end_cleanup
 .text.__cxa_get_globals
                0x02003cd4        0x8 D:/Renesas/RA/e2studio_v2026-04.2_fsp_v6.5.0/toolchains/gcc_arm/13.2.rel1/bin/../lib/gcc/arm-none-eabi/13.2.1/thumb/v8-m.main+dp/hard\libstdc++_nano.a(eh_globals.o)
                0x02003cd4                __cxa_get_globals
 .text._ZL12read_uleb128PKhPm
                0x02003cdc       0x1c D:/Renesas/RA/e2studio_v2026-04.2_fsp_v6.5.0/toolchains/gcc_arm/13.2.rel1/bin/../lib/gcc/arm-none-eabi/13.2.1/thumb/v8-m.main+dp/hard\libstdc++_nano.a(eh_personality.o)
 .text._ZL12read_sleb128PKhPl
                0x02003cf8       0x2e D:/Renesas/RA/e2studio_v2026-04.2_fsp_v6.5.0/toolchains/gcc_arm/13.2.rel1/bin/../lib/gcc/arm-none-eabi/13.2.1/thumb/v8-m.main+dp/hard\libstdc++_nano.a(eh_personality.o)
 .text._ZL28read_encoded_value_with_basehjPKhPj
                0x02003d26       0x8c D:/Renesas/RA/e2studio_v2026-04.2_fsp_v6.5.0/toolchains/gcc_arm/13.2.rel1/bin/../lib/gcc/arm-none-eabi/13.2.1/thumb/v8-m.main+dp/hard\libstdc++_nano.a(eh_personality.o)
 .text._ZL21base_of_encoded_valuehP15_Unwind_Context
                0x02003db2       0x42 D:/Renesas/RA/e2studio_v2026-04.2_fsp_v6.5.0/toolchains/gcc_arm/13.2.rel1/bin/../lib/gcc/arm-none-eabi/13.2.1/thumb/v8-m.main+dp/hard\libstdc++_nano.a(eh_personality.o)
 .text._ZL18read_encoded_valueP15_Unwind_ContexthPKhPj
                0x02003df4       0x20 D:/Renesas/RA/e2studio_v2026-04.2_fsp_v6.5.0/toolchains/gcc_arm/13.2.rel1/bin/../lib/gcc/arm-none-eabi/13.2.1/thumb/v8-m.main+dp/hard\libstdc++_nano.a(eh_personality.o)
 .text._ZL17parse_lsda_headerP15_Unwind_ContextPKhP16lsda_header_info
                0x02003e14       0x5e D:/Renesas/RA/e2studio_v2026-04.2_fsp_v6.5.0/toolchains/gcc_arm/13.2.rel1/bin/../lib/gcc/arm-none-eabi/13.2.1/thumb/v8-m.main+dp/hard\libstdc++_nano.a(eh_personality.o)
 .text._Unwind_GetGR
                0x02003e72       0x18 D:/Renesas/RA/e2studio_v2026-04.2_fsp_v6.5.0/toolchains/gcc_arm/13.2.rel1/bin/../lib/gcc/arm-none-eabi/13.2.1/thumb/v8-m.main+dp/hard\libstdc++_nano.a(eh_personality.o)
 *fill*         0x02003e8a        0x2 
 .text.__gxx_personality_v0
                0x02003e8c      0x32c D:/Renesas/RA/e2studio_v2026-04.2_fsp_v6.5.0/toolchains/gcc_arm/13.2.rel1/bin/../lib/gcc/arm-none-eabi/13.2.1/thumb/v8-m.main+dp/hard\libstdc++_nano.a(eh_personality.o)
                0x02003e8c                __gxx_personality_v0
 .text._ZN10__cxxabiv111__terminateEPFvvE
                0x020041b8        0x8 D:/Renesas/RA/e2studio_v2026-04.2_fsp_v6.5.0/toolchains/gcc_arm/13.2.rel1/bin/../lib/gcc/arm-none-eabi/13.2.1/thumb/v8-m.main+dp/hard\libstdc++_nano.a(eh_terminate.o)
                0x020041b8                __cxxabiv1::__terminate(void (*)())
 .text._ZSt13get_terminatev
                0x020041c0        0xc D:/Renesas/RA/e2studio_v2026-04.2_fsp_v6.5.0/toolchains/gcc_arm/13.2.rel1/bin/../lib/gcc/arm-none-eabi/13.2.1/thumb/v8-m.main+dp/hard\libstdc++_nano.a(eh_terminate.o)
                0x020041c0                std::get_terminate()
 .text._ZSt9terminatev
                0x020041cc        0xa D:/Renesas/RA/e2studio_v2026-04.2_fsp_v6.5.0/toolchains/gcc_arm/13.2.rel1/bin/../lib/gcc/arm-none-eabi/13.2.1/thumb/v8-m.main+dp/hard\libstdc++_nano.a(eh_terminate.o)
                0x020041cc                std::terminate()
 .text._ZN10__cxxabiv112__unexpectedEPFvvE
                0x020041d6        0x8 D:/Renesas/RA/e2studio_v2026-04.2_fsp_v6.5.0/toolchains/gcc_arm/13.2.rel1/bin/../lib/gcc/arm-none-eabi/13.2.1/thumb/v8-m.main+dp/hard\libstdc++_nano.a(eh_terminate.o)
                0x020041d6                __cxxabiv1::__unexpected(void (*)())
 *fill*         0x020041de        0x2 
 .text._ZSt14get_unexpectedv
                0x020041e0        0xc D:/Renesas/RA/e2studio_v2026-04.2_fsp_v6.5.0/toolchains/gcc_arm/13.2.rel1/bin/../lib/gcc/arm-none-eabi/13.2.1/thumb/v8-m.main+dp/hard\libstdc++_nano.a(eh_terminate.o)
                0x020041e0                std::get_unexpected()
 .text._ZSt10unexpectedv
                0x020041ec        0xa D:/Renesas/RA/e2studio_v2026-04.2_fsp_v6.5.0/toolchains/gcc_arm/13.2.rel1/bin/../lib/gcc/arm-none-eabi/13.2.1/thumb/v8-m.main+dp/hard\libstdc++_nano.a(eh_terminate.o)
                0x020041ec                std::unexpected()
 *fill*         0x020041f6        0x2 
 .text._ZN10__cxxabiv120__si_class_type_infoD2Ev
                0x020041f8       0x14 D:/Renesas/RA/e2studio_v2026-04.2_fsp_v6.5.0/toolchains/gcc_arm/13.2.rel1/bin/../lib/gcc/arm-none-eabi/13.2.1/thumb/v8-m.main+dp/hard\libstdc++_nano.a(si_class_type_info.o)
                0x020041f8                __cxxabiv1::__si_class_type_info::~__si_class_type_info()
                0x020041f8                __cxxabiv1::__si_class_type_info::~__si_class_type_info()
 .text._ZN10__cxxabiv120__si_class_type_infoD0Ev
                0x0200420c       0x14 D:/Renesas/RA/e2studio_v2026-04.2_fsp_v6.5.0/toolchains/gcc_arm/13.2.rel1/bin/../lib/gcc/arm-none-eabi/13.2.1/thumb/v8-m.main+dp/hard\libstdc++_nano.a(si_class_type_info.o)
                0x0200420c                __cxxabiv1::__si_class_type_info::~__si_class_type_info()
 .text._ZNK10__cxxabiv120__si_class_type_info20__do_find_public_srcEiPKvPKNS_17__class_type_infoES2_
                0x02004220       0x3c D:/Renesas/RA/e2studio_v2026-04.2_fsp_v6.5.0/toolchains/gcc_arm/13.2.rel1/bin/../lib/gcc/arm-none-eabi/13.2.1/thumb/v8-m.main+dp/hard\libstdc++_nano.a(si_class_type_info.o)
                0x02004220                __cxxabiv1::__si_class_type_info::__do_find_public_src(int, void const*, __cxxabiv1::__class_type_info const*, void const*) const
 .text._ZNK10__cxxabiv120__si_class_type_info12__do_dyncastEiNS_17__class_type_info10__sub_kindEPKS1_PKvS4_S6_RNS1_16__dyncast_resultE
                0x0200425c       0x74 D:/Renesas/RA/e2studio_v2026-04.2_fsp_v6.5.0/toolchains/gcc_arm/13.2.rel1/bin/../lib/gcc/arm-none-eabi/13.2.1/thumb/v8-m.main+dp/hard\libstdc++_nano.a(si_class_type_info.o)
                0x0200425c                __cxxabiv1::__si_class_type_info::__do_dyncast(int, __cxxabiv1::__class_type_info::__sub_kind, __cxxabiv1::__class_type_info const*, void const*, __cxxabiv1::__class_type_info const*, void const*, __cxxabiv1::__class_type_info::__dyncast_result&) const
 .text._ZNK10__cxxabiv120__si_class_type_info11__do_upcastEPKNS_17__class_type_infoEPKvRNS1_15__upcast_resultE
                0x020042d0       0x2a D:/Renesas/RA/e2studio_v2026-04.2_fsp_v6.5.0/toolchains/gcc_arm/13.2.rel1/bin/../lib/gcc/arm-none-eabi/13.2.1/thumb/v8-m.main+dp/hard\libstdc++_nano.a(si_class_type_info.o)
                0x020042d0                __cxxabiv1::__si_class_type_info::__do_upcast(__cxxabiv1::__class_type_info const*, void const*, __cxxabiv1::__class_type_info::__upcast_result&) const
 .text._ZNSt9type_infoD2Ev
                0x020042fa        0x2 D:/Renesas/RA/e2studio_v2026-04.2_fsp_v6.5.0/toolchains/gcc_arm/13.2.rel1/bin/../lib/gcc/arm-none-eabi/13.2.1/thumb/v8-m.main+dp/hard\libstdc++_nano.a(tinfo.o)
                0x020042fa                std::type_info::~type_info()
                0x020042fa                std::type_info::~type_info()
 .text._ZNKSt9type_info14__is_pointer_pEv
                0x020042fc        0x4 D:/Renesas/RA/e2studio_v2026-04.2_fsp_v6.5.0/toolchains/gcc_arm/13.2.rel1/bin/../lib/gcc/arm-none-eabi/13.2.1/thumb/v8-m.main+dp/hard\libstdc++_nano.a(tinfo.o)
                0x020042fc                std::type_info::__is_pointer_p() const
                0x020042fc                std::type_info::__is_function_p() const
 .text._ZNKSt9type_infoeqERKS_
                0x02004300       0x2c D:/Renesas/RA/e2studio_v2026-04.2_fsp_v6.5.0/toolchains/gcc_arm/13.2.rel1/bin/../lib/gcc/arm-none-eabi/13.2.1/thumb/v8-m.main+dp/hard\libstdc++_nano.a(tinfo.o)
                0x02004300                std::type_info::operator==(std::type_info const&) const
                0x02004300                std::type_info::__equal(std::type_info const&) const
 .text._ZdlPv   0x0200432c        0x4 D:/Renesas/RA/e2studio_v2026-04.2_fsp_v6.5.0/toolchains/gcc_arm/13.2.rel1/bin/../lib/gcc/arm-none-eabi/13.2.1/thumb/v8-m.main+dp/hard\libstdc++_nano.a(del_op.o)
                0x0200432c                operator delete(void*)
 .text._ZN10__cxxabiv1L24__is_gxx_exception_classEPc
                0x02004330       0x3a D:/Renesas/RA/e2studio_v2026-04.2_fsp_v6.5.0/toolchains/gcc_arm/13.2.rel1/bin/../lib/gcc/arm-none-eabi/13.2.1/thumb/v8-m.main+dp/hard\libstdc++_nano.a(eh_call.o)
 .text.__cxa_call_terminate
                0x0200436a       0x1e D:/Renesas/RA/e2studio_v2026-04.2_fsp_v6.5.0/toolchains/gcc_arm/13.2.rel1/bin/../lib/gcc/arm-none-eabi/13.2.1/thumb/v8-m.main+dp/hard\libstdc++_nano.a(eh_call.o)
                0x0200436a                __cxa_call_terminate
 .text.__cxa_call_unexpected
                0x02004388       0x28 D:/Renesas/RA/e2studio_v2026-04.2_fsp_v6.5.0/toolchains/gcc_arm/13.2.rel1/bin/../lib/gcc/arm-none-eabi/13.2.1/thumb/v8-m.main+dp/hard\libstdc++_nano.a(eh_call.o)
                0x02004388                __cxa_call_unexpected
 .text._ZN10__cxxabiv1L24__is_gxx_exception_classEPc
                0x020043b0       0x3a D:/Renesas/RA/e2studio_v2026-04.2_fsp_v6.5.0/toolchains/gcc_arm/13.2.rel1/bin/../lib/gcc/arm-none-eabi/13.2.1/thumb/v8-m.main+dp/hard\libstdc++_nano.a(eh_catch.o)
 .text.__cxa_begin_catch
                0x020043ea       0x52 D:/Renesas/RA/e2studio_v2026-04.2_fsp_v6.5.0/toolchains/gcc_arm/13.2.rel1/bin/../lib/gcc/arm-none-eabi/13.2.1/thumb/v8-m.main+dp/hard\libstdc++_nano.a(eh_catch.o)
                0x020043ea                __cxa_begin_catch
 .text.selfrel_offset31
                0x0200443c       0x14 D:/Renesas/RA/e2studio_v2026-04.2_fsp_v6.5.0/toolchains/gcc_arm/13.2.rel1/bin/../lib/gcc/arm-none-eabi/13.2.1/thumb/v8-m.main+dp/hard\libgcc.a(unwind-arm.o)
 .text.search_EIT_table
                0x02004450       0x5c D:/Renesas/RA/e2studio_v2026-04.2_fsp_v6.5.0/toolchains/gcc_arm/13.2.rel1/bin/../lib/gcc/arm-none-eabi/13.2.1/thumb/v8-m.main+dp/hard\libgcc.a(unwind-arm.o)
 .text.__gnu_unwind_get_pr_addr
                0x020044ac       0x28 D:/Renesas/RA/e2studio_v2026-04.2_fsp_v6.5.0/toolchains/gcc_arm/13.2.rel1/bin/../lib/gcc/arm-none-eabi/13.2.1/thumb/v8-m.main+dp/hard\libgcc.a(unwind-arm.o)
 .text.get_eit_entry
                0x020044d4       0x98 D:/Renesas/RA/e2studio_v2026-04.2_fsp_v6.5.0/toolchains/gcc_arm/13.2.rel1/bin/../lib/gcc/arm-none-eabi/13.2.1/thumb/v8-m.main+dp/hard\libgcc.a(unwind-arm.o)
 .text.restore_non_core_regs
                0x0200456c       0x58 D:/Renesas/RA/e2studio_v2026-04.2_fsp_v6.5.0/toolchains/gcc_arm/13.2.rel1/bin/../lib/gcc/arm-none-eabi/13.2.1/thumb/v8-m.main+dp/hard\libgcc.a(unwind-arm.o)
 .text._Unwind_decode_typeinfo_ptr.constprop.0
                0x020045c4        0xc D:/Renesas/RA/e2studio_v2026-04.2_fsp_v6.5.0/toolchains/gcc_arm/13.2.rel1/bin/../lib/gcc/arm-none-eabi/13.2.1/thumb/v8-m.main+dp/hard\libgcc.a(unwind-arm.o)
 .text._Unwind_DebugHook
                0x020045d0        0x4 D:/Renesas/RA/e2studio_v2026-04.2_fsp_v6.5.0/toolchains/gcc_arm/13.2.rel1/bin/../lib/gcc/arm-none-eabi/13.2.1/thumb/v8-m.main+dp/hard\libgcc.a(unwind-arm.o)
 .text.unwind_phase2
                0x020045d4       0x40 D:/Renesas/RA/e2studio_v2026-04.2_fsp_v6.5.0/toolchains/gcc_arm/13.2.rel1/bin/../lib/gcc/arm-none-eabi/13.2.1/thumb/v8-m.main+dp/hard\libgcc.a(unwind-arm.o)
 .text.unwind_phase2_forced
                0x02004614       0xe4 D:/Renesas/RA/e2studio_v2026-04.2_fsp_v6.5.0/toolchains/gcc_arm/13.2.rel1/bin/../lib/gcc/arm-none-eabi/13.2.1/thumb/v8-m.main+dp/hard\libgcc.a(unwind-arm.o)
 .text.__gnu_Unwind_RaiseException
                0x020046f8       0x68 D:/Renesas/RA/e2studio_v2026-04.2_fsp_v6.5.0/toolchains/gcc_arm/13.2.rel1/bin/../lib/gcc/arm-none-eabi/13.2.1/thumb/v8-m.main+dp/hard\libgcc.a(unwind-arm.o)
                0x020046f8                __gnu_Unwind_RaiseException
 .text.__gnu_Unwind_ForcedUnwind
                0x02004760       0x14 D:/Renesas/RA/e2studio_v2026-04.2_fsp_v6.5.0/toolchains/gcc_arm/13.2.rel1/bin/../lib/gcc/arm-none-eabi/13.2.1/thumb/v8-m.main+dp/hard\libgcc.a(unwind-arm.o)
                0x02004760                __gnu_Unwind_ForcedUnwind
 .text.__gnu_Unwind_Resume
                0x02004774       0x44 D:/Renesas/RA/e2studio_v2026-04.2_fsp_v6.5.0/toolchains/gcc_arm/13.2.rel1/bin/../lib/gcc/arm-none-eabi/13.2.1/thumb/v8-m.main+dp/hard\libgcc.a(unwind-arm.o)
                0x02004774                __gnu_Unwind_Resume
 .text.__gnu_Unwind_Resume_or_Rethrow
                0x020047b8       0x18 D:/Renesas/RA/e2studio_v2026-04.2_fsp_v6.5.0/toolchains/gcc_arm/13.2.rel1/bin/../lib/gcc/arm-none-eabi/13.2.1/thumb/v8-m.main+dp/hard\libgcc.a(unwind-arm.o)
                0x020047b8                __gnu_Unwind_Resume_or_Rethrow
 .text._Unwind_Complete
                0x020047d0        0x4 D:/Renesas/RA/e2studio_v2026-04.2_fsp_v6.5.0/toolchains/gcc_arm/13.2.rel1/bin/../lib/gcc/arm-none-eabi/13.2.1/thumb/v8-m.main+dp/hard\libgcc.a(unwind-arm.o)
                0x020047d0                _Unwind_Complete
 .text._Unwind_VRS_Get
                0x020047d4       0x34 D:/Renesas/RA/e2studio_v2026-04.2_fsp_v6.5.0/toolchains/gcc_arm/13.2.rel1/bin/../lib/gcc/arm-none-eabi/13.2.1/thumb/v8-m.main+dp/hard\libgcc.a(unwind-arm.o)
                0x020047d4                _Unwind_VRS_Get
 .text._Unwind_GetGR
                0x02004808       0x18 D:/Renesas/RA/e2studio_v2026-04.2_fsp_v6.5.0/toolchains/gcc_arm/13.2.rel1/bin/../lib/gcc/arm-none-eabi/13.2.1/thumb/v8-m.main+dp/hard\libgcc.a(unwind-arm.o)
 .text._Unwind_VRS_Set
                0x02004820       0x34 D:/Renesas/RA/e2studio_v2026-04.2_fsp_v6.5.0/toolchains/gcc_arm/13.2.rel1/bin/../lib/gcc/arm-none-eabi/13.2.1/thumb/v8-m.main+dp/hard\libgcc.a(unwind-arm.o)
                0x02004820                _Unwind_VRS_Set
 .text._Unwind_SetGR
                0x02004854       0x18 D:/Renesas/RA/e2studio_v2026-04.2_fsp_v6.5.0/toolchains/gcc_arm/13.2.rel1/bin/../lib/gcc/arm-none-eabi/13.2.1/thumb/v8-m.main+dp/hard\libgcc.a(unwind-arm.o)
 .text.__gnu_Unwind_Backtrace
                0x0200486c       0x7c D:/Renesas/RA/e2studio_v2026-04.2_fsp_v6.5.0/toolchains/gcc_arm/13.2.rel1/bin/../lib/gcc/arm-none-eabi/13.2.1/thumb/v8-m.main+dp/hard\libgcc.a(unwind-arm.o)
                0x0200486c                __gnu_Unwind_Backtrace
 .text.__gnu_unwind_pr_common
                0x020048e8      0x2b0 D:/Renesas/RA/e2studio_v2026-04.2_fsp_v6.5.0/toolchains/gcc_arm/13.2.rel1/bin/../lib/gcc/arm-none-eabi/13.2.1/thumb/v8-m.main+dp/hard\libgcc.a(unwind-arm.o)
 .text.__aeabi_unwind_cpp_pr0
                0x02004b98        0x8 D:/Renesas/RA/e2studio_v2026-04.2_fsp_v6.5.0/toolchains/gcc_arm/13.2.rel1/bin/../lib/gcc/arm-none-eabi/13.2.1/thumb/v8-m.main+dp/hard\libgcc.a(unwind-arm.o)
                0x02004b98                __aeabi_unwind_cpp_pr0
 .text.__aeabi_unwind_cpp_pr1
                0x02004ba0        0x8 D:/Renesas/RA/e2studio_v2026-04.2_fsp_v6.5.0/toolchains/gcc_arm/13.2.rel1/bin/../lib/gcc/arm-none-eabi/13.2.1/thumb/v8-m.main+dp/hard\libgcc.a(unwind-arm.o)
                0x02004ba0                __aeabi_unwind_cpp_pr1
 .text.__aeabi_unwind_cpp_pr2
                0x02004ba8        0x8 D:/Renesas/RA/e2studio_v2026-04.2_fsp_v6.5.0/toolchains/gcc_arm/13.2.rel1/bin/../lib/gcc/arm-none-eabi/13.2.1/thumb/v8-m.main+dp/hard\libgcc.a(unwind-arm.o)
                0x02004ba8                __aeabi_unwind_cpp_pr2
 .text._Unwind_VRS_Pop
                0x02004bb0      0x2d0 D:/Renesas/RA/e2studio_v2026-04.2_fsp_v6.5.0/toolchains/gcc_arm/13.2.rel1/bin/../lib/gcc/arm-none-eabi/13.2.1/thumb/v8-m.main+dp/hard\libgcc.a(unwind-arm.o)
                0x02004bb0                _Unwind_VRS_Pop
 .text          0x02004e80      0x1ac D:/Renesas/RA/e2studio_v2026-04.2_fsp_v6.5.0/toolchains/gcc_arm/13.2.rel1/bin/../lib/gcc/arm-none-eabi/13.2.1/thumb/v8-m.main+dp/hard\libgcc.a(libunwind.o)
                0x02004e80                __restore_core_regs
                0x02004e80                restore_core_regs
                0x02004e98                __gnu_Unwind_Restore_VFP
                0x02004ea0                __gnu_Unwind_Save_VFP
                0x02004ea8                __gnu_Unwind_Restore_VFP_D
                0x02004eb0                __gnu_Unwind_Save_VFP_D
                0x02004eb8                __gnu_Unwind_Restore_VFP_D_16_to_31
                0x02004ec0                __gnu_Unwind_Save_VFP_D_16_to_31
                0x02004ec8                __gnu_Unwind_Restore_WMMXD
                0x02004f0c                __gnu_Unwind_Save_WMMXD
                0x02004f50                __gnu_Unwind_Restore_WMMXC
                0x02004f64                __gnu_Unwind_Save_WMMXC
                0x02004f78                ___Unwind_RaiseException
                0x02004f78                _Unwind_RaiseException
                0x02004f9c                _Unwind_Resume
                0x02004f9c                ___Unwind_Resume
                0x02004fc0                _Unwind_Resume_or_Rethrow
                0x02004fc0                ___Unwind_Resume_or_Rethrow
                0x02004fe4                _Unwind_ForcedUnwind
                0x02004fe4                ___Unwind_ForcedUnwind
                0x02005008                ___Unwind_Backtrace
                0x02005008                _Unwind_Backtrace
 .text.next_unwind_byte
                0x0200502c       0x3c D:/Renesas/RA/e2studio_v2026-04.2_fsp_v6.5.0/toolchains/gcc_arm/13.2.rel1/bin/../lib/gcc/arm-none-eabi/13.2.1/thumb/v8-m.main+dp/hard\libgcc.a(pr-support.o)
 .text._Unwind_GetGR.constprop.0