T9D78 000:001.062   SEGGER J-Link V9.14a Log File
T9D78 000:001.159   DLL Compiled: Jan 28 2026 17:11:52
T9D78 000:001.162   Logging started @ 2026-07-16 16:56
T9D78 000:001.166   Process: C:\Users\29449\.eclipse\com.renesas.platform_823709855\DebugComp\RA\e2-server-gdb.exe
T9D78 000:001.174 - 1.170ms 
T9D78 000:001.185 JLINK_GetDLLVersion()
T9D78 000:001.188 - 0.004ms returns 91401
T9D78 000:003.150 JLINK_OpenEx(...)
T9D78 000:008.679   Firmware: J-Link OB-RA4M2 compiled Dec 10 2025 15:52:53
T9D78 000:009.474   Firmware: J-Link OB-RA4M2 compiled Dec 10 2025 15:52:53
T9D78 000:021.271   Hardware: V1.00
T9D78 000:021.288   S/N: 1089959627
T9D78 000:021.292   OEM: SEGGER
T9D78 000:021.301   Feature(s): None
T9D78 000:021.779   Bootloader: 2021 May 14
T9D78 000:022.355   USB speed mode: Full speed (12 MBit/s)
T9D78 000:022.696   TELNET listener socket opened on port 19021
T9D78 000:022.804   WEBSRV WEBSRV_Init(): Starting webserver thread(s)
T9D78 000:023.014   WEBSRV Webserver running on local port 19080
T9D78 000:023.133   Looking for J-Link GUI Server exe at: C:\Users\29449\.eclipse\com.renesas.platform_823709855\DebugComp\RA\ARM\Segger_v9.14.1\JLinkGUIServer.exe
T9D78 000:023.276   Looking for J-Link GUI Server exe at: \JLinkGUIServer.exe
T9D78 000:323.005   Failed to connect to J-Link GUI Server.
T9D78 000:323.108 - 319.937ms returns "O.K."
T9D78 000:323.352 JLINK_TIF_Select(JLINKARM_TIF_SWD)
T9D78 000:323.832 - 0.479ms returns 0x00
T9D78 000:323.856 JLINK_ClrRESET()
T9D78 000:324.021 - 0.164ms 
T9D78 000:374.123 JLINK_SetSpeed(1500)
T9D78 000:374.249 - 0.132ms 
T9D78 000:374.272 JLINK_CORESIGHT_Configure(PerformTIFInit=0)
T9D78 000:374.893 - 0.624ms returns 0
T9D78 000:374.925 JLINK_CORESIGHT_ReadAPDPReg(DP reg 0x00)
T9D78 000:375.359   Value=0x6BA02477
T9D78 000:375.371 - 0.449ms returns 0
T9D78 000:375.388 JLINK_CORESIGHT_WriteAPDPReg(DP reg 0x00, 0x0000001F)
T9D78 000:375.578 - 0.189ms returns 0
T9D78 000:375.586 JLINK_CORESIGHT_ReadAPDPReg(DP reg 0x00)
T9D78 000:375.777   Value=0x6BA02477
T9D78 000:375.782 - 0.195ms returns 0
T9D78 000:375.789 JLINK_CORESIGHT_WriteAPDPReg(DP reg 0x02, 0x00000000)
T9D78 000:375.979 - 0.190ms returns 0
T9D78 000:375.987 JLINK_CORESIGHT_WriteAPDPReg(DP reg 0x01, 0x50000000)
T9D78 000:376.239 - 0.251ms returns 0
T9D78 000:376.755 JLINK_CORESIGHT_ReadAPDPReg(DP reg 0x01)
T9D78 000:376.962   Value=0xF0000000
T9D78 000:376.975 - 0.219ms returns 0
T9D78 000:376.981 JLINK_CORESIGHT_WriteAPDPReg(DP reg 0x00, 0x0000001F)
T9D78 000:377.186 - 0.205ms returns 0
T9D78 000:377.193 JLINK_CORESIGHT_ReadAPDPReg(DP reg 0x00)
T9D78 000:377.391   Value=0x6BA02477
T9D78 000:377.396 - 0.203ms returns 0
T9D78 000:377.401 JLINK_CORESIGHT_WriteAPDPReg(DP reg 0x01, 0x54000000)
T9D78 000:377.587 - 0.186ms returns 0
T9D78 000:377.592 JLINK_CORESIGHT_WriteAPDPReg(DP reg 0x01, 0x50000F00)
T9D78 000:377.780 - 0.187ms returns 0
T9D78 000:377.786 JLINK_CORESIGHT_WriteAPDPReg(DP reg 0x02, 0x01000000)
T9D78 000:378.003 - 0.216ms returns 0
T9D78 000:378.014 JLINK_CORESIGHT_WriteAPDPReg(AP reg 0x00, 0x80000002)
T9D78 000:378.222 - 0.207ms returns 0
T9D78 000:378.233 JLINK_CORESIGHT_WriteAPDPReg(AP reg 0x01, 0x80011100)
T9D78 000:378.482 - 0.249ms returns 0
T9D78 000:378.490 JLINK_CORESIGHT_WriteAPDPReg(AP reg 0x03, 0x000000A5)
T9D78 000:378.689 - 0.198ms returns 0
T9D78 000:378.698 JLINK_CORESIGHT_WriteAPDPReg(AP reg 0x00, 0x80000002)
T9D78 000:378.976 - 0.278ms returns 0
T9D78 000:378.983 JLINK_CORESIGHT_WriteAPDPReg(AP reg 0x01, 0x80011100)
T9D78 000:379.175 - 0.192ms returns 0
T9D78 000:379.180 JLINK_CORESIGHT_ReadAPDPReg(AP reg 0x03)
T9D78 000:379.401   Value=0x000000A5
T9D78 000:379.406 - 0.226ms returns 0
T9D78 000:379.411 JLINK_ClrTMS()
T9D78 000:379.475 - 0.062ms 
T9D78 000:384.667 JLINK_SetTCK()
T9D78 000:384.766 - 0.098ms returns 0
T9D78 000:389.939 JLINK_SetRESET()
T9D78 000:390.036 - 0.098ms 
T9D78 000:591.704 JLINK_CORESIGHT_WriteAPDPReg(AP reg 0x00, 0x80000002)
T9D78 000:592.256 - 0.554ms returns 0
T9D78 000:592.291 JLINK_CORESIGHT_WriteAPDPReg(AP reg 0x01, 0x80011100)
T9D78 000:592.535 - 0.244ms returns 0
T9D78 000:592.552 JLINK_CORESIGHT_ReadAPDPReg(AP reg 0x03)
T9D78 000:592.774   Value=0x00000000
T9D78 000:592.780 - 0.228ms returns 0
T9D78 000:592.786 JLINK_CORESIGHT_WriteAPDPReg(AP reg 0x00, 0x80000002)
T9D78 000:592.981 - 0.194ms returns 0
T9D78 000:592.986 JLINK_CORESIGHT_WriteAPDPReg(AP reg 0x01, 0x80011140)
T9D78 000:593.176 - 0.189ms returns 0
T9D78 000:593.182 JLINK_CORESIGHT_ReadAPDPReg(AP reg 0x03)
T9D78 000:593.436   Value=0x00000002
T9D78 000:593.442 - 0.260ms returns 0
T9D78 000:593.447 JLINK_CORESIGHT_WriteAPDPReg(AP reg 0x00, 0x80000002)
T9D78 000:593.645 - 0.197ms returns 0
T9D78 000:593.656 JLINK_CORESIGHT_WriteAPDPReg(AP reg 0x01, 0x80011120)
T9D78 000:593.857 - 0.200ms returns 0
T9D78 000:593.865 JLINK_CORESIGHT_WriteAPDPReg(AP reg 0x03, 0x00000055)
T9D78 000:594.061 - 0.196ms returns 0
T9D78 000:594.066 JLINK_CORESIGHT_WriteAPDPReg(AP reg 0x00, 0x80000002)
T9D78 000:594.255 - 0.189ms returns 0
T9D78 000:594.260 JLINK_CORESIGHT_WriteAPDPReg(AP reg 0x01, 0x80011140)
T9D78 000:594.472 - 0.212ms returns 0
T9D78 000:594.477 JLINK_CORESIGHT_ReadAPDPReg(AP reg 0x03)
T9D78 000:594.706   Value=0x00000002
T9D78 000:594.711 - 0.234ms returns 0
T9D78 000:594.716 JLINK_CORESIGHT_ReadAPDPReg(AP reg 0x03)
T9D78 000:594.954   Value=0x00000002
T9D78 000:594.961 - 0.245ms returns 0
T9D78 000:594.966 JLINK_CORESIGHT_ReadAPDPReg(AP reg 0x03)
T9D78 000:595.207   Value=0x00000002
T9D78 000:595.212 - 0.246ms returns 0
T9D78 000:595.217 JLINK_CORESIGHT_ReadAPDPReg(AP reg 0x03)
T9D78 000:595.436   Value=0x00000002
T9D78 000:595.440 - 0.223ms returns 0
T9D78 000:595.445 JLINK_CORESIGHT_ReadAPDPReg(AP reg 0x03)
T9D78 000:595.687   Value=0x00000002
T9D78 000:595.693 - 0.247ms returns 0
T9D78 000:595.697 JLINK_CORESIGHT_ReadAPDPReg(AP reg 0x03)
T9D78 000:595.943   Value=0x00000002
T9D78 000:595.955 - 0.258ms returns 0
T9D78 000:595.962 JLINK_CORESIGHT_ReadAPDPReg(AP reg 0x03)
T9D78 000:596.276   Value=0x00000002
T9D78 000:596.285 - 0.322ms returns 0
T9D78 000:596.315 JLINK_CORESIGHT_ReadAPDPReg(AP reg 0x03)
T9D78 000:596.552   Value=0x00000002
T9D78 000:596.558 - 0.242ms returns 0
T9D78 000:596.563 JLINK_CORESIGHT_ReadAPDPReg(AP reg 0x03)
T9D78 000:596.809   Value=0x00000002
T9D78 000:596.814 - 0.251ms returns 0
T9D78 000:596.819 JLINK_CORESIGHT_ReadAPDPReg(AP reg 0x03)
T9D78 000:597.055   Value=0x00000002
T9D78 000:597.060 - 0.241ms returns 0
T9D78 000:597.065 JLINK_CORESIGHT_ReadAPDPReg(AP reg 0x03)
T9D78 000:597.358   Value=0x00000002
T9D78 000:597.370 - 0.304ms returns 0
T9D78 000:597.376 JLINK_CORESIGHT_ReadAPDPReg(AP reg 0x03)
T9D78 000:597.625   Value=0x00000002
T9D78 000:597.637 - 0.260ms returns 0
T9D78 000:597.643 JLINK_CORESIGHT_ReadAPDPReg(AP reg 0x03)
T9D78 000:597.884   Value=0x00000002
T9D78 000:597.894 - 0.250ms returns 0
T9D78 000:597.899 JLINK_CORESIGHT_ReadAPDPReg(AP reg 0x03)
T9D78 000:598.121   Value=0x00000002
T9D78 000:598.126 - 0.227ms returns 0
T9D78 000:598.132 JLINK_CORESIGHT_ReadAPDPReg(AP reg 0x03)
T9D78 000:598.361   Value=0x00000002
T9D78 000:598.367 - 0.235ms returns 0
T9D78 000:598.372 JLINK_CORESIGHT_ReadAPDPReg(AP reg 0x03)
T9D78 000:598.613   Value=0x00000002
T9D78 000:598.619 - 0.247ms returns 0
T9D78 000:598.623 JLINK_CORESIGHT_ReadAPDPReg(AP reg 0x03)
T9D78 000:598.878   Value=0x00000002
T9D78 000:598.890 - 0.266ms returns 0
T9D78 000:598.896 JLINK_CORESIGHT_ReadAPDPReg(AP reg 0x03)
T9D78 000:599.154   Value=0x00000002
T9D78 000:599.164 - 0.268ms returns 0
T9D78 000:599.170 JLINK_CORESIGHT_ReadAPDPReg(AP reg 0x03)
T9D78 000:599.396   Value=0x00000002
T9D78 000:599.407 - 0.237ms returns 0
T9D78 000:599.413 JLINK_CORESIGHT_ReadAPDPReg(AP reg 0x03)
T9D78 000:599.665   Value=0x00000002
T9D78 000:599.677 - 0.263ms returns 0
T9D78 000:599.683 JLINK_CORESIGHT_ReadAPDPReg(AP reg 0x03)
T9D78 000:599.914   Value=0x00000002
T9D78 000:599.920 - 0.237ms returns 0
T9D78 000:599.924 JLINK_CORESIGHT_ReadAPDPReg(AP reg 0x03)
T9D78 000:600.153   Value=0x00000002
T9D78 000:600.163 - 0.238ms returns 0
T9D78 000:600.168 JLINK_CORESIGHT_ReadAPDPReg(AP reg 0x03)
T9D78 000:600.389   Value=0x00000002
T9D78 000:600.394 - 0.226ms returns 0
T9D78 000:600.399 JLINK_CORESIGHT_ReadAPDPReg(AP reg 0x03)
T9D78 000:600.631   Value=0x00000002
T9D78 000:600.636 - 0.237ms returns 0
T9D78 000:600.640 JLINK_CORESIGHT_ReadAPDPReg(AP reg 0x03)
T9D78 000:600.880   Value=0x00000002
T9D78 000:600.886 - 0.245ms returns 0
T9D78 000:600.890 JLINK_CORESIGHT_ReadAPDPReg(AP reg 0x03)
T9D78 000:601.124   Value=0x00000002
T9D78 000:601.129 - 0.239ms returns 0
T9D78 000:601.134 JLINK_CORESIGHT_ReadAPDPReg(AP reg 0x03)
T9D78 000:601.349   Value=0x00000002
T9D78 000:601.355 - 0.221ms returns 0
T9D78 000:601.360 JLINK_CORESIGHT_ReadAPDPReg(AP reg 0x03)
T9D78 000:601.590   Value=0x00000002
T9D78 000:601.595 - 0.235ms returns 0
T9D78 000:601.600 JLINK_CORESIGHT_ReadAPDPReg(AP reg 0x03)
T9D78 000:601.874   Value=0x00000002
T9D78 000:601.879 - 0.279ms returns 0
T9D78 000:601.884 JLINK_CORESIGHT_ReadAPDPReg(AP reg 0x03)
T9D78 000:602.118   Value=0x00000002
T9D78 000:602.123 - 0.239ms returns 0
T9D78 000:602.127 JLINK_CORESIGHT_ReadAPDPReg(AP reg 0x03)
T9D78 000:602.362   Value=0x00000002
T9D78 000:602.373 - 0.246ms returns 0
T9D78 000:602.380 JLINK_CORESIGHT_ReadAPDPReg(AP reg 0x03)
T9D78 000:602.625   Value=0x00000002
T9D78 000:602.633 - 0.253ms returns 0
T9D78 000:602.639 JLINK_CORESIGHT_ReadAPDPReg(AP reg 0x03)
T9D78 000:602.882   Value=0x00000002
T9D78 000:602.890 - 0.251ms returns 0
T9D78 000:602.896 JLINK_CORESIGHT_ReadAPDPReg(AP reg 0x03)
T9D78 000:603.173   Value=0x00000002
T9D78 000:603.181 - 0.285ms returns 0
T9D78 000:603.187 JLINK_CORESIGHT_ReadAPDPReg(AP reg 0x03)
T9D78 000:603.502   Value=0x00000002
T9D78 000:603.516 - 0.328ms returns 0
T9D78 000:603.522 JLINK_CORESIGHT_ReadAPDPReg(AP reg 0x03)
T9D78 000:603.772   Value=0x00000002
T9D78 000:603.783 - 0.261ms returns 0
T9D78 000:603.789 JLINK_CORESIGHT_ReadAPDPReg(AP reg 0x03)
T9D78 000:604.016   Value=0x00000002
T9D78 000:604.021 - 0.232ms returns 0
T9D78 000:604.026 JLINK_CORESIGHT_ReadAPDPReg(AP reg 0x03)
T9D78 000:604.257   Value=0x00000002
T9D78 000:604.262 - 0.235ms returns 0
T9D78 000:604.266 JLINK_CORESIGHT_ReadAPDPReg(AP reg 0x03)
T9D78 000:604.521   Value=0x00000002
T9D78 000:604.526 - 0.259ms returns 0
T9D78 000:604.530 JLINK_CORESIGHT_ReadAPDPReg(AP reg 0x03)
T9D78 000:604.766   Value=0x00000002
T9D78 000:604.771 - 0.240ms returns 0
T9D78 000:604.776 JLINK_CORESIGHT_ReadAPDPReg(AP reg 0x03)
T9D78 000:605.016   Value=0x00000002
T9D78 000:605.027 - 0.251ms returns 0
T9D78 000:605.034 JLINK_CORESIGHT_ReadAPDPReg(AP reg 0x03)
T9D78 000:605.274   Value=0x00000002
T9D78 000:605.286 - 0.252ms returns 0
T9D78 000:605.292 JLINK_CORESIGHT_ReadAPDPReg(AP reg 0x03)
T9D78 000:605.528   Value=0x00000000
T9D78 000:605.534 - 0.241ms returns 0
T9D78 000:605.540 JLINK_CORESIGHT_WriteAPDPReg(AP reg 0x00, 0x80000002)
T9D78 000:605.729 - 0.190ms returns 0
T9D78 000:605.739 JLINK_CORESIGHT_WriteAPDPReg(AP reg 0x01, 0x80011130)
T9D78 000:605.935 - 0.196ms returns 0
T9D78 000:605.944 JLINK_CORESIGHT_ReadAPDPReg(AP reg 0x03)
T9D78 000:606.173   Value=0x000000C6
T9D78 000:606.178 - 0.234ms returns 0
T9D78 000:606.452 JLINK_CORESIGHT_WriteAPDPReg(AP reg 0x00, 0x80000002)
T9D78 000:606.642 - 0.189ms returns 0
T9D78 000:606.647 JLINK_CORESIGHT_WriteAPDPReg(AP reg 0x01, 0x80011140)
T9D78 000:606.854 - 0.207ms returns 0
T9D78 000:606.867 JLINK_CORESIGHT_ReadAPDPReg(AP reg 0x03)
T9D78 000:607.091   Value=0x00000002
T9D78 000:607.099 - 0.232ms returns 0
T9D78 000:607.105 JLINK_CORESIGHT_WriteAPDPReg(AP reg 0x00, 0x80000002)
T9D78 000:607.355 - 0.249ms returns 0
T9D78 000:607.367 JLINK_CORESIGHT_WriteAPDPReg(AP reg 0x01, 0x80011120)
T9D78 000:607.548 - 0.181ms returns 0
T9D78 000:607.554 JLINK_CORESIGHT_WriteAPDPReg(AP reg 0x03, 0x3A010001)
T9D78 000:607.754 - 0.200ms returns 0
T9D78 000:607.760 JLINK_CORESIGHT_WriteAPDPReg(AP reg 0x00, 0x80000002)
T9D78 000:607.951 - 0.191ms returns 0
T9D78 000:607.959 JLINK_CORESIGHT_WriteAPDPReg(AP reg 0x01, 0x80011140)
T9D78 000:608.150 - 0.191ms returns 0
T9D78 000:608.157 JLINK_CORESIGHT_ReadAPDPReg(AP reg 0x03)
T9D78 000:608.391   Value=0x00000002
T9D78 000:608.396 - 0.239ms returns 0
T9D78 000:608.401 JLINK_CORESIGHT_WriteAPDPReg(AP reg 0x00, 0x80000002)
T9D78 000:608.589 - 0.187ms returns 0
T9D78 000:608.594 JLINK_CORESIGHT_WriteAPDPReg(AP reg 0x01, 0x80011120)
T9D78 000:608.787 - 0.193ms returns 0
T9D78 000:608.792 JLINK_CORESIGHT_WriteAPDPReg(AP reg 0x03, 0x000003C5)
T9D78 000:608.979 - 0.186ms returns 0
T9D78 000:608.984 JLINK_CORESIGHT_WriteAPDPReg(AP reg 0x00, 0x80000002)
T9D78 000:609.169 - 0.185ms returns 0
T9D78 000:609.174 JLINK_CORESIGHT_WriteAPDPReg(AP reg 0x01, 0x80011140)
T9D78 000:609.379 - 0.205ms returns 0
T9D78 000:609.384 JLINK_CORESIGHT_ReadAPDPReg(AP reg 0x03)
T9D78 000:609.624   Value=0x00000002
T9D78 000:609.630 - 0.245ms returns 0
T9D78 000:609.634 JLINK_CORESIGHT_ReadAPDPReg(AP reg 0x03)
T9D78 000:609.874   Value=0x00000002
T9D78 000:609.879 - 0.245ms returns 0
T9D78 000:609.884 JLINK_CORESIGHT_ReadAPDPReg(AP reg 0x03)
T9D78 000:610.118   Value=0x00000002
T9D78 000:610.123 - 0.239ms returns 0
T9D78 000:610.128 JLINK_CORESIGHT_ReadAPDPReg(AP reg 0x03)
T9D78 000:610.357   Value=0x00000002
T9D78 000:610.362 - 0.233ms returns 0
T9D78 000:610.366 JLINK_CORESIGHT_ReadAPDPReg(AP reg 0x03)
T9D78 000:610.603   Value=0x00000000
T9D78 000:610.608 - 0.241ms returns 0
T9D78 000:610.613 JLINK_CORESIGHT_WriteAPDPReg(AP reg 0x00, 0x80000002)
T9D78 000:610.800 - 0.187ms returns 0
T9D78 000:610.806 JLINK_CORESIGHT_WriteAPDPReg(AP reg 0x01, 0x80011130)
T9D78 000:611.026 - 0.220ms returns 0
T9D78 000:611.040 JLINK_CORESIGHT_ReadAPDPReg(AP reg 0x03)
T9D78 000:611.364   Value=0x3A2A0081
T9D78 000:611.375 - 0.335ms returns 0
T9D78 000:611.381 JLINK_CORESIGHT_WriteAPDPReg(AP reg 0x00, 0x80000002)
T9D78 000:611.587 - 0.206ms returns 0
T9D78 000:611.593 JLINK_CORESIGHT_WriteAPDPReg(AP reg 0x01, 0x80011140)
T9D78 000:611.780 - 0.187ms returns 0
T9D78 000:611.795 JLINK_CORESIGHT_ReadAPDPReg(AP reg 0x03)
T9D78 000:612.024   Value=0x00000000
T9D78 000:612.030 - 0.235ms returns 0
T9D78 000:612.036 JLINK_CORESIGHT_WriteAPDPReg(AP reg 0x00, 0x80000002)
T9D78 000:612.229 - 0.193ms returns 0
T9D78 000:612.234 JLINK_CORESIGHT_WriteAPDPReg(AP reg 0x01, 0x80011130)
T9D78 000:612.473 - 0.238ms returns 0
T9D78 000:612.478 JLINK_CORESIGHT_ReadAPDPReg(AP reg 0x03)
T9D78 000:612.716   Value=0x808D5B00
T9D78 000:612.728 - 0.250ms returns 0
T9D78 000:612.734 JLINK_CORESIGHT_WriteAPDPReg(AP reg 0x00, 0x80000002)
T9D78 000:612.927 - 0.192ms returns 0
T9D78 000:612.933 JLINK_CORESIGHT_WriteAPDPReg(AP reg 0x01, 0x80011140)
T9D78 000:613.141 - 0.208ms returns 0
T9D78 000:613.146 JLINK_CORESIGHT_ReadAPDPReg(AP reg 0x03)
T9D78 000:613.429   Value=0x00000000
T9D78 000:613.435 - 0.288ms returns 0
T9D78 000:613.440 JLINK_CORESIGHT_WriteAPDPReg(AP reg 0x00, 0x80000002)
T9D78 000:613.627 - 0.187ms returns 0
T9D78 000:613.632 JLINK_CORESIGHT_WriteAPDPReg(AP reg 0x01, 0x80011130)
T9D78 000:613.830 - 0.197ms returns 0
T9D78 000:613.841 JLINK_CORESIGHT_ReadAPDPReg(AP reg 0x03)
T9D78 000:614.061   Value=0x0406070A
T9D78 000:614.067 - 0.226ms returns 0
T9D78 000:614.072 JLINK_CORESIGHT_WriteAPDPReg(AP reg 0x00, 0x80000002)
T9D78 000:614.356 - 0.284ms returns 0
T9D78 000:614.364 JLINK_CORESIGHT_WriteAPDPReg(AP reg 0x01, 0x80011140)
T9D78 000:614.564 - 0.200ms returns 0
T9D78 000:614.569 JLINK_CORESIGHT_ReadAPDPReg(AP reg 0x03)
T9D78 000:614.895   Value=0x00000000
T9D78 000:614.906 - 0.336ms returns 0
T9D78 000:614.912 JLINK_CORESIGHT_WriteAPDPReg(AP reg 0x00, 0x80000002)
T9D78 000:615.105 - 0.193ms returns 0
T9D78 000:615.111 JLINK_CORESIGHT_WriteAPDPReg(AP reg 0x01, 0x80011130)
T9D78 000:615.348 - 0.237ms returns 0
T9D78 000:615.354 JLINK_CORESIGHT_ReadAPDPReg(AP reg 0x03)
T9D78 000:615.628   Value=0x3254540B
T9D78 000:615.634 - 0.279ms returns 0
T9D78 000:615.639 JLINK_CORESIGHT_WriteAPDPReg(AP reg 0x00, 0x80000002)
T9D78 000:615.831 - 0.192ms returns 0
T9D78 000:615.872 JLINK_CORESIGHT_WriteAPDPReg(AP reg 0x01, 0x80011140)
T9D78 000:616.060 - 0.188ms returns 0
T9D78 000:616.066 JLINK_CORESIGHT_ReadAPDPReg(AP reg 0x03)
T9D78 000:616.361   Value=0x00000000
T9D78 000:616.367 - 0.301ms returns 0
T9D78 000:616.373 JLINK_CORESIGHT_WriteAPDPReg(AP reg 0x00, 0x80000002)
T9D78 000:616.559 - 0.186ms returns 0
T9D78 000:616.565 JLINK_CORESIGHT_WriteAPDPReg(AP reg 0x01, 0x80011130)
T9D78 000:616.754 - 0.188ms returns 0
T9D78 000:616.759 JLINK_CORESIGHT_ReadAPDPReg(AP reg 0x03)
T9D78 000:616.994   Value=0x5443F059
T9D78 000:616.999 - 0.240ms returns 0
T9D78 000:617.004 JLINK_CORESIGHT_WriteAPDPReg(AP reg 0x00, 0x80000002)
T9D78 000:617.227 - 0.222ms returns 0
T9D78 000:617.241 JLINK_CORESIGHT_WriteAPDPReg(AP reg 0x01, 0x80011140)
T9D78 000:617.476 - 0.235ms returns 0
T9D78 000:617.483 JLINK_CORESIGHT_ReadAPDPReg(AP reg 0x03)
T9D78 000:617.726   Value=0x00000000
T9D78 000:617.738 - 0.254ms returns 0
T9D78 000:617.744 JLINK_CORESIGHT_WriteAPDPReg(AP reg 0x00, 0x80000002)
T9D78 000:617.925 - 0.180ms returns 0
T9D78 000:617.931 JLINK_CORESIGHT_WriteAPDPReg(AP reg 0x01, 0x80011130)
T9D78 000:618.141 - 0.210ms returns 0
T9D78 000:618.146 JLINK_CORESIGHT_ReadAPDPReg(AP reg 0x03)
T9D78 000:618.398   Value=0x34325736
T9D78 000:618.403 - 0.256ms returns 0
T9D78 000:618.408 JLINK_CORESIGHT_WriteAPDPReg(AP reg 0x00, 0x80000002)
T9D78 000:618.597 - 0.189ms returns 0
T9D78 000:618.603 JLINK_CORESIGHT_WriteAPDPReg(AP reg 0x01, 0x80011140)
T9D78 000:618.789 - 0.185ms returns 0
T9D78 000:618.794 JLINK_CORESIGHT_ReadAPDPReg(AP reg 0x03)
T9D78 000:619.016   Value=0x00000000
T9D78 000:619.021 - 0.227ms returns 0
T9D78 000:619.026 JLINK_CORESIGHT_WriteAPDPReg(AP reg 0x00, 0x80000002)
T9D78 000:619.211 - 0.185ms returns 0
T9D78 000:619.216 JLINK_CORESIGHT_WriteAPDPReg(AP reg 0x01, 0x80011130)
T9D78 000:619.379 - 0.163ms returns 0
T9D78 000:619.384 JLINK_CORESIGHT_ReadAPDPReg(AP reg 0x03)
T9D78 000:619.619   Value=0x66082D30
T9D78 000:619.624 - 0.239ms returns 0
T9D78 000:619.628 JLINK_CORESIGHT_WriteAPDPReg(AP reg 0x00, 0x80000002)
T9D78 000:619.812 - 0.183ms returns 0
T9D78 000:619.817 JLINK_CORESIGHT_WriteAPDPReg(AP reg 0x01, 0x80011140)
T9D78 000:620.097 - 0.281ms returns 0
T9D78 000:620.103 JLINK_CORESIGHT_ReadAPDPReg(AP reg 0x03)
T9D78 000:620.352   Value=0x00000000
T9D78 000:620.357 - 0.254ms returns 0
T9D78 000:620.362 JLINK_CORESIGHT_WriteAPDPReg(AP reg 0x00, 0x80000002)
T9D78 000:620.549 - 0.187ms returns 0
T9D78 000:620.554 JLINK_CORESIGHT_WriteAPDPReg(AP reg 0x01, 0x80011130)
T9D78 000:620.752 - 0.198ms returns 0
T9D78 000:620.757 JLINK_CORESIGHT_ReadAPDPReg(AP reg 0x03)
T9D78 000:620.994   Value=0x4B375264
T9D78 000:620.999 - 0.242ms returns 0
T9D78 000:621.004 JLINK_CORESIGHT_WriteAPDPReg(AP reg 0x00, 0x80000002)
T9D78 000:621.190 - 0.185ms returns 0
T9D78 000:621.195 JLINK_CORESIGHT_WriteAPDPReg(AP reg 0x01, 0x80011140)
T9D78 000:621.472 - 0.277ms returns 0
T9D78 000:621.477 JLINK_CORESIGHT_ReadAPDPReg(AP reg 0x03)
T9D78 000:621.713   Value=0x00000000
T9D78 000:621.718 - 0.240ms returns 0
T9D78 000:621.723 JLINK_CORESIGHT_WriteAPDPReg(AP reg 0x00, 0x80000002)
T9D78 000:621.921 - 0.198ms returns 0
T9D78 000:621.935 JLINK_CORESIGHT_WriteAPDPReg(AP reg 0x01, 0x80011130)
T9D78 000:622.145 - 0.210ms returns 0
T9D78 000:622.154 JLINK_CORESIGHT_ReadAPDPReg(AP reg 0x03)
T9D78 000:622.397   Value=0x31503841
T9D78 000:622.403 - 0.249ms returns 0
T9D78 000:622.408 JLINK_CORESIGHT_WriteAPDPReg(AP reg 0x00, 0x80000002)
T9D78 000:622.598 - 0.190ms returns 0
T9D78 000:622.603 JLINK_CORESIGHT_WriteAPDPReg(AP reg 0x01, 0x80011140)
T9D78 000:622.788 - 0.185ms returns 0
T9D78 000:622.793 JLINK_CORESIGHT_ReadAPDPReg(AP reg 0x03)
T9D78 000:623.016   Value=0x00000000
T9D78 000:623.021 - 0.228ms returns 0
T9D78 000:623.026 JLINK_CORESIGHT_WriteAPDPReg(AP reg 0x00, 0x80000002)
T9D78 000:623.267 - 0.240ms returns 0
T9D78 000:623.280 JLINK_CORESIGHT_WriteAPDPReg(AP reg 0x01, 0x80011130)
T9D78 000:623.546 - 0.265ms returns 0
T9D78 000:623.565 JLINK_CORESIGHT_ReadAPDPReg(AP reg 0x03)
T9D78 000:623.820   Value=0x434C464B
T9D78 000:623.834 - 0.269ms returns 0
T9D78 000:623.842 JLINK_CORESIGHT_WriteAPDPReg(AP reg 0x00, 0x80000002)
T9D78 000:624.101 - 0.259ms returns 0
T9D78 000:624.113 JLINK_CORESIGHT_WriteAPDPReg(AP reg 0x01, 0x80011140)
T9D78 000:624.353 - 0.240ms returns 0
T9D78 000:624.359 JLINK_CORESIGHT_ReadAPDPReg(AP reg 0x03)
T9D78 000:624.598   Value=0x00000000
T9D78 000:624.604 - 0.245ms returns 0
T9D78 000:624.609 JLINK_CORESIGHT_WriteAPDPReg(AP reg 0x00, 0x80000002)
T9D78 000:624.795 - 0.186ms returns 0
T9D78 000:624.800 JLINK_CORESIGHT_WriteAPDPReg(AP reg 0x01, 0x80011130)
T9D78 000:625.003 - 0.202ms returns 0
T9D78 000:625.008 JLINK_CORESIGHT_ReadAPDPReg(AP reg 0x03)
T9D78 000:625.244   Value=0x20204341
T9D78 000:625.249 - 0.241ms returns 0
T9D78 000:625.254 JLINK_CORESIGHT_WriteAPDPReg(AP reg 0x00, 0x80000002)
T9D78 000:625.483 - 0.228ms returns 0
T9D78 000:625.487 JLINK_CORESIGHT_WriteAPDPReg(AP reg 0x01, 0x80011140)
T9D78 000:625.670 - 0.182ms returns 0
T9D78 000:625.674 JLINK_CORESIGHT_ReadAPDPReg(AP reg 0x03)
T9D78 000:625.891   Value=0x00000000
T9D78 000:625.897 - 0.223ms returns 0
T9D78 000:625.902 JLINK_CORESIGHT_WriteAPDPReg(AP reg 0x00, 0x80000002)
T9D78 000:626.097 - 0.194ms returns 0
T9D78 000:626.102 JLINK_CORESIGHT_WriteAPDPReg(AP reg 0x01, 0x80011130)
T9D78 000:626.352 - 0.250ms returns 0
T9D78 000:626.357 JLINK_CORESIGHT_ReadAPDPReg(AP reg 0x03)
T9D78 000:626.579   Value=0x00036020
T9D78 000:626.584 - 0.227ms returns 0
T9D78 000:626.625 JLINK_CORESIGHT_WriteAPDPReg(AP reg 0x00, 0x80000002)
T9D78 000:626.809 - 0.183ms returns 0
T9D78 000:626.813 JLINK_CORESIGHT_WriteAPDPReg(AP reg 0x01, 0x80011140)
T9D78 000:627.016 - 0.202ms returns 0
T9D78 000:627.021 JLINK_CORESIGHT_ReadAPDPReg(AP reg 0x03)
T9D78 000:627.250   Value=0x00000002
T9D78 000:627.255 - 0.233ms returns 0
T9D78 000:627.260 JLINK_CORESIGHT_WriteAPDPReg(AP reg 0x00, 0x80000002)
T9D78 000:627.463 - 0.203ms returns 0
T9D78 000:627.468 JLINK_CORESIGHT_WriteAPDPReg(AP reg 0x01, 0x80011120)
T9D78 000:627.652 - 0.184ms returns 0
T9D78 000:627.656 JLINK_CORESIGHT_WriteAPDPReg(AP reg 0x03, 0x39020001)
T9D78 000:627.849 - 0.192ms returns 0
T9D78 000:627.854 JLINK_CORESIGHT_WriteAPDPReg(AP reg 0x00, 0x80000002)
T9D78 000:628.038 - 0.184ms returns 0
T9D78 000:628.043 JLINK_CORESIGHT_WriteAPDPReg(AP reg 0x01, 0x80011140)
T9D78 000:628.254 - 0.210ms returns 0
T9D78 000:628.259 JLINK_CORESIGHT_ReadAPDPReg(AP reg 0x03)
T9D78 000:628.536   Value=0x00000002
T9D78 000:628.540 - 0.281ms returns 0
T9D78 000:628.545 JLINK_CORESIGHT_WriteAPDPReg(AP reg 0x00, 0x80000002)
T9D78 000:628.753 - 0.208ms returns 0
T9D78 000:628.758 JLINK_CORESIGHT_WriteAPDPReg(AP reg 0x01, 0x80011120)
T9D78 000:628.940 - 0.182ms returns 0
T9D78 000:628.944 JLINK_CORESIGHT_WriteAPDPReg(AP reg 0x03, 0x0003B312)
T9D78 000:629.304 - 0.359ms returns 0
T9D78 000:629.317 JLINK_CORESIGHT_WriteAPDPReg(AP reg 0x00, 0x80000002)
T9D78 000:629.520 - 0.202ms returns 0
T9D78 000:629.531 JLINK_CORESIGHT_WriteAPDPReg(AP reg 0x01, 0x80011140)
T9D78 000:629.730 - 0.199ms returns 0
T9D78 000:629.736 JLINK_CORESIGHT_ReadAPDPReg(AP reg 0x03)
T9D78 000:629.974   Value=0x00000000
T9D78 000:629.981 - 0.245ms returns 0
T9D78 000:629.986 JLINK_CORESIGHT_WriteAPDPReg(AP reg 0x00, 0x80000002)
T9D78 000:630.175 - 0.188ms returns 0
T9D78 000:630.180 JLINK_CORESIGHT_WriteAPDPReg(AP reg 0x01, 0x80011130)
T9D78 000:630.373 - 0.192ms returns 0
T9D78 000:630.378 JLINK_CORESIGHT_ReadAPDPReg(AP reg 0x03)
T9D78 000:630.607   Value=0xB90A0081
T9D78 000:630.613 - 0.234ms returns 0
T9D78 000:630.618 JLINK_CORESIGHT_WriteAPDPReg(AP reg 0x00, 0x80000002)
T9D78 000:630.809 - 0.191ms returns 0
T9D78 000:630.814 JLINK_CORESIGHT_WriteAPDPReg(AP reg 0x01, 0x80011140)
T9D78 000:631.001 - 0.186ms returns 0
T9D78 000:631.010 JLINK_CORESIGHT_ReadAPDPReg(AP reg 0x03)
T9D78 000:631.243   Value=0x00000000
T9D78 000:631.248 - 0.238ms returns 0
T9D78 000:631.257 JLINK_CORESIGHT_WriteAPDPReg(AP reg 0x00, 0x80000002)
T9D78 000:631.472 - 0.215ms returns 0
T9D78 000:631.479 JLINK_CORESIGHT_WriteAPDPReg(AP reg 0x01, 0x80011130)
T9D78 000:631.664 - 0.185ms returns 0
T9D78 000:631.671 JLINK_CORESIGHT_ReadAPDPReg(AP reg 0x03)
T9D78 000:631.890   Value=0xFFFFFFC0
T9D78 000:631.895 - 0.224ms returns 0
T9D78 000:631.902 JLINK_CORESIGHT_WriteAPDPReg(AP reg 0x00, 0x80000002)
T9D78 000:632.087 - 0.184ms returns 0
T9D78 000:632.094 JLINK_CORESIGHT_WriteAPDPReg(AP reg 0x01, 0x80011140)
T9D78 000:632.351 - 0.257ms returns 0
T9D78 000:632.358 JLINK_CORESIGHT_ReadAPDPReg(AP reg 0x03)
T9D78 000:632.597   Value=0x00000000
T9D78 000:632.602 - 0.244ms returns 0
T9D78 000:632.609 JLINK_CORESIGHT_WriteAPDPReg(AP reg 0x00, 0x80000002)
T9D78 000:632.794 - 0.185ms returns 0
T9D78 000:632.801 JLINK_CORESIGHT_WriteAPDPReg(AP reg 0x01, 0x80011130)
T9D78 000:633.002 - 0.201ms returns 0
T9D78 000:633.009 JLINK_CORESIGHT_ReadAPDPReg(AP reg 0x03)
T9D78 000:633.243   Value=0xFFFFFFFF
T9D78 000:633.248 - 0.238ms returns 0
T9D78 000:633.525 JLINK_CORESIGHT_WriteAPDPReg(AP reg 0x00, 0x80000002)
T9D78 000:633.721 - 0.196ms returns 0
T9D78 000:633.729 JLINK_CORESIGHT_WriteAPDPReg(AP reg 0x01, 0x80011140)
T9D78 000:633.919 - 0.189ms returns 0
T9D78 000:633.924 JLINK_CORESIGHT_ReadAPDPReg(AP reg 0x03)
T9D78 000:634.141   Value=0x00000000
T9D78 000:634.147 - 0.222ms returns 0
T9D78 000:634.152 JLINK_CORESIGHT_WriteAPDPReg(AP reg 0x00, 0x80000002)
T9D78 000:634.359 - 0.207ms returns 0
T9D78 000:634.364 JLINK_CORESIGHT_WriteAPDPReg(AP reg 0x01, 0x80011130)
T9D78 000:634.549 - 0.184ms returns 0
T9D78 000:634.557 JLINK_CORESIGHT_ReadAPDPReg(AP reg 0x03)
T9D78 000:634.808   Value=0x000385FF
T9D78 000:634.813 - 0.256ms returns 0
T9D78 000:634.856 JLINK_CORESIGHT_WriteAPDPReg(AP reg 0x00, 0x80000002)
T9D78 000:635.045 - 0.188ms returns 0
T9D78 000:635.051 JLINK_CORESIGHT_WriteAPDPReg(AP reg 0x01, 0x80011140)
T9D78 000:635.339 - 0.287ms returns 0
T9D78 000:635.355 JLINK_CORESIGHT_ReadAPDPReg(AP reg 0x03)
T9D78 000:635.608   Value=0x00000002
T9D78 000:635.619 - 0.264ms returns 0
T9D78 000:635.625 JLINK_CORESIGHT_WriteAPDPReg(AP reg 0x00, 0x80000002)
T9D78 000:635.826 - 0.201ms returns 0
T9D78 000:635.831 JLINK_CORESIGHT_WriteAPDPReg(AP reg 0x01, 0x80011120)
T9D78 000:636.018 - 0.187ms returns 0
T9D78 000:636.024 JLINK_CORESIGHT_WriteAPDPReg(AP reg 0x03, 0x2C010001)
T9D78 000:636.210 - 0.186ms returns 0
T9D78 000:636.215 JLINK_CORESIGHT_WriteAPDPReg(AP reg 0x00, 0x80000002)
T9D78 000:636.380 - 0.164ms returns 0
T9D78 000:636.385 JLINK_CORESIGHT_WriteAPDPReg(AP reg 0x01, 0x80011140)
T9D78 000:636.575 - 0.190ms returns 0
T9D78 000:636.580 JLINK_CORESIGHT_ReadAPDPReg(AP reg 0x03)
T9D78 000:636.814   Value=0x00000002
T9D78 000:636.819 - 0.239ms returns 0
T9D78 000:636.824 JLINK_CORESIGHT_WriteAPDPReg(AP reg 0x00, 0x80000002)
T9D78 000:637.016 - 0.192ms returns 0
T9D78 000:637.022 JLINK_CORESIGHT_WriteAPDPReg(AP reg 0x01, 0x80011120)
T9D78 000:637.209 - 0.187ms returns 0
T9D78 000:637.215 JLINK_CORESIGHT_WriteAPDPReg(AP reg 0x03, 0x000003D3)
T9D78 000:637.376 - 0.161ms returns 0
T9D78 000:637.381 JLINK_CORESIGHT_WriteAPDPReg(AP reg 0x00, 0x80000002)
T9D78 000:637.680 - 0.298ms returns 0
T9D78 000:637.722 JLINK_CORESIGHT_WriteAPDPReg(AP reg 0x01, 0x80011140)
T9D78 000:637.920 - 0.197ms returns 0
T9D78 000:637.929 JLINK_CORESIGHT_ReadAPDPReg(AP reg 0x03)
T9D78 000:638.190   Value=0x00000000
T9D78 000:638.203 - 0.274ms returns 0
T9D78 000:638.210 JLINK_CORESIGHT_WriteAPDPReg(AP reg 0x00, 0x80000002)
T9D78 000:638.395 - 0.184ms returns 0
T9D78 000:638.406 JLINK_CORESIGHT_WriteAPDPReg(AP reg 0x01, 0x80011130)
T9D78 000:638.581 - 0.174ms returns 0
T9D78 000:638.586 JLINK_CORESIGHT_ReadAPDPReg(AP reg 0x03)
T9D78 000:638.815   Value=0x2C020081
T9D78 000:638.821 - 0.234ms returns 0
T9D78 000:638.825 JLINK_CORESIGHT_WriteAPDPReg(AP reg 0x00, 0x80000002)
T9D78 000:639.096 - 0.271ms returns 0
T9D78 000:639.101 JLINK_CORESIGHT_WriteAPDPReg(AP reg 0x01, 0x80011140)
T9D78 000:639.350 - 0.249ms returns 0
T9D78 000:639.360 JLINK_CORESIGHT_ReadAPDPReg(AP reg 0x03)
T9D78 000:639.597   Value=0x00000000
T9D78 000:639.602 - 0.243ms returns 0
T9D78 000:639.607 JLINK_CORESIGHT_WriteAPDPReg(AP reg 0x00, 0x80000002)
T9D78 000:639.792 - 0.185ms returns 0
T9D78 000:639.797 JLINK_CORESIGHT_WriteAPDPReg(AP reg 0x01, 0x80011130)
T9D78 000:639.999 - 0.202ms returns 0
T9D78 000:640.004 JLINK_CORESIGHT_ReadAPDPReg(AP reg 0x03)
T9D78 000:640.230   Value=0x0003CE04
T9D78 000:640.234 - 0.230ms returns 0
T9D78 000:640.244 JLINK_CORESIGHT_WriteAPDPReg(AP reg 0x00, 0x80000002)
T9D78 000:640.477 - 0.233ms returns 0
T9D78 000:640.482 JLINK_CORESIGHT_WriteAPDPReg(AP reg 0x01, 0x80011140)
T9D78 000:640.668 - 0.186ms returns 0
T9D78 000:640.673 JLINK_CORESIGHT_ReadAPDPReg(AP reg 0x03)
T9D78 000:640.890   Value=0x00000002
T9D78 000:640.894 - 0.221ms returns 0
T9D78 000:640.899 JLINK_CORESIGHT_WriteAPDPReg(AP reg 0x00, 0x80000002)
T9D78 000:641.081 - 0.182ms returns 0
T9D78 000:641.086 JLINK_CORESIGHT_WriteAPDPReg(AP reg 0x01, 0x80011120)
T9D78 000:641.268 - 0.182ms returns 0
T9D78 000:641.273 JLINK_CORESIGHT_WriteAPDPReg(AP reg 0x03, 0x73010001)
T9D78 000:641.519 - 0.245ms returns 0
T9D78 000:641.532 JLINK_CORESIGHT_WriteAPDPReg(AP reg 0x00, 0x80000002)
T9D78 000:641.738 - 0.206ms returns 0
T9D78 000:641.752 JLINK_CORESIGHT_WriteAPDPReg(AP reg 0x01, 0x80011140)
T9D78 000:641.960 - 0.208ms returns 0
T9D78 000:641.972 JLINK_CORESIGHT_ReadAPDPReg(AP reg 0x03)
T9D78 000:642.212   Value=0x00000002
T9D78 000:642.224 - 0.251ms returns 0
T9D78 000:642.231 JLINK_CORESIGHT_WriteAPDPReg(AP reg 0x00, 0x80000002)
T9D78 000:642.474 - 0.243ms returns 0
T9D78 000:642.481 JLINK_CORESIGHT_WriteAPDPReg(AP reg 0x01, 0x80011120)
T9D78 000:642.671 - 0.190ms returns 0
T9D78 000:642.677 JLINK_CORESIGHT_WriteAPDPReg(AP reg 0x03, 0x0000038C)
T9D78 000:642.875 - 0.197ms returns 0
T9D78 000:642.880 JLINK_CORESIGHT_WriteAPDPReg(AP reg 0x00, 0x80000002)
T9D78 000:643.064 - 0.184ms returns 0
T9D78 000:643.068 JLINK_CORESIGHT_WriteAPDPReg(AP reg 0x01, 0x80011140)
T9D78 000:643.346 - 0.278ms returns 0
T9D78 000:643.351 JLINK_CORESIGHT_ReadAPDPReg(AP reg 0x03)
T9D78 000:643.585   Value=0x00000002
T9D78 000:643.593 - 0.241ms returns 0
T9D78 000:643.599 JLINK_CORESIGHT_ReadAPDPReg(AP reg 0x03)
T9D78 000:643.839   Value=0x00000002
T9D78 000:643.844 - 0.244ms returns 0
T9D78 000:643.848 JLINK_CORESIGHT_ReadAPDPReg(AP reg 0x03)
T9D78 000:644.079   Value=0x00000002
T9D78 000:644.084 - 0.235ms returns 0
T9D78 000:644.088 JLINK_CORESIGHT_ReadAPDPReg(AP reg 0x03)
T9D78 000:644.359   Value=0x00000002
T9D78 000:644.364 - 0.275ms returns 0
T9D78 000:644.368 JLINK_CORESIGHT_ReadAPDPReg(AP reg 0x03)
T9D78 000:644.603   Value=0x00000002
T9D78 000:644.609 - 0.241ms returns 0
T9D78 000:644.614 JLINK_CORESIGHT_ReadAPDPReg(AP reg 0x03)
T9D78 000:644.847   Value=0x00000002
T9D78 000:644.852 - 0.237ms returns 0
T9D78 000:644.856 JLINK_CORESIGHT_ReadAPDPReg(AP reg 0x03)
T9D78 000:645.085   Value=0x00000002
T9D78 000:645.089 - 0.233ms returns 0
T9D78 000:645.094 JLINK_CORESIGHT_ReadAPDPReg(AP reg 0x03)
T9D78 000:645.347   Value=0x00000002
T9D78 000:645.351 - 0.257ms returns 0
T9D78 000:645.356 JLINK_CORESIGHT_ReadAPDPReg(AP reg 0x03)
T9D78 000:645.582   Value=0x00000002
T9D78 000:645.589 - 0.233ms returns 0
T9D78 000:645.594 JLINK_CORESIGHT_ReadAPDPReg(AP reg 0x03)
T9D78 000:645.829   Value=0x00000002
T9D78 000:645.834 - 0.240ms returns 0
T9D78 000:645.839 JLINK_CORESIGHT_ReadAPDPReg(AP reg 0x03)
T9D78 000:646.068   Value=0x00000002
T9D78 000:646.073 - 0.233ms returns 0
T9D78 000:646.077 JLINK_CORESIGHT_ReadAPDPReg(AP reg 0x03)
T9D78 000:646.351   Value=0x00000002
T9D78 000:646.356 - 0.278ms returns 0
T9D78 000:646.360 JLINK_CORESIGHT_ReadAPDPReg(AP reg 0x03)
T9D78 000:646.588   Value=0x00000002
T9D78 000:646.593 - 0.233ms returns 0
T9D78 000:646.598 JLINK_CORESIGHT_ReadAPDPReg(AP reg 0x03)
T9D78 000:646.830   Value=0x00000002
T9D78 000:646.835 - 0.237ms returns 0
T9D78 000:646.840 JLINK_CORESIGHT_ReadAPDPReg(AP reg 0x03)
T9D78 000:647.105   Value=0x00000000
T9D78 000:647.111 - 0.271ms returns 0
T9D78 000:647.116 JLINK_CORESIGHT_WriteAPDPReg(AP reg 0x00, 0x80000002)
T9D78 000:647.392 - 0.275ms returns 0
T9D78 000:647.400 JLINK_CORESIGHT_WriteAPDPReg(AP reg 0x01, 0x80011130)
T9D78 000:647.602 - 0.201ms returns 0
T9D78 000:647.612 JLINK_CORESIGHT_ReadAPDPReg(AP reg 0x03)
T9D78 000:647.850   Value=0x73020081
T9D78 000:647.857 - 0.244ms returns 0
T9D78 000:647.862 JLINK_CORESIGHT_WriteAPDPReg(AP reg 0x00, 0x80000002)
T9D78 000:648.049 - 0.187ms returns 0
T9D78 000:648.054 JLINK_CORESIGHT_WriteAPDPReg(AP reg 0x01, 0x80011140)
T9D78 000:648.249 - 0.196ms returns 0
T9D78 000:648.255 JLINK_CORESIGHT_ReadAPDPReg(AP reg 0x03)
T9D78 000:648.528   Value=0x00000000
T9D78 000:648.536 - 0.281ms returns 0
T9D78 000:648.543 JLINK_CORESIGHT_WriteAPDPReg(AP reg 0x00, 0x80000002)
T9D78 000:648.752 - 0.209ms returns 0
T9D78 000:648.758 JLINK_CORESIGHT_WriteAPDPReg(AP reg 0x01, 0x80011130)
T9D78 000:648.950 - 0.192ms returns 0
T9D78 000:648.954 JLINK_CORESIGHT_ReadAPDPReg(AP reg 0x03)
T9D78 000:649.183   Value=0x00038902
T9D78 000:649.187 - 0.233ms returns 0
T9D78 000:649.193 JLINK_CORESIGHT_WriteAPDPReg(AP reg 0x00, 0x80000002)
T9D78 000:649.376 - 0.183ms returns 0
T9D78 000:649.381 JLINK_CORESIGHT_WriteAPDPReg(AP reg 0x01, 0x80011140)
T9D78 000:649.569 - 0.188ms returns 0
T9D78 000:649.574 JLINK_CORESIGHT_ReadAPDPReg(AP reg 0x03)
T9D78 000:649.799   Value=0x00000002
T9D78 000:649.803 - 0.229ms returns 0
T9D78 000:649.808 JLINK_CORESIGHT_WriteAPDPReg(AP reg 0x00, 0x80000002)
T9D78 000:650.000 - 0.192ms returns 0
T9D78 000:650.004 JLINK_CORESIGHT_WriteAPDPReg(AP reg 0x01, 0x80011120)
T9D78 000:650.186 - 0.181ms returns 0
T9D78 000:650.190 JLINK_CORESIGHT_WriteAPDPReg(AP reg 0x03, 0x75010001)
T9D78 000:650.350 - 0.160ms returns 0
T9D78 000:650.355 JLINK_CORESIGHT_WriteAPDPReg(AP reg 0x00, 0x80000002)
T9D78 000:650.544 - 0.189ms returns 0
T9D78 000:650.549 JLINK_CORESIGHT_WriteAPDPReg(AP reg 0x01, 0x80011140)
T9D78 000:650.756 - 0.206ms returns 0
T9D78 000:650.762 JLINK_CORESIGHT_ReadAPDPReg(AP reg 0x03)
T9D78 000:651.000   Value=0x00000002
T9D78 000:651.007 - 0.244ms returns 0
T9D78 000:651.012 JLINK_CORESIGHT_WriteAPDPReg(AP reg 0x00, 0x80000002)
T9D78 000:651.205 - 0.193ms returns 0
T9D78 000:651.210 JLINK_CORESIGHT_WriteAPDPReg(AP reg 0x01, 0x80011120)
T9D78 000:651.401 - 0.190ms returns 0
T9D78 000:651.405 JLINK_CORESIGHT_WriteAPDPReg(AP reg 0x03, 0x0000038A)
T9D78 000:651.601 - 0.195ms returns 0
T9D78 000:651.606 JLINK_CORESIGHT_WriteAPDPReg(AP reg 0x00, 0x80000002)
T9D78 000:651.792 - 0.186ms returns 0
T9D78 000:651.797 JLINK_CORESIGHT_WriteAPDPReg(AP reg 0x01, 0x80011140)
T9D78 000:652.000 - 0.202ms returns 0
T9D78 000:652.004 JLINK_CORESIGHT_ReadAPDPReg(AP reg 0x03)
T9D78 000:652.231   Value=0x00000002
T9D78 000:652.235 - 0.231ms returns 0
T9D78 000:652.240 JLINK_CORESIGHT_ReadAPDPReg(AP reg 0x03)
T9D78 000:652.515   Value=0x00000002
T9D78 000:652.520 - 0.279ms returns 0
T9D78 000:652.524 JLINK_CORESIGHT_ReadAPDPReg(AP reg 0x03)
T9D78 000:652.763   Value=0x00000002
T9D78 000:652.798 - 0.274ms returns 0
T9D78 000:652.805 JLINK_CORESIGHT_ReadAPDPReg(AP reg 0x03)
T9D78 000:653.065   Value=0x00000002
T9D78 000:653.077 - 0.272ms returns 0
T9D78 000:653.084 JLINK_CORESIGHT_ReadAPDPReg(AP reg 0x03)
T9D78 000:653.366   Value=0x00000002
T9D78 000:653.376 - 0.292ms returns 0
T9D78 000:653.383 JLINK_CORESIGHT_ReadAPDPReg(AP reg 0x03)
T9D78 000:653.620   Value=0x00000000
T9D78 000:653.629 - 0.246ms returns 0
T9D78 000:653.640 JLINK_CORESIGHT_WriteAPDPReg(AP reg 0x00, 0x80000002)
T9D78 000:653.857 - 0.217ms returns 0
T9D78 000:653.864 JLINK_CORESIGHT_WriteAPDPReg(AP reg 0x01, 0x80011130)
T9D78 000:654.062 - 0.198ms returns 0
T9D78 000:654.092 JLINK_CORESIGHT_ReadAPDPReg(AP reg 0x03)
T9D78 000:654.356   Value=0x75020081
T9D78 000:654.363 - 0.273ms returns 0
T9D78 000:654.369 JLINK_CORESIGHT_WriteAPDPReg(AP reg 0x00, 0x80000002)
T9D78 000:654.560 - 0.191ms returns 0
T9D78 000:654.569 JLINK_CORESIGHT_WriteAPDPReg(AP reg 0x01, 0x80011140)
T9D78 000:654.770 - 0.201ms returns 0
T9D78 000:654.781 JLINK_CORESIGHT_ReadAPDPReg(AP reg 0x03)
T9D78 000:655.025   Value=0x00000000
T9D78 000:655.030 - 0.249ms returns 0
T9D78 000:655.036 JLINK_CORESIGHT_WriteAPDPReg(AP reg 0x00, 0x80000002)
T9D78 000:655.231 - 0.195ms returns 0
T9D78 000:655.236 JLINK_CORESIGHT_WriteAPDPReg(AP reg 0x01, 0x80011130)
T9D78 000:655.483 - 0.246ms returns 0
T9D78 000:655.494 JLINK_CORESIGHT_ReadAPDPReg(AP reg 0x03)
T9D78 000:655.723   Value=0x00038702
T9D78 000:655.729 - 0.234ms returns 0
T9D78 000:655.741 JLINK_CORESIGHT_WriteAPDPReg(AP reg 0x00, 0x80000002)
T9D78 000:655.934 - 0.193ms returns 0
T9D78 000:655.939 JLINK_CORESIGHT_WriteAPDPReg(AP reg 0x01, 0x80011140)
T9D78 000:656.124 - 0.185ms returns 0
T9D78 000:656.129 JLINK_CORESIGHT_ReadAPDPReg(AP reg 0x03)
T9D78 000:656.347   Value=0x00000002
T9D78 000:656.351 - 0.222ms returns 0
T9D78 000:656.356 JLINK_CORESIGHT_WriteAPDPReg(AP reg 0x00, 0x80000002)
T9D78 000:656.537 - 0.181ms returns 0
T9D78 000:656.542 JLINK_CORESIGHT_WriteAPDPReg(AP reg 0x01, 0x80011120)
T9D78 000:656.728 - 0.186ms returns 0
T9D78 000:656.732 JLINK_CORESIGHT_WriteAPDPReg(AP reg 0x03, 0x4F010001)
T9D78 000:656.920 - 0.187ms returns 0
T9D78 000:656.924 JLINK_CORESIGHT_WriteAPDPReg(AP reg 0x00, 0x80000002)
T9D78 000:657.140 - 0.215ms returns 0
T9D78 000:657.144 JLINK_CORESIGHT_WriteAPDPReg(AP reg 0x01, 0x80011140)
T9D78 000:657.353 - 0.209ms returns 0
T9D78 000:657.358 JLINK_CORESIGHT_ReadAPDPReg(AP reg 0x03)
T9D78 000:657.586   Value=0x00000002
T9D78 000:657.591 - 0.233ms returns 0
T9D78 000:657.596 JLINK_CORESIGHT_WriteAPDPReg(AP reg 0x00, 0x80000002)
T9D78 000:657.787 - 0.191ms returns 0
T9D78 000:657.791 JLINK_CORESIGHT_WriteAPDPReg(AP reg 0x01, 0x80011120)
T9D78 000:657.978 - 0.187ms returns 0
T9D78 000:657.984 JLINK_CORESIGHT_WriteAPDPReg(AP reg 0x03, 0x000003B0)
T9D78 000:658.169 - 0.185ms returns 0
T9D78 000:658.174 JLINK_CORESIGHT_WriteAPDPReg(AP reg 0x00, 0x80000002)
T9D78 000:658.372 - 0.197ms returns 0
T9D78 000:658.376 JLINK_CORESIGHT_WriteAPDPReg(AP reg 0x01, 0x80011140)
T9D78 000:658.561 - 0.185ms returns 0
T9D78 000:658.570 JLINK_CORESIGHT_ReadAPDPReg(AP reg 0x03)
T9D78 000:658.818   Value=0x00000002
T9D78 000:658.824 - 0.253ms returns 0
T9D78 000:659.101 JLINK_CORESIGHT_ReadAPDPReg(AP reg 0x03)
T9D78 000:659.353   Value=0x00000002
T9D78 000:659.358 - 0.257ms returns 0
T9D78 000:659.363 JLINK_CORESIGHT_ReadAPDPReg(AP reg 0x03)
T9D78 000:659.598   Value=0x00000002
T9D78 000:659.603 - 0.240ms returns 0
T9D78 000:659.607 JLINK_CORESIGHT_ReadAPDPReg(AP reg 0x03)
T9D78 000:659.838   Value=0x00000002
T9D78 000:659.844 - 0.237ms returns 0
T9D78 000:659.850 JLINK_CORESIGHT_ReadAPDPReg(AP reg 0x03)
T9D78 000:660.081   Value=0x00000002
T9D78 000:660.086 - 0.236ms returns 0
T9D78 000:660.091 JLINK_CORESIGHT_ReadAPDPReg(AP reg 0x03)
T9D78 000:660.349   Value=0x00000002
T9D78 000:660.354 - 0.263ms returns 0
T9D78 000:660.359 JLINK_CORESIGHT_ReadAPDPReg(AP reg 0x03)
T9D78 000:660.588   Value=0x00000002
T9D78 000:660.593 - 0.233ms returns 0
T9D78 000:660.597 JLINK_CORESIGHT_ReadAPDPReg(AP reg 0x03)
T9D78 000:660.831   Value=0x00000002
T9D78 000:660.837 - 0.239ms returns 0
T9D78 000:660.841 JLINK_CORESIGHT_ReadAPDPReg(AP reg 0x03)
T9D78 000:661.076   Value=0x00000002
T9D78 000:661.081 - 0.240ms returns 0
T9D78 000:661.086 JLINK_CORESIGHT_ReadAPDPReg(AP reg 0x03)
T9D78 000:661.358   Value=0x00000002
T9D78 000:661.363 - 0.276ms returns 0
T9D78 000:661.367 JLINK_CORESIGHT_ReadAPDPReg(AP reg 0x03)
T9D78 000:661.602   Value=0x00000000
T9D78 000:661.607 - 0.240ms returns 0
T9D78 000:661.612 JLINK_CORESIGHT_WriteAPDPReg(AP reg 0x00, 0x80000002)
T9D78 000:661.796 - 0.184ms returns 0
T9D78 000:661.801 JLINK_CORESIGHT_WriteAPDPReg(AP reg 0x01, 0x80011130)
T9D78 000:662.000 - 0.199ms returns 0
T9D78 000:662.005 JLINK_CORESIGHT_ReadAPDPReg(AP reg 0x03)
T9D78 000:662.233   Value=0x4F0B0081
T9D78 000:662.238 - 0.233ms returns 0
T9D78 000:662.245 JLINK_CORESIGHT_WriteAPDPReg(AP reg 0x00, 0x80000002)
T9D78 000:662.479 - 0.233ms returns 0
T9D78 000:662.484 JLINK_CORESIGHT_WriteAPDPReg(AP reg 0x01, 0x80011140)
T9D78 000:662.668 - 0.183ms returns 0
T9D78 000:662.673 JLINK_CORESIGHT_ReadAPDPReg(AP reg 0x03)
T9D78 000:662.890   Value=0x00000000
T9D78 000:662.895 - 0.221ms returns 0
T9D78 000:662.899 JLINK_CORESIGHT_WriteAPDPReg(AP reg 0x00, 0x80000002)
T9D78 000:663.085 - 0.185ms returns 0
T9D78 000:663.090 JLINK_CORESIGHT_WriteAPDPReg(AP reg 0x01, 0x80011130)
T9D78 000:663.274 - 0.184ms returns 0
T9D78 000:663.278 JLINK_CORESIGHT_ReadAPDPReg(AP reg 0x03)
T9D78 000:663.533   Value=0x20000000
T9D78 000:663.545 - 0.266ms returns 0
T9D78 000:663.552 JLINK_CORESIGHT_WriteAPDPReg(AP reg 0x00, 0x80000002)
T9D78 000:663.751 - 0.199ms returns 0
T9D78 000:663.761 JLINK_CORESIGHT_WriteAPDPReg(AP reg 0x01, 0x80011140)
T9D78 000:663.951 - 0.190ms returns 0
T9D78 000:663.957 JLINK_CORESIGHT_ReadAPDPReg(AP reg 0x03)
T9D78 000:664.202   Value=0x00000000
T9D78 000:664.208 - 0.250ms returns 0
T9D78 000:664.213 JLINK_CORESIGHT_WriteAPDPReg(AP reg 0x00, 0x80000002)
T9D78 000:664.398 - 0.185ms returns 0
T9D78 000:664.403 JLINK_CORESIGHT_WriteAPDPReg(AP reg 0x01, 0x80011130)
T9D78 000:664.585 - 0.182ms returns 0
T9D78 000:664.589 JLINK_CORESIGHT_ReadAPDPReg(AP reg 0x03)
T9D78 000:664.815   Value=0x00000000
T9D78 000:664.820 - 0.230ms returns 0
T9D78 000:664.824 JLINK_CORESIGHT_WriteAPDPReg(AP reg 0x00, 0x80000002)
T9D78 000:665.097 - 0.272ms returns 0
T9D78 000:665.101 JLINK_CORESIGHT_WriteAPDPReg(AP reg 0x01, 0x80011140)
T9D78 000:665.351 - 0.249ms returns 0
T9D78 000:665.356 JLINK_CORESIGHT_ReadAPDPReg(AP reg 0x03)
T9D78 000:665.602   Value=0x00000000
T9D78 000:665.608 - 0.251ms returns 0
T9D78 000:665.612 JLINK_CORESIGHT_WriteAPDPReg(AP reg 0x00, 0x80000002)
T9D78 000:665.811 - 0.198ms returns 0
T9D78 000:665.816 JLINK_CORESIGHT_WriteAPDPReg(AP reg 0x01, 0x80011130)
T9D78 000:666.004 - 0.187ms returns 0
T9D78 000:666.010 JLINK_CORESIGHT_ReadAPDPReg(AP reg 0x03)
T9D78 000:666.359   Value=0x03860000
T9D78 000:666.365 - 0.355ms returns 0
T9D78 000:666.426 JLINK_CORESIGHT_ReadAPDPReg(DP reg 0x01)
T9D78 000:666.604   Value=0xF0000F40
T9D78 000:666.616 - 0.190ms returns 0
T9D78 000:666.622 JLINK_CORESIGHT_WriteAPDPReg(DP reg 0x01, 0xA0000F40)
T9D78 000:666.811 - 0.188ms returns 0
T9D78 000:666.818 JLINK_CORESIGHT_ReadAPDPReg(DP reg 0x01)
T9D78 000:667.018   Value=0x00000F40
T9D78 000:667.024 - 0.206ms returns 0
T9D78 000:667.029 JLINK_ClrRESET()
T9D78 000:667.192 - 0.162ms 
T9D78 000:771.994 JLINK_Close()
T9D78 000:782.792 - 10.797ms
T9D78 000:782.811   
T9D78 000:782.814   Closed
