Archive member included to satisfy reference by file (symbol)

D:/Renesas/RA/e2studio_v2026-04.2_fsp_v6.5.0/toolchains/gcc_arm/13.2.rel1/bin/../lib/gcc/arm-none-eabi/13.2.1/thumb/v8-m.main+fp/hard\libstdc++_nano.a(atexit_arm.o)
                              ./src/cpp_main.o (__aeabi_atexit)
D:/Renesas/RA/e2studio_v2026-04.2_fsp_v6.5.0/toolchains/gcc_arm/13.2.rel1/bin/../lib/gcc/arm-none-eabi/13.2.1/thumb/v8-m.main+fp/hard\libstdc++_nano.a(eh_personality.o)
                              ./src/app/ElegantDebug.o (__gxx_personality_v0)
D:/Renesas/RA/e2studio_v2026-04.2_fsp_v6.5.0/toolchains/gcc_arm/13.2.rel1/bin/../lib/gcc/arm-none-eabi/13.2.1/thumb/v8-m.main+fp/hard\libstdc++_nano.a(eh_terminate.o)
                              D:/Renesas/RA/e2studio_v2026-04.2_fsp_v6.5.0/toolchains/gcc_arm/13.2.rel1/bin/../lib/gcc/arm-none-eabi/13.2.1/thumb/v8-m.main+fp/hard\libstdc++_nano.a(eh_personality.o) (std::terminate())
D:/Renesas/RA/e2studio_v2026-04.2_fsp_v6.5.0/toolchains/gcc_arm/13.2.rel1/bin/../lib/gcc/arm-none-eabi/13.2.1/thumb/v8-m.main+fp/hard\libstdc++_nano.a(eh_unex_handler.o)
                              D:/Renesas/RA/e2studio_v2026-04.2_fsp_v6.5.0/toolchains/gcc_arm/13.2.rel1/bin/../lib/gcc/arm-none-eabi/13.2.1/thumb/v8-m.main+fp/hard\libstdc++_nano.a(eh_terminate.o) (__cxxabiv1::__unexpected_handler)
D:/Renesas/RA/e2studio_v2026-04.2_fsp_v6.5.0/toolchains/gcc_arm/13.2.rel1/bin/../lib/gcc/arm-none-eabi/13.2.1/thumb/v8-m.main+fp/hard\libstdc++_nano.a(eh_arm.o)
                              D:/Renesas/RA/e2studio_v2026-04.2_fsp_v6.5.0/toolchains/gcc_arm/13.2.rel1/bin/../lib/gcc/arm-none-eabi/13.2.1/thumb/v8-m.main+fp/hard\libstdc++_nano.a(eh_personality.o) (__cxa_type_match)
D:/Renesas/RA/e2studio_v2026-04.2_fsp_v6.5.0/toolchains/gcc_arm/13.2.rel1/bin/../lib/gcc/arm-none-eabi/13.2.1/thumb/v8-m.main+fp/hard\libstdc++_nano.a(eh_call.o)
                              D:/Renesas/RA/e2studio_v2026-04.2_fsp_v6.5.0/toolchains/gcc_arm/13.2.rel1/bin/../lib/gcc/arm-none-eabi/13.2.1/thumb/v8-m.main+fp/hard\libstdc++_nano.a(eh_personality.o) (__cxa_call_terminate)
D:/Renesas/RA/e2studio_v2026-04.2_fsp_v6.5.0/toolchains/gcc_arm/13.2.rel1/bin/../lib/gcc/arm-none-eabi/13.2.1/thumb/v8-m.main+fp/hard\libstdc++_nano.a(eh_catch.o)
                              D:/Renesas/RA/e2studio_v2026-04.2_fsp_v6.5.0/toolchains/gcc_arm/13.2.rel1/bin/../lib/gcc/arm-none-eabi/13.2.1/thumb/v8-m.main+fp/hard\libstdc++_nano.a(eh_call.o) (__cxa_begin_catch)
D:/Renesas/RA/e2studio_v2026-04.2_fsp_v6.5.0/toolchains/gcc_arm/13.2.rel1/bin/../lib/gcc/arm-none-eabi/13.2.1/thumb/v8-m.main+fp/hard\libstdc++_nano.a(eh_exception.o)
                              D:/Renesas/RA/e2studio_v2026-04.2_fsp_v6.5.0/toolchains/gcc_arm/13.2.rel1/bin/../lib/gcc/arm-none-eabi/13.2.1/thumb/v8-m.main+fp/hard\libstdc++_nano.a(eh_arm.o) (typeinfo for __cxxabiv1::__forced_unwind)
D:/Renesas/RA/e2studio_v2026-04.2_fsp_v6.5.0/toolchains/gcc_arm/13.2.rel1/bin/../lib/gcc/arm-none-eabi/13.2.1/thumb/v8-m.main+fp/hard\libstdc++_nano.a(eh_globals.o)
                              D:/Renesas/RA/e2studio_v2026-04.2_fsp_v6.5.0/toolchains/gcc_arm/13.2.rel1/bin/../lib/gcc/arm-none-eabi/13.2.1/thumb/v8-m.main+fp/hard\libstdc++_nano.a(eh_catch.o) (__cxa_get_globals_fast)
D:/Renesas/RA/e2studio_v2026-04.2_fsp_v6.5.0/toolchains/gcc_arm/13.2.rel1/bin/../lib/gcc/arm-none-eabi/13.2.1/thumb/v8-m.main+fp/hard\libstdc++_nano.a(eh_term_handler.o)
                              D:/Renesas/RA/e2studio_v2026-04.2_fsp_v6.5.0/toolchains/gcc_arm/13.2.rel1/bin/../lib/gcc/arm-none-eabi/13.2.1/thumb/v8-m.main+fp/hard\libstdc++_nano.a(eh_terminate.o) (__cxxabiv1::__terminate_handler)
D:/Renesas/RA/e2studio_v2026-04.2_fsp_v6.5.0/toolchains/gcc_arm/13.2.rel1/bin/../lib/gcc/arm-none-eabi/13.2.1/thumb/v8-m.main+fp/hard\libstdc++_nano.a(si_class_type_info.o)
                              D:/Renesas/RA/e2studio_v2026-04.2_fsp_v6.5.0/toolchains/gcc_arm/13.2.rel1/bin/../lib/gcc/arm-none-eabi/13.2.1/thumb/v8-m.main+fp/hard\libstdc++_nano.a(eh_exception.o) (vtable for __cxxabiv1::__si_class_type_info)
D:/Renesas/RA/e2studio_v2026-04.2_fsp_v6.5.0/toolchains/gcc_arm/13.2.rel1/bin/../lib/gcc/arm-none-eabi/13.2.1/thumb/v8-m.main+fp/hard\libstdc++_nano.a(tinfo.o)
                              D:/Renesas/RA/e2studio_v2026-04.2_fsp_v6.5.0/toolchains/gcc_arm/13.2.rel1/bin/../lib/gcc/arm-none-eabi/13.2.1/thumb/v8-m.main+fp/hard\libstdc++_nano.a(si_class_type_info.o) (std::type_info::__is_pointer_p() const)
D:/Renesas/RA/e2studio_v2026-04.2_fsp_v6.5.0/toolchains/gcc_arm/13.2.rel1/bin/../lib/gcc/arm-none-eabi/13.2.1/thumb/v8-m.main+fp/hard\libstdc++_nano.a(class_type_info.o)
                              D:/Renesas/RA/e2studio_v2026-04.2_fsp_v6.5.0/toolchains/gcc_arm/13.2.rel1/bin/../lib/gcc/arm-none-eabi/13.2.1/thumb/v8-m.main+fp/hard\libstdc++_nano.a(si_class_type_info.o) (__cxxabiv1::__class_type_info::__do_upcast(__cxxabiv1::__class_type_info const*, void**) const)
[...]
Memory Configuration

Name             Origin             Length             Attributes
RAM              0x220ea000         0x000da000         xrw
FLASH            0x02080000         0x00080000         xr
DATA_FLASH       0x27000000         0x00000000         xr
SDRAM            0x6c000000         0x04000000         xrw
OSPI0_CS0        0x88000000         0x08000000         xrw
OSPI0_CS1        0x98000000         0x08000000         xr
OSPI1_CS0        0x74000000         0x04000000         xrw
OSPI1_CS1        0x7c000000         0x04000000         xr
OPTION_SETTING_OFS0 0x02c9f040         0x00000000         r
OPTION_SETTING_OFS2 0x02c9f044         0x00000000         r
OPTION_SETTING_SAS 0x02c9f074         0x00000000         r
OPTION_SETTING_OFS1 0x12c9f4c0         0x00000000         r
OPTION_SETTING_OFS1_SEC 0x02c9f0c0         0x00000000         r
OPTION_SETTING_OFS1_SEL 0x02c9f120         0x00000000         r
OPTION_SETTING_OFS3 0x12c9f4c4         0x00000000         r
OPTION_SETTING_OFS3_SEC 0x02c9f0c4         0x00000000         r
OPTION_SETTING_OFS3_SEL 0x02c9f124         0x00000000         r
OPTION_SETTING_BPS 0x12c9f600         0x00000000         r
OPTION_SETTING_BPS_SEC 0x02c9f200         0x00000000         r
OPTION_SETTING_OTP_FSBLCTRL0 0x02e07600         0x00000000         r
OPTION_SETTING_OTP_FSBLCTRL1 0x02e07604         0x00000000         r
OPTION_SETTING_OTP_FSBLCTRL2 0x02e07608         0x00000000         r
OPTION_SETTING_OTP_SAMR 0x02e07614         0x00000000         r
OPTION_SETTING_OTP_SACC00 0x02e07620         0x00000000         r
OPTION_SETTING_OTP_SACC10 0x02e07630         0x00000000         r
OPTION_SETTING_OTP_SACC01 0x02e07640         0x00000000         r
OPTION_SETTING_OTP_SACC11 0x02e07650         0x00000000         r
OPTION_SETTING_OTP_SACC02 0x02e07660         0x00000000         r
OPTION_SETTING_OTP_SACC12 0x02e07670         0x00000000         r
OPTION_SETTING_OTP_SACC03 0x02e07680         0x00000000         r
OPTION_SETTING_OTP_SACC13 0x02e07690         0x00000000         r
OPTION_SETTING_OTP_PBPS_SEC 0x02e17700         0x00000000         r
OPTION_SETTING_OTP_PBPS 0x12e17780         0x00000000         r
OPTION_SETTING_OTP_ZHUK 0x02e17920         0x00000000         r
CTCM             0x00000000         0x00010000         xrw
STCM             0x20000000         0x00010000         xrw
SHARED_RAM       0x221c4000         0x00010000         xrw
*default*        0x00000000         0xffffffff

Linker script and memory map

LOAD D:/Renesas/RA/e2studio_v2026-04.2_fsp_v6.5.0/toolchains/gcc_arm/13.2.rel1/bin/../lib/gcc/arm-none-eabi/13.2.1/thumb/v8-m.main+fp/hard/crti.o
LOAD D:/Renesas/RA/e2studio_v2026-04.2_fsp_v6.5.0/toolchains/gcc_arm/13.2.rel1/bin/../lib/gcc/arm-none-eabi/13.2.1/thumb/v8-m.main+fp/hard/crtbegin.o
LOAD D:/Renesas/RA/e2studio_v2026-04.2_fsp_v6.5.0/toolchains/gcc_arm/13.2.rel1/bin/../lib/gcc/arm-none-eabi/13.2.1/thumb/v8-m.main+fp/hard/crt0.o
START GROUP
LOAD ./src/app/ipc/ipc.o
LOAD ./src/app/gripper/gripper.o
LOAD ./src/app/drivers/Emm_V5.o
LOAD ./src/app/arm/arm.o
LOAD ./src/app/arm/motor.o
LOAD ./src/app/ElegantDebug.o
LOAD ./src/cpp_main.o
LOAD ./src/hal_entry.o
LOAD ./src/hal_warmstart.o
LOAD ./ra_gen/common_data.o
LOAD ./ra_gen/hal_data.o
LOAD ./ra_gen/main.o
LOAD ./ra_gen/pin_data.o
LOAD ./ra_gen/vector_data.o
LOAD ./ra/fsp/src/r_sci_b_uart/r_sci_b_uart.o
LOAD ./ra/fsp/src/r_ipc/r_ipc.o
LOAD ./ra/fsp/src/r_ioport/r_ioport.o
LOAD ./ra/fsp/src/r_agt/r_agt.o
LOAD ./ra/fsp/src/bsp/mcu/ra8p1/bsp_linker.o
LOAD ./ra/fsp/src/bsp/mcu/all/bsp_clocks.o
LOAD ./ra/fsp/src/bsp/mcu/all/bsp_common.o
LOAD ./ra/fsp/src/bsp/mcu/all/bsp_delay.o
LOAD ./ra/fsp/src/bsp/mcu/all/bsp_group_irq.o
LOAD ./ra/fsp/src/bsp/mcu/all/bsp_guard.o
LOAD ./ra/fsp/src/bsp/mcu/all/bsp_io.o
LOAD ./ra/fsp/src/bsp/mcu/all/bsp_ipc.o
LOAD ./ra/fsp/src/bsp/mcu/all/bsp_irq.o
LOAD ./ra/fsp/src/bsp/mcu/all/bsp_macl.o
LOAD ./ra/fsp/src/bsp/mcu/all/bsp_ospi_b.o
LOAD ./ra/fsp/src/bsp/mcu/all/bsp_register_protection.o
LOAD ./ra/fsp/src/bsp/mcu/all/bsp_sbrk.o
LOAD ./ra/fsp/src/bsp/mcu/all/bsp_sdram.o
LOAD ./ra/fsp/src/bsp/mcu/all/bsp_security.o
LOAD ./ra/fsp/src/bsp/cmsis/Device/RENESAS/Source/startup.o
LOAD ./ra/fsp/src/bsp/cmsis/Device/RENESAS/Source/system.o
END GROUP
LOAD D:/Renesas/RA/e2studio_v2026-04.2_fsp_v6.5.0/toolchains/gcc_arm/13.2.rel1/bin/../lib/gcc/arm-none-eabi/13.2.1/thumb/v8-m.main+fp/hard\libstdc++_nano.a
LOAD D:/Renesas/RA/e2studio_v2026-04.2_fsp_v6.5.0/toolchains/gcc_arm/13.2.rel1/bin/../lib/gcc/arm-none-eabi/13.2.1/thumb/v8-m.main+fp/hard\libm.a
START GROUP
LOAD D:/Renesas/RA/e2studio_v2026-04.2_fsp_v6.5.0/toolchains/gcc_arm/13.2.rel1/bin/../lib/gcc/arm-none-eabi/13.2.1/thumb/v8-m.main+fp/hard\libgcc.a
LOAD D:/Renesas/RA/e2studio_v2026-04.2_fsp_v6.5.0/toolchains/gcc_arm/13.2.rel1/bin/../lib/gcc/arm-none-eabi/13.2.1/thumb/v8-m.main+fp/hard\libg_nano.a
LOAD D:/Renesas/RA/e2studio_v2026-04.2_fsp_v6.5.0/toolchains/gcc_arm/13.2.rel1/bin/../lib/gcc/arm-none-eabi/13.2.1/thumb/v8-m.main+fp/hard\libc_nano.a
END GROUP
START GROUP
LOAD D:/Renesas/RA/e2studio_v2026-04.2_fsp_v6.5.0/toolchains/gcc_arm/13.2.rel1/bin/../lib/gcc/arm-none-eabi/13.2.1/thumb/v8-m.main+fp/hard\libgcc.a
LOAD D:/Renesas/RA/e2studio_v2026-04.2_fsp_v6.5.0/toolchains/gcc_arm/13.2.rel1/bin/../lib/gcc/arm-none-eabi/13.2.1/thumb/v8-m.main+fp/hard\libc_nano.a
LOAD D:/Renesas/RA/e2studio_v2026-04.2_fsp_v6.5.0/toolchains/gcc_arm/13.2.rel1/bin/../lib/gcc/arm-none-eabi/13.2.1/thumb/v8-m.main+fp/hard\libnosys.a
END GROUP
START GROUP
LOAD D:/Renesas/RA/e2studio_v2026-04.2_fsp_v6.5.0/toolchains/gcc_arm/13.2.rel1/bin/../lib/gcc/arm-none-eabi/13.2.1/thumb/v8-m.main+fp/hard\libgcc.a
LOAD D:/Renesas/RA/e2studio_v2026-04.2_fsp_v6.5.0/toolchains/gcc_arm/13.2.rel1/bin/../lib/gcc/arm-none-eabi/13.2.1/thumb/v8-m.main+fp/hard\libc_nano.a
LOAD D:/Renesas/RA/e2studio_v2026-04.2_fsp_v6.5.0/toolchains/gcc_arm/13.2.rel1/bin/../lib/gcc/arm-none-eabi/13.2.1/thumb/v8-m.main+fp/hard\libnosys.a
END GROUP
LOAD D:/Renesas/RA/e2studio_v2026-04.2_fsp_v6.5.0/toolchains/gcc_arm/13.2.rel1/bin/../lib/gcc/arm-none-eabi/13.2.1/thumb/v8-m.main+fp/hard/crtend.o
LOAD D:/Renesas/RA/e2studio_v2026-04.2_fsp_v6.5.0/toolchains/gcc_arm/13.2.rel1/bin/../lib/gcc/arm-none-eabi/13.2.1/thumb/v8-m.main+fp/hard/crtn.o
                0x220ea000                        RAM_START = 0x220ea000
                0x000da000                        RAM_LENGTH = 0xda000
                0x02080000                        FLASH_START = 0x2080000
                0x00080000                        FLASH_LENGTH = 0x80000
                0x27000000                        DATA_FLASH_START = 0x27000000
                0x00000000                        DATA_FLASH_LENGTH = 0x0
                0x6c000000                        SDRAM_START = 0x6c000000
                0x04000000                        SDRAM_LENGTH = 0x4000000
                0x88000000                        OSPI0_CS0_START = 0x88000000
                0x08000000                        OSPI0_CS0_LENGTH = 0x8000000
                0x98000000                        OSPI0_CS1_START = 0x98000000
                0x08000000                        OSPI0_CS1_LENGTH = 0x8000000
                0x74000000                        OSPI1_CS0_START = 0x74000000
                0x04000000                        OSPI1_CS0_LENGTH = 0x4000000
                0x7c000000                        OSPI1_CS1_START = 0x7c000000
                0x04000000                        OSPI1_CS1_LENGTH = 0x4000000
                0x02c9f040                        OPTION_SETTING_OFS0_START = 0x2c9f040
                0x00000000                        OPTION_SETTING_OFS0_LENGTH = 0x0
                0x02c9f044                        OPTION_SETTING_OFS2_START = 0x2c9f044
                0x00000000                        OPTION_SETTING_OFS2_LENGTH = 0x0
                0x02c9f074                        OPTION_SETTING_SAS_START = 0x2c9f074
                0x00000000                        OPTION_SETTING_SAS_LENGTH = 0x0
                0x12c9f4c0                        OPTION_SETTING_OFS1_START = 0x12c9f4c0
                0x00000000                        OPTION_SETTING_OFS1_LENGTH = 0x0
                0x02c9f0c0                        OPTION_SETTING_OFS1_SEC_START = 0x2c9f0c0
                0x00000000                        OPTION_SETTING_OFS1_SEC_LENGTH = 0x0
                0x02c9f120                        OPTION_SETTING_OFS1_SEL_START = 0x2c9f120
                0x00000000                        OPTION_SETTING_OFS1_SEL_LENGTH = 0x0
                0x12c9f4c4                        OPTION_SETTING_OFS3_START = 0x12c9f4c4
                0x00000000                        OPTION_SETTING_OFS3_LENGTH = 0x0
                0x02c9f0c4                        OPTION_SETTING_OFS3_SEC_START = 0x2c9f0c4
                0x00000000                        OPTION_SETTING_OFS3_SEC_LENGTH = 0x0
                0x02c9f124                        OPTION_SETTING_OFS3_SEL_START = 0x2c9f124
                0x00000000                        OPTION_SETTING_OFS3_SEL_LENGTH = 0x0
                0x12c9f600                        OPTION_SETTING_BPS_START = 0x12c9f600
                0x00000000                        OPTION_SETTING_BPS_LENGTH = 0x0
                0x02c9f200                        OPTION_SETTING_BPS_SEC_START = 0x2c9f200
                0x00000000                        OPTION_SETTING_BPS_SEC_LENGTH = 0x0
                0x02e07600                        OPTION_SETTING_OTP_FSBLCTRL0_START = 0x2e07600
                0x00000000                        OPTION_SETTING_OTP_FSBLCTRL0_LENGTH = 0x0
                0x02e07604                        OPTION_SETTING_OTP_FSBLCTRL1_START = 0x2e07604
                0x00000000                        OPTION_SETTING_OTP_FSBLCTRL1_LENGTH = 0x0
                0x02e07608                        OPTION_SETTING_OTP_FSBLCTRL2_START = 0x2e07608
                0x00000000                        OPTION_SETTING_OTP_FSBLCTRL2_LENGTH = 0x0
                0x02e07614                        OPTION_SETTING_OTP_SAMR_START = 0x2e07614
                0x00000000                        OPTION_SETTING_OTP_SAMR_LENGTH = 0x0
                0x02e07620                        OPTION_SETTING_OTP_SACC00_START = 0x2e07620
                0x00000000                        OPTION_SETTING_OTP_SACC00_LENGTH = 0x0
                0x02e07630                        OPTION_SETTING_OTP_SACC10_START = 0x2e07630
                0x00000000                        OPTION_SETTING_OTP_SACC10_LENGTH = 0x0
                0x02e07640                        OPTION_SETTING_OTP_SACC01_START = 0x2e07640
                0x00000000                        OPTION_SETTING_OTP_SACC01_LENGTH = 0x0
                0x02e07650                        OPTION_SETTING_OTP_SACC11_START = 0x2e07650
                0x00000000                        OPTION_SETTING_OTP_SACC11_LENGTH = 0x0
                0x02e07660                        OPTION_SETTING_OTP_SACC02_START = 0x2e07660
                0x00000000                        OPTION_SETTING_OTP_SACC02_LENGTH = 0x0
                0x02e07670                        OPTION_SETTING_OTP_SACC12_START = 0x2e07670
                0x00000000                        OPTION_SETTING_OTP_SACC12_LENGTH = 0x0
                0x02e07680                        OPTION_SETTING_OTP_SACC03_START = 0x2e07680
                0x00000000                        OPTION_SETTING_OTP_SACC03_LENGTH = 0x0
                0x02e07690                        OPTION_SETTING_OTP_SACC13_START = 0x2e07690
                0x00000000                        OPTION_SETTING_OTP_SACC13_LENGTH = 0x0
                0x02e17700                        OPTION_SETTING_OTP_PBPS_SEC_START = 0x2e17700
                0x00000000                        OPTION_SETTING_OTP_PBPS_SEC_LENGTH = 0x0
                0x12e17780                        OPTION_SETTING_OTP_PBPS_START = 0x12e17780
                0x00000000                        OPTION_SETTING_OTP_PBPS_LENGTH = 0x0
                0x02e17920                        OPTION_SETTING_OTP_ZHUK_START = 0x2e17920
                0x00000000                        OPTION_SETTING_OTP_ZHUK_LENGTH = 0x0
                0x00000000                        CTCM_START = 0x0
                0x00010000                        CTCM_LENGTH = 0x10000
                0x20000000                        STCM_START = 0x20000000
                0x00010000                        STCM_LENGTH = 0x10000
                0x221c4000                        SHARED_RAM_START = 0x221c4000
                0x00010000                        SHARED_RAM_LENGTH = 0x10000
START GROUP
LOAD D:/Renesas/RA/e2studio_v2026-04.2_fsp_v6.5.0/toolchains/gcc_arm/13.2.rel1/bin/../lib/gcc/arm-none-eabi/13.2.1/thumb/v8-m.main+fp/hard\libgcc.a
LOAD D:/Renesas/RA/e2studio_v2026-04.2_fsp_v6.5.0/toolchains/gcc_arm/13.2.rel1/bin/../lib/gcc/arm-none-eabi/13.2.1/thumb/v8-m.main+fp/hard\libc.a
LOAD D:/Renesas/RA/e2studio_v2026-04.2_fsp_v6.5.0/toolchains/gcc_arm/13.2.rel1/bin/../lib/gcc/arm-none-eabi/13.2.1/thumb/v8-m.main+fp/hard\libm.a
END GROUP

.ospi0_cs1.startof
                0x98000000        0x0
                0x98000000                        __ddsc_OSPI0_CS1_START = .

.sdram.startof  0x6c000000        0x0
                0x6c000000                        __ddsc_SDRAM_START = .

__sdram_from_ospi0_cs1$$
                0x6c000000        0x0 load address 0x98000000
                0x6c000000                        __sdram_from_ospi0_cs1$$Base = .
                0x98000000                        __sdram_from_ospi0_cs1$$Load = LOADADDR (__sdram_from_ospi0_cs1$$)
 *(.sdram_from_ospi0_cs1)
 *(.sdram_code_from_ospi0_cs1)
                0x6c000000                        __sdram_from_ospi0_cs1$$Limit = .

.ospi0_cs0.startof
                0x88000000        0x0
                0x88000000                        __ddsc_OSPI0_CS0_START = .

__ospi0_cs0_from_ospi0_cs1$$
                0x88000000        0x0 load address 0x98000000
                0x88000000                        __ospi0_cs0_from_ospi0_cs1$$Base = .
                0x98000000                        __ospi0_cs0_from_ospi0_cs1$$Load = LOADADDR (__ospi0_cs0_from_ospi0_cs1$$)
 *(.ospi0_cs0_from_ospi0_cs1)
 *(.ospi0_cs0_code_from_ospi0_cs1)
                0x88000000                        __ospi0_cs0_from_ospi0_cs1$$Limit = .

.ospi1_cs0.startof
                0x74000000        0x0
                0x74000000                        __ddsc_OSPI1_CS0_START = .

__ospi1_cs0_from_ospi0_cs1$$
                0x74000000        0x0 load address 0x98000000
                0x74000000                        __ospi1_cs0_from_ospi0_cs1$$Base = .
                0x98000000                        __ospi1_cs0_from_ospi0_cs1$$Load = LOADADDR (__ospi1_cs0_from_ospi0_cs1$$)
 *(.ospi1_cs0_from_ospi0_cs1)
 *(.ospi1_cs0_code_from_ospi0_cs1)
                0x74000000                        __ospi1_cs0_from_ospi0_cs1$$Limit = .

.ctcm.startof   0x00000000        0x0
                0x00000000                        __ddsc_CTCM_START = .

__ctcm_from_ospi0_cs1$$
                0x00000000        0x0 load address 0x98000000
                0x00000000                        __ctcm_from_ospi0_cs1$$Base = .
                0x98000000                        __ctcm_from_ospi0_cs1$$Load = LOADADDR (__ctcm_from_ospi0_cs1$$)
 *(.ctcm_from_ospi0_cs1)
 *(.ctcm_code_from_ospi0_cs1)
                0x00000000                        __ctcm_from_ospi0_cs1$$Limit = .

.stcm.startof   0x20000000        0x0
                0x20000000                        __ddsc_STCM_START = .

__stcm_from_ospi0_cs1$$
                0x20000000        0x0 load address 0x98000000
                0x20000000                        __stcm_from_ospi0_cs1$$Base = .
                0x98000000                        __stcm_from_ospi0_cs1$$Load = LOADADDR (__stcm_from_ospi0_cs1$$)
 *(.stcm_from_ospi0_cs1)
 *(.stcm_code_from_ospi0_cs1)
                0x20000000                        __stcm_from_ospi0_cs1$$Limit = .

.ram.startof    0x220ea000        0x0
                0x220ea000                        __ddsc_RAM_START = .

__ram_dtc_vector$$
                0x220ea000        0x0
                0x220ea000                        __ram_dtc_vector$$Base = .
 *(.fsp_dtc_vector_table)
                0x220ea000                        __ram_dtc_vector$$Limit = .

__ram_from_ospi0_cs1$$
                0x220ea000        0x0 load address 0x98000000
                0x220ea000                        __ram_from_ospi0_cs1$$Base = .
                0x98000000                        __ram_from_ospi0_cs1$$Load = LOADADDR (__ram_from_ospi0_cs1$$)
 *(.ram_from_ospi0_cs1)
 *(.ram_code_from_ospi0_cs1)
                0x220ea000                        __ram_from_ospi0_cs1$$Limit = .

__ospi0_cs1_readonly$$
                0x98000000        0x0
                0x98000000                        __ospi0_cs1_readonly$$Base = .
 *(.ospi0_cs1)
 *(.ospi0_cs1_code)
                0x98000000                        __ospi0_cs1_readonly$$Limit = .

__ospi0_cs1_noinit$$
                0x98000000        0x0
                0x98000000                        __ospi0_cs1_noinit$$Base = .
 *(.ospi0_cs1_noinit)
                0x98000000                        __ospi0_cs1_noinit$$Limit = .

.ospi0_cs1.endof
                0x98000000        0x0
                0x98000000                        __ddsc_OSPI0_CS1_END = .

.ospi1_cs1.startof
                0x7c000000        0x0
                0x7c000000                        __ddsc_OSPI1_CS1_START = .

__sdram_from_ospi1_cs1$$
                0x6c000000        0x0 load address 0x7c000000
                0x6c000000                        __sdram_from_ospi1_cs1$$Base = .
                0x7c000000                        __sdram_from_ospi1_cs1$$Load = LOADADDR (__sdram_from_ospi1_cs1$$)
 *(.sdram_from_ospi1_cs1)
 *(.sdram_code_from_ospi1_cs1)
                0x6c000000                        __sdram_from_ospi1_cs1$$Limit = .

__ospi0_cs0_from_ospi1_cs1$$
                0x88000000        0x0 load address 0x7c000000
                0x88000000                        __ospi0_cs0_from_ospi1_cs1$$Base = .
                0x7c000000                        __ospi0_cs0_from_ospi1_cs1$$Load = LOADADDR (__ospi0_cs0_from_ospi1_cs1$$)
 *(.ospi0_cs0_from_ospi1_cs1)
 *(.ospi0_cs0_code_from_ospi1_cs1)
                0x88000000                        __ospi0_cs0_from_ospi1_cs1$$Limit = .

__ospi1_cs0_from_ospi1_cs1$$
                0x74000000        0x0 load address 0x7c000000
                0x74000000                        __ospi1_cs0_from_ospi1_cs1$$Base = .
                0x7c000000                        __ospi1_cs0_from_ospi1_cs1$$Load = LOADADDR (__ospi1_cs0_from_ospi1_cs1$$)
 *(.ospi1_cs0_from_ospi1_cs1)
 *(.ospi1_cs0_code_from_ospi1_cs1)
                0x74000000                        __ospi1_cs0_from_ospi1_cs1$$Limit = .

__ctcm_from_ospi1_cs1$$
                0x00000000        0x0 load address 0x7c000000
                0x00000000                        __ctcm_from_ospi1_cs1$$Base = .
                0x7c000000                        __ctcm_from_ospi1_cs1$$Load = LOADADDR (__ctcm_from_ospi1_cs1$$)
 *(.ctcm_from_ospi1_cs1)
 *(.ctcm_code_from_ospi1_cs1)
                0x00000000                        __ctcm_from_ospi1_cs1$$Limit = .

__stcm_from_ospi1_cs1$$
                0x20000000        0x0 load address 0x7c000000
                0x20000000                        __stcm_from_ospi1_cs1$$Base = .
                0x7c000000                        __stcm_from_ospi1_cs1$$Load = LOADADDR (__stcm_from_ospi1_cs1$$)
 *(.stcm_from_ospi1_cs1)
 *(.stcm_code_from_ospi1_cs1)
                0x20000000                        __stcm_from_ospi1_cs1$$Limit = .

__ram_from_ospi1_cs1$$
                0x220ea000        0x0 load address 0x7c000000
                0x220ea000                        __ram_from_ospi1_cs1$$Base = .
                0x7c000000                        __ram_from_ospi1_cs1$$Load = LOADADDR (__ram_from_ospi1_cs1$$)
 *(.ram_from_ospi1_cs1)
 *(.ram_code_from_ospi1_cs1)
                0x220ea000                        __ram_from_ospi1_cs1$$Limit = .

__ospi1_cs1_readonly$$
                0x7c000000        0x0
                0x7c000000                        __ospi1_cs1_readonly$$Base = .
 *(.ospi1_cs1)
 *(.ospi1_cs1_code)
                0x7c000000                        __ospi1_cs1_readonly$$Limit = .

__ospi1_cs1_noinit$$
                0x7c000000        0x0
                0x7c000000                        __ospi1_cs1_noinit$$Base = .
 *(.ospi1_cs1_noinit)
                0x7c000000                        __ospi1_cs1_noinit$$Limit = .

.ospi1_cs1.endof
                0x7c000000        0x0
                0x7c000000                        __ddsc_OSPI1_CS1_END = .

.data_flash.startof
                0x27000000        0x0
                0x27000000                        __ddsc_DATA_FLASH_START = .

__sdram_from_data_flash$$
                0x6c000000        0x0 load address 0x27000000
                0x6c000000                        __sdram_from_data_flash$$Base = .
                0x27000000                        __sdram_from_data_flash$$Load = LOADADDR (__sdram_from_data_flash$$)
 *(.sdram_from_data_flash)
 *(.sdram_code_from_data_flash)
                0x6c000000                        __sdram_from_data_flash$$Limit = .

__ospi0_cs0_from_data_flash$$
                0x88000000        0x0 load address 0x27000000
                0x88000000                        __ospi0_cs0_from_data_flash$$Base = .
                0x27000000                        __ospi0_cs0_from_data_flash$$Load = LOADADDR (__ospi0_cs0_from_data_flash$$)
 *(.ospi0_cs0_from_data_flash)
 *(.ospi0_cs0_code_from_data_flash)
                0x88000000                        __ospi0_cs0_from_data_flash$$Limit = .

__ospi1_cs0_from_data_flash$$
                0x74000000        0x0 load address 0x27000000
                0x74000000                        __ospi1_cs0_from_data_flash$$Base = .
                0x27000000                        __ospi1_cs0_from_data_flash$$Load = LOADADDR (__ospi1_cs0_from_data_flash$$)
 *(.ospi1_cs0_from_data_flash)
 *(.ospi1_cs0_code_from_data_flash)
                0x74000000                        __ospi1_cs0_from_data_flash$$Limit = .

__ctcm_from_data_flash$$
                0x00000000        0x0 load address 0x27000000
                0x00000000                        __ctcm_from_data_flash$$Base = .
                0x27000000                        __ctcm_from_data_flash$$Load = LOADADDR (__ctcm_from_data_flash$$)
 *(.ctcm_from_data_flash)
 *(.ctcm_code_from_data_flash)
                0x00000000                        __ctcm_from_data_flash$$Limit = .

__stcm_from_data_flash$$
                0x20000000        0x0 load address 0x27000000
                0x20000000                        __stcm_from_data_flash$$Base = .
                0x27000000                        __stcm_from_data_flash$$Load = LOADADDR (__stcm_from_data_flash$$)
 *(.stcm_from_data_flash)
 *(.stcm_code_from_data_flash)
                0x20000000                        __stcm_from_data_flash$$Limit = .

__ram_from_data_flash$$
                0x220ea000        0x0 load address 0x27000000
                0x220ea000                        __ram_from_data_flash$$Base = .
                0x27000000                        __ram_from_data_flash$$Load = LOADADDR (__ram_from_data_flash$$)
 *(.ram_from_data_flash)
 *(.ram_code_from_data_flash)
                0x220ea000                        __ram_from_data_flash$$Limit = .

__data_flash_readonly$$
                0x27000000        0x0
                0x27000000                        __data_flash_readonly$$Base = .
 *(.data_flash)
 *(.data_flash_code)
                0x27000000                        __data_flash_readonly$$Limit = .

__data_flash_noinit$$
                0x27000000        0x0
                0x27000000                        __data_flash_noinit$$Base = .
 *(.data_flash_noinit)
                0x27000000                        __data_flash_noinit$$Limit = .

.data_flash.endof
                0x27000000        0x0
                0x27000000                        __ddsc_DATA_FLASH_END = .

.flash.startof  0x02080000        0x0
                0x02080000                        __ddsc_FLASH_START = .

__flash_vectors$$
                0x02080000       0x78
                0x02080000                        __flash_vectors$$Base = .
                0x02080000                        _VECTORS = .
 *(.fixed_vectors)
 .fixed_vectors
                0x02080000       0x40 ./ra/fsp/src/bsp/cmsis/Device/RENESAS/Source/startup.o
                0x02080000                __Vectors
 *(.application_vectors)
 .application_vectors
                0x02080040       0x38 ./ra_gen/vector_data.o
                0x02080040                g_vector_table
                0x02080078                        __flash_vectors$$Limit = .

__flash_noinit$$
                0x02080078        0x0
                0x02080078                        __flash_noinit$$Base = .
 *(.flash_noinit)
                0x02080078                        __flash_noinit$$Limit = .

__sdram_from_flash$$
                0x6c000000        0x0 load address 0x02080078
                0x6c000000                        __sdram_from_flash$$Base = .
                0x02080078                        __sdram_from_flash$$Load = LOADADDR (__sdram_from_flash$$)
 *(.sdram_from_flash)
 *(.sdram_code_from_flash)
                0x6c000000                        __sdram_from_flash$$Limit = .

__sdram_noinit_nocache$$
                0x6c000000        0x0 load address 0x02080080
                0x6c000000                        __sdram_noinit_nocache$$Base = .
 *(.sdram_noinit_nocache)
                0x6c000000                        __sdram_noinit_nocache$$Limit = .

__sdram_zero_nocache$$
                0x6c000000        0x0 load address 0x02080078
                0x6c000000                        __sdram_zero_nocache$$Base = .
 *(.sdram_nocache)
                0x6c000000                        . = ALIGN (0x20)
                0x6c000000                        __sdram_zero_nocache$$Limit = .

__sdram_noinit$$
                0x6c000000        0x0 load address 0x02080078
                0x6c000000                        __sdram_noinit$$Base = .
 *(.sdram_noinit)
                0x6c000000                        __sdram_noinit$$Limit = .

__sdram_zero$$  0x6c000000        0x0 load address 0x02080078
                0x6c000000                        __sdram_zero$$Base = .
 *(.sdram)
                0x6c000000                        __sdram_zero$$Limit = .

.sdram.endof    0x6c000000        0x0
                0x6c000000                        __ddsc_SDRAM_END = .

__ospi0_cs0_from_flash$$
                0x88000000        0x0 load address 0x02080078
                0x88000000                        __ospi0_cs0_from_flash$$Base = .
                0x02080078                        __ospi0_cs0_from_flash$$Load = LOADADDR (__ospi0_cs0_from_flash$$)
 *(.ospi0_cs0_from_flash)
 *(.ospi0_cs0_code_from_flash)
                0x88000000                        __ospi0_cs0_from_flash$$Limit = .

__ospi0_cs0_noinit_nocache$$
                0x88000000        0x0 load address 0x02080080
                0x88000000                        __ospi0_cs0_noinit_nocache$$Base = .
 *(.ospi0_cs0_noinit_nocache)
                0x88000000                        __ospi0_cs0_noinit_nocache$$Limit = .

__ospi0_cs0_zero_nocache$$
                0x88000000        0x0 load address 0x02080078
                0x88000000                        __ospi0_cs0_zero_nocache$$Base = .
 *(.ospi0_cs0_nocache)
                0x88000000                        . = ALIGN (0x20)
                0x88000000                        __ospi0_cs0_zero_nocache$$Limit = .

__ospi0_cs0_noinit$$
                0x88000000        0x0 load address 0x02080078
                0x88000000                        __ospi0_cs0_noinit$$Base = .
 *(.ospi0_cs0_noinit)
                0x88000000                        __ospi0_cs0_noinit$$Limit = .

__ospi0_cs0_zero$$
                0x88000000        0x0 load address 0x02080078
                0x88000000                        __ospi0_cs0_zero$$Base = .
 *(.ospi0_cs0)
                0x88000000                        __ospi0_cs0_zero$$Limit = .

.ospi0_cs0.endof
                0x88000000        0x0
                0x88000000                        __ddsc_OSPI0_CS0_END = .

__ospi1_cs0_from_flash$$
                0x74000000        0x0 load address 0x02080078
                0x74000000                        __ospi1_cs0_from_flash$$Base = .
                0x02080078                        __ospi1_cs0_from_flash$$Load = LOADADDR (__ospi1_cs0_from_flash$$)
 *(.ospi1_cs0_from_flash)
 *(.ospi1_cs0_code_from_flash)
                0x74000000                        __ospi1_cs0_from_flash$$Limit = .

__ospi1_cs0_noinit_nocache$$
                0x74000000        0x0 load address 0x02080080
                0x74000000                        __ospi1_cs0_noinit_nocache$$Base = .
 *(.ospi1_cs0_noinit_nocache)
                0x74000000                        __ospi1_cs0_noinit_nocache$$Limit = .

__ospi1_cs0_zero_nocache$$
                0x74000000        0x0 load address 0x02080078
                0x74000000                        __ospi1_cs0_zero_nocache$$Base = .
 *(.ospi1_cs0_nocache)
                0x74000000                        . = ALIGN (0x20)
                0x74000000                        __ospi1_cs0_zero_nocache$$Limit = .

__ospi1_cs0_noinit$$
                0x74000000        0x0 load address 0x02080078
                0x74000000                        __ospi1_cs0_noinit$$Base = .
 *(.ospi1_cs0_noinit)
                0x74000000                        __ospi1_cs0_noinit$$Limit = .

__ospi1_cs0_zero$$
                0x74000000        0x0 load address 0x02080078
                0x74000000                        __ospi1_cs0_zero$$Base = .
 *(.ospi1_cs0)
                0x74000000                        __ospi1_cs0_zero$$Limit = .

.ospi1_cs0.endof
                0x74000000        0x0
                0x74000000                        __ddsc_OSPI1_CS0_END = .

__ctcm_from_flash$$
                0x00000000        0x0 load address 0x02080078
                0x00000000                        __ctcm_from_flash$$Base = .
                0x02080078                        __ctcm_from_flash$$Load = LOADADDR (__ctcm_from_flash$$)
 *(.ctcm_from_flash)
 *(.ctcm_code_from_flash)
                0x00000000                        __ctcm_from_flash$$Limit = .

__ctcm_noinit$$
                0x00000000        0x0 load address 0x02080078
                0x00000000                        __ctcm_noinit$$Base = .
 *(.ctcm_noinit)
                0x00000000                        __ctcm_noinit$$Limit = .

__ctcm_zero$$   0x00000000        0x0 load address 0x02080078
                0x00000000                        __ctcm_zero$$Base = .
 *(.ctcm)
                0x00000000                        __ctcm_zero$$Limit = .

.ctcm.endof     0x00000000        0x0
                0x00000000                        __ddsc_CTCM_END = .

__stcm_from_flash$$
                0x20000000        0x0 load address 0x02080078
                0x20000000                        __stcm_from_flash$$Base = .
                0x02080078                        __stcm_from_flash$$Load = LOADADDR (__stcm_from_flash$$)
 *(.stcm_from_flash)
 *(.stcm_code_from_flash)
                0x20000000                        __stcm_from_flash$$Limit = .

__stcm_noinit$$
                0x20000000        0x0 load address 0x02080078
                0x20000000                        __stcm_noinit$$Base = .
 *(.stcm_noinit)
                0x20000000                        __stcm_noinit$$Limit = .

__stcm_zero$$   0x20000000        0x0 load address 0x02080078
                0x20000000                        __stcm_zero$$Base = .
 *(.stcm)
                0x20000000                        __stcm_zero$$Limit = .

.stcm.endof     0x20000000        0x0
                0x20000000                        __ddsc_STCM_END = .

__ram_from_flash$$
                0x220ea000      0x1d8 load address 0x02080078
                0x220ea000                        __ram_from_flash$$Base = .
                0x02080078                        __ram_from_flash$$Load = LOADADDR (__ram_from_flash$$)
 *(.ram_from_flash)
 *(.ram_code_from_flash)
 *(.data*)
 .data.__dso_handle
                0x220ea000        0x4 D:/Renesas/RA/e2studio_v2026-04.2_fsp_v6.5.0/toolchains/gcc_arm/13.2.rel1/bin/../lib/gcc/arm-none-eabi/13.2.1/thumb/v8-m.main+fp/hard/crtbegin.o
                0x220ea000                __dso_handle
 .data._ZN7Gripper7_txDoneE
                0x220ea004        0x1 ./src/app/gripper/gripper.o
                0x220ea004                Gripper::_txDone
 .data._ZN12ElegantDebug7_txDoneE
                0x220ea005        0x1 ./src/app/ElegantDebug.o
                0x220ea005                ElegantDebug::_txDone
 *fill*         0x220ea006        0x2 
 .data.g_uart1_baud_setting
                0x220ea008        0x4 ./ra_gen/hal_data.o
                0x220ea008                g_uart1_baud_setting
 .data.g_uart5_baud_setting
                0x220ea00c        0x4 ./ra_gen/hal_data.o
                0x220ea00c                g_uart5_baud_setting
 .data.g_uart8_baud_setting
                0x220ea010        0x4 ./ra_gen/hal_data.o
                0x220ea010                g_uart8_baud_setting
 .data._ZN10__cxxabiv120__unexpected_handlerE
                0x220ea014        0x4 D:/Renesas/RA/e2studio_v2026-04.2_fsp_v6.5.0/toolchains/gcc_arm/13.2.rel1/bin/../lib/gcc/arm-none-eabi/13.2.1/thumb/v8-m.main+fp/hard\libstdc++_nano.a(eh_unex_handler.o)
                0x220ea014                __cxxabiv1::__unexpected_handler
 .data._ZN10__cxxabiv119__terminate_handlerE
                0x220ea018        0x4 D:/Renesas/RA/e2studio_v2026-04.2_fsp_v6.5.0/toolchains/gcc_arm/13.2.rel1/bin/../lib/gcc/arm-none-eabi/13.2.1/thumb/v8-m.main+fp/hard\libstdc++_nano.a(eh_term_handler.o)
                0x220ea018                __cxxabiv1::__terminate_handler
 .data._impure_ptr
                0x220ea01c        0x4 D:/Renesas/RA/e2studio_v2026-04.2_fsp_v6.5.0/toolchains/gcc_arm/13.2.rel1/bin/../lib/gcc/arm-none-eabi/13.2.1/thumb/v8-m.main+fp/hard\libg_nano.a(libc_a-impure.o)
                0x220ea01c                _impure_ptr
 .data._impure_data
                0x220ea020       0x4c D:/Renesas/RA/e2studio_v2026-04.2_fsp_v6.5.0/toolchains/gcc_arm/13.2.rel1/bin/../lib/gcc/arm-none-eabi/13.2.1/thumb/v8-m.main+fp/hard\libg_nano.a(libc_a-impure.o)
                0x220ea020                _impure_data
 .data.__global_locale
                0x220ea06c      0x16c D:/Renesas/RA/e2studio_v2026-04.2_fsp_v6.5.0/toolchains/gcc_arm/13.2.rel1/bin/../lib/gcc/arm-none-eabi/13.2.1/thumb/v8-m.main+fp/hard\libg_nano.a(libc_a-locale.o)
                0x220ea06c                __global_locale
 *(vtable)
                0x220ea1d8                        __ram_from_flash$$Limit = .

.tm_clone_table
                0x220ea1d8        0x0 load address 0x02080250
 .tm_clone_table
                0x220ea1d8        0x0 D:/Renesas/RA/e2studio_v2026-04.2_fsp_v6.5.0/toolchains/gcc_arm/13.2.rel1/bin/../lib/gcc/arm-none-eabi/13.2.1/thumb/v8-m.main+fp/hard/crtbegin.o
 .tm_clone_table
                0x220ea1d8        0x0 D:/Renesas/RA/e2studio_v2026-04.2_fsp_v6.5.0/toolchains/gcc_arm/13.2.rel1/bin/../lib/gcc/arm-none-eabi/13.2.1/thumb/v8-m.main+fp/hard/crtend.o

.igot.plt       0x220ea1d8        0x0 load address 0x02080250
 .igot.plt      0x220ea1d8        0x0 D:/Renesas/RA/e2studio_v2026-04.2_fsp_v6.5.0/toolchains/gcc_arm/13.2.rel1/bin/../lib/gcc/arm-none-eabi/13.2.1/thumb/v8-m.main+fp/hard/crtbegin.o

__ram_noinit_nocache$$
                0x220ea1e0        0x0 load address 0x02080260
                0x220ea1e0                        __ram_noinit_nocache$$Base = .
 *(.ram_noinit_nocache)
                0x220ea1e0                        __ram_noinit_nocache$$Limit = .

__ram_zero_nocache$$
                0x220ea1d8        0x8 load address 0x02080250
                0x220ea1d8                        __ram_zero_nocache$$Base = .
 *(.bss.*_fsp_nocache)
 *(.ram_nocache)
                0x220ea1e0                        . = ALIGN (0x20)
 *fill*         0x220ea1d8        0x8 
                0x220ea1e0                        __ram_zero_nocache$$Limit = .

__ram_noinit$$  0x220ea1e0    0x2002c load address 0x02080250
                0x220ea1e0                        __ram_noinit$$Base = .
 *(.bss.g_heap)
 .bss.g_heap    0x220ea1e0    0x10000 ./ra/fsp/src/bsp/cmsis/Device/RENESAS/Source/startup.o
                0x220ea1e0                g_heap
 *(.bss.g_main_stack)
 .bss.g_main_stack
                0x220fa1e0    0x10000 ./ra/fsp/src/bsp/cmsis/Device/RENESAS/Source/startup.o
                0x220fa1e0                g_main_stack
 *(.ram_noinit)
 .ram_noinit    0x2210a1e0       0x2c ./ra/fsp/src/bsp/mcu/all/bsp_clocks.o
 *(.noinit)
                0x2210a20c                        __ram_noinit$$Limit = .

__ram_zero$$    0x2210a20c      0x435 load address 0x02080250
                0x2210a20c                        __ram_zero$$Base = .
 *(.ram)
 *(.bss*)
 .bss.completed.1
                0x2210a20c        0x1 D:/Renesas/RA/e2studio_v2026-04.2_fsp_v6.5.0/toolchains/gcc_arm/13.2.rel1/bin/../lib/gcc/arm-none-eabi/13.2.1/thumb/v8-m.main+fp/hard/crtbegin.o
 *fill*         0x2210a20d        0x3 
 .bss.object.0  0x2210a210       0x18 D:/Renesas/RA/e2studio_v2026-04.2_fsp_v6.5.0/toolchains/gcc_arm/13.2.rel1/bin/../lib/gcc/arm-none-eabi/13.2.1/thumb/v8-m.main+fp/hard/crtbegin.o
 .bss._ZN3IPC14_ctrlPacketRdyE
                0x2210a228        0x1 ./src/app/ipc/ipc.o
                0x2210a228                IPC::_ctrlPacketRdy
 *fill*         0x2210a229        0x3 
 .bss._ZN7Gripper6_txBufE
                0x2210a22c       0x40 ./src/app/gripper/gripper.o
                0x2210a22c                Gripper::_txBuf
 .bss._ZN7Gripper8_rxCountE
                0x2210a26c        0x1 ./src/app/gripper/gripper.o
                0x2210a26c                Gripper::_rxCount
 .bss._ZN7Gripper7_rxHeadE
                0x2210a26d        0x1 ./src/app/gripper/gripper.o
                0x2210a26d                Gripper::_rxHead
 *fill*         0x2210a26e        0x2 
 .bss._ZN7Gripper6_rxBufE
                0x2210a270       0x40 ./src/app/gripper/gripper.o
                0x2210a270                Gripper::_rxBuf
 .bss.g_emm_uart_rx_buffer
                0x2210a2b0        0x4 ./src/app/drivers/Emm_V5.o
 .bss.g_emm_uart_tx_buffer
                0x2210a2b4       0x11 ./src/app/drivers/Emm_V5.o
 .bss.g_emm_at_response_state
                0x2210a2c5        0x1 ./src/app/drivers/Emm_V5.o
 .bss.g_emm_uart_rx_active
                0x2210a2c6        0x1 ./src/app/drivers/Emm_V5.o
 .bss.g_emm_at_mode_ready
                0x2210a2c7        0x1 ./src/app/drivers/Emm_V5.o
 .bss.g_emm_at_waiting_for_ok
                0x2210a2c8        0x1 ./src/app/drivers/Emm_V5.o
 .bss.g_emm_uart_tx_busy
                0x2210a2c9        0x1 ./src/app/drivers/Emm_V5.o
 *fill*         0x2210a2ca        0x2 
 .bss._debug_tick_ms
                0x2210a2cc        0x4 ./src/app/ElegantDebug.o
                0x2210a2cc                _debug_tick_ms
 .bss.arm       0x2210a2d0       0x18 ./src/cpp_main.o
                0x2210a2d0                arm
 .bss.J6_Wrist_Swing
                0x2210a2e8       0x14 ./src/cpp_main.o
                0x2210a2e8                J6_Wrist_Swing
 .bss.J5_Forearm_Rot
                0x2210a2fc       0x14 ./src/cpp_main.o
                0x2210a2fc                J5_Forearm_Rot
 .bss.J4_Forearm_Swing
                0x2210a310       0x14 ./src/cpp_main.o
                0x2210a310                J4_Forearm_Swing
 .bss.J3_Upper_Rot
                0x2210a324       0x14 ./src/cpp_main.o
                0x2210a324                J3_Upper_Rot
 .bss.J2_Upper_Abduction
                0x2210a338       0x14 ./src/cpp_main.o
                0x2210a338                J2_Upper_Abduction
 .bss.J1_Upper_Swing
                0x2210a34c       0x14 ./src/cpp_main.o
                0x2210a34c                J1_Upper_Swing
 .bss.dbg       0x2210a360        0x8 ./src/cpp_main.o
                0x2210a360                dbg
 .bss.gripper   0x2210a368       0x10 ./src/cpp_main.o
                0x2210a368                gripper
 .bss.ipc       0x2210a378       0x14 ./src/cpp_main.o
                0x2210a378                ipc
 .bss.g_ioport_ctrl
                0x2210a38c        0x8 ./ra_gen/common_data.o
                0x2210a38c                g_ioport_ctrl
 .bss.g_ipc0_ctrl
                0x2210a394       0x1c ./ra_gen/hal_data.o
                0x2210a394                g_ipc0_ctrl
 .bss.g_uart1_ctrl
                0x2210a3b0       0x34 ./ra_gen/hal_data.o
                0x2210a3b0                g_uart1_ctrl
 .bss.g_uart5_ctrl
                0x2210a3e4       0x34 ./ra_gen/hal_data.o
                0x2210a3e4                g_uart5_ctrl
 .bss.g_uart8_ctrl
                0x2210a418       0x34 ./ra_gen/hal_data.o
                0x2210a418                g_uart8_ctrl
 .bss.g_bsp_group_irq_sources
                0x2210a44c       0x54 ./ra/fsp/src/bsp/mcu/all/bsp_group_irq.o
                0x2210a44c                g_bsp_group_irq_sources
 .bss.g_protect_pfswe_counter
                0x2210a4a0        0x4 ./ra/fsp/src/bsp/mcu/all/bsp_io.o
                0x2210a4a0                g_protect_pfswe_counter
 .bss.gp_renesas_isr_context
                0x2210a4a4       0x38 ./ra/fsp/src/bsp/mcu/all/bsp_irq.o
                0x2210a4a4                gp_renesas_isr_context
 .bss.g_protect_counters
                0x2210a4dc        0xa ./ra/fsp/src/bsp/mcu/all/bsp_register_protection.o
                0x2210a4dc                g_protect_counters
 *fill*         0x2210a4e6        0x2 
 .bss.current_block_offset.0
                0x2210a4e8        0x4 ./ra/fsp/src/bsp/mcu/all/bsp_sbrk.o
 .bss.SystemCoreClock
                0x2210a4ec        0x4 ./ra/fsp/src/bsp/cmsis/Device/RENESAS/Source/system.o
                0x2210a4ec                SystemCoreClock
 .bss._ZN12_GLOBAL__N_110eh_globalsE
                0x2210a4f0        0xc D:/Renesas/RA/e2studio_v2026-04.2_fsp_v6.5.0/toolchains/gcc_arm/13.2.rel1/bin/../lib/gcc/arm-none-eabi/13.2.1/thumb/v8-m.main+fp/hard\libstdc++_nano.a(eh_globals.o)
 .bss.__malloc_sbrk_start
                0x2210a4fc        0x4 D:/Renesas/RA/e2studio_v2026-04.2_fsp_v6.5.0/toolchains/gcc_arm/13.2.rel1/bin/../lib/gcc/arm-none-eabi/13.2.1/thumb/v8-m.main+fp/hard\libg_nano.a(libc_a-mallocr.o)
                0x2210a4fc                __malloc_sbrk_start
 .bss.__malloc_free_list
                0x2210a500        0x4 D:/Renesas/RA/e2studio_v2026-04.2_fsp_v6.5.0/toolchains/gcc_arm/13.2.rel1/bin/../lib/gcc/arm-none-eabi/13.2.1/thumb/v8-m.main+fp/hard\libg_nano.a(libc_a-mallocr.o)
                0x2210a500                __malloc_free_list
 .bss.__sf      0x2210a504      0x138 D:/Renesas/RA/e2studio_v2026-04.2_fsp_v6.5.0/toolchains/gcc_arm/13.2.rel1/bin/../lib/gcc/arm-none-eabi/13.2.1/thumb/v8-m.main+fp/hard\libg_nano.a(libc_a-findfp.o)
                0x2210a504                __sf
 .bss.errno     0x2210a63c        0x4 D:/Renesas/RA/e2studio_v2026-04.2_fsp_v6.5.0/toolchains/gcc_arm/13.2.rel1/bin/../lib/gcc/arm-none-eabi/13.2.1/thumb/v8-m.main+fp/hard\libg_nano.a(libc_a-reent.o)
                0x2210a63c                errno
 .bss.__lock___malloc_recursive_mutex
                0x2210a640        0x1 D:/Renesas/RA/e2studio_v2026-04.2_fsp_v6.5.0/toolchains/gcc_arm/13.2.rel1/bin/../lib/gcc/arm-none-eabi/13.2.1/thumb/v8-m.main+fp/hard\libg_nano.a(libc_a-lock.o)
                0x2210a640                __lock___malloc_recursive_mutex
                0x2210a641                        __ram_zero$$Limit = .

__ram_thread_stack$$
                0x2210a648        0x0 load address 0x02080250
                0x2210a648                        __ram_thread_stack$$Base = .
 *(.stack?*)
                0x2210a648                        __ram_thread_stack$$Limit = .

.ram.endof      0x2210a800        0x0
                0x2210a800                        __ddsc_RAM_END = .

.ram.flat_nsc   0x2210a800        0x0
                0x2210a800                        __ddsc_RAM_NSC = .

__flash_readonly$$
                0x02080250     0x8b5c
                0x02080250                        __flash_readonly$$Base = .
 *(.flash)
 *(.flash_code)
 *(.text*)
 .text.deregister_tm_clones
                0x02080250       0x1c D:/Renesas/RA/e2studio_v2026-04.2_fsp_v6.5.0/toolchains/gcc_arm/13.2.rel1/bin/../lib/gcc/arm-none-eabi/13.2.1/thumb/v8-m.main+fp/hard/crtbegin.o
 .text.register_tm_clones
                0x0208026c       0x28 D:/Renesas/RA/e2studio_v2026-04.2_fsp_v6.5.0/toolchains/gcc_arm/13.2.rel1/bin/../lib/gcc/arm-none-eabi/13.2.1/thumb/v8-m.main+fp/hard/crtbegin.o
 .text.__do_global_dtors_aux
                0x02080294       0x28 D:/Renesas/RA/e2studio_v2026-04.2_fsp_v6.5.0/toolchains/gcc_arm/13.2.rel1/bin/../lib/gcc/arm-none-eabi/13.2.1/thumb/v8-m.main+fp/hard/crtbegin.o
 .text.frame_dummy
                0x020802bc       0x24 D:/Renesas/RA/e2studio_v2026-04.2_fsp_v6.5.0/toolchains/gcc_arm/13.2.rel1/bin/../lib/gcc/arm-none-eabi/13.2.1/thumb/v8-m.main+fp/hard/crtbegin.o
 .text._ZN3IPC11onCtrlReadyEv
                0x020802e0        0xc ./src/app/ipc/ipc.o
                0x020802e0                IPC::onCtrlReady()
 .text._ZN3IPC4initEv
                0x020802ec       0x28 ./src/app/ipc/ipc.o
                0x020802ec                IPC::init()
 .text._ZN3IPC13getCtrlPacketER9ArmTargetR10GripTarget
                0x02080314       0x78 ./src/app/ipc/ipc.o
                0x02080314                IPC::getCtrlPacket(ArmTarget&, GripTarget&)
 .text._ZN3IPC12sendFeedbackEPKfbb
                0x0208038c       0x68 ./src/app/ipc/ipc.o
                0x0208038c                IPC::sendFeedback(float const*, bool, bool)
 .text._ZN7GripperC2Eh
                0x020803f4       0x20 ./src/app/gripper/gripper.o
                0x020803f4                Gripper::Gripper(unsigned char)
                0x020803f4                Gripper::Gripper(unsigned char)
 .text._ZN7Gripper12uartCallbackEP20st_uart_callback_arg
                0x02080414       0x54 ./src/app/gripper/gripper.o
                0x02080414                Gripper::uartCallback(st_uart_callback_arg*)
 .text._ZN7Gripper8_sendCmdEPKcz
                0x02080468       0x6c ./src/app/gripper/gripper.o
                0x02080468                Gripper::_sendCmd(char const*, ...)
 .text._ZN7Gripper4initEv
                0x020804d4       0x44 ./src/app/gripper/gripper.o
                0x020804d4                Gripper::init()
 .text._ZN7Gripper8setRatioEf
                0x02080518       0x7c ./src/app/gripper/gripper.o
                0x02080518                Gripper::setRatio(float)
 .text._ZN7Gripper8getAngleEv
                0x02080594      0x11c ./src/app/gripper/gripper.o
                0x02080594                Gripper::getAngle()
 .text.Emm_V5_UartWrite.part.0
                0x020806b0       0x64 ./src/app/drivers/Emm_V5.o
 .text.Emm_V5_Send.part.0.isra.0
                0x02080714       0xfc ./src/app/drivers/Emm_V5.o
 .text.Emm_V5_Init
                0x02080810      0x10c ./src/app/drivers/Emm_V5.o
                0x02080810                Emm_V5_Init
 .text.Emm_V5_UartCallback
                0x0208091c       0xcc ./src/app/drivers/Emm_V5.o
                0x0208091c                Emm_V5_UartCallback
 .text.Emm_V5_Modify_Ctrl_Mode
                0x020809e8       0x40 ./src/app/drivers/Emm_V5.o
                0x020809e8                Emm_V5_Modify_Ctrl_Mode
 .text.Emm_V5_En_Control
                0x02080a28       0x40 ./src/app/drivers/Emm_V5.o
                0x02080a28                Emm_V5_En_Control
 .text.Emm_V5_Pos_Control
                0x02080a68       0x5c ./src/app/drivers/Emm_V5.o
                0x02080a68                Emm_V5_Pos_Control
 .text._ZN3ArmC2ER5MotorS1_S1_S1_S1_S1_
                0x02080ac4       0x14 ./src/app/arm/arm.o
                0x02080ac4                Arm::Arm(Motor&, Motor&, Motor&, Motor&, Motor&, Motor&)
                0x02080ac4                Arm::Arm(Motor&, Motor&, Motor&, Motor&, Motor&, Motor&)
 .text._ZN3Arm4initEv
                0x02080ad8       0x4c ./src/app/arm/arm.o
                0x02080ad8                Arm::init()
 .text._ZN3Arm9setAnglesEPKf
                0x02080b24       0x48 ./src/app/arm/arm.o
                0x02080b24                Arm::setAngles(float const*)
 .text._ZN3Arm11getFeedbackEPfS0_
                0x02080b6c        0x4 ./src/app/arm/arm.o
                0x02080b6c                Arm::getFeedback(float*, float*)
 .text._ZN5Motor12uartCallbackEP20st_uart_callback_arg
                0x02080b70        0x4 ./src/app/arm/motor.o
                0x02080b70                Motor::uartCallback(st_uart_callback_arg*)
 .text._ZN5MotorC2Ehfftht
                0x02080b74       0x1c ./src/app/arm/motor.o
                0x02080b74                Motor::Motor(unsigned char, float, float, unsigned short, unsigned char, unsigned short)
                0x02080b74                Motor::Motor(unsigned char, float, float, unsigned short, unsigned char, unsigned short)
 .text._ZN5Motor4initEv
                0x02080b90       0x1c ./src/app/arm/motor.o
                0x02080b90                Motor::init()
 .text._ZN5Motor8setAngleEf
                0x02080bac       0x7c ./src/app/arm/motor.o
                0x02080bac                Motor::setAngle(float)
 .text._ZN12ElegantDebugC2EPK16st_uart_instancebb
                0x02080c28        0x8 ./src/app/ElegantDebug.o
                0x02080c28                ElegantDebug::ElegantDebug(st_uart_instance const*, bool, bool)
                0x02080c28                ElegantDebug::ElegantDebug(st_uart_instance const*, bool, bool)
 .text._ZN12ElegantDebugD2Ev
                0x02080c30       0x10 ./src/app/ElegantDebug.o
                0x02080c30                ElegantDebug::~ElegantDebug()
                0x02080c30                ElegantDebug::~ElegantDebug()
 .text._ZN12ElegantDebug5_sendEPKc
                0x02080c40       0xc8 ./src/app/ElegantDebug.o
                0x02080c40                ElegantDebug::_send(char const*)
 .text._ZN12ElegantDebug11logWithTypeEPKcS1_S1_z
                0x02080d08       0x4c ./src/app/ElegantDebug.o
                0x02080d08                ElegantDebug::logWithType(char const*, char const*, char const*, ...)
 .text._ZN12ElegantDebug4infoEPKcz
                0x02080d54       0x5c ./src/app/ElegantDebug.o
                0x02080d54                ElegantDebug::info(char const*, ...)
 .text.IPC0_Callback
                0x02080db0       0x14 ./src/cpp_main.o
                0x02080db0                IPC0_Callback
 .text.UART1_Callback
                0x02080dc4        0x4 ./src/cpp_main.o
                0x02080dc4                UART1_Callback
 .text.UART5_Callback
                0x02080dc8        0x4 ./src/cpp_main.o
                0x02080dc8                UART5_Callback
 .text.UART8_Callback
                0x02080dcc       0x14 ./src/cpp_main.o
                0x02080dcc                UART8_Callback
 .text.cpp_main
                0x02080de0      0x154 ./src/cpp_main.o
                0x02080de0                cpp_main
 .text.startup._GLOBAL__sub_I_ipc
                0x02080f34      0x138 ./src/cpp_main.o
 .text.hal_entry
                0x0208106c        0x4 ./src/hal_entry.o
                0x0208106c                hal_entry
 .text.R_BSP_WarmStart
                0x02081070       0x18 ./src/hal_warmstart.o
                0x02081070                R_BSP_WarmStart
 .text.startup.main
                0x02081088        0xc ./ra_gen/main.o
                0x02081088                main
 .text.R_SCI_B_UART_Read
                0x02081094        0xc ./ra/fsp/src/r_sci_b_uart/r_sci_b_uart.o
                0x02081094                R_SCI_B_UART_Read
 .text.R_SCI_B_UART_Write
                0x020810a0       0x40 ./ra/fsp/src/r_sci_b_uart/r_sci_b_uart.o
                0x020810a0                R_SCI_B_UART_Write
 .text.R_SCI_B_UART_CallbackSet
                0x020810e0       0x10 ./ra/fsp/src/r_sci_b_uart/r_sci_b_uart.o
                0x020810e0                R_SCI_B_UART_CallbackSet
 .text.R_SCI_B_UART_InfoGet
                0x020810f0        0xc ./ra/fsp/src/r_sci_b_uart/r_sci_b_uart.o
                0x020810f0                R_SCI_B_UART_InfoGet
 .text.R_SCI_B_UART_Abort
                0x020810fc       0x48 ./ra/fsp/src/r_sci_b_uart/r_sci_b_uart.o
                0x020810fc                R_SCI_B_UART_Abort
 .text.R_SCI_B_UART_ReadStop
                0x02081144       0x14 ./ra/fsp/src/r_sci_b_uart/r_sci_b_uart.o
                0x02081144                R_SCI_B_UART_ReadStop
 .text.R_SCI_B_UART_ReceiveSuspend
                0x02081158        0x4 ./ra/fsp/src/r_sci_b_uart/r_sci_b_uart.o
                0x02081158                R_SCI_B_UART_ReceiveSuspend
 .text.r_sci_b_uart_call_callback
                0x0208115c       0x44 ./ra/fsp/src/r_sci_b_uart/r_sci_b_uart.o
 .text.R_SCI_B_UART_Close
                0x020811a0       0xf0 ./ra/fsp/src/r_sci_b_uart/r_sci_b_uart.o
                0x020811a0                R_SCI_B_UART_Close
 .text.r_sci_b_uart_synchronization_delay_cfg.constprop.0
                0x02081290       0x7c ./ra/fsp/src/r_sci_b_uart/r_sci_b_uart.o
 .text.R_SCI_B_UART_BaudSet
                0x0208130c       0x30 ./ra/fsp/src/r_sci_b_uart/r_sci_b_uart.o
                0x0208130c                R_SCI_B_UART_BaudSet
 .text.R_SCI_B_UART_ReceiveResume
                0x0208133c        0x4 ./ra/fsp/src/r_sci_b_uart/r_sci_b_uart.o
                0x0208133c                R_SCI_B_UART_ReceiveResume
 .text.R_SCI_B_UART_Open
                0x02081340      0x398 ./ra/fsp/src/r_sci_b_uart/r_sci_b_uart.o
                0x02081340                R_SCI_B_UART_Open
 .text.sci_b_uart_txi_isr
                0x020816d8       0xa8 ./ra/fsp/src/r_sci_b_uart/r_sci_b_uart.o
                0x020816d8                sci_b_uart_txi_isr
 .text.sci_b_uart_rxi_isr
                0x02081780       0x90 ./ra/fsp/src/r_sci_b_uart/r_sci_b_uart.o
                0x02081780                sci_b_uart_rxi_isr
 .text.sci_b_uart_tei_isr
                0x02081810       0x4c ./ra/fsp/src/r_sci_b_uart/r_sci_b_uart.o
                0x02081810                sci_b_uart_tei_isr
 .text.sci_b_uart_eri_isr
                0x0208185c       0x84 ./ra/fsp/src/r_sci_b_uart/r_sci_b_uart.o
                0x0208185c                sci_b_uart_eri_isr
 .text.R_IPC_Open
                0x020818e0       0x9c ./ra/fsp/src/r_ipc/r_ipc.o
                0x020818e0                R_IPC_Open
 .text.R_IPC_MessageSend
                0x0208197c       0x14 ./ra/fsp/src/r_ipc/r_ipc.o
                0x0208197c                R_IPC_MessageSend
 .text.r_ipc_call_callback
                0x02081990       0x4c ./ra/fsp/src/r_ipc/r_ipc.o
 .text.ipc_isr  0x020819dc       0x58 ./ra/fsp/src/r_ipc/r_ipc.o
                0x020819dc                ipc_isr
 .text.bsp_vbatt_init
                0x02081a34       0xec ./ra/fsp/src/r_ioport/r_ioport.o
 .text.r_ioport_pins_config
                0x02081b20       0xac ./ra/fsp/src/r_ioport/r_ioport.o
 .text.R_IOPORT_Open
                0x02081bcc       0x14 ./ra/fsp/src/r_ioport/r_ioport.o
                0x02081bcc                R_IOPORT_Open
 .text.agt_int_isr
                0x02081be0       0x94 ./ra/fsp/src/r_agt/r_agt.o
                0x02081be0                agt_int_isr
 .text.SystemCoreClockUpdate
                0x02081c74       0x88 ./ra/fsp/src/bsp/mcu/all/bsp_clocks.o
                0x02081c74                SystemCoreClockUpdate
 .text.bsp_clock_freq_var_init
                0x02081cfc       0x60 ./ra/fsp/src/bsp/mcu/all/bsp_clocks.o
                0x02081cfc                bsp_clock_freq_var_init
 .text.R_BSP_SourceClockHzGet
                0x02081d5c        0xc ./ra/fsp/src/bsp/mcu/all/bsp_clocks.o
                0x02081d5c                R_BSP_SourceClockHzGet
 .text.bsp_init_internal
                0x02081d68        0x4 ./ra/fsp/src/bsp/mcu/all/bsp_common.o
                0x02081d68                bsp_init_internal
                0x02081d68                bsp_init
 .text.__assert_func
                0x02081d6c        0x4 ./ra/fsp/src/bsp/mcu/all/bsp_common.o
                0x02081d6c                __assert_func
 .text.bsp_prv_software_delay_loop
                0x02081d70        0xc ./ra/fsp/src/bsp/mcu/all/bsp_delay.o
                0x02081d70                bsp_prv_software_delay_loop
 .text.R_BSP_SoftwareDelay
                0x02081d7c       0x8c ./ra/fsp/src/bsp/mcu/all/bsp_delay.o
                0x02081d7c                R_BSP_SoftwareDelay
 .text.NMI_Handler
                0x02081e08       0x44 ./ra/fsp/src/bsp/mcu/all/bsp_group_irq.o
                0x02081e08                NMI_Handler
 .text.R_BSP_IpcSemaphoreTake
                0x02081e4c       0x18 ./ra/fsp/src/bsp/mcu/all/bsp_ipc.o
                0x02081e4c                R_BSP_IpcSemaphoreTake
 .text.R_BSP_IpcSemaphoreGive
                0x02081e64       0x14 ./ra/fsp/src/bsp/mcu/all/bsp_ipc.o
                0x02081e64                R_BSP_IpcSemaphoreGive
 .text.bsp_irq_cfg
                0x02081e78       0x60 ./ra/fsp/src/bsp/mcu/all/bsp_irq.o
                0x02081e78                bsp_irq_cfg
 .text.R_BSP_RegisterProtectEnable
                0x02081ed8       0x60 ./ra/fsp/src/bsp/mcu/all/bsp_register_protection.o
                0x02081ed8                R_BSP_RegisterProtectEnable
 .text.R_BSP_RegisterProtectDisable
                0x02081f38       0x54 ./ra/fsp/src/bsp/mcu/all/bsp_register_protection.o
                0x02081f38                R_BSP_RegisterProtectDisable
 .text._sbrk    0x02081f8c       0x30 ./ra/fsp/src/bsp/mcu/all/bsp_sbrk.o
                0x02081f8c                _sbrk
 .text.Default_Handler
                0x02081fbc        0x4 ./ra/fsp/src/bsp/cmsis/Device/RENESAS/Source/startup.o
                0x02081fbc                DebugMon_Handler
                0x02081fbc                HardFault_Handler
                0x02081fbc                SysTick_Handler
                0x02081fbc                PendSV_Handler
                0x02081fbc                UsageFault_Handler
                0x02081fbc                SecureFault_Handler
                0x02081fbc                Default_Handler
                0x02081fbc                MemManage_Handler
                0x02081fbc                SVC_Handler
                0x02081fbc                BusFault_Handler
 .text.Reset_Handler
                0x02081fc0        0xc ./ra/fsp/src/bsp/cmsis/Device/RENESAS/Source/startup.o
                0x02081fc0                Reset_Handler
 .text.SystemRuntimeInit
                0x02081fcc       0x64 ./ra/fsp/src/bsp/cmsis/Device/RENESAS/Source/system.o
 .text.SystemInit
                0x02082030       0x90 ./ra/fsp/src/bsp/cmsis/Device/RENESAS/Source/system.o
                0x02082030                SystemInit
 .text.__aeabi_atexit
                0x020820c0        0xa D:/Renesas/RA/e2studio_v2026-04.2_fsp_v6.5.0/toolchains/gcc_arm/13.2.rel1/bin/../lib/gcc/arm-none-eabi/13.2.1/thumb/v8-m.main+fp/hard\libstdc++_nano.a(atexit_arm.o)
                0x020820c0                __aeabi_atexit
 .text._ZL12read_uleb128PKhPm
                0x020820ca       0x1c D:/Renesas/RA/e2studio_v2026-04.2_fsp_v6.5.0/toolchains/gcc_arm/13.2.rel1/bin/../lib/gcc/arm-none-eabi/13.2.1/thumb/v8-m.main+fp/hard\libstdc++_nano.a(eh_personality.o)
 .text._ZL12read_sleb128PKhPl
                0x020820e6       0x2e D:/Renesas/RA/e2studio_v2026-04.2_fsp_v6.5.0/toolchains/gcc_arm/13.2.rel1/bin/../lib/gcc/arm-none-eabi/13.2.1/thumb/v8-m.main+fp/hard\libstdc++_nano.a(eh_personality.o)
 .text._ZL28read_encoded_value_with_basehjPKhPj
                0x02082114       0x8c D:/Renesas/RA/e2studio_v2026-04.2_fsp_v6.5.0/toolchains/gcc_arm/13.2.rel1/bin/../lib/gcc/arm-none-eabi/13.2.1/thumb/v8-m.main+fp/hard\libstdc++_nano.a(eh_personality.o)
 .text._ZL21base_of_encoded_valuehP15_Unwind_Context
                0x020821a0       0x42 D:/Renesas/RA/e2studio_v2026-04.2_fsp_v6.5.0/toolchains/gcc_arm/13.2.rel1/bin/../lib/gcc/arm-none-eabi/13.2.1/thumb/v8-m.main+fp/hard\libstdc++_nano.a(eh_personality.o)
 .text._ZL18read_encoded_valueP15_Unwind_ContexthPKhPj
                0x020821e2       0x20 D:/Renesas/RA/e2studio_v2026-04.2_fsp_v6.5.0/toolchains/gcc_arm/13.2.rel1/bin/../lib/gcc/arm-none-eabi/13.2.1/thumb/v8-m.main+fp/hard\libstdc++_nano.a(eh_personality.o)
 .text._ZL17parse_lsda_headerP15_Unwind_ContextPKhP16lsda_header_info
                0x02082202       0x5e D:/Renesas/RA/e2studio_v2026-04.2_fsp_v6.5.0/toolchains/gcc_arm/13.2.rel1/bin/../lib/gcc/arm-none-eabi/13.2.1/thumb/v8-m.main+fp/hard\libstdc++_nano.a(eh_personality.o)
 .text._Unwind_GetGR
                0x02082260       0x18 D:/Renesas/RA/e2studio_v2026-04.2_fsp_v6.5.0/toolchains/gcc_arm/13.2.rel1/bin/../lib/gcc/arm-none-eabi/13.2.1/thumb/v8-m.main+fp/hard\libstdc++_nano.a(eh_personality.o)
 .text.__gxx_personality_v0
                0x02082278      0x32c D:/Renesas/RA/e2studio_v2026-04.2_fsp_v6.5.0/toolchains/gcc_arm/13.2.rel1/bin/../lib/gcc/arm-none-eabi/13.2.1/thumb/v8-m.main+fp/hard\libstdc++_nano.a(eh_personality.o)
                0x02082278                __gxx_personality_v0
 .text._ZN10__cxxabiv111__terminateEPFvvE
                0x020825a4        0x8 D:/Renesas/RA/e2studio_v2026-04.2_fsp_v6.5.0/toolchains/gcc_arm/13.2.rel1/bin/../lib/gcc/arm-none-eabi/13.2.1/thumb/v8-m.main+fp/hard\libstdc++_nano.a(eh_terminate.o)
                0x020825a4                __cxxabiv1::__terminate(void (*)())
 .text._ZSt13get_terminatev
                0x020825ac        0xc D:/Renesas/RA/e2studio_v2026-04.2_fsp_v6.5.0/toolchains/gcc_arm/13.2.rel1/bin/../lib/gcc/arm-none-eabi/13.2.1/thumb/v8-m.main+fp/hard\libstdc++_nano.a(eh_terminate.o)
                0x020825ac                std::get_terminate()
 .text._ZSt9terminatev
                0x020825b8        0xa D:/Renesas/RA/e2studio_v2026-04.2_fsp_v6.5.0/toolchains/gcc_arm/13.2.rel1/bin/../lib/gcc/arm-none-eabi/13.2.1/thumb/v8-m.main+fp/hard\libstdc++_nano.a(eh_terminate.o)
                0x020825b8                std::terminate()
 .text._ZN10__cxxabiv112__unexpectedEPFvvE
                0x020825c2        0x8 D:/Renesas/RA/e2studio_v2026-04.2_fsp_v6.5.0/toolchains/gcc_arm/13.2.rel1/bin/../lib/gcc/arm-none-eabi/13.2.1/thumb/v8-m.main+fp/hard\libstdc++_nano.a(eh_terminate.o)
                0x020825c2                __cxxabiv1::__unexpected(void (*)())
 *fill*         0x020825ca        0x2 
 .text._ZSt14get_unexpectedv
                0x020825cc        0xc D:/Renesas/RA/e2studio_v2026-04.2_fsp_v6.5.0/toolchains/gcc_arm/13.2.rel1/bin/../lib/gcc/arm-none-eabi/13.2.1/thumb/v8-m.main+fp/hard\libstdc++_nano.a(eh_terminate.o)
                0x020825cc                std::get_unexpected()
 .text._ZSt10unexpectedv
                0x020825d8        0xa D:/Renesas/RA/e2studio_v2026-04.2_fsp_v6.5.0/toolchains/gcc_arm/13.2.rel1/bin/../lib/gcc/arm-none-eabi/13.2.1/thumb/v8-m.main+fp/hard\libstdc++_nano.a(eh_terminate.o)
                0x020825d8                std::unexpected()
 .text._ZN10__cxxabiv1L24__is_gxx_exception_classEPc
                0x020825e2       0x3a D:/Renesas/RA/e2studio_v2026-04.2_fsp_v6.5.0/toolchains/gcc_arm/13.2.rel1/bin/../lib/gcc/arm-none-eabi/13.2.1/thumb/v8-m.main+fp/hard\libstdc++_nano.a(eh_arm.o)
 .text.__cxa_type_match
                0x0208261c       0xbc D:/Renesas/RA/e2studio_v2026-04.2_fsp_v6.5.0/toolchains/gcc_arm/13.2.rel1/bin/../lib/gcc/arm-none-eabi/13.2.1/thumb/v8-m.main+fp/hard\libstdc++_nano.a(eh_arm.o)
                0x0208261c                __cxa_type_match
 .text.__cxa_begin_cleanup
                0x020826d8       0x3a D:/Renesas/RA/e2studio_v2026-04.2_fsp_v6.5.0/toolchains/gcc_arm/13.2.rel1/bin/../lib/gcc/arm-none-eabi/13.2.1/thumb/v8-m.main+fp/hard\libstdc++_nano.a(eh_arm.o)
                0x020826d8                __cxa_begin_cleanup
 .text._ZN10__cxxabiv1L24__is_gxx_exception_classEPc
                0x02082712       0x3a D:/Renesas/RA/e2studio_v2026-04.2_fsp_v6.5.0/toolchains/gcc_arm/13.2.rel1/bin/../lib/gcc/arm-none-eabi/13.2.1/thumb/v8-m.main+fp/hard\libstdc++_nano.a(eh_call.o)
 .text.__cxa_call_terminate
                0x0208274c       0x1e D:/Renesas/RA/e2studio_v2026-04.2_fsp_v6.5.0/toolchains/gcc_arm/13.2.rel1/bin/../lib/gcc/arm-none-eabi/13.2.1/thumb/v8-m.main+fp/hard\libstdc++_nano.a(eh_call.o)
                0x0208274c                __cxa_call_terminate
 .text.__cxa_call_unexpected
                0x0208276a       0x28 D:/Renesas/RA/e2studio_v2026-04.2_fsp_v6.5.0/toolchains/gcc_arm/13.2.rel1/bin/../lib/gcc/arm-none-eabi/13.2.1/thumb/v8-m.main+fp/hard\libstdc++_nano.a(eh_call.o)
                0x0208276a                __cxa_call_unexpected
 .text._ZN10__cxxabiv1L24__is_gxx_exception_classEPc
                0x02082792       0x3a D:/Renesas/RA/e2studio_v2026-04.2_fsp_v6.5.0/toolchains/gcc_arm/13.2.rel1/bin/../lib/gcc/arm-none-eabi/13.2.1/thumb/v8-m.main+fp/hard\libstdc++_nano.a(eh_catch.o)
 .text.__cxa_begin_catch
                0x020827cc       0x52 D:/Renesas/RA/e2studio_v2026-04.2_fsp_v6.5.0/toolchains/gcc_arm/13.2.rel1/bin/../lib/gcc/arm-none-eabi/13.2.1/thumb/v8-m.main+fp/hard\libstdc++_nano.a(eh_catch.o)
                0x020827cc                __cxa_begin_catch
 *fill*         0x0208281e        0x2 
 .text.__cxa_get_globals
                0x02082820        0x8 D:/Renesas/RA/e2studio_v2026-04.2_fsp_v6.5.0/toolchains/gcc_arm/13.2.rel1/bin/../lib/gcc/arm-none-eabi/13.2.1/thumb/v8-m.main+fp/hard\libstdc++_nano.a(eh_globals.o)
                0x02082820                __cxa_get_globals
 .text._ZN10__cxxabiv120__si_class_type_infoD2Ev
                0x02082828       0x14 D:/Renesas/RA/e2studio_v2026-04.2_fsp_v6.5.0/toolchains/gcc_arm/13.2.rel1/bin/../lib/gcc/arm-none-eabi/13.2.1/thumb/v8-m.main+fp/hard\libstdc++_nano.a(si_class_type_info.o)
                0x02082828                __cxxabiv1::__si_class_type_info::~__si_class_type_info()
                0x02082828                __cxxabiv1::__si_class_type_info::~__si_class_type_info()
 .text._ZN10__cxxabiv120__si_class_type_infoD0Ev
                0x0208283c       0x14 D:/Renesas/RA/e2studio_v2026-04.2_fsp_v6.5.0/toolchains/gcc_arm/13.2.rel1/bin/../lib/gcc/arm-none-eabi/13.2.1/thumb/v8-m.main+fp/hard\libstdc++_nano.a(si_class_type_info.o)
                0x0208283c                __cxxabiv1::__si_class_type_info::~__si_class_type_info()
 .text._ZNK10__cxxabiv120__si_class_type_info20__do_find_public_srcEiPKvPKNS_17__class_type_infoES2_
                0x02082850       0x3c D:/Renesas/RA/e2studio_v2026-04.2_fsp_v6.5.0/toolchains/gcc_arm/13.2.rel1/bin/../lib/gcc/arm-none-eabi/13.2.1/thumb/v8-m.main+fp/hard\libstdc++_nano.a(si_class_type_info.o)
                0x02082850                __cxxabiv1::__si_class_type_info::__do_find_public_src(int, void const*, __cxxabiv1::__class_type_info const*, void const*) const
 .text._ZNK10__cxxabiv120__si_class_type_info12__do_dyncastEiNS_17__class_type_info10__sub_kindEPKS1_PKvS4_S6_RNS1_16__dyncast_resultE
                0x0208288c       0x74 D:/Renesas/RA/e2studio_v2026-04.2_fsp_v6.5.0/toolchains/gcc_arm/13.2.rel1/bin/../lib/gcc/arm-none-eabi/13.2.1/thumb/v8-m.main+fp/hard\libstdc++_nano.a(si_class_type_info.o)
                0x0208288c                __cxxabiv1::__si_class_type_info::__do_dyncast(int, __cxxabiv1::__class_type_info::__sub_kind, __cxxabiv1::__class_type_info const*, void const*, __cxxabiv1::__class_type_info const*, void const*, __cxxabiv1::__class_type_info::__dyncast_result&) const
 .text._ZNK10__cxxabiv120__si_class_type_info11__do_upcastEPKNS_17__class_type_infoEPKvRNS1_15__upcast_resultE
                0x02082900       0x2a D:/Renesas/RA/e2studio_v2026-04.2_fsp_v6.5.0/toolchains/gcc_arm/13.2.rel1/bin/../lib/gcc/arm-none-eabi/13.2.1/thumb/v8-m.main+fp/hard\libstdc++_nano.a(si_class_type_info.o)
                0x02082900                __cxxabiv1::__si_class_type_info::__do_upcast(__cxxabiv1::__class_type_info const*, void const*, __cxxabiv1::__class_type_info::__upcast_result&) const
 .text._ZNSt9type_infoD2Ev
                0x0208292a        0x2 D:/Renesas/RA/e2studio_v2026-04.2_fsp_v6.5.0/toolchains/gcc_arm/13.2.rel1/bin/../lib/gcc/arm-none-eabi/13.2.1/thumb/v8-m.main+fp/hard\libstdc++_nano.a(tinfo.o)
                0x0208292a                std::type_info::~type_info()
                0x0208292a                std::type_info::~type_info()
 .text._ZNKSt9type_info14__is_pointer_pEv
                0x0208292c        0x4 D:/Renesas/RA/e2studio_v2026-04.2_fsp_v6.5.0/toolchains/gcc_arm/13.2.rel1/bin/../lib/gcc/arm-none-eabi/13.2.1/thumb/v8-m.main+fp/hard\libstdc++_nano.a(tinfo.o)
                0x0208292c                std::type_info::__is_pointer_p() const
                0x0208292c                std::type_info::__is_function_p() const
 .text._ZNKSt9type_infoeqERKS_
                0x02082930       0x2c D:/Renesas/RA/e2studio_v2026-04.2_fsp_v6.5.0/toolchains/gcc_arm/13.2.rel1/bin/../lib/gcc/arm-none-eabi/13.2.1/thumb/v8-m.main+fp/hard\libstdc++_nano.a(tinfo.o)
                0x02082930                std::type_info::operator==(std::type_info const&) const
                0x02082930                std::type_info::__equal(std::type_info const&) const
 .text._ZNK10__cxxabiv117__class_type_info11__do_upcastEPKS0_PPv
                0x0208295c       0x32 D:/Renesas/RA/e2studio_v2026-04.2_fsp_v6.5.0/toolchains/gcc_arm/13.2.rel1/bin/../lib/gcc/arm-none-eabi/13.2.1/thumb/v8-m.main+fp/hard\libstdc++_nano.a(class_type_info.o)
                0x0208295c                __cxxabiv1::__class_type_info::__do_upcast(__cxxabiv1::__class_type_info const*, void**) const
 .text._ZNK10__cxxabiv117__class_type_info20__do_find_public_srcEiPKvPKS0_S2_
                0x0208298e        0xc D:/Renesas/RA/e2studio_v2026-04.2_fsp_v6.5.0/toolchains/gcc_arm/13.2.rel1/bin/../lib/gcc/arm-none-eabi/13.2.1/thumb/v8-m.main+fp/hard\libstdc++_nano.a(class_type_info.o)
                0x0208298e                __cxxabiv1::__class_type_info::__do_find_public_src(int, void const*, __cxxabiv1::__class_type_info const*, void const*) const
 *fill*         0x0208299a        0x2 
 .text._ZN10__cxxabiv117__class_type_infoD2Ev
                0x0208299c       0x14 D:/Renesas/RA/e2studio_v2026-04.2_fsp_v6.5.0/toolchains/gcc_arm/13.2.rel1/bin/../lib/gcc/arm-none-eabi/13.2.1/thumb/v8-m.main+fp/hard\libstdc++_nano.a(class_type_info.o)
                0x0208299c                __cxxabiv1::__class_type_info::~__class_type_info()
                0x0208299c                __cxxabiv1::__class_type_info::~__class_type_info()
 .text._ZN10__cxxabiv117__class_type_infoD0Ev
                0x020829b0       0x14 D:/Renesas/RA/e2studio_v2026-04.2_fsp_v6.5.0/toolchains/gcc_arm/13.2.rel1/bin/../lib/gcc/arm-none-eabi/13.2.1/thumb/v8-m.main+fp/hard\libstdc++_nano.a(class_type_info.o)
                0x020829b0                __cxxabiv1::__class_type_info::~__class_type_info()
 .text._ZNK10__cxxabiv117__class_type_info12__do_dyncastEiNS0_10__sub_kindEPKS0_PKvS3_S5_RNS0_16__dyncast_resultE
                0x020829c4       0x3e D:/Renesas/RA/e2studio_v2026-04.2_fsp_v6.5.0/toolchains/gcc_arm/13.2.rel1/bin/../lib/gcc/arm-none-eabi/13.2.1/thumb/v8-m.main+fp/hard\libstdc++_nano.a(class_type_info.o)
                0x020829c4                __cxxabiv1::__class_type_info::__do_dyncast(int, __cxxabiv1::__class_type_info::__sub_kind, __cxxabiv1::__class_type_info const*, void const*, __cxxabiv1::__class_type_info const*, void const*, __cxxabiv1::__class_type_info::__dyncast_result&) const
 .text._ZNK10__cxxabiv117__class_type_info11__do_upcastEPKS0_PKvRNS0_15__upcast_resultE
                0x02082a02       0x18 D:/Renesas/RA/e2studio_v2026-04.2_fsp_v6.5.0/toolchains/gcc_arm/13.2.rel1/bin/../lib/gcc/arm-none-eabi/13.2.1/thumb/v8-m.main+fp/hard\libstdc++_nano.a(class_type_info.o)
                0x02082a02                __cxxabiv1::__class_type_info::__do_upcast(__cxxabiv1::__class_type_info const*, void const*, __cxxabiv1::__class_type_info::__upcast_result&) const
 .text._ZNK10__cxxabiv117__class_type_info10__do_catchEPKSt9type_infoPPvj
                0x02082a1a       0x2a D:/Renesas/RA/e2studio_v2026-04.2_fsp_v6.5.0/toolchains/gcc_arm/13.2.rel1/bin/../lib/gcc/arm-none-eabi/13.2.1/thumb/v8-m.main+fp/hard\libstdc++_nano.a(class_type_info.o)
                0x02082a1a                __cxxabiv1::__class_type_info::__do_catch(std::type_info const*, void**, unsigned int) const
 .text._ZdlPvj  0x02082a44        0x4 D:/Renesas/RA/e2studio_v2026-04.2_fsp_v6.5.0/toolchains/gcc_arm/13.2.rel1/bin/../lib/gcc/arm-none-eabi/13.2.1/thumb/v8-m.main+fp/hard\libstdc++_nano.a(del_ops.o)
                0x02082a44                operator delete(void*, unsigned int)
 .text._ZdlPv   0x02082a48        0x4 D:/Renesas/RA/e2studio_v2026-04.2_fsp_v6.5.0/toolchains/gcc_arm/13.2.rel1/bin/../lib/gcc/arm-none-eabi/13.2.1/thumb/v8-m.main+fp/hard\libstdc++_nano.a(del_op.o)
                0x02082a48                operator delete(void*)
 .text          0x02082a4c      0x378 D:/Renesas/RA/e2studio_v2026-04.2_fsp_v6.5.0/toolchains/gcc_arm/13.2.rel1/bin/../lib/gcc/arm-none-eabi/13.2.1/thumb/v8-m.main+fp/hard\libgcc.a(_arm_addsubdf3.o)
                0x02082a4c                __aeabi_drsub
                0x02082a54                __aeabi_dsub
                0x02082a54                __subdf3
                0x02082a58                __aeabi_dadd
                0x02082a58                __adddf3
                0x02082cd0                __floatunsidf
                0x02082cd0                __aeabi_ui2d
                0x02082cf0                __floatsidf
                0x02082cf0                __aeabi_i2d
                0x02082d14                __aeabi_f2d
                0x02082d14                __extendsfdf2
                0x02082d58                __floatundidf
                0x02082d58                __aeabi_ul2d
                0x02082d68                __floatdidf
                0x02082d68                __aeabi_l2d
 .text.selfrel_offset31
                0x02082dc4       0x14 D:/Renesas/RA/e2studio_v2026-04.2_fsp_v6.5.0/toolchains/gcc_arm/13.2.rel1/bin/../lib/gcc/arm-none-eabi/13.2.1/thumb/v8-m.main+fp/hard\libgcc.a(unwind-arm.o)
 .text.search_EIT_table
                0x02082dd8       0x5c D:/Renesas/RA/e2studio_v2026-04.2_fsp_v6.5.0/toolchains/gcc_arm/13.2.rel1/bin/../lib/gcc/arm-none-eabi/13.2.1/thumb/v8-m.main+fp/hard\libgcc.a(unwind-arm.o)
 .text.__gnu_unwind_get_pr_addr
                0x02082e34       0x28 D:/Renesas/RA/e2studio_v2026-04.2_fsp_v6.5.0/toolchains/gcc_arm/13.2.rel1/bin/../lib/gcc/arm-none-eabi/13.2.1/thumb/v8-m.main+fp/hard\libgcc.a(unwind-arm.o)
 .text.get_eit_entry
                0x02082e5c       0x98 D:/Renesas/RA/e2studio_v2026-04.2_fsp_v6.5.0/toolchains/gcc_arm/13.2.rel1/bin/../lib/gcc/arm-none-eabi/13.2.1/thumb/v8-m.main+fp/hard\libgcc.a(unwind-arm.o)
 .text.restore_non_core_regs
                0x02082ef4       0x58 D:/Renesas/RA/e2studio_v2026-04.2_fsp_v6.5.0/toolchains/gcc_arm/13.2.rel1/bin/../lib/gcc/arm-none-eabi/13.2.1/thumb/v8-m.main+fp/hard\libgcc.a(unwind-arm.o)
 .text._Unwind_decode_typeinfo_ptr.constprop.0
                0x02082f4c        0xc D:/Renesas/RA/e2studio_v2026-04.2_fsp_v6.5.0/toolchains/gcc_arm/13.2.rel1/bin/../lib/gcc/arm-none-eabi/13.2.1/thumb/v8-m.main+fp/hard\libgcc.a(unwind-arm.o)
 .text._Unwind_DebugHook
                0x02082f58        0x4 D:/Renesas/RA/e2studio_v2026-04.2_fsp_v6.5.0/toolchains/gcc_arm/13.2.rel1/bin/../lib/gcc/arm-none-eabi/13.2.1/thumb/v8-m.main+fp/hard\libgcc.a(unwind-arm.o)
 .text.unwind_phase2
                0x02082f5c       0x40 D:/Renesas/RA/e2studio_v2026-04.2_fsp_v6.5.0/toolchains/gcc_arm/13.2.rel1/bin/../lib/gcc/arm-none-eabi/13.2.1/thumb/v8-m.main+fp/hard\libgcc.a(unwind-arm.o)
 .text.unwind_phase2_forced
                0x02082f9c       0xe4 D:/Renesas/RA/e2studio_v2026-04.2_fsp_v6.5.0/toolchains/gcc_arm/13.2.rel1/bin/../lib/gcc/arm-none-eabi/13.2.1/thumb/v8-m.main+fp/hard\libgcc.a(unwind-arm.o)
 .text.__gnu_Unwind_RaiseException
                0x02083080       0x68 D:/Renesas/RA/e2studio_v2026-04.2_fsp_v6.5.0/toolchains/gcc_arm/13.2.rel1/bin/../lib/gcc/arm-none-eabi/13.2.1/thumb/v8-m.main+fp/hard\libgcc.a(unwind-arm.o)
                0x02083080                __gnu_Unwind_RaiseException
 .text.__gnu_Unwind_ForcedUnwind
                0x020830e8       0x14 D:/Renesas/RA/e2studio_v2026-04.2_fsp_v6.5.0/toolchains/gcc_arm/13.2.rel1/bin/../lib/gcc/arm-none-eabi/13.2.1/thumb/v8-m.main+fp/hard\libgcc.a(unwind-arm.o)
                0x020830e8                __gnu_Unwind_ForcedUnwind
 .text.__gnu_Unwind_Resume
                0x020830fc       0x44 D:/Renesas/RA/e2studio_v2026-04.2_fsp_v6.5.0/toolchains/gcc_arm/13.2.rel1/bin/../lib/gcc/arm-none-eabi/13.2.1/thumb/v8-m.main+fp/hard\libgcc.a(unwind-arm.o)
                0x020830fc                __gnu_Unwind_Resume
 .text.__gnu_Unwind_Resume_or_Rethrow
                0x02083140       0x18 D:/Renesas/RA/e2studio_v2026-04.2_fsp_v6.5.0/toolchains/gcc_arm/13.2.rel1/bin/../lib/gcc/arm-none-eabi/13.2.1/thumb/v8-m.main+fp/hard\libgcc.a(unwind-arm.o)
                0x02083140                __gnu_Unwind_Resume_or_Rethrow
 .text._Unwind_Complete
                0x02083158        0x4 D:/Renesas/RA/e2studio_v2026-04.2_fsp_v6.5.0/toolchains/gcc_arm/13.2.rel1/bin/../lib/gcc/arm-none-eabi/13.2.1/thumb/v8-m.main+fp/hard\libgcc.a(unwind-arm.o)
                0x02083158                _Unwind_Complete
 .text._Unwind_VRS_Get
                0x0208315c       0x34 D:/Renesas/RA/e2studio_v2026-04.2_fsp_v6.5.0/toolchains/gcc_arm/13.2.rel1/bin/../lib/gcc/arm-none-eabi/13.2.1/thumb/v8-m.main+fp/hard\libgcc.a(unwind-arm.o)
                0x0208315c                _Unwind_VRS_Get
 .text._Unwind_GetGR
                0x02083190       0x18 D:/Renesas/RA/e2studio_v2026-04.2_fsp_v6.5.0/toolchains/gcc_arm/13.2.rel1/bin/../lib/gcc/arm-none-eabi/13.2.1/thumb/v8-m.main+fp/hard\libgcc.a(unwind-arm.o)
 .text._Unwind_VRS_Set
                0x020831a8       0x34 D:/Renesas/RA/e2studio_v2026-04.2_fsp_v6.5.0/toolchains/gcc_arm/13.2.rel1/bin/../lib/gcc/arm-none-eabi/13.2.1/thumb/v8-m.main+fp/hard\libgcc.a(unwind-arm.o)
                0x020831a8                _Unwind_VRS_Set
 .text._Unwind_SetGR
                0x020831dc       0x18 D:/Renesas/RA/e2studio_v2026-04.2_fsp_v6.5.0/toolchains/gcc_arm/13.2.rel1/bin/../lib/gcc/arm-none-eabi/13.2.1/thumb/v8-m.main+fp/hard\libgcc.a(unwind-arm.o)
 .text.__gnu_Unwind_Backtrace
                0x020831f4       0x7c D:/Renesas/RA/e2studio_v2026-04.2_fsp_v6.5.0/toolchains/gcc_arm/13.2.rel1/bin/../lib/gcc/arm-none-eabi/13.2.1/thumb/v8-m.main+fp/hard\libgcc.a(unwind-arm.o)
                0x020831f4                __gnu_Unwind_Backtrace
 .text.__gnu_unwind_pr_common
                0x02083270      0x2b0 D:/Renesas/RA/e2studio_v2026-04.2_fsp_v6.5.0/toolchains/gcc_arm/13.2.rel1/bin/../lib/gcc/arm-none-eabi/13.2.1/thumb/v8-m.main+fp/hard\libgcc.a(unwind-arm.o)
 .text.__aeabi_unwind_cpp_pr0
                0x02083520        0x8 D:/Renesas/RA/e2studio_v2026-04.2_fsp_v6.5.0/toolchains/gcc_arm/13.2.rel1/bin/../lib/gcc/arm-none-eabi/13.2.1/thumb/v8-m.main+fp/hard\libgcc.a(unwind-arm.o)
                0x02083520                __aeabi_unwind_cpp_pr0
 .text.__aeabi_unwind_cpp_pr1
                0x02083528        0x8 D:/Renesas/RA/e2studio_v2026-04.2_fsp_v6.5.0/toolchains/gcc_arm/13.2.rel1/bin/../lib/gcc/arm-none-eabi/13.2.1/thumb/v8-m.main+fp/hard\libgcc.a(unwind-arm.o)
                0x02083528                __aeabi_unwind_cpp_pr1
 .text.__aeabi_unwind_cpp_pr2
                0x02083530        0x8 D:/Renesas/RA/e2studio_v2026-04.2_fsp_v6.5.0/toolchains/gcc_arm/13.2.rel1/bin/../lib/gcc/arm-none-eabi/13.2.1/thumb/v8-m.main+fp/hard\libgcc.a(unwind-arm.o)
                0x02083530                __aeabi_unwind_cpp_pr2
 .text._Unwind_VRS_Pop
                0x02083538      0x2d0 D:/Renesas/RA/e2studio_v2026-04.2_fsp_v6.5.0/toolchains/gcc_arm/13.2.rel1/bin/../lib/gcc/arm-none-eabi/13.2.1/thumb/v8-m.main+fp/hard\libgcc.a(unwind-arm.o)
                0x02083538                _Unwind_VRS_Pop
 .text          0x02083808      0x1ac D:/Renesas/RA/e2studio_v2026-04.2_fsp_v6.5.0/toolchains/gcc_arm/13.2.rel1/bin/../lib/gcc/arm-none-eabi/13.2.1/thumb/v8-m.main+fp/hard\libgcc.a(libunwind.o)
                0x02083808                __restore_core_regs
                0x02083808                restore_core_regs
                0x02083820                __gnu_Unwind_Restore_VFP
                0x02083828                __gnu_Unwind_Save_VFP
                0x02083830                __gnu_Unwind_Restore_VFP_D
                0x02083838                __gnu_Unwind_Save_VFP_D
                0x02083840                __gnu_Unwind_Restore_VFP_D_16_to_31
                0x02083848                __gnu_Unwind_Save_VFP_D_16_to_31
                0x02083850                __gnu_Unwind_Restore_WMMXD
                0x02083894                __gnu_Unwind_Save_WMMXD
                0x020838d8                __gnu_Unwind_Restore_WMMXC
                0x020838ec                __gnu_Unwind_Save_WMMXC
                0x02083900                ___Unwind_RaiseException
                0x02083900                _Unwind_RaiseException
                0x02083924                _Unwind_Resume
                0x02083924                ___Unwind_Resume
                0x02083948                _Unwind_Resume_or_Rethrow
                0x02083948                ___Unwind_Resume_or_Rethrow
                0x0208396c                _Unwind_ForcedUnwind
                0x0208396c                ___Unwind_ForcedUnwind
                0x02083990                ___Unwind_Backtrace
                0x02083990                _Unwind_Backtrace
 .text.next_unwind_byte
                0x020839b4       0x3c D:/Renesas/RA/e2studio_v2026-04.2_fsp_v6.5.0/toolchains/gcc_arm/13.2.rel1/bin/../lib/gcc/arm-none-eabi/13.2.1/thumb/v8-m.main+fp/hard\libgcc.a(pr-support.o)
 .text._Unwind_GetGR.constprop.0
                0x020839f0       0x18 D:/Renesas/RA/e2studio_v2026-04.2_fsp_v6.5.0/toolchains/gcc_arm/13.2.rel1/bin/../lib/gcc/arm-none-eabi/13.2.1/thumb/v8-m.main+fp/hard\libgcc.a(pr-support.o)
 .text.unwind_UCB_from_context
                0x02083a08        0x4 D:/Renesas/RA/e2studio_v2026-04.2_fsp_v6.5.0/toolchains/gcc_arm/13.2.rel1/bin/../lib/gcc/arm-none-eabi/13.2.1/thumb/v8-m.main+fp/hard\libgcc.a(pr-support.o)
 .text.__gnu_unwind_execute
                0x02083a0c      0x300 D:/Renesas/RA/e2studio_v2026-04.2_fsp_v6.5.0/toolchains/gcc_arm/13.2.rel1/bin/../lib/gcc/arm-none-eabi/13.2.1/thumb/v8-m.main+fp/hard\libgcc.a(pr-support.o)
                0x02083a0c                __gnu_unwind_execute
 .text.__gnu_unwind_frame
                0x02083d0c       0x2c D:/Renesas/RA/e2studio_v2026-04.2_fsp_v6.5.0/toolchains/gcc_arm/13.2.rel1/bin/../lib/gcc/arm-none-eabi/13.2.1/thumb/v8-m.main+fp/hard\libgcc.a(pr-support.o)
                0x02083d0c                __gnu_unwind_frame
 .text._Unwind_GetRegionStart
                0x02083d38        0xc D:/Renesas/RA/e2studio_v2026-04.2_fsp_v6.5.0/toolchains/gcc_arm/13.2.rel1/bin/../lib/gcc/arm-none-eabi/13.2.1/thumb/v8-m.main+fp/hard\libgcc.a(pr-support.o)
                0x02083d38                _Unwind_GetRegionStart
 .text._Unwind_GetLanguageSpecificData
                0x02083d44       0x14 D:/Renesas/RA/e2studio_v2026-04.2_fsp_v6.5.0/toolchains/gcc_arm/13.2.rel1/bin/../lib/gcc/arm-none-eabi/13.2.1/thumb/v8-m.main+fp/hard\libgcc.a(pr-support.o)
                0x02083d44                _Unwind_GetLanguageSpecificData
 .text.unlikely._Unwind_GetDataRelBase
                0x02083d58        0x6 D:/Renesas/RA/e2studio_v2026-04.2_fsp_v6.5.0/toolchains/gcc_arm/13.2.rel1/bin/../lib/gcc/arm-none-eabi/13.2.1/thumb/v8-m.main+fp/hard\libgcc.a(pr-support.o)
                0x02083d58                _Unwind_GetDataRelBase
 .text.unlikely._Unwind_GetTextRelBase
                0x02083d5e        0x6 D:/Renesas/RA/e2studio_v2026-04.2_fsp_v6.5.0/toolchains/gcc_arm/13.2.rel1/bin/../lib/gcc/arm-none-eabi/13.2.1/thumb/v8-m.main+fp/hard\libgcc.a(pr-support.o)
                0x02083d5e                _Unwind_GetTextRelBase
 .text.abort    0x02083d64        0xe D:/Renesas/RA/e2studio_v2026-04.2_fsp_v6.5.0/toolchains/gcc_arm/13.2.rel1/bin/../lib/gcc/arm-none-eabi/13.2.1/thumb/v8-m.main+fp/hard\libg_nano.a(libc_a-abort.o)
                0x02083d64                abort
 *fill*         0x02083d72        0x2 
 .text.malloc   0x02083d74       0x10 D:/Renesas/RA/e2studio_v2026-04.2_fsp_v6.5.0/toolchains/gcc_arm/13.2.rel1/bin/../lib/gcc/arm-none-eabi/13.2.1/thumb/v8-m.main+fp/hard\libg_nano.a(libc_a-malloc.o)
                0x02083d74                malloc
 .text.free     0x02083d84       0x10 D:/Renesas/RA/e2studio_v2026-04.2_fsp_v6.5.0/toolchains/gcc_arm/13.2.rel1/bin/../lib/gcc/arm-none-eabi/13.2.1/thumb/v8-m.main+fp/hard\libg_nano.a(libc_a-malloc.o)
                0x02083d84                free
 .text.sbrk_aligned
                0x02083d94       0x44 D:/Renesas/RA/e2studio_v2026-04.2_fsp_v6.5.0/toolchains/gcc_arm/13.2.rel1/bin/../lib/gcc/arm-none-eabi/13.2.1/thumb/v8-m.main+fp/hard\libg_nano.a(libc_a-mallocr.o)
 .text._malloc_r
                0x02083dd8      0x100 D:/Renesas/RA/e2studio_v2026-04.2_fsp_v6.5.0/toolchains/gcc_arm/13.2.rel1/bin/../lib/gcc/arm-none-eabi/13.2.1/thumb/v8-m.main+fp/hard\libg_nano.a(libc_a-mallocr.o)
                0x02083dd8                _malloc_r
 .text.__malloc_lock
                0x02083ed8        0xc D:/Renesas/RA/e2studio_v2026-04.2_fsp_v6.5.0/toolchains/gcc_arm/13.2.rel1/bin/../lib/gcc/arm-none-eabi/13.2.1/thumb/v8-m.main+fp/hard\libg_nano.a(libc_a-mlock.o)
                0x02083ed8                __malloc_lock
 .text.__malloc_unlock
                0x02083ee4        0xc D:/Renesas/RA/e2studio_v2026-04.2_fsp_v6.5.0/toolchains/gcc_arm/13.2.rel1/bin/../lib/gcc/arm-none-eabi/13.2.1/thumb/v8-m.main+fp/hard\libg_nano.a(libc_a-mlock.o)
                0x02083ee4                __malloc_unlock
 .text.__cxa_atexit
                0x02083ef0       0x1c D:/Renesas/RA/e2studio_v2026-04.2_fsp_v6.5.0/toolchains/gcc_arm/13.2.rel1/bin/../lib/gcc/arm-none-eabi/13.2.1/thumb/v8-m.main+fp/hard\libg_nano.a(libc_a-cxa_atexit.o)
                0x02083ef0                __cxa_atexit
 .text.__cvt    0x02083f0c       0xca D:/Renesas/RA/e2studio_v2026-04.2_fsp_v6.5.0/toolchains/gcc_arm/13.2.rel1/bin/../lib/gcc/arm-none-eabi/13.2.1/thumb/v8-m.main+fp/hard\libg_nano.a(libc_a-nano-vfprintf_float.o)
                0x02083f0c                __cvt
 .text.__exponent
                0x02083fd6       0x72 D:/Renesas/RA/e2studio_v2026-04.2_fsp_v6.5.0/toolchains/gcc_arm/13.2.rel1/bin/../lib/gcc/arm-none-eabi/13.2.1/thumb/v8-m.main+fp/hard\libg_nano.a(libc_a-nano-vfprintf_float.o)
                0x02083fd6                __exponent
 .text._printf_float
                0x02084048      0x454 D:/Renesas/RA/e2studio_v2026-04.2_fsp_v6.5.0/toolchains/gcc_arm/13.2.rel1/bin/../lib/gcc/arm-none-eabi/13.2.1/thumb/v8-m.main+fp/hard\libg_nano.a(libc_a-nano-vfprintf_float.o)
                0x02084048                _printf_float
 .text._printf_common
                0x0208449c       0xe4 D:/Renesas/RA/e2studio_v2026-04.2_fsp_v6.5.0/toolchains/gcc_arm/13.2.rel1/bin/../lib/gcc/arm-none-eabi/13.2.1/thumb/v8-m.main+fp/hard\libg_nano.a(libc_a-nano-vfprintf_i.o)
                0x0208449c                _printf_common
 .text._printf_i
                0x02084580      0x23c D:/Renesas/RA/e2studio_v2026-04.2_fsp_v6.5.0/toolchains/gcc_arm/13.2.rel1/bin/../lib/gcc/arm-none-eabi/13.2.1/thumb/v8-m.main+fp/hard\libg_nano.a(libc_a-nano-vfprintf_i.o)
                0x02084580                _printf_i
 .text._scanf_float
                0x020847bc      0x424 D:/Renesas/RA/e2studio_v2026-04.2_fsp_v6.5.0/toolchains/gcc_arm/13.2.rel1/bin/../lib/gcc/arm-none-eabi/13.2.1/thumb/v8-m.main+fp/hard\libg_nano.a(libc_a-nano-vfscanf_float.o)
                0x020847bc                _scanf_float
 .text.snprintf
                0x02084be0       0x68 D:/Renesas/RA/e2studio_v2026-04.2_fsp_v6.5.0/toolchains/gcc_arm/13.2.rel1/bin/../lib/gcc/arm-none-eabi/13.2.1/thumb/v8-m.main+fp/hard\libg_nano.a(libc_a-snprintf.o)
                0x02084be0                sniprintf
                0x02084be0                snprintf
 .text.sprintf  0x02084c48       0x40 D:/Renesas/RA/e2studio_v2026-04.2_fsp_v6.5.0/toolchains/gcc_arm/13.2.rel1/bin/../lib/gcc/arm-none-eabi/13.2.1/thumb/v8-m.main+fp/hard\libg_nano.a(libc_a-sprintf.o)
                0x02084c48                siprintf
                0x02084c48                sprintf
 .text._vsnprintf_r
                0x02084c88       0x56 D:/Renesas/RA/e2studio_v2026-04.2_fsp_v6.5.0/toolchains/gcc_arm/13.2.rel1/bin/../lib/gcc/arm-none-eabi/13.2.1/thumb/v8-m.main+fp/hard\libg_nano.a(libc_a-vsnprintf.o)
                0x02084c88                _vsniprintf_r
                0x02084c88                _vsnprintf_r
 *fill*         0x02084cde        0x2 
 .text.vsnprintf
                0x02084ce0       0x1c D:/Renesas/RA/e2studio_v2026-04.2_fsp_v6.5.0/toolchains/gcc_arm/13.2.rel1/bin/../lib/gcc/arm-none-eabi/13.2.1/thumb/v8-m.main+fp/hard\libg_nano.a(libc_a-vsnprintf.o)
                0x02084ce0                vsniprintf
                0x02084ce0                vsnprintf
 .text.memset   0x02084cfc       0x10 D:/Renesas/RA/e2studio_v2026-04.2_fsp_v6.5.0/toolchains/gcc_arm/13.2.rel1/bin/../lib/gcc/arm-none-eabi/13.2.1/thumb/v8-m.main+fp/hard\libg_nano.a(libc_a-memset.o)
                0x02084cfc                memset
 .text.strncpy  0x02084d0c       0x26 D:/Renesas/RA/e2studio_v2026-04.2_fsp_v6.5.0/toolchains/gcc_arm/13.2.rel1/bin/../lib/gcc/arm-none-eabi/13.2.1/thumb/v8-m.main+fp/hard\libg_nano.a(libc_a-strncpy.o)
                0x02084d0c                strncpy
 .text._raise_r
                0x02084d32       0x50 D:/Renesas/RA/e2studio_v2026-04.2_fsp_v6.5.0/toolchains/gcc_arm/13.2.rel1/bin/../lib/gcc/arm-none-eabi/13.2.1/thumb/v8-m.main+fp/hard\libg_nano.a(libc_a-signal.o)
                0x02084d32                _raise_r
 *fill*         0x02084d82        0x2 
 .text.raise    0x02084d84       0x10 D:/Renesas/RA/e2studio_v2026-04.2_fsp_v6.5.0/toolchains/gcc_arm/13.2.rel1/bin/../lib/gcc/arm-none-eabi/13.2.1/thumb/v8-m.main+fp/hard\libg_nano.a(libc_a-signal.o)
                0x02084d84                raise
 .text._localeconv_r
                0x02084d94        0x8 D:/Renesas/RA/e2studio_v2026-04.2_fsp_v6.5.0/toolchains/gcc_arm/13.2.rel1/bin/../lib/gcc/arm-none-eabi/13.2.1/thumb/v8-m.main+fp/hard\libg_nano.a(libc_a-localeconv.o)
                0x02084d94                _localeconv_r
 .text._kill_r  0x02084d9c       0x24 D:/Renesas/RA/e2studio_v2026-04.2_fsp_v6.5.0/toolchains/gcc_arm/13.2.rel1/bin/../lib/gcc/arm-none-eabi/13.2.1/thumb/v8-m.main+fp/hard\libg_nano.a(libc_a-signalr.o)
                0x02084d9c                _kill_r
 .text._getpid_r
                0x02084dc0        0x4 D:/Renesas/RA/e2studio_v2026-04.2_fsp_v6.5.0/toolchains/gcc_arm/13.2.rel1/bin/../lib/gcc/arm-none-eabi/13.2.1/thumb/v8-m.main+fp/hard\libg_nano.a(libc_a-signalr.o)
                0x02084dc0                _getpid_r
 .text._sbrk_r  0x02084dc4       0x20 D:/Renesas/RA/e2studio_v2026-04.2_fsp_v6.5.0/toolchains/gcc_arm/13.2.rel1/bin/../lib/gcc/arm-none-eabi/13.2.1/thumb/v8-m.main+fp/hard\libg_nano.a(libc_a-sbrkr.o)
                0x02084dc4                _sbrk_r
 .text.__errno  0x02084de4        0xc D:/Renesas/RA/e2studio_v2026-04.2_fsp_v6.5.0/toolchains/gcc_arm/13.2.rel1/bin/../lib/gcc/arm-none-eabi/13.2.1/thumb/v8-m.main+fp/hard\libg_nano.a(libc_a-errno.o)
                0x02084de4                __errno
 .text.__retarget_lock_acquire_recursive
                0x02084df0        0x2 D:/Renesas/RA/e2studio_v2026-04.2_fsp_v6.5.0/toolchains/gcc_arm/13.2.rel1/bin/../lib/gcc/arm-none-eabi/13.2.1/thumb/v8-m.main+fp/hard\libg_nano.a(libc_a-lock.o)
                0x02084df0                __retarget_lock_acquire_recursive
 .text.__retarget_lock_release_recursive
                0x02084df2        0x2 D:/Renesas/RA/e2studio_v2026-04.2_fsp_v6.5.0/toolchains/gcc_arm/13.2.rel1/bin/../lib/gcc/arm-none-eabi/13.2.1/thumb/v8-m.main+fp/hard\libg_nano.a(libc_a-lock.o)
                0x02084df2                __retarget_lock_release_recursive
 .text          0x02084df4       0x14 D:/Renesas/RA/e2studio_v2026-04.2_fsp_v6.5.0/toolchains/gcc_arm/13.2.rel1/bin/../lib/gcc/arm-none-eabi/13.2.1/thumb/v8-m.main+fp/hard\libg_nano.a(libc_a-strcmp.o)
                0x02084df4                strcmp
 .text.memchr   0x02084e08       0x1c D:/Renesas/RA/e2studio_v2026-04.2_fsp_v6.5.0/toolchains/gcc_arm/13.2.rel1/bin/../lib/gcc/arm-none-eabi/13.2.1/thumb/v8-m.main+fp/hard\libg_nano.a(libc_a-memchr-stub.o)
                0x02084e08                memchr
 .text.memcpy   0x02084e24       0x1a D:/Renesas/RA/e2studio_v2026-04.2_fsp_v6.5.0/toolchains/gcc_arm/13.2.rel1/bin/../lib/gcc/arm-none-eabi/13.2.1/thumb/v8-m.main+fp/hard\libg_nano.a(libc_a-memcpy-stub.o)
                0x02084e24                memcpy
 .text          0x02084e3e       0x10 D:/Renesas/RA/e2studio_v2026-04.2_fsp_v6.5.0/toolchains/gcc_arm/13.2.rel1/bin/../lib/gcc/arm-none-eabi/13.2.1/thumb/v8-m.main+fp/hard\libg_nano.a(libc_a-strlen.o)
                0x02084e3e                strlen
 *fill*         0x02084e4e        0x2 
 .text.nanf     0x02084e50        0xc D:/Renesas/RA/e2studio_v2026-04.2_fsp_v6.5.0/toolchains/gcc_arm/13.2.rel1/bin/../lib/gcc/arm-none-eabi/13.2.1/thumb/v8-m.main+fp/hard\libg_nano.a(libm_a-sf_nan.o)
                0x02084e50                nanf
 .text.quorem   0x02084e5c      0x11a D:/Renesas/RA/e2studio_v2026-04.2_fsp_v6.5.0/toolchains/gcc_arm/13.2.rel1/bin/../lib/gcc/arm-none-eabi/13.2.1/thumb/v8-m.main+fp/hard\libg_nano.a(libc_a-dtoa.o)
 *fill*         0x02084f76        0x2 
 .text._dtoa_r  0x02084f78      0xb7c D:/Renesas/RA/e2studio_v2026-04.2_fsp_v6.5.0/toolchains/gcc_arm/13.2.rel1/bin/../lib/gcc/arm-none-eabi/13.2.1/thumb/v8-m.main+fp/hard\libg_nano.a(libc_a-dtoa.o)
                0x02084f78                _dtoa_r
 .text._free_r  0x02085af4       0x94 D:/Renesas/RA/e2studio_v2026-04.2_fsp_v6.5.0/toolchains/gcc_arm/13.2.rel1/bin/../lib/gcc/arm-none-eabi/13.2.1/thumb/v8-m.main+fp/hard\libg_nano.a(libc_a-freer.o)
                0x02085af4                _free_r
 .text._Balloc  0x02085b88       0x80 D:/Renesas/RA/e2studio_v2026-04.2_fsp_v6.5.0/toolchains/gcc_arm/13.2.rel1/bin/../lib/gcc/arm-none-eabi/13.2.1/thumb/v8-m.main+fp/hard\libg_nano.a(libc_a-mprec.o)