Archive member included to satisfy reference by file (symbol)

C:/Users/29449/.renesas/platform/arm-gnu/13.3.Rel1/arm-gnu-toolchain-13.3.rel1-mingw-w64-i686-arm-none-eabi/bin/../lib/gcc/arm-none-eabi/13.3.1/thumb/v7e-m+fp/hard\libgcc.a(_arm_addsubdf3.o)
                              CMakeFiles/Armsync_Ctrller.elf.dir/src/cpp_main.cpp.obj (__aeabi_f2d)
C:/Users/29449/.renesas/platform/arm-gnu/13.3.Rel1/arm-gnu-toolchain-13.3.rel1-mingw-w64-i686-arm-none-eabi/bin/../lib/gcc/arm-none-eabi/13.3.1/thumb/v7e-m+fp/hard\libgcc.a(_aeabi_ldivmod.o)
                              CMakeFiles/Armsync_Ctrller.elf.dir/ra/fsp/src/r_sci_uart/r_sci_uart.c.obj (__aeabi_ldivmod)
C:/Users/29449/.renesas/platform/arm-gnu/13.3.Rel1/arm-gnu-toolchain-13.3.rel1-mingw-w64-i686-arm-none-eabi/bin/../lib/gcc/arm-none-eabi/13.3.1/thumb/v7e-m+fp/hard\libgcc.a(_udivmoddi4.o)
                              C:/Users/29449/.renesas/platform/arm-gnu/13.3.Rel1/arm-gnu-toolchain-13.3.rel1-mingw-w64-i686-arm-none-eabi/bin/../lib/gcc/arm-none-eabi/13.3.1/thumb/v7e-m+fp/hard\libgcc.a(_aeabi_ldivmod.o) (__udivmoddi4)
C:/Users/29449/.renesas/platform/arm-gnu/13.3.Rel1/arm-gnu-toolchain-13.3.rel1-mingw-w64-i686-arm-none-eabi/bin/../lib/gcc/arm-none-eabi/13.3.1/thumb/v7e-m+fp/hard\libgcc.a(unwind-arm.o)
                              CMakeFiles/Armsync_Ctrller.elf.dir/src/Components/Src/OneButtonTiny.cpp.obj (__aeabi_unwind_cpp_pr0)
C:/Users/29449/.renesas/platform/arm-gnu/13.3.Rel1/arm-gnu-toolchain-13.3.rel1-mingw-w64-i686-arm-none-eabi/bin/../lib/gcc/arm-none-eabi/13.3.1/thumb/v7e-m+fp/hard\libgcc.a(libunwind.o)
                              C:/Users/29449/.renesas/platform/arm-gnu/13.3.Rel1/arm-gnu-toolchain-13.3.rel1-mingw-w64-i686-arm-none-eabi/bin/../lib/gcc/arm-none-eabi/13.3.1/thumb/v7e-m+fp/hard\libgcc.a(unwind-arm.o) (restore_core_regs)
C:/Users/29449/.renesas/platform/arm-gnu/13.3.Rel1/arm-gnu-toolchain-13.3.rel1-mingw-w64-i686-arm-none-eabi/bin/../lib/gcc/arm-none-eabi/13.3.1/thumb/v7e-m+fp/hard\libgcc.a(pr-support.o)
                              C:/Users/29449/.renesas/platform/arm-gnu/13.3.Rel1/arm-gnu-toolchain-13.3.rel1-mingw-w64-i686-arm-none-eabi/bin/../lib/gcc/arm-none-eabi/13.3.1/thumb/v7e-m+fp/hard\libgcc.a(unwind-arm.o) (__gnu_unwind_execute)
C:/Users/29449/.renesas/platform/arm-gnu/13.3.Rel1/arm-gnu-toolchain-13.3.rel1-mingw-w64-i686-arm-none-eabi/bin/../lib/gcc/arm-none-eabi/13.3.1/thumb/v7e-m+fp/hard\libgcc.a(_dvmd_tls.o)
                              C:/Users/29449/.renesas/platform/arm-gnu/13.3.Rel1/arm-gnu-toolchain-13.3.rel1-mingw-w64-i686-arm-none-eabi/bin/../lib/gcc/arm-none-eabi/13.3.1/thumb/v7e-m+fp/hard\libgcc.a(_aeabi_ldivmod.o) (__aeabi_ldiv0)
C:/Users/29449/.renesas/platform/arm-gnu/13.3.Rel1/arm-gnu-toolchain-13.3.rel1-mingw-w64-i686-arm-none-eabi/bin/../lib/gcc/arm-none-eabi/13.3.1/thumb/v7e-m+fp/hard\libg_nano.a(libc_a-abort.o)
                              C:/Users/29449/.renesas/platform/arm-gnu/13.3.Rel1/arm-gnu-toolchain-13.3.rel1-mingw-w64-i686-arm-none-eabi/bin/../lib/gcc/arm-none-eabi/13.3.1/thumb/v7e-m+fp/hard\libgcc.a(unwind-arm.o) (abort)
C:/Users/29449/.renesas/platform/arm-gnu/13.3.Rel1/arm-gnu-toolchain-13.3.rel1-mingw-w64-i686-arm-none-eabi/bin/../lib/gcc/arm-none-eabi/13.3.1/thumb/v7e-m+fp/hard\libg_nano.a(libc_a-exit.o)
                              C:/Users/29449/.renesas/platform/arm-gnu/13.3.Rel1/arm-gnu-toolchain-13.3.rel1-mingw-w64-i686-arm-none-eabi/bin/../lib/gcc/arm-none-eabi/13.3.1/thumb/v7e-m+fp/hard/crt0.o (exit)
C:/Users/29449/.renesas/platform/arm-gnu/13.3.Rel1/arm-gnu-toolchain-13.3.rel1-mingw-w64-i686-arm-none-eabi/bin/../lib/gcc/arm-none-eabi/13.3.1/thumb/v7e-m+fp/hard\libg_nano.a(libc_a-nano-vfprintf_float.o)
                              (_printf_float)
C:/Users/29449/.renesas/platform/arm-gnu/13.3.Rel1/arm-gnu-toolchain-13.3.rel1-mingw-w64-i686-arm-none-eabi/bin/../lib/gcc/arm-none-eabi/13.3.1/thumb/v7e-m+fp/hard\libg_nano.a(libc_a-nano-vfprintf_i.o)
                              C:/Users/29449/.renesas/platform/arm-gnu/13.3.Rel1/arm-gnu-toolchain-13.3.rel1-mingw-w64-i686-arm-none-eabi/bin/../lib/gcc/arm-none-eabi/13.3.1/thumb/v7e-m+fp/hard\libg_nano.a(libc_a-nano-vfprintf_float.o) (_printf_common)
C:/Users/29449/.renesas/platform/arm-gnu/13.3.Rel1/arm-gnu-toolchain-13.3.rel1-mingw-w64-i686-arm-none-eabi/bin/../lib/gcc/arm-none-eabi/13.3.1/thumb/v7e-m+fp/hard\libg_nano.a(libc_a-findfp.o)
                              C:/Users/29449/.renesas/platform/arm-gnu/13.3.Rel1/arm-gnu-toolchain-13.3.rel1-mingw-w64-i686-arm-none-eabi/bin/../lib/gcc/arm-none-eabi/13.3.1/thumb/v7e-m+fp/hard\libg_nano.a(libc_a-exit.o) (__stdio_exit_handler)
C:/Users/29449/.renesas/platform/arm-gnu/13.3.Rel1/arm-gnu-toolchain-13.3.rel1-mingw-w64-i686-arm-none-eabi/bin/../lib/gcc/arm-none-eabi/13.3.1/thumb/v7e-m+fp/hard\libg_nano.a(libc_a-fwalk.o)
[...]
Memory Configuration

Name             Origin             Length             Attributes
RAM              0x20000000         0x00008000         xrw
FLASH            0x00000440         0x0003fbc0         xr
DATA_FLASH       0x40100000         0x00002000         xr
OPTION_SETTING_OFS0 0x00000400         0x00000004         r
OPTION_SETTING_OFS1 0x00000404         0x00000004         r
OPTION_SETTING_SECMPU 0x00000408         0x00000034         r
OPTION_SETTING_OSIS 0x01010018         0x00000020         r
FLASH_GAP        0x00000000         0x00000400         xr
*default*        0x00000000         0xffffffff

Linker script and memory map

LOAD C:/Users/29449/.renesas/platform/arm-gnu/13.3.Rel1/arm-gnu-toolchain-13.3.rel1-mingw-w64-i686-arm-none-eabi/bin/../lib/gcc/arm-none-eabi/13.3.1/thumb/v7e-m+fp/hard/crti.o
LOAD C:/Users/29449/.renesas/platform/arm-gnu/13.3.Rel1/arm-gnu-toolchain-13.3.rel1-mingw-w64-i686-arm-none-eabi/bin/../lib/gcc/arm-none-eabi/13.3.1/thumb/v7e-m+fp/hard/crtbegin.o
LOAD C:/Users/29449/.renesas/platform/arm-gnu/13.3.Rel1/arm-gnu-toolchain-13.3.rel1-mingw-w64-i686-arm-none-eabi/bin/../lib/gcc/arm-none-eabi/13.3.1/thumb/v7e-m+fp/hard/crt0.o
LOAD CMakeFiles/Armsync_Ctrller.elf.dir/ra/fsp/src/bsp/cmsis/Device/RENESAS/Source/startup.c.obj
LOAD CMakeFiles/Armsync_Ctrller.elf.dir/ra/fsp/src/bsp/cmsis/Device/RENESAS/Source/system.c.obj
LOAD CMakeFiles/Armsync_Ctrller.elf.dir/ra/fsp/src/bsp/mcu/all/bsp_clocks.c.obj
LOAD CMakeFiles/Armsync_Ctrller.elf.dir/ra/fsp/src/bsp/mcu/all/bsp_common.c.obj
LOAD CMakeFiles/Armsync_Ctrller.elf.dir/ra/fsp/src/bsp/mcu/all/bsp_delay.c.obj
LOAD CMakeFiles/Armsync_Ctrller.elf.dir/ra/fsp/src/bsp/mcu/all/bsp_group_irq.c.obj
LOAD CMakeFiles/Armsync_Ctrller.elf.dir/ra/fsp/src/bsp/mcu/all/bsp_guard.c.obj
LOAD CMakeFiles/Armsync_Ctrller.elf.dir/ra/fsp/src/bsp/mcu/all/bsp_io.c.obj
LOAD CMakeFiles/Armsync_Ctrller.elf.dir/ra/fsp/src/bsp/mcu/all/bsp_ipc.c.obj
LOAD CMakeFiles/Armsync_Ctrller.elf.dir/ra/fsp/src/bsp/mcu/all/bsp_irq.c.obj
LOAD CMakeFiles/Armsync_Ctrller.elf.dir/ra/fsp/src/bsp/mcu/all/bsp_macl.c.obj
LOAD CMakeFiles/Armsync_Ctrller.elf.dir/ra/fsp/src/bsp/mcu/all/bsp_ospi_b.c.obj
LOAD CMakeFiles/Armsync_Ctrller.elf.dir/ra/fsp/src/bsp/mcu/all/bsp_register_protection.c.obj
LOAD CMakeFiles/Armsync_Ctrller.elf.dir/ra/fsp/src/bsp/mcu/all/bsp_sbrk.c.obj
LOAD CMakeFiles/Armsync_Ctrller.elf.dir/ra/fsp/src/bsp/mcu/all/bsp_sdram.c.obj
LOAD CMakeFiles/Armsync_Ctrller.elf.dir/ra/fsp/src/bsp/mcu/all/bsp_security.c.obj
LOAD CMakeFiles/Armsync_Ctrller.elf.dir/ra/fsp/src/bsp/mcu/ra4m1/bsp_linker.c.obj
LOAD CMakeFiles/Armsync_Ctrller.elf.dir/ra/fsp/src/r_adc/r_adc.c.obj
LOAD CMakeFiles/Armsync_Ctrller.elf.dir/ra/fsp/src/r_agt/r_agt.c.obj
LOAD CMakeFiles/Armsync_Ctrller.elf.dir/ra/fsp/src/r_gpt/r_gpt.c.obj
LOAD CMakeFiles/Armsync_Ctrller.elf.dir/ra/fsp/src/r_icu/r_icu.c.obj
LOAD CMakeFiles/Armsync_Ctrller.elf.dir/ra/fsp/src/r_ioport/r_ioport.c.obj
LOAD CMakeFiles/Armsync_Ctrller.elf.dir/ra/fsp/src/r_sci_uart/r_sci_uart.c.obj
LOAD CMakeFiles/Armsync_Ctrller.elf.dir/ra_gen/common_data.c.obj
LOAD CMakeFiles/Armsync_Ctrller.elf.dir/ra_gen/hal_data.c.obj
LOAD CMakeFiles/Armsync_Ctrller.elf.dir/ra_gen/main.c.obj
LOAD CMakeFiles/Armsync_Ctrller.elf.dir/ra_gen/pin_data.c.obj
LOAD CMakeFiles/Armsync_Ctrller.elf.dir/ra_gen/vector_data.c.obj
LOAD CMakeFiles/Armsync_Ctrller.elf.dir/src/Components/Src/OneButtonTiny.cpp.obj
LOAD CMakeFiles/Armsync_Ctrller.elf.dir/src/Components/Src/adc.cpp.obj
LOAD CMakeFiles/Armsync_Ctrller.elf.dir/src/Components/Src/callbacks.cpp.obj
LOAD CMakeFiles/Armsync_Ctrller.elf.dir/src/Components/Src/periph.cpp.obj
LOAD CMakeFiles/Armsync_Ctrller.elf.dir/src/Components/Src/utils.cpp.obj
LOAD CMakeFiles/Armsync_Ctrller.elf.dir/src/cpp_main.cpp.obj
LOAD CMakeFiles/Armsync_Ctrller.elf.dir/src/hal_entry.cpp.obj
LOAD CMakeFiles/Armsync_Ctrller.elf.dir/src/hal_warmstart.c.obj
LOAD C:/Users/29449/.renesas/platform/arm-gnu/13.3.Rel1/arm-gnu-toolchain-13.3.rel1-mingw-w64-i686-arm-none-eabi/bin/../lib/gcc/arm-none-eabi/13.3.1/thumb/v7e-m+fp/hard\libstdc++_nano.a
LOAD C:/Users/29449/.renesas/platform/arm-gnu/13.3.Rel1/arm-gnu-toolchain-13.3.rel1-mingw-w64-i686-arm-none-eabi/bin/../lib/gcc/arm-none-eabi/13.3.1/thumb/v7e-m+fp/hard\libm.a
START GROUP
LOAD C:/Users/29449/.renesas/platform/arm-gnu/13.3.Rel1/arm-gnu-toolchain-13.3.rel1-mingw-w64-i686-arm-none-eabi/bin/../lib/gcc/arm-none-eabi/13.3.1/thumb/v7e-m+fp/hard\libgcc.a
LOAD C:/Users/29449/.renesas/platform/arm-gnu/13.3.Rel1/arm-gnu-toolchain-13.3.rel1-mingw-w64-i686-arm-none-eabi/bin/../lib/gcc/arm-none-eabi/13.3.1/thumb/v7e-m+fp/hard\libg_nano.a
LOAD C:/Users/29449/.renesas/platform/arm-gnu/13.3.Rel1/arm-gnu-toolchain-13.3.rel1-mingw-w64-i686-arm-none-eabi/bin/../lib/gcc/arm-none-eabi/13.3.1/thumb/v7e-m+fp/hard\libc_nano.a
END GROUP
START GROUP
LOAD C:/Users/29449/.renesas/platform/arm-gnu/13.3.Rel1/arm-gnu-toolchain-13.3.rel1-mingw-w64-i686-arm-none-eabi/bin/../lib/gcc/arm-none-eabi/13.3.1/thumb/v7e-m+fp/hard\libgcc.a
LOAD C:/Users/29449/.renesas/platform/arm-gnu/13.3.Rel1/arm-gnu-toolchain-13.3.rel1-mingw-w64-i686-arm-none-eabi/bin/../lib/gcc/arm-none-eabi/13.3.1/thumb/v7e-m+fp/hard\libc_nano.a
LOAD C:/Users/29449/.renesas/platform/arm-gnu/13.3.Rel1/arm-gnu-toolchain-13.3.rel1-mingw-w64-i686-arm-none-eabi/bin/../lib/gcc/arm-none-eabi/13.3.1/thumb/v7e-m+fp/hard\libnosys.a
END GROUP
START GROUP
LOAD C:/Users/29449/.renesas/platform/arm-gnu/13.3.Rel1/arm-gnu-toolchain-13.3.rel1-mingw-w64-i686-arm-none-eabi/bin/../lib/gcc/arm-none-eabi/13.3.1/thumb/v7e-m+fp/hard\libgcc.a
LOAD C:/Users/29449/.renesas/platform/arm-gnu/13.3.Rel1/arm-gnu-toolchain-13.3.rel1-mingw-w64-i686-arm-none-eabi/bin/../lib/gcc/arm-none-eabi/13.3.1/thumb/v7e-m+fp/hard\libc_nano.a
LOAD C:/Users/29449/.renesas/platform/arm-gnu/13.3.Rel1/arm-gnu-toolchain-13.3.rel1-mingw-w64-i686-arm-none-eabi/bin/../lib/gcc/arm-none-eabi/13.3.1/thumb/v7e-m+fp/hard\libnosys.a
END GROUP
LOAD C:/Users/29449/.renesas/platform/arm-gnu/13.3.Rel1/arm-gnu-toolchain-13.3.rel1-mingw-w64-i686-arm-none-eabi/bin/../lib/gcc/arm-none-eabi/13.3.1/thumb/v7e-m+fp/hard/crtend.o
LOAD C:/Users/29449/.renesas/platform/arm-gnu/13.3.Rel1/arm-gnu-toolchain-13.3.rel1-mingw-w64-i686-arm-none-eabi/bin/../lib/gcc/arm-none-eabi/13.3.1/thumb/v7e-m+fp/hard/crtn.o
                0x20000000                        RAM_START = 0x20000000
                0x00008000                        RAM_LENGTH = 0x8000
                0x00000440                        FLASH_START = 0x440
                0x0003fbc0                        FLASH_LENGTH = 0x3fbc0
                0x40100000                        DATA_FLASH_START = 0x40100000
                0x00002000                        DATA_FLASH_LENGTH = 0x2000
                0x00000400                        OPTION_SETTING_OFS0_START = 0x400
                0x00000004                        OPTION_SETTING_OFS0_LENGTH = 0x4
                0x00000404                        OPTION_SETTING_OFS1_START = 0x404
                0x00000004                        OPTION_SETTING_OFS1_LENGTH = 0x4
                0x00000408                        OPTION_SETTING_SECMPU_START = 0x408
                0x00000034                        OPTION_SETTING_SECMPU_LENGTH = 0x34
                0x01010018                        OPTION_SETTING_OSIS_START = 0x1010018
                0x00000020                        OPTION_SETTING_OSIS_LENGTH = 0x20
                0x00000000                        FLASH_GAP_START = 0x0
                0x00000400                        FLASH_GAP_LENGTH = 0x400
START GROUP
LOAD C:/Users/29449/.renesas/platform/arm-gnu/13.3.Rel1/arm-gnu-toolchain-13.3.rel1-mingw-w64-i686-arm-none-eabi/bin/../lib/gcc/arm-none-eabi/13.3.1/thumb/v7e-m+fp/hard\libgcc.a
LOAD C:/Users/29449/.renesas/platform/arm-gnu/13.3.Rel1/arm-gnu-toolchain-13.3.rel1-mingw-w64-i686-arm-none-eabi/bin/../lib/gcc/arm-none-eabi/13.3.1/thumb/v7e-m+fp/hard\libc.a
LOAD C:/Users/29449/.renesas/platform/arm-gnu/13.3.Rel1/arm-gnu-toolchain-13.3.rel1-mingw-w64-i686-arm-none-eabi/bin/../lib/gcc/arm-none-eabi/13.3.1/thumb/v7e-m+fp/hard\libm.a
END GROUP

.data_flash.startof
                0x40100000        0x0
                0x40100000                        __ddsc_DATA_FLASH_START = .

.ram.startof    0x20000000        0x0
                0x20000000                        __ddsc_RAM_START = .

__ram_dtc_vector$$
                0x20000000        0x0
                0x20000000                        __ram_dtc_vector$$Base = .
 *(.fsp_dtc_vector_table)
                0x20000000                        __ram_dtc_vector$$Limit = .

__ram_from_data_flash$$
                0x20000000        0x0 load address 0x40100000
                0x20000000                        __ram_from_data_flash$$Base = .
                0x40100000                        __ram_from_data_flash$$Load = LOADADDR (__ram_from_data_flash$$)
 *(.ram_from_data_flash)
 *(.ram_code_from_data_flash)
                0x20000000                        __ram_from_data_flash$$Limit = .

__data_flash_readonly$$
                0x40100000        0x0
                0x40100000                        __data_flash_readonly$$Base = .
 *(.data_flash)
 *(.data_flash_code)
                0x40100000                        __data_flash_readonly$$Limit = .

__data_flash_noinit$$
                0x40100000        0x0
                0x40100000                        __data_flash_noinit$$Base = .
 *(.data_flash_noinit)
                0x40100000                        __data_flash_noinit$$Limit = .

.data_flash.endof
                0x40100000        0x0
                0x40100000                        __ddsc_DATA_FLASH_END = .

.flash.startof  0x00000000        0x0
                0x00000000                        __ddsc_FLASH_START = .

__flash_vectors$$
                0x00000000       0x70
                0x00000000                        __flash_vectors$$Base = .
                0x00000000                        _VECTORS = .
 *(.fixed_vectors)
 .fixed_vectors
                0x00000000       0x40 CMakeFiles/Armsync_Ctrller.elf.dir/ra/fsp/src/bsp/cmsis/Device/RENESAS/Source/startup.c.obj
                0x00000000                __Vectors
 *(.application_vectors)
 .application_vectors
                0x00000040       0x30 CMakeFiles/Armsync_Ctrller.elf.dir/ra_gen/vector_data.c.obj
                0x00000040                g_vector_table
                0x00000070                        __flash_vectors$$Limit = .

__flash_readonly_gap$$
                0x00000070       0x3c
                0x00000070                        __flash_readonly_gap$$Base = .
 *bsp_linker.?*(.rodata.*)
 .rodata.g_init_info
                0x00000070       0x10 CMakeFiles/Armsync_Ctrller.elf.dir/ra/fsp/src/bsp/mcu/ra4m1/bsp_linker.c.obj
                0x00000070                g_init_info
 .rodata.copy_list
                0x00000080       0x20 CMakeFiles/Armsync_Ctrller.elf.dir/ra/fsp/src/bsp/mcu/ra4m1/bsp_linker.c.obj
 .rodata.zero_list
                0x000000a0        0xc CMakeFiles/Armsync_Ctrller.elf.dir/ra/fsp/src/bsp/mcu/ra4m1/bsp_linker.c.obj
 *(.flash_gap)
 *(.flash_gap_code)
                0x000000ac                        __flash_readonly_gap$$Limit = .

__flash_noinit$$
                0x00000440        0x0
                0x00000440                        __flash_noinit$$Base = .
 *(.flash_noinit)
                0x00000440                        __flash_noinit$$Limit = .

__ram_from_flash$$
                0x20000000      0x1c4 load address 0x00000440
                0x20000000                        __ram_from_flash$$Base = .
                0x00000440                        __ram_from_flash$$Load = LOADADDR (__ram_from_flash$$)
 *(.ram_from_flash)
 *(.ram_code_from_flash)
 *(.data*)
 .data.g_uart1_baud_setting
                0x20000000        0x4 CMakeFiles/Armsync_Ctrller.elf.dir/ra_gen/hal_data.c.obj
                0x20000000                g_uart1_baud_setting
 .data.g_uart2_baud_setting
                0x20000004        0x4 CMakeFiles/Armsync_Ctrller.elf.dir/ra_gen/hal_data.c.obj
                0x20000004                g_uart2_baud_setting
 .data._impure_ptr
                0x20000008        0x4 C:/Users/29449/.renesas/platform/arm-gnu/13.3.Rel1/arm-gnu-toolchain-13.3.rel1-mingw-w64-i686-arm-none-eabi/bin/../lib/gcc/arm-none-eabi/13.3.1/thumb/v7e-m+fp/hard\libg_nano.a(libc_a-impure.o)
                0x20000008                _impure_ptr
 .data._impure_data
                0x2000000c       0x4c C:/Users/29449/.renesas/platform/arm-gnu/13.3.Rel1/arm-gnu-toolchain-13.3.rel1-mingw-w64-i686-arm-none-eabi/bin/../lib/gcc/arm-none-eabi/13.3.1/thumb/v7e-m+fp/hard\libg_nano.a(libc_a-impure.o)
                0x2000000c                _impure_data
 .data.__global_locale
                0x20000058      0x16c C:/Users/29449/.renesas/platform/arm-gnu/13.3.Rel1/arm-gnu-toolchain-13.3.rel1-mingw-w64-i686-arm-none-eabi/bin/../lib/gcc/arm-none-eabi/13.3.1/thumb/v7e-m+fp/hard\libg_nano.a(libc_a-locale.o)
                0x20000058                __global_locale
 *(vtable)
                0x200001c4                        __ram_from_flash$$Limit = .

.tm_clone_table
                0x200001c4        0x0 load address 0x00000604
 .tm_clone_table
                0x200001c4        0x0 C:/Users/29449/.renesas/platform/arm-gnu/13.3.Rel1/arm-gnu-toolchain-13.3.rel1-mingw-w64-i686-arm-none-eabi/bin/../lib/gcc/arm-none-eabi/13.3.1/thumb/v7e-m+fp/hard/crtbegin.o
 .tm_clone_table
                0x200001c4        0x0 C:/Users/29449/.renesas/platform/arm-gnu/13.3.Rel1/arm-gnu-toolchain-13.3.rel1-mingw-w64-i686-arm-none-eabi/bin/../lib/gcc/arm-none-eabi/13.3.1/thumb/v7e-m+fp/hard/crtend.o

.igot.plt       0x200001c4        0x0 load address 0x00000604
 .igot.plt      0x200001c4        0x0 C:/Users/29449/.renesas/platform/arm-gnu/13.3.Rel1/arm-gnu-toolchain-13.3.rel1-mingw-w64-i686-arm-none-eabi/bin/../lib/gcc/arm-none-eabi/13.3.1/thumb/v7e-m+fp/hard/crtbegin.o

__ram_noinit$$  0x200001c8     0x3018 load address 0x00000604
                0x200001c8                        __ram_noinit$$Base = .
 *(.bss.g_heap)
 .bss.g_heap    0x200001c8     0x1000 CMakeFiles/Armsync_Ctrller.elf.dir/ra/fsp/src/bsp/cmsis/Device/RENESAS/Source/startup.c.obj
                0x200001c8                g_heap
 *(.bss.g_main_stack)
 .bss.g_main_stack
                0x200011c8     0x2000 CMakeFiles/Armsync_Ctrller.elf.dir/ra/fsp/src/bsp/cmsis/Device/RENESAS/Source/startup.c.obj
                0x200011c8                g_main_stack
 *(.ram_noinit)
 .ram_noinit    0x200031c8       0x18 CMakeFiles/Armsync_Ctrller.elf.dir/ra/fsp/src/bsp/mcu/all/bsp_clocks.c.obj
 *(.noinit)
                0x200031e0                        __ram_noinit$$Limit = .

__ram_zero$$    0x200031e0      0x3a8 load address 0x00000604
                0x200031e0                        __ram_zero$$Base = .
 *(.ram)
 *(.bss*)
 .bss.completed.1
                0x200031e0        0x1 C:/Users/29449/.renesas/platform/arm-gnu/13.3.Rel1/arm-gnu-toolchain-13.3.rel1-mingw-w64-i686-arm-none-eabi/bin/../lib/gcc/arm-none-eabi/13.3.1/thumb/v7e-m+fp/hard/crtbegin.o
 *fill*         0x200031e1        0x3 
 .bss.object.0  0x200031e4       0x18 C:/Users/29449/.renesas/platform/arm-gnu/13.3.Rel1/arm-gnu-toolchain-13.3.rel1-mingw-w64-i686-arm-none-eabi/bin/../lib/gcc/arm-none-eabi/13.3.1/thumb/v7e-m+fp/hard/crtbegin.o
 .bss.SystemCoreClock
                0x200031fc        0x4 CMakeFiles/Armsync_Ctrller.elf.dir/ra/fsp/src/bsp/cmsis/Device/RENESAS/Source/system.c.obj
                0x200031fc                SystemCoreClock
 .bss.g_bsp_group_irq_sources
                0x20003200       0x34 CMakeFiles/Armsync_Ctrller.elf.dir/ra/fsp/src/bsp/mcu/all/bsp_group_irq.c.obj
                0x20003200                g_bsp_group_irq_sources
 .bss.g_protect_pfswe_counter
                0x20003234        0x4 CMakeFiles/Armsync_Ctrller.elf.dir/ra/fsp/src/bsp/mcu/all/bsp_io.c.obj
                0x20003234                g_protect_pfswe_counter
 .bss.gp_renesas_isr_context
                0x20003238       0x30 CMakeFiles/Armsync_Ctrller.elf.dir/ra/fsp/src/bsp/mcu/all/bsp_irq.c.obj
                0x20003238                gp_renesas_isr_context
 .bss.g_protect_counters
                0x20003268        0xa CMakeFiles/Armsync_Ctrller.elf.dir/ra/fsp/src/bsp/mcu/all/bsp_register_protection.c.obj
                0x20003268                g_protect_counters
 *fill*         0x20003272        0x2 
 .bss.current_block_offset.0
                0x20003274        0x4 CMakeFiles/Armsync_Ctrller.elf.dir/ra/fsp/src/bsp/mcu/all/bsp_sbrk.c.obj
 .bss.gp_prv_agt_periods
                0x20003278        0x8 CMakeFiles/Armsync_Ctrller.elf.dir/ra/fsp/src/r_agt/r_agt.c.obj
 .bss.g_ioport_ctrl
                0x20003280        0x8 CMakeFiles/Armsync_Ctrller.elf.dir/ra_gen/common_data.c.obj
                0x20003280                g_ioport_ctrl
 .bss.g_external_irq0_ctrl
                0x20003288       0x10 CMakeFiles/Armsync_Ctrller.elf.dir/ra_gen/common_data.c.obj
                0x20003288                g_external_irq0_ctrl
 .bss.g_uart1_ctrl
                0x20003298       0x30 CMakeFiles/Armsync_Ctrller.elf.dir/ra_gen/hal_data.c.obj
                0x20003298                g_uart1_ctrl
 .bss.g_uart2_ctrl
                0x200032c8       0x30 CMakeFiles/Armsync_Ctrller.elf.dir/ra_gen/hal_data.c.obj
                0x200032c8                g_uart2_ctrl
 .bss.g_timer_main_ctrl
                0x200032f8       0x20 CMakeFiles/Armsync_Ctrller.elf.dir/ra_gen/hal_data.c.obj
                0x200032f8                g_timer_main_ctrl
 .bss.g_systick_ctrl
                0x20003318       0x20 CMakeFiles/Armsync_Ctrller.elf.dir/ra_gen/hal_data.c.obj
                0x20003318                g_systick_ctrl
 .bss.g_adc0_ctrl
                0x20003338       0x24 CMakeFiles/Armsync_Ctrller.elf.dir/ra_gen/hal_data.c.obj
                0x20003338                g_adc0_ctrl
 .bss.g_timer_buzzer_ctrl
                0x2000335c       0x20 CMakeFiles/Armsync_Ctrller.elf.dir/ra_gen/hal_data.c.obj
                0x2000335c                g_timer_buzzer_ctrl
 .bss._ZN7AdcBase12_initializedE
                0x2000337c        0x1 CMakeFiles/Armsync_Ctrller.elf.dir/src/Components/Src/adc.cpp.obj
                0x2000337c                AdcBase::_initialized
 .bss._ZN7AdcBase10_scan_doneE
                0x2000337d        0x1 CMakeFiles/Armsync_Ctrller.elf.dir/src/Components/Src/adc.cpp.obj
                0x2000337d                AdcBase::_scan_done
 .bss._ZZ8cpp_mainE6tx_led
                0x2000337e        0x1 CMakeFiles/Armsync_Ctrller.elf.dir/src/cpp_main.cpp.obj
 .bss._ZZ8cpp_mainE12tx_led_count
                0x2000337f        0x1 CMakeFiles/Armsync_Ctrller.elf.dir/src/cpp_main.cpp.obj
 .bss._ZZ8cpp_mainE3now
                0x20003380        0x4 CMakeFiles/Armsync_Ctrller.elf.dir/src/cpp_main.cpp.obj
 .bss._ZL6tx_buf
                0x20003384       0x80 CMakeFiles/Armsync_Ctrller.elf.dir/src/cpp_main.cpp.obj
 .bss._ZL18sliderPitchPercent
                0x20003404        0x4 CMakeFiles/Armsync_Ctrller.elf.dir/src/cpp_main.cpp.obj
 .bss._ZL17sliderGripPercent
                0x20003408        0x4 CMakeFiles/Armsync_Ctrller.elf.dir/src/cpp_main.cpp.obj
 .bss.armData   0x2000340c       0x18 CMakeFiles/Armsync_Ctrller.elf.dir/src/cpp_main.cpp.obj
                0x2000340c                armData
 .bss.is_calibrated
                0x20003424        0x1 CMakeFiles/Armsync_Ctrller.elf.dir/src/cpp_main.cpp.obj
                0x20003424                is_calibrated
 .bss.isKeyActive
                0x20003425        0x1 CMakeFiles/Armsync_Ctrller.elf.dir/src/cpp_main.cpp.obj
                0x20003425                isKeyActive
 .bss.uart2_send_pending
                0x20003426        0x1 CMakeFiles/Armsync_Ctrller.elf.dir/src/cpp_main.cpp.obj
                0x20003426                uart2_send_pending
 .bss.uart2_send_complete_flag
                0x20003427        0x1 CMakeFiles/Armsync_Ctrller.elf.dir/src/cpp_main.cpp.obj
                0x20003427                uart2_send_complete_flag
 .bss.uart1_send_complete_flag
                0x20003428        0x1 CMakeFiles/Armsync_Ctrller.elf.dir/src/cpp_main.cpp.obj
                0x20003428                uart1_send_complete_flag
 .bss.uart2_receive_complete_flag
                0x20003429        0x1 CMakeFiles/Armsync_Ctrller.elf.dir/src/cpp_main.cpp.obj
                0x20003429                uart2_receive_complete_flag
 .bss.uart1_receive_complete_flag
                0x2000342a        0x1 CMakeFiles/Armsync_Ctrller.elf.dir/src/cpp_main.cpp.obj
                0x2000342a                uart1_receive_complete_flag
 .bss.main_timer_call
                0x2000342b        0x1 CMakeFiles/Armsync_Ctrller.elf.dir/src/cpp_main.cpp.obj
                0x2000342b                main_timer_call
 .bss.sysTick   0x2000342c        0x4 CMakeFiles/Armsync_Ctrller.elf.dir/src/cpp_main.cpp.obj
                0x2000342c                sysTick
 .bss.sliderPitch
                0x20003430        0x8 CMakeFiles/Armsync_Ctrller.elf.dir/src/cpp_main.cpp.obj
                0x20003430                sliderPitch
 .bss.sliderGrip
                0x20003438        0x8 CMakeFiles/Armsync_Ctrller.elf.dir/src/cpp_main.cpp.obj
                0x20003438                sliderGrip
 .bss.__sf      0x20003440      0x138 C:/Users/29449/.renesas/platform/arm-gnu/13.3.Rel1/arm-gnu-toolchain-13.3.rel1-mingw-w64-i686-arm-none-eabi/bin/../lib/gcc/arm-none-eabi/13.3.1/thumb/v7e-m+fp/hard\libg_nano.a(libc_a-findfp.o)
                0x20003440                __sf
 .bss.errno     0x20003578        0x4 C:/Users/29449/.renesas/platform/arm-gnu/13.3.Rel1/arm-gnu-toolchain-13.3.rel1-mingw-w64-i686-arm-none-eabi/bin/../lib/gcc/arm-none-eabi/13.3.1/thumb/v7e-m+fp/hard\libg_nano.a(libc_a-reent.o)
                0x20003578                errno
 .bss.__lock___malloc_recursive_mutex
                0x2000357c        0x1 C:/Users/29449/.renesas/platform/arm-gnu/13.3.Rel1/arm-gnu-toolchain-13.3.rel1-mingw-w64-i686-arm-none-eabi/bin/../lib/gcc/arm-none-eabi/13.3.1/thumb/v7e-m+fp/hard\libg_nano.a(libc_a-lock.o)
                0x2000357c                __lock___malloc_recursive_mutex
 *fill*         0x2000357d        0x3 
 .bss.__malloc_sbrk_start
                0x20003580        0x4 C:/Users/29449/.renesas/platform/arm-gnu/13.3.Rel1/arm-gnu-toolchain-13.3.rel1-mingw-w64-i686-arm-none-eabi/bin/../lib/gcc/arm-none-eabi/13.3.1/thumb/v7e-m+fp/hard\libg_nano.a(libc_a-mallocr.o)
                0x20003580                __malloc_sbrk_start
 .bss.__malloc_free_list
                0x20003584        0x4 C:/Users/29449/.renesas/platform/arm-gnu/13.3.Rel1/arm-gnu-toolchain-13.3.rel1-mingw-w64-i686-arm-none-eabi/bin/../lib/gcc/arm-none-eabi/13.3.1/thumb/v7e-m+fp/hard\libg_nano.a(libc_a-mallocr.o)
                0x20003584                __malloc_free_list
                0x20003588                        __ram_zero$$Limit = .

__ram_thread_stack$$
                0x20003588        0x0 load address 0x00000608
                0x20003588                        __ram_thread_stack$$Base = .
 *(.stack?*)
                0x20003588                        __ram_thread_stack$$Limit = .

.ram.endof      0x20003600        0x0
                0x20003600                        __ddsc_RAM_END = .

__flash_readonly$$
                0x00000610     0x6cbc
                0x00000610                        __flash_readonly$$Base = .
 *(.flash)
 *(.flash_code)
 *(.text*)
 .text.deregister_tm_clones
                0x00000610       0x1c C:/Users/29449/.renesas/platform/arm-gnu/13.3.Rel1/arm-gnu-toolchain-13.3.rel1-mingw-w64-i686-arm-none-eabi/bin/../lib/gcc/arm-none-eabi/13.3.1/thumb/v7e-m+fp/hard/crtbegin.o
 .text.register_tm_clones
                0x0000062c       0x24 C:/Users/29449/.renesas/platform/arm-gnu/13.3.Rel1/arm-gnu-toolchain-13.3.rel1-mingw-w64-i686-arm-none-eabi/bin/../lib/gcc/arm-none-eabi/13.3.1/thumb/v7e-m+fp/hard/crtbegin.o
 .text.__do_global_dtors_aux
                0x00000650       0x28 C:/Users/29449/.renesas/platform/arm-gnu/13.3.Rel1/arm-gnu-toolchain-13.3.rel1-mingw-w64-i686-arm-none-eabi/bin/../lib/gcc/arm-none-eabi/13.3.1/thumb/v7e-m+fp/hard/crtbegin.o
 .text.frame_dummy
                0x00000678       0x24 C:/Users/29449/.renesas/platform/arm-gnu/13.3.Rel1/arm-gnu-toolchain-13.3.rel1-mingw-w64-i686-arm-none-eabi/bin/../lib/gcc/arm-none-eabi/13.3.1/thumb/v7e-m+fp/hard/crtbegin.o
 .text.Default_Handler
                0x0000069c        0x4 CMakeFiles/Armsync_Ctrller.elf.dir/ra/fsp/src/bsp/cmsis/Device/RENESAS/Source/startup.c.obj
                0x0000069c                DebugMon_Handler
                0x0000069c                HardFault_Handler
                0x0000069c                SysTick_Handler
                0x0000069c                PendSV_Handler
                0x0000069c                UsageFault_Handler
                0x0000069c                SecureFault_Handler
                0x0000069c                Default_Handler
                0x0000069c                MemManage_Handler
                0x0000069c                SVC_Handler
                0x0000069c                BusFault_Handler
 .text.Reset_Handler
                0x000006a0        0xc CMakeFiles/Armsync_Ctrller.elf.dir/ra/fsp/src/bsp/cmsis/Device/RENESAS/Source/startup.c.obj
                0x000006a0                Reset_Handler
 .text.SystemRuntimeInit
                0x000006ac       0x64 CMakeFiles/Armsync_Ctrller.elf.dir/ra/fsp/src/bsp/cmsis/Device/RENESAS/Source/system.c.obj
 .text.SystemInit
                0x00000710      0x13c CMakeFiles/Armsync_Ctrller.elf.dir/ra/fsp/src/bsp/cmsis/Device/RENESAS/Source/system.c.obj
                0x00000710                SystemInit
 .text.SystemCoreClockUpdate
                0x0000084c       0x28 CMakeFiles/Armsync_Ctrller.elf.dir/ra/fsp/src/bsp/mcu/all/bsp_clocks.c.obj
                0x0000084c                SystemCoreClockUpdate
 .text.bsp_clock_init
                0x00000874      0x128 CMakeFiles/Armsync_Ctrller.elf.dir/ra/fsp/src/bsp/mcu/all/bsp_clocks.c.obj
                0x00000874                bsp_clock_init
 .text.R_BSP_Init_RTC
                0x0000099c       0x28 CMakeFiles/Armsync_Ctrller.elf.dir/ra/fsp/src/bsp/mcu/all/bsp_clocks.c.obj
                0x0000099c                R_BSP_Init_RTC
 .text.bsp_init_internal
                0x000009c4        0x4 CMakeFiles/Armsync_Ctrller.elf.dir/ra/fsp/src/bsp/mcu/all/bsp_common.c.obj
                0x000009c4                bsp_init_internal
                0x000009c4                bsp_init
 .text.__assert_func
                0x000009c8        0x4 CMakeFiles/Armsync_Ctrller.elf.dir/ra/fsp/src/bsp/mcu/all/bsp_common.c.obj
                0x000009c8                __assert_func
 .text.bsp_prv_software_delay_loop
                0x000009cc        0xc CMakeFiles/Armsync_Ctrller.elf.dir/ra/fsp/src/bsp/mcu/all/bsp_delay.c.obj
                0x000009cc                bsp_prv_software_delay_loop
 .text.R_BSP_SoftwareDelay
                0x000009d8       0x50 CMakeFiles/Armsync_Ctrller.elf.dir/ra/fsp/src/bsp/mcu/all/bsp_delay.c.obj
                0x000009d8                R_BSP_SoftwareDelay
 .text.NMI_Handler
                0x00000a28       0x3c CMakeFiles/Armsync_Ctrller.elf.dir/ra/fsp/src/bsp/mcu/all/bsp_group_irq.c.obj
                0x00000a28                NMI_Handler
 .text.bsp_irq_cfg
                0x00000a64       0x2c CMakeFiles/Armsync_Ctrller.elf.dir/ra/fsp/src/bsp/mcu/all/bsp_irq.c.obj
                0x00000a64                bsp_irq_cfg
 .text.R_BSP_RegisterProtectEnable
                0x00000a90       0x60 CMakeFiles/Armsync_Ctrller.elf.dir/ra/fsp/src/bsp/mcu/all/bsp_register_protection.c.obj
                0x00000a90                R_BSP_RegisterProtectEnable
 .text.R_BSP_RegisterProtectDisable
                0x00000af0       0x54 CMakeFiles/Armsync_Ctrller.elf.dir/ra/fsp/src/bsp/mcu/all/bsp_register_protection.c.obj
                0x00000af0                R_BSP_RegisterProtectDisable
 .text._sbrk    0x00000b44       0x2c CMakeFiles/Armsync_Ctrller.elf.dir/ra/fsp/src/bsp/mcu/all/bsp_sbrk.c.obj
                0x00000b44                _sbrk
 .text.R_ADC_CallbackSet
                0x00000b70        0xc CMakeFiles/Armsync_Ctrller.elf.dir/ra/fsp/src/r_adc/r_adc.c.obj
                0x00000b70                R_ADC_CallbackSet
 .text.R_ADC_ScanStart
                0x00000b7c        0xc CMakeFiles/Armsync_Ctrller.elf.dir/ra/fsp/src/r_adc/r_adc.c.obj
                0x00000b7c                R_ADC_ScanStart
 .text.R_ADC_ScanGroupStart
                0x00000b88        0x4 CMakeFiles/Armsync_Ctrller.elf.dir/ra/fsp/src/r_adc/r_adc.c.obj
                0x00000b88                R_ADC_ScanGroupStart
 .text.R_ADC_ScanStop
                0x00000b8c        0xc CMakeFiles/Armsync_Ctrller.elf.dir/ra/fsp/src/r_adc/r_adc.c.obj
                0x00000b8c                R_ADC_ScanStop
 .text.R_ADC_StatusGet
                0x00000b98       0x10 CMakeFiles/Armsync_Ctrller.elf.dir/ra/fsp/src/r_adc/r_adc.c.obj
                0x00000b98                R_ADC_StatusGet
 .text.R_ADC_Read
                0x00000ba8       0x10 CMakeFiles/Armsync_Ctrller.elf.dir/ra/fsp/src/r_adc/r_adc.c.obj
                0x00000ba8                R_ADC_Read
 .text.R_ADC_Read32
                0x00000bb8       0x1c CMakeFiles/Armsync_Ctrller.elf.dir/ra/fsp/src/r_adc/r_adc.c.obj
                0x00000bb8                R_ADC_Read32
 .text.R_ADC_Calibrate
                0x00000bd4        0x4 CMakeFiles/Armsync_Ctrller.elf.dir/ra/fsp/src/r_adc/r_adc.c.obj
                0x00000bd4                R_ADC_Calibrate
 .text.R_ADC_OffsetSet
                0x00000bd8        0x4 CMakeFiles/Armsync_Ctrller.elf.dir/ra/fsp/src/r_adc/r_adc.c.obj
                0x00000bd8                R_ADC_OffsetSet
 .text.r_adc_call_callback
                0x00000bdc       0x54 CMakeFiles/Armsync_Ctrller.elf.dir/ra/fsp/src/r_adc/r_adc.c.obj
 .text.r_adc_scan_end_common_isr
                0x00000c30       0x5c CMakeFiles/Armsync_Ctrller.elf.dir/ra/fsp/src/r_adc/r_adc.c.obj
 .text.R_ADC_ScanCfg
                0x00000c8c      0x18c CMakeFiles/Armsync_Ctrller.elf.dir/ra/fsp/src/r_adc/r_adc.c.obj
                0x00000c8c                R_ADC_ScanCfg
 .text.R_ADC_InfoGet
                0x00000e18       0x64 CMakeFiles/Armsync_Ctrller.elf.dir/ra/fsp/src/r_adc/r_adc.c.obj
                0x00000e18                R_ADC_InfoGet
 .text.r_adc_irq_enable.part.0
                0x00000e7c       0x5c CMakeFiles/Armsync_Ctrller.elf.dir/ra/fsp/src/r_adc/r_adc.c.obj
 .text.R_ADC_Open
                0x00000ed8      0x134 CMakeFiles/Armsync_Ctrller.elf.dir/ra/fsp/src/r_adc/r_adc.c.obj
                0x00000ed8                R_ADC_Open
 .text.R_ADC_Close
                0x0000100c       0xfc CMakeFiles/Armsync_Ctrller.elf.dir/ra/fsp/src/r_adc/r_adc.c.obj
                0x0000100c                R_ADC_Close
 .text.adc_scan_end_isr
                0x00001108        0x8 CMakeFiles/Armsync_Ctrller.elf.dir/ra/fsp/src/r_adc/r_adc.c.obj
                0x00001108                adc_scan_end_isr
 .text.R_AGT_Enable
                0x00001110       0x24 CMakeFiles/Armsync_Ctrller.elf.dir/ra/fsp/src/r_agt/r_agt.c.obj
                0x00001110                R_AGT_Enable
 .text.R_AGT_Disable
                0x00001134       0x1c CMakeFiles/Armsync_Ctrller.elf.dir/ra/fsp/src/r_agt/r_agt.c.obj
                0x00001134                R_AGT_Disable
 .text.R_AGT_DutyCycleSet
                0x00001150        0x4 CMakeFiles/Armsync_Ctrller.elf.dir/ra/fsp/src/r_agt/r_agt.c.obj
                0x00001150                R_AGT_DutyCycleSet
 .text.R_AGT_CompareMatchSet
                0x00001154        0x4 CMakeFiles/Armsync_Ctrller.elf.dir/ra/fsp/src/r_agt/r_agt.c.obj
                0x00001154                R_AGT_CompareMatchSet
 .text.R_AGT_CallbackSet
                0x00001158        0xc CMakeFiles/Armsync_Ctrller.elf.dir/ra/fsp/src/r_agt/r_agt.c.obj
                0x00001158                R_AGT_CallbackSet
 .text.R_AGT_Open
                0x00001164      0x144 CMakeFiles/Armsync_Ctrller.elf.dir/ra/fsp/src/r_agt/r_agt.c.obj
                0x00001164                R_AGT_Open
 .text.R_AGT_InfoGet
                0x000012a8       0xe4 CMakeFiles/Armsync_Ctrller.elf.dir/ra/fsp/src/r_agt/r_agt.c.obj
                0x000012a8                R_AGT_InfoGet
 .text.R_AGT_Stop
                0x0000138c       0x24 CMakeFiles/Armsync_Ctrller.elf.dir/ra/fsp/src/r_agt/r_agt.c.obj
                0x0000138c                R_AGT_Stop
 .text.R_AGT_Reset
                0x000013b0       0x38 CMakeFiles/Armsync_Ctrller.elf.dir/ra/fsp/src/r_agt/r_agt.c.obj
                0x000013b0                R_AGT_Reset
 .text.R_AGT_PeriodSet
                0x000013e8       0x48 CMakeFiles/Armsync_Ctrller.elf.dir/ra/fsp/src/r_agt/r_agt.c.obj
                0x000013e8                R_AGT_PeriodSet
 .text.R_AGT_StatusGet
                0x00001430       0x48 CMakeFiles/Armsync_Ctrller.elf.dir/ra/fsp/src/r_agt/r_agt.c.obj
                0x00001430                R_AGT_StatusGet
 .text.R_AGT_Start
                0x00001478       0x60 CMakeFiles/Armsync_Ctrller.elf.dir/ra/fsp/src/r_agt/r_agt.c.obj
                0x00001478                R_AGT_Start
 .text.R_AGT_Close
                0x000014d8       0x7c CMakeFiles/Armsync_Ctrller.elf.dir/ra/fsp/src/r_agt/r_agt.c.obj
                0x000014d8                R_AGT_Close
 .text.agt_int_isr
                0x00001554       0x9c CMakeFiles/Armsync_Ctrller.elf.dir/ra/fsp/src/r_agt/r_agt.c.obj
                0x00001554                agt_int_isr
 .text.R_GPT_Start
                0x000015f0        0xc CMakeFiles/Armsync_Ctrller.elf.dir/ra/fsp/src/r_gpt/r_gpt.c.obj
                0x000015f0                R_GPT_Start
 .text.R_GPT_PeriodSet
                0x000015fc       0x30 CMakeFiles/Armsync_Ctrller.elf.dir/ra/fsp/src/r_gpt/r_gpt.c.obj
                0x000015fc                R_GPT_PeriodSet
 .text.R_GPT_InfoGet
                0x0000162c       0x3c CMakeFiles/Armsync_Ctrller.elf.dir/ra/fsp/src/r_gpt/r_gpt.c.obj
                0x0000162c                R_GPT_InfoGet
 .text.gpt_calculate_duty_cycle.isra.0
                0x00001668       0x64 CMakeFiles/Armsync_Ctrller.elf.dir/ra/fsp/src/r_gpt/r_gpt.c.obj
 .text.R_GPT_DutyCycleSet
                0x000016cc       0xbc CMakeFiles/Armsync_Ctrller.elf.dir/ra/fsp/src/r_gpt/r_gpt.c.obj
                0x000016cc                R_GPT_DutyCycleSet
 .text.R_GPT_Open
                0x00001788      0x4fc CMakeFiles/Armsync_Ctrller.elf.dir/ra/fsp/src/r_gpt/r_gpt.c.obj
                0x00001788                R_GPT_Open
 .text.R_ICU_ExternalIrqOpen
                0x00001c84       0x80 CMakeFiles/Armsync_Ctrller.elf.dir/ra/fsp/src/r_icu/r_icu.c.obj
                0x00001c84                R_ICU_ExternalIrqOpen
 .text.R_ICU_ExternalIrqEnable
                0x00001d04       0x44 CMakeFiles/Armsync_Ctrller.elf.dir/ra/fsp/src/r_icu/r_icu.c.obj
                0x00001d04                R_ICU_ExternalIrqEnable
 .text.R_ICU_ExternalIrqDisable
                0x00001d48       0x30 CMakeFiles/Armsync_Ctrller.elf.dir/ra/fsp/src/r_icu/r_icu.c.obj
                0x00001d48                R_ICU_ExternalIrqDisable
 .text.R_ICU_ExternalIrqCallbackSet
                0x00001d78        0x8 CMakeFiles/Armsync_Ctrller.elf.dir/ra/fsp/src/r_icu/r_icu.c.obj
                0x00001d78                R_ICU_ExternalIrqCallbackSet
 .text.R_ICU_ExternalIrqClose
                0x00001d80       0x4c CMakeFiles/Armsync_Ctrller.elf.dir/ra/fsp/src/r_icu/r_icu.c.obj
                0x00001d80                R_ICU_ExternalIrqClose
 .text.r_icu_isr
                0x00001dcc       0x74 CMakeFiles/Armsync_Ctrller.elf.dir/ra/fsp/src/r_icu/r_icu.c.obj
                0x00001dcc                r_icu_isr
 .text.R_IOPORT_PinRead
                0x00001e40       0x1c CMakeFiles/Armsync_Ctrller.elf.dir/ra/fsp/src/r_ioport/r_ioport.c.obj
                0x00001e40                R_IOPORT_PinRead
 .text.R_IOPORT_PinWrite
                0x00001e5c       0x24 CMakeFiles/Armsync_Ctrller.elf.dir/ra/fsp/src/r_ioport/r_ioport.c.obj
                0x00001e5c                R_IOPORT_PinWrite
 .text.bsp_vbatt_init
                0x00001e80       0xe8 CMakeFiles/Armsync_Ctrller.elf.dir/ra/fsp/src/r_ioport/r_ioport.c.obj
 .text.r_ioport_pins_config
                0x00001f68       0x9c CMakeFiles/Armsync_Ctrller.elf.dir/ra/fsp/src/r_ioport/r_ioport.c.obj
 .text.R_IOPORT_Open
                0x00002004       0x14 CMakeFiles/Armsync_Ctrller.elf.dir/ra/fsp/src/r_ioport/r_ioport.c.obj
                0x00002004                R_IOPORT_Open
 .text.R_SCI_UART_Close
                0x00002018       0xd0 CMakeFiles/Armsync_Ctrller.elf.dir/ra/fsp/src/r_sci_uart/r_sci_uart.c.obj
                0x00002018                R_SCI_UART_Close
 .text.R_SCI_UART_Read
                0x000020e8        0x8 CMakeFiles/Armsync_Ctrller.elf.dir/ra/fsp/src/r_sci_uart/r_sci_uart.c.obj
                0x000020e8                R_SCI_UART_Read
 .text.R_SCI_UART_Write
                0x000020f0       0x48 CMakeFiles/Armsync_Ctrller.elf.dir/ra/fsp/src/r_sci_uart/r_sci_uart.c.obj
                0x000020f0                R_SCI_UART_Write
 .text.R_SCI_UART_CallbackSet
                0x00002138        0xc CMakeFiles/Armsync_Ctrller.elf.dir/ra/fsp/src/r_sci_uart/r_sci_uart.c.obj
                0x00002138                R_SCI_UART_CallbackSet
 .text.R_SCI_UART_BaudSet
                0x00002144       0x44 CMakeFiles/Armsync_Ctrller.elf.dir/ra/fsp/src/r_sci_uart/r_sci_uart.c.obj
                0x00002144                R_SCI_UART_BaudSet
 .text.R_SCI_UART_InfoGet
                0x00002188        0xc CMakeFiles/Armsync_Ctrller.elf.dir/ra/fsp/src/r_sci_uart/r_sci_uart.c.obj
                0x00002188                R_SCI_UART_InfoGet
 .text.R_SCI_UART_Abort
                0x00002194       0x38 CMakeFiles/Armsync_Ctrller.elf.dir/ra/fsp/src/r_sci_uart/r_sci_uart.c.obj
                0x00002194                R_SCI_UART_Abort
 .text.R_SCI_UART_ReadStop
                0x000021cc        0xc CMakeFiles/Armsync_Ctrller.elf.dir/ra/fsp/src/r_sci_uart/r_sci_uart.c.obj
                0x000021cc                R_SCI_UART_ReadStop
 .text.R_SCI_UART_ReceiveSuspend
                0x000021d8        0x4 CMakeFiles/Armsync_Ctrller.elf.dir/ra/fsp/src/r_sci_uart/r_sci_uart.c.obj
                0x000021d8                R_SCI_UART_ReceiveSuspend
 .text.r_sci_uart_call_callback
                0x000021dc       0x44 CMakeFiles/Armsync_Ctrller.elf.dir/ra/fsp/src/r_sci_uart/r_sci_uart.c.obj
 .text.R_SCI_UART_ReceiveResume
                0x00002220        0x4 CMakeFiles/Armsync_Ctrller.elf.dir/ra/fsp/src/r_sci_uart/r_sci_uart.c.obj
                0x00002220                R_SCI_UART_ReceiveResume
 .text.R_SCI_UART_Open
                0x00002224      0x370 CMakeFiles/Armsync_Ctrller.elf.dir/ra/fsp/src/r_sci_uart/r_sci_uart.c.obj
                0x00002224                R_SCI_UART_Open
 .text.sci_uart_txi_isr
                0x00002594       0x9c CMakeFiles/Armsync_Ctrller.elf.dir/ra/fsp/src/r_sci_uart/r_sci_uart.c.obj
                0x00002594                sci_uart_txi_isr
 .text.sci_uart_rxi_isr
                0x00002630       0x90 CMakeFiles/Armsync_Ctrller.elf.dir/ra/fsp/src/r_sci_uart/r_sci_uart.c.obj
                0x00002630                sci_uart_rxi_isr
 .text.sci_uart_tei_isr
                0x000026c0       0x48 CMakeFiles/Armsync_Ctrller.elf.dir/ra/fsp/src/r_sci_uart/r_sci_uart.c.obj
                0x000026c0                sci_uart_tei_isr
 .text.sci_uart_eri_isr
                0x00002708       0x78 CMakeFiles/Armsync_Ctrller.elf.dir/ra/fsp/src/r_sci_uart/r_sci_uart.c.obj
                0x00002708                sci_uart_eri_isr
 .text.startup.main
                0x00002780        0xc CMakeFiles/Armsync_Ctrller.elf.dir/ra_gen/main.c.obj
                0x00002780                main
 .text._ZN7AdcBase4initEv
                0x0000278c       0x54 CMakeFiles/Armsync_Ctrller.elf.dir/src/Components/Src/adc.cpp.obj
                0x0000278c                AdcBase::init()
 .text._ZN7AdcBase9startScanEv
                0x000027e0       0x18 CMakeFiles/Armsync_Ctrller.elf.dir/src/Components/Src/adc.cpp.obj
                0x000027e0                AdcBase::startScan()
 .text._ZN7AdcBase10onScanCpltEv
                0x000027f8        0xc CMakeFiles/Armsync_Ctrller.elf.dir/src/Components/Src/adc.cpp.obj
                0x000027f8                AdcBase::onScanCplt()
 .text._ZN9AdcSliderC2E13e_adc_channeltt
                0x00002804        0xc CMakeFiles/Armsync_Ctrller.elf.dir/src/Components/Src/adc.cpp.obj
                0x00002804                AdcSlider::AdcSlider(e_adc_channel, unsigned short, unsigned short)
                0x00002804                AdcSlider::AdcSlider(e_adc_channel, unsigned short, unsigned short)
 .text._ZN9AdcSlider6updateEv
                0x00002810       0x20 CMakeFiles/Armsync_Ctrller.elf.dir/src/Components/Src/adc.cpp.obj
                0x00002810                AdcSlider::update()
 .text._ZNK9AdcSlider13_mapToPercentEv
                0x00002830       0x40 CMakeFiles/Armsync_Ctrller.elf.dir/src/Components/Src/adc.cpp.obj
                0x00002830                AdcSlider::_mapToPercent() const
 .text.ADC0_Callback
                0x00002870       0x20 CMakeFiles/Armsync_Ctrller.elf.dir/src/Components/Src/callbacks.cpp.obj
                0x00002870                ADC0_Callback
 .text.UART1_Callback
                0x00002890       0x24 CMakeFiles/Armsync_Ctrller.elf.dir/src/Components/Src/callbacks.cpp.obj
                0x00002890                UART1_Callback
 .text.UART2_Callback
                0x000028b4       0x24 CMakeFiles/Armsync_Ctrller.elf.dir/src/Components/Src/callbacks.cpp.obj
                0x000028b4                UART2_Callback
 .text.Timer_Main_Callback
                0x000028d8       0x18 CMakeFiles/Armsync_Ctrller.elf.dir/src/Components/Src/callbacks.cpp.obj
                0x000028d8                Timer_Main_Callback
 .text.Systick_Callback
                0x000028f0       0x14 CMakeFiles/Armsync_Ctrller.elf.dir/src/Components/Src/callbacks.cpp.obj
                0x000028f0                Systick_Callback
 .text.External_IRQ0_Callback
                0x00002904       0x10 CMakeFiles/Armsync_Ctrller.elf.dir/src/Components/Src/callbacks.cpp.obj
                0x00002904                External_IRQ0_Callback
 .text._ZN6Periph10initTimersEv
                0x00002914       0xb8 CMakeFiles/Armsync_Ctrller.elf.dir/src/Components/Src/periph.cpp.obj
                0x00002914                Periph::initTimers()
 .text._ZN6Periph4initEv
                0x000029cc       0x9c CMakeFiles/Armsync_Ctrller.elf.dir/src/Components/Src/periph.cpp.obj
                0x000029cc                Periph::init()
 .text._ZN6Periph18setBuzzerDutyCycleEh
                0x00002a68       0x78 CMakeFiles/Armsync_Ctrller.elf.dir/src/Components/Src/periph.cpp.obj
                0x00002a68                Periph::setBuzzerDutyCycle(unsigned char)
 .text._ZN6Periph13setBuzzerFreqEm
                0x00002ae0       0x24 CMakeFiles/Armsync_Ctrller.elf.dir/src/Components/Src/periph.cpp.obj
                0x00002ae0                Periph::setBuzzerFreq(unsigned long)
 .text._ZN5Utils7bytes2FEPKh
                0x00002b04        0xc CMakeFiles/Armsync_Ctrller.elf.dir/src/Components/Src/utils.cpp.obj
                0x00002b04                Utils::bytes2F(unsigned char const*)
 .text.cpp_main
                0x00002b10      0x31c CMakeFiles/Armsync_Ctrller.elf.dir/src/cpp_main.cpp.obj
                0x00002b10                cpp_main
 .text.startup._GLOBAL__sub_I_sliderGrip
                0x00002e2c       0x2c CMakeFiles/Armsync_Ctrller.elf.dir/src/cpp_main.cpp.obj
 .text.hal_entry
                0x00002e58        0x4 CMakeFiles/Armsync_Ctrller.elf.dir/src/hal_entry.cpp.obj
                0x00002e58                hal_entry
 .text.R_BSP_WarmStart
                0x00002e5c       0x28 CMakeFiles/Armsync_Ctrller.elf.dir/src/hal_warmstart.c.obj
                0x00002e5c                R_BSP_WarmStart
 .text          0x00002e84      0x378 C:/Users/29449/.renesas/platform/arm-gnu/13.3.Rel1/arm-gnu-toolchain-13.3.rel1-mingw-w64-i686-arm-none-eabi/bin/../lib/gcc/arm-none-eabi/13.3.1/thumb/v7e-m+fp/hard\libgcc.a(_arm_addsubdf3.o)
                0x00002e84                __aeabi_drsub
                0x00002e8c                __aeabi_dsub
                0x00002e8c                __subdf3
                0x00002e90                __aeabi_dadd
                0x00002e90                __adddf3
                0x00003108                __floatunsidf
                0x00003108                __aeabi_ui2d
                0x00003128                __floatsidf
                0x00003128                __aeabi_i2d
                0x0000314c                __aeabi_f2d
                0x0000314c                __extendsfdf2
                0x00003190                __floatundidf
                0x00003190                __aeabi_ul2d
                0x000031a0                __floatdidf
                0x000031a0                __aeabi_l2d
 .text.selfrel_offset31
                0x000031fc       0x14 C:/Users/29449/.renesas/platform/arm-gnu/13.3.Rel1/arm-gnu-toolchain-13.3.rel1-mingw-w64-i686-arm-none-eabi/bin/../lib/gcc/arm-none-eabi/13.3.1/thumb/v7e-m+fp/hard\libgcc.a(unwind-arm.o)
 .text.search_EIT_table
                0x00003210       0x68 C:/Users/29449/.renesas/platform/arm-gnu/13.3.Rel1/arm-gnu-toolchain-13.3.rel1-mingw-w64-i686-arm-none-eabi/bin/../lib/gcc/arm-none-eabi/13.3.1/thumb/v7e-m+fp/hard\libgcc.a(unwind-arm.o)
 .text.__gnu_unwind_get_pr_addr
                0x00003278       0x28 C:/Users/29449/.renesas/platform/arm-gnu/13.3.Rel1/arm-gnu-toolchain-13.3.rel1-mingw-w64-i686-arm-none-eabi/bin/../lib/gcc/arm-none-eabi/13.3.1/thumb/v7e-m+fp/hard\libgcc.a(unwind-arm.o)
 .text.get_eit_entry
                0x000032a0       0x98 C:/Users/29449/.renesas/platform/arm-gnu/13.3.Rel1/arm-gnu-toolchain-13.3.rel1-mingw-w64-i686-arm-none-eabi/bin/../lib/gcc/arm-none-eabi/13.3.1/thumb/v7e-m+fp/hard\libgcc.a(unwind-arm.o)
 .text.restore_non_core_regs
                0x00003338       0x58 C:/Users/29449/.renesas/platform/arm-gnu/13.3.Rel1/arm-gnu-toolchain-13.3.rel1-mingw-w64-i686-arm-none-eabi/bin/../lib/gcc/arm-none-eabi/13.3.1/thumb/v7e-m+fp/hard\libgcc.a(unwind-arm.o)
 .text._Unwind_decode_typeinfo_ptr.constprop.0
                0x00003390        0xc C:/Users/29449/.renesas/platform/arm-gnu/13.3.Rel1/arm-gnu-toolchain-13.3.rel1-mingw-w64-i686-arm-none-eabi/bin/../lib/gcc/arm-none-eabi/13.3.1/thumb/v7e-m+fp/hard\libgcc.a(unwind-arm.o)
 .text._Unwind_DebugHook
                0x0000339c        0x4 C:/Users/29449/.renesas/platform/arm-gnu/13.3.Rel1/arm-gnu-toolchain-13.3.rel1-mingw-w64-i686-arm-none-eabi/bin/../lib/gcc/arm-none-eabi/13.3.1/thumb/v7e-m+fp/hard\libgcc.a(unwind-arm.o)
 .text.unwind_phase2
                0x000033a0       0x3c C:/Users/29449/.renesas/platform/arm-gnu/13.3.Rel1/arm-gnu-toolchain-13.3.rel1-mingw-w64-i686-arm-none-eabi/bin/../lib/gcc/arm-none-eabi/13.3.1/thumb/v7e-m+fp/hard\libgcc.a(unwind-arm.o)
 .text.unwind_phase2_forced
                0x000033dc       0xd8 C:/Users/29449/.renesas/platform/arm-gnu/13.3.Rel1/arm-gnu-toolchain-13.3.rel1-mingw-w64-i686-arm-none-eabi/bin/../lib/gcc/arm-none-eabi/13.3.1/thumb/v7e-m+fp/hard\libgcc.a(unwind-arm.o)
 .text.__gnu_Unwind_RaiseException
                0x000034b4       0x68 C:/Users/29449/.renesas/platform/arm-gnu/13.3.Rel1/arm-gnu-toolchain-13.3.rel1-mingw-w64-i686-arm-none-eabi/bin/../lib/gcc/arm-none-eabi/13.3.1/thumb/v7e-m+fp/hard\libgcc.a(unwind-arm.o)
                0x000034b4                __gnu_Unwind_RaiseException
 .text.__gnu_Unwind_ForcedUnwind
                0x0000351c       0x10 C:/Users/29449/.renesas/platform/arm-gnu/13.3.Rel1/arm-gnu-toolchain-13.3.rel1-mingw-w64-i686-arm-none-eabi/bin/../lib/gcc/arm-none-eabi/13.3.1/thumb/v7e-m+fp/hard\libgcc.a(unwind-arm.o)
                0x0000351c                __gnu_Unwind_ForcedUnwind
 .text.__gnu_Unwind_Resume
                0x0000352c       0x44 C:/Users/29449/.renesas/platform/arm-gnu/13.3.Rel1/arm-gnu-toolchain-13.3.rel1-mingw-w64-i686-arm-none-eabi/bin/../lib/gcc/arm-none-eabi/13.3.1/thumb/v7e-m+fp/hard\libgcc.a(unwind-arm.o)
                0x0000352c                __gnu_Unwind_Resume
 .text.__gnu_Unwind_Resume_or_Rethrow
                0x00003570       0x14 C:/Users/29449/.renesas/platform/arm-gnu/13.3.Rel1/arm-gnu-toolchain-13.3.rel1-mingw-w64-i686-arm-none-eabi/bin/../lib/gcc/arm-none-eabi/13.3.1/thumb/v7e-m+fp/hard\libgcc.a(unwind-arm.o)
                0x00003570                __gnu_Unwind_Resume_or_Rethrow
 .text._Unwind_VRS_Get
                0x00003584       0x34 C:/Users/29449/.renesas/platform/arm-gnu/13.3.Rel1/arm-gnu-toolchain-13.3.rel1-mingw-w64-i686-arm-none-eabi/bin/../lib/gcc/arm-none-eabi/13.3.1/thumb/v7e-m+fp/hard\libgcc.a(unwind-arm.o)
                0x00003584                _Unwind_VRS_Get
 .text._Unwind_GetGR
                0x000035b8       0x1c C:/Users/29449/.renesas/platform/arm-gnu/13.3.Rel1/arm-gnu-toolchain-13.3.rel1-mingw-w64-i686-arm-none-eabi/bin/../lib/gcc/arm-none-eabi/13.3.1/thumb/v7e-m+fp/hard\libgcc.a(unwind-arm.o)
 .text._Unwind_VRS_Set
                0x000035d4       0x34 C:/Users/29449/.renesas/platform/arm-gnu/13.3.Rel1/arm-gnu-toolchain-13.3.rel1-mingw-w64-i686-arm-none-eabi/bin/../lib/gcc/arm-none-eabi/13.3.1/thumb/v7e-m+fp/hard\libgcc.a(unwind-arm.o)
                0x000035d4                _Unwind_VRS_Set
 .text._Unwind_SetGR
                0x00003608       0x18 C:/Users/29449/.renesas/platform/arm-gnu/13.3.Rel1/arm-gnu-toolchain-13.3.rel1-mingw-w64-i686-arm-none-eabi/bin/../lib/gcc/arm-none-eabi/13.3.1/thumb/v7e-m+fp/hard\libgcc.a(unwind-arm.o)
 .text.__gnu_Unwind_Backtrace
                0x00003620       0x84 C:/Users/29449/.renesas/platform/arm-gnu/13.3.Rel1/arm-gnu-toolchain-13.3.rel1-mingw-w64-i686-arm-none-eabi/bin/../lib/gcc/arm-none-eabi/13.3.1/thumb/v7e-m+fp/hard\libgcc.a(unwind-arm.o)
                0x00003620                __gnu_Unwind_Backtrace
 .text.__gnu_unwind_pr_common
                0x000036a4      0x2a4 C:/Users/29449/.renesas/platform/arm-gnu/13.3.Rel1/arm-gnu-toolchain-13.3.rel1-mingw-w64-i686-arm-none-eabi/bin/../lib/gcc/arm-none-eabi/13.3.1/thumb/v7e-m+fp/hard\libgcc.a(unwind-arm.o)
 .text.__aeabi_unwind_cpp_pr0
                0x00003948        0x8 C:/Users/29449/.renesas/platform/arm-gnu/13.3.Rel1/arm-gnu-toolchain-13.3.rel1-mingw-w64-i686-arm-none-eabi/bin/../lib/gcc/arm-none-eabi/13.3.1/thumb/v7e-m+fp/hard\libgcc.a(unwind-arm.o)
                0x00003948                __aeabi_unwind_cpp_pr0
 .text.__aeabi_unwind_cpp_pr1
                0x00003950        0x8 C:/Users/29449/.renesas/platform/arm-gnu/13.3.Rel1/arm-gnu-toolchain-13.3.rel1-mingw-w64-i686-arm-none-eabi/bin/../lib/gcc/arm-none-eabi/13.3.1/thumb/v7e-m+fp/hard\libgcc.a(unwind-arm.o)
                0x00003950                __aeabi_unwind_cpp_pr1
 .text.__aeabi_unwind_cpp_pr2
                0x00003958        0x8 C:/Users/29449/.renesas/platform/arm-gnu/13.3.Rel1/arm-gnu-toolchain-13.3.rel1-mingw-w64-i686-arm-none-eabi/bin/../lib/gcc/arm-none-eabi/13.3.1/thumb/v7e-m+fp/hard\libgcc.a(unwind-arm.o)
                0x00003958                __aeabi_unwind_cpp_pr2
 .text._Unwind_VRS_Pop
                0x00003960      0x2f0 C:/Users/29449/.renesas/platform/arm-gnu/13.3.Rel1/arm-gnu-toolchain-13.3.rel1-mingw-w64-i686-arm-none-eabi/bin/../lib/gcc/arm-none-eabi/13.3.1/thumb/v7e-m+fp/hard\libgcc.a(unwind-arm.o)
                0x00003960                _Unwind_VRS_Pop
 .text          0x00003c50      0x1ac C:/Users/29449/.renesas/platform/arm-gnu/13.3.Rel1/arm-gnu-toolchain-13.3.rel1-mingw-w64-i686-arm-none-eabi/bin/../lib/gcc/arm-none-eabi/13.3.1/thumb/v7e-m+fp/hard\libgcc.a(libunwind.o)
                0x00003c50                __restore_core_regs
                0x00003c50                restore_core_regs
                0x00003c68                __gnu_Unwind_Restore_VFP
                0x00003c70                __gnu_Unwind_Save_VFP
                0x00003c78                __gnu_Unwind_Restore_VFP_D
                0x00003c80                __gnu_Unwind_Save_VFP_D
                0x00003c88                __gnu_Unwind_Restore_VFP_D_16_to_31
                0x00003c90                __gnu_Unwind_Save_VFP_D_16_to_31
                0x00003c98                __gnu_Unwind_Restore_WMMXD
                0x00003cdc                __gnu_Unwind_Save_WMMXD
                0x00003d20                __gnu_Unwind_Restore_WMMXC
                0x00003d34                __gnu_Unwind_Save_WMMXC
                0x00003d48                ___Unwind_RaiseException
                0x00003d48                _Unwind_RaiseException
                0x00003d6c                _Unwind_Resume
                0x00003d6c                ___Unwind_Resume
                0x00003d90                _Unwind_Resume_or_Rethrow
                0x00003d90                ___Unwind_Resume_or_Rethrow
                0x00003db4                _Unwind_ForcedUnwind
                0x00003db4                ___Unwind_ForcedUnwind
                0x00003dd8                ___Unwind_Backtrace
                0x00003dd8                _Unwind_Backtrace
 .text.next_unwind_byte
                0x00003dfc       0x38 C:/Users/29449/.renesas/platform/arm-gnu/13.3.Rel1/arm-gnu-toolchain-13.3.rel1-mingw-w64-i686-arm-none-eabi/bin/../lib/gcc/arm-none-eabi/13.3.1/thumb/v7e-m+fp/hard\libgcc.a(pr-support.o)
 .text.__gnu_unwind_execute
                0x00003e34      0x2fc C:/Users/29449/.renesas/platform/arm-gnu/13.3.Rel1/arm-gnu-toolchain-13.3.rel1-mingw-w64-i686-arm-none-eabi/bin/../lib/gcc/arm-none-eabi/13.3.1/thumb/v7e-m+fp/hard\libgcc.a(pr-support.o)
                0x00003e34                __gnu_unwind_execute
 .text.abort    0x00004130        0xe C:/Users/29449/.renesas/platform/arm-gnu/13.3.Rel1/arm-gnu-toolchain-13.3.rel1-mingw-w64-i686-arm-none-eabi/bin/../lib/gcc/arm-none-eabi/13.3.1/thumb/v7e-m+fp/hard\libg_nano.a(libc_a-abort.o)
                0x00004130                abort
 .text.__cvt    0x0000413e       0xca C:/Users/29449/.renesas/platform/arm-gnu/13.3.Rel1/arm-gnu-toolchain-13.3.rel1-mingw-w64-i686-arm-none-eabi/bin/../lib/gcc/arm-none-eabi/13.3.1/thumb/v7e-m+fp/hard\libg_nano.a(libc_a-nano-vfprintf_float.o)
                0x0000413e                __cvt
 .text.__exponent
                0x00004208       0x74 C:/Users/29449/.renesas/platform/arm-gnu/13.3.Rel1/arm-gnu-toolchain-13.3.rel1-mingw-w64-i686-arm-none-eabi/bin/../lib/gcc/arm-none-eabi/13.3.1/thumb/v7e-m+fp/hard\libg_nano.a(libc_a-nano-vfprintf_float.o)
                0x00004208                __exponent
 .text._printf_float
                0x0000427c      0x454 C:/Users/29449/.renesas/platform/arm-gnu/13.3.Rel1/arm-gnu-toolchain-13.3.rel1-mingw-w64-i686-arm-none-eabi/bin/../lib/gcc/arm-none-eabi/13.3.1/thumb/v7e-m+fp/hard\libg_nano.a(libc_a-nano-vfprintf_float.o)
                0x0000427c                _printf_float
 .text._printf_common
                0x000046d0       0xda C:/Users/29449/.renesas/platform/arm-gnu/13.3.Rel1/arm-gnu-toolchain-13.3.rel1-mingw-w64-i686-arm-none-eabi/bin/../lib/gcc/arm-none-eabi/13.3.1/thumb/v7e-m+fp/hard\libg_nano.a(libc_a-nano-vfprintf_i.o)
                0x000046d0                _printf_common
 *fill*         0x000047aa        0x2 
 .text._printf_i
                0x000047ac      0x23c C:/Users/29449/.renesas/platform/arm-gnu/13.3.Rel1/arm-gnu-toolchain-13.3.rel1-mingw-w64-i686-arm-none-eabi/bin/../lib/gcc/arm-none-eabi/13.3.1/thumb/v7e-m+fp/hard\libg_nano.a(libc_a-nano-vfprintf_i.o)
                0x000047ac                _printf_i
 .text.sprintf  0x000049e8       0x44 C:/Users/29449/.renesas/platform/arm-gnu/13.3.Rel1/arm-gnu-toolchain-13.3.rel1-mingw-w64-i686-arm-none-eabi/bin/../lib/gcc/arm-none-eabi/13.3.1/thumb/v7e-m+fp/hard\libg_nano.a(libc_a-sprintf.o)
                0x000049e8                siprintf
                0x000049e8                sprintf
 .text.memset   0x00004a2c       0x10 C:/Users/29449/.renesas/platform/arm-gnu/13.3.Rel1/arm-gnu-toolchain-13.3.rel1-mingw-w64-i686-arm-none-eabi/bin/../lib/gcc/arm-none-eabi/13.3.1/thumb/v7e-m+fp/hard\libg_nano.a(libc_a-memset.o)
                0x00004a2c                memset
 .text._raise_r
                0x00004a3c       0x50 C:/Users/29449/.renesas/platform/arm-gnu/13.3.Rel1/arm-gnu-toolchain-13.3.rel1-mingw-w64-i686-arm-none-eabi/bin/../lib/gcc/arm-none-eabi/13.3.1/thumb/v7e-m+fp/hard\libg_nano.a(libc_a-signal.o)
                0x00004a3c                _raise_r
 .text.raise    0x00004a8c       0x10 C:/Users/29449/.renesas/platform/arm-gnu/13.3.Rel1/arm-gnu-toolchain-13.3.rel1-mingw-w64-i686-arm-none-eabi/bin/../lib/gcc/arm-none-eabi/13.3.1/thumb/v7e-m+fp/hard\libg_nano.a(libc_a-signal.o)
                0x00004a8c                raise
 .text._localeconv_r
                0x00004a9c        0x8 C:/Users/29449/.renesas/platform/arm-gnu/13.3.Rel1/arm-gnu-toolchain-13.3.rel1-mingw-w64-i686-arm-none-eabi/bin/../lib/gcc/arm-none-eabi/13.3.1/thumb/v7e-m+fp/hard\libg_nano.a(libc_a-localeconv.o)
                0x00004a9c                _localeconv_r
 .text._kill_r  0x00004aa4       0x24 C:/Users/29449/.renesas/platform/arm-gnu/13.3.Rel1/arm-gnu-toolchain-13.3.rel1-mingw-w64-i686-arm-none-eabi/bin/../lib/gcc/arm-none-eabi/13.3.1/thumb/v7e-m+fp/hard\libg_nano.a(libc_a-signalr.o)
                0x00004aa4                _kill_r
 .text._getpid_r
                0x00004ac8        0x4 C:/Users/29449/.renesas/platform/arm-gnu/13.3.Rel1/arm-gnu-toolchain-13.3.rel1-mingw-w64-i686-arm-none-eabi/bin/../lib/gcc/arm-none-eabi/13.3.1/thumb/v7e-m+fp/hard\libg_nano.a(libc_a-signalr.o)
                0x00004ac8                _getpid_r
 .text.__errno  0x00004acc        0xc C:/Users/29449/.renesas/platform/arm-gnu/13.3.Rel1/arm-gnu-toolchain-13.3.rel1-mingw-w64-i686-arm-none-eabi/bin/../lib/gcc/arm-none-eabi/13.3.1/thumb/v7e-m+fp/hard\libg_nano.a(libc_a-errno.o)
                0x00004acc                __errno
 .text.__retarget_lock_acquire_recursive
                0x00004ad8        0x2 C:/Users/29449/.renesas/platform/arm-gnu/13.3.Rel1/arm-gnu-toolchain-13.3.rel1-mingw-w64-i686-arm-none-eabi/bin/../lib/gcc/arm-none-eabi/13.3.1/thumb/v7e-m+fp/hard\libg_nano.a(libc_a-lock.o)
                0x00004ad8                __retarget_lock_acquire_recursive
 .text.__retarget_lock_release_recursive
                0x00004ada        0x2 C:/Users/29449/.renesas/platform/arm-gnu/13.3.Rel1/arm-gnu-toolchain-13.3.rel1-mingw-w64-i686-arm-none-eabi/bin/../lib/gcc/arm-none-eabi/13.3.1/thumb/v7e-m+fp/hard\libg_nano.a(libc_a-lock.o)
                0x00004ada                __retarget_lock_release_recursive
 *fill*         0x00004adc        0x4 
 .text          0x00004ae0       0xa0 C:/Users/29449/.renesas/platform/arm-gnu/13.3.Rel1/arm-gnu-toolchain-13.3.rel1-mingw-w64-i686-arm-none-eabi/bin/../lib/gcc/arm-none-eabi/13.3.1/thumb/v7e-m+fp/hard\libg_nano.a(libc_a-memchr.o)
                0x00004ae0                memchr
 .text.memcpy   0x00004b80       0x1c C:/Users/29449/.renesas/platform/arm-gnu/13.3.Rel1/arm-gnu-toolchain-13.3.rel1-mingw-w64-i686-arm-none-eabi/bin/../lib/gcc/arm-none-eabi/13.3.1/thumb/v7e-m+fp/hard\libg_nano.a(libc_a-memcpy-stub.o)
                0x00004b80                memcpy
 .text          0x00004b9c       0x10 C:/Users/29449/.renesas/platform/arm-gnu/13.3.Rel1/arm-gnu-toolchain-13.3.rel1-mingw-w64-i686-arm-none-eabi/bin/../lib/gcc/arm-none-eabi/13.3.1/thumb/v7e-m+fp/hard\libg_nano.a(libc_a-strlen.o)
                0x00004b9c                strlen
 .text.quorem   0x00004bac      0x110 C:/Users/29449/.renesas/platform/arm-gnu/13.3.Rel1/arm-gnu-toolchain-13.3.rel1-mingw-w64-i686-arm-none-eabi/bin/../lib/gcc/arm-none-eabi/13.3.1/thumb/v7e-m+fp/hard\libg_nano.a(libc_a-dtoa.o)
 *fill*         0x00004cbc        0x4 
 .text._dtoa_r  0x00004cc0      0xb74 C:/Users/29449/.renesas/platform/arm-gnu/13.3.Rel1/arm-gnu-toolchain-13.3.rel1-mingw-w64-i686-arm-none-eabi/bin/../lib/gcc/arm-none-eabi/13.3.1/thumb/v7e-m+fp/hard\libg_nano.a(libc_a-dtoa.o)
                0x00004cc0                _dtoa_r
 .text._free_r  0x00005834       0x94 C:/Users/29449/.renesas/platform/arm-gnu/13.3.Rel1/arm-gnu-toolchain-13.3.rel1-mingw-w64-i686-arm-none-eabi/bin/../lib/gcc/arm-none-eabi/13.3.1/thumb/v7e-m+fp/hard\libg_nano.a(libc_a-freer.o)
                0x00005834                _free_r
 .text.malloc   0x000058c8       0x10 C:/Users/29449/.renesas/platform/arm-gnu/13.3.Rel1/arm-gnu-toolchain-13.3.rel1-mingw-w64-i686-arm-none-eabi/bin/../lib/gcc/arm-none-eabi/13.3.1/thumb/v7e-m+fp/hard\libg_nano.a(libc_a-malloc.o)
                0x000058c8                malloc
 .text.sbrk_aligned
                0x000058d8       0x44 C:/Users/29449/.renesas/platform/arm-gnu/13.3.Rel1/arm-gnu-toolchain-13.3.rel1-mingw-w64-i686-arm-none-eabi/bin/../lib/gcc/arm-none-eabi/13.3.1/thumb/v7e-m+fp/hard\libg_nano.a(libc_a-mallocr.o)
 .text._malloc_r
                0x0000591c      0x100 C:/Users/29449/.renesas/platform/arm-gnu/13.3.Rel1/arm-gnu-toolchain-13.3.rel1-mingw-w64-i686-arm-none-eabi/bin/../lib/gcc/arm-none-eabi/13.3.1/thumb/v7e-m+fp/hard\libg_nano.a(libc_a-mallocr.o)
                0x0000591c                _malloc_r
 .text.__malloc_lock
                0x00005a1c        0xc C:/Users/29449/.renesas/platform/arm-gnu/13.3.Rel1/arm-gnu-toolchain-13.3.rel1-mingw-w64-i686-arm-none-eabi/bin/../lib/gcc/arm-none-eabi/13.3.1/thumb/v7e-m+fp/hard\libg_nano.a(libc_a-mlock.o)
                0x00005a1c                __malloc_lock
 .text.__malloc_unlock
                0x00005a28        0xc C:/Users/29449/.renesas/platform/arm-gnu/13.3.Rel1/arm-gnu-toolchain-13.3.rel1-mingw-w64-i686-arm-none-eabi/bin/../lib/gcc/arm-none-eabi/13.3.1/thumb/v7e-m+fp/hard\libg_nano.a(libc_a-mlock.o)
                0x00005a28                __malloc_unlock
 .text._Balloc  0x00005a34       0x80 C:/Users/29449/.renesas/platform/arm-gnu/13.3.Rel1/arm-gnu-toolchain-13.3.rel1-mingw-w64-i686-arm-none-eabi/bin/../lib/gcc/arm-none-eabi/13.3.1/thumb/v7e-m+fp/hard\libg_nano.a(libc_a-mprec.o)
                0x00005a34                _Balloc
 .text._Bfree   0x00005ab4       0x44 C:/Users/29449/.renesas/platform/arm-gnu/13.3.Rel1/arm-gnu-toolchain-13.3.rel1-mingw-w64-i686-arm-none-eabi/bin/../lib/gcc/arm-none-eabi/13.3.1/thumb/v7e-m+fp/hard\libg_nano.a(libc_a-mprec.o)
                0x00005ab4                _Bfree
 .text.__multadd
                0x00005af8       0x8c C:/Users/29449/.renesas/platform/arm-gnu/13.3.Rel1/arm-gnu-toolchain-13.3.rel1-mingw-w64-i686-arm-none-eabi/bin/../lib/gcc/arm-none-eabi/13.3.1/thumb/v7e-m+fp/hard\libg_nano.a(libc_a-mprec.o)
                0x00005af8                __multadd
 .text.__hi0bits
                0x00005b84       0x3e C:/Users/29449/.renesas/platform/arm-gnu/13.3.Rel1/arm-gnu-toolchain-13.3.rel1-mingw-w64-i686-arm-none-eabi/bin/../lib/gcc/arm-none-eabi/13.3.1/thumb/v7e-m+fp/hard\libg_nano.a(libc_a-mprec.o)
                0x00005b84                __hi0bits
 .text.__lo0bits
                0x00005bc2       0x5a C:/Users/29449/.renesas/platform/arm-gnu/13.3.Rel1/arm-gnu-toolchain-13.3.rel1-mingw-w64-i686-arm-none-eabi/bin/../lib/gcc/arm-none-eabi/13.3.1/thumb/v7e-m+fp/hard\libg_nano.a(libc_a-mprec.o)
                0x00005bc2                __lo0bits
 .text.__i2b    0x00005c1c       0x2c C:/Users/29449/.renesas/platform/arm-gnu/13.3.Rel1/arm-gnu-toolchain-13.3.rel1-mingw-w64-i686-arm-none-eabi/bin/../lib/gcc/arm-none-eabi/13.3.1/thumb/v7e-m+fp/hard\libg_nano.a(libc_a-mprec.o)
                0x00005c1c                __i2b
 .text.__multiply
                0x00005c48      0x144 C:/Users/29449/.renesas/platform/arm-gnu/13.3.Rel1/arm-gnu-toolchain-13.3.rel1-mingw-w64-i686-arm-none-eabi/bin/../lib/gcc/arm-none-eabi/13.3.1/thumb/v7e-m+fp/hard\libg_nano.a(libc_a-mprec.o)
                0x00005c48                __multiply
 .text.__pow5mult
                0x00005d8c       0xb4 C:/Users/29449/.renesas/platform/arm-gnu/13.3.Rel1/arm-gnu-toolchain-13.3.rel1-mingw-w64-i686-arm-none-eabi/bin/../lib/gcc/arm-none-eabi/13.3.1/thumb/v7e-m+fp/hard\libg_nano.a(libc_a-mprec.o)
                0x00005d8c                __pow5mult
 .text.__lshift
                0x00005e40       0xd8 C:/Users/29449/.renesas/platform/arm-gnu/13.3.Rel1/arm-gnu-toolchain-13.3.rel1-mingw-w64-i686-arm-none-eabi/bin/../lib/gcc/arm-none-eabi/13.3.1/thumb/v7e-m+fp/hard\libg_nano.a(libc_a-mprec.o)
                0x00005e40                __lshift
 .text.__mcmp   0x00005f18       0x36 C:/Users/29449/.renesas/platform/arm-gnu/13.3.Rel1/arm-gnu-toolchain-13.3.rel1-mingw-w64-i686-arm-none-eabi/bin/../lib/gcc/arm-none-eabi/13.3.1/thumb/v7e-m+fp/hard\libg_nano.a(libc_a-mprec.o)
                0x00005f18                __mcmp
 *fill*         0x00005f4e        0x2 
 .text.__mdiff  0x00005f50      0x128 C:/Users/29449/.renesas/platform/arm-gnu/13.3.Rel1/arm-gnu-toolchain-13.3.rel1-mingw-w64-i686-arm-none-eabi/bin/../lib/gcc/arm-none-eabi/13.3.1/thumb/v7e-m+fp/hard\libg_nano.a(libc_a-mprec.o)
                0x00005f50                __mdiff
 .text.__d2b    0x00006078       0xb0 C:/Users/29449/.renesas/platform/arm-gnu/13.3.Rel1/arm-gnu-toolchain-13.3.rel1-mingw-w64-i686-arm-none-eabi/bin/../lib/gcc/arm-none-eabi/13.3.1/thumb/v7e-m+fp/hard\libg_nano.a(libc_a-mprec.o)
                0x00006078                __d2b
 .text.__ssputs_r
                0x00006128       0xb6 C:/Users/29449/.renesas/platform/arm-gnu/13.3.Rel1/arm-gnu-toolchain-13.3.rel1-mingw-w64-i686-arm-none-eabi/bin/../lib/gcc/arm-none-eabi/13.3.1/thumb/v7e-m+fp/hard\libg_nano.a(libc_a-nano-svfprintf.o)
                0x00006128                __ssputs_r
 *fill*         0x000061de        0x2 
 .text._svfprintf_r
                0x000061e0      0x1f8 C:/Users/29449/.renesas/platform/arm-gnu/13.3.Rel1/arm-gnu-toolchain-13.3.rel1-mingw-w64-i686-arm-none-eabi/bin/../lib/gcc/arm-none-eabi/13.3.1/thumb/v7e-m+fp/hard\libg_nano.a(libc_a-nano-svfprintf.o)
                0x000061e0                _svfiprintf_r
                0x000061e0                _svfprintf_r
 .text.memmove  0x000063d8       0x34 C:/Users/29449/.renesas/platform/arm-gnu/13.3.Rel1/arm-gnu-toolchain-13.3.rel1-mingw-w64-i686-arm-none-eabi/bin/../lib/gcc/arm-none-eabi/13.3.1/thumb/v7e-m+fp/hard\libg_nano.a(libc_a-memmove.o)
                0x000063d8                memmove
 .text._sbrk_r  0x0000640c       0x20 C:/Users/29449/.renesas/platform/arm-gnu/13.3.Rel1/arm-gnu-toolchain-13.3.rel1-mingw-w64-i686-arm-none-eabi/bin/../lib/gcc/arm-none-eabi/13.3.1/thumb/v7e-m+fp/hard\libg_nano.a(libc_a-sbrkr.o)
                0x0000640c                _sbrk_r
 .text._calloc_r
                0x0000642c       0x28 C:/Users/29449/.renesas/platform/arm-gnu/13.3.Rel1/arm-gnu-toolchain-13.3.rel1-mingw-w64-i686-arm-none-eabi/bin/../lib/gcc/arm-none-eabi/13.3.1/thumb/v7e-m+fp/hard\libg_nano.a(libc_a-callocr.o)
                0x0000642c                _calloc_r
 .text.__ascii_mbtowc
                0x00006454       0x24 C:/Users/29449/.renesas/platform/arm-gnu/13.3.Rel1/arm-gnu-toolchain-13.3.rel1-mingw-w64-i686-arm-none-eabi/bin/../lib/gcc/arm-none-eabi/13.3.1/thumb/v7e-m+fp/hard\libg_nano.a(libc_a-mbtowc_r.o)
                0x00006454                __ascii_mbtowc
 .text._realloc_r
                0x00006478       0x5c C:/Users/29449/.renesas/platform/arm-gnu/13.3.Rel1/arm-gnu-toolchain-13.3.rel1-mingw-w64-i686-arm-none-eabi/bin/../lib/gcc/arm-none-eabi/13.3.1/thumb/v7e-m+fp/hard\libg_nano.a(libc_a-reallocr.o)
                0x00006478                _realloc_r
 .text.__ascii_wctomb
                0x000064d4       0x1a C:/Users/29449/.renesas/platform/arm-gnu/13.3.Rel1/arm-gnu-toolchain-13.3.rel1-mingw-w64-i686-arm-none-eabi/bin/../lib/gcc/arm-none-eabi/13.3.1/thumb/v7e-m+fp/hard\libg_nano.a(libc_a-wctomb_r.o)
                0x000064d4                __ascii_wctomb
 .text._malloc_usable_size_r
                0x000064ee       0x10 C:/Users/29449/.renesas/platform/arm-gnu/13.3.Rel1/arm-gnu-toolchain-13.3.rel1-mingw-w64-i686-arm-none-eabi/bin/../lib/gcc/arm-none-eabi/13.3.1/thumb/v7e-m+fp/hard\libg_nano.a(libc_a-msizer.o)
                0x000064ee                _malloc_usable_size_r
 *fill*         0x000064fe        0x2 
 .text          0x00006500      0x424 C:/Users/29449/.renesas/platform/arm-gnu/13.3.Rel1/arm-gnu-toolchain-13.3.rel1-mingw-w64-i686-arm-none-eabi/bin/../lib/gcc/arm-none-eabi/13.3.1/thumb/v7e-m+fp/hard\libgcc.a(_arm_muldivdf3.o)
                0x00006500                __aeabi_dmul
                0x00006500                __muldf3
                0x00006754                __divdf3
                0x00006754                __aeabi_ddiv
 .text          0x00006924      0x110 C:/Users/29449/.renesas/platform/arm-gnu/13.3.Rel1/arm-gnu-toolchain-13.3.rel1-mingw-w64-i686-arm-none-eabi/bin/../lib/gcc/arm-none-eabi/13.3.1/thumb/v7e-m+fp/hard\libgcc.a(_arm_cmpdf2.o)
                0x00006924                __gtdf2
                0x00006924                __gedf2
                0x0000692c                __ltdf2
                0x0000692c                __ledf2
                0x00006934                __nedf2
                0x00006934                __eqdf2
                0x00006934                __cmpdf2
                0x000069b0                __aeabi_cdrcmple
                0x000069c0                __aeabi_cdcmpeq
                0x000069c0                __aeabi_cdcmple
                0x000069d0                __aeabi_dcmpeq
                0x000069e4                __aeabi_dcmplt
                0x000069f8                __aeabi_dcmple
                0x00006a0c                __aeabi_dcmpge
                0x00006a20                __aeabi_dcmpgt
 .text          0x00006a34       0x2c C:/Users/29449/.renesas/platform/arm-gnu/13.3.Rel1/arm-gnu-toolchain-13.3.rel1-mingw-w64-i686-arm-none-eabi/bin/../lib/gcc/arm-none-eabi/13.3.1/thumb/v7e-m+fp/hard\libgcc.a(_arm_unorddf2.o)
                0x00006a34                __unorddf2
                0x00006a34                __aeabi_dcmpun
 .text          0x00006a60       0x50 C:/Users/29449/.renesas/platform/arm-gnu/13.3.Rel1/arm-gnu-toolchain-13.3.rel1-mingw-w64-i686-arm-none-eabi/bin/../lib/gcc/arm-none-eabi/13.3.1/thumb/v7e-m+fp/hard\libgcc.a(_arm_fixdfsi.o)
                0x00006a60                __aeabi_d2iz
                0x00006a60                __fixdfsi
 .text._getpid  0x00006ab0       0x10 C:/Users/29449/.renesas/platform/arm-gnu/13.3.Rel1/arm-gnu-toolchain-13.3.rel1-mingw-w64-i686-arm-none-eabi/bin/../lib/gcc/arm-none-eabi/13.3.1/thumb/v7e-m+fp/hard\libnosys.a(getpid.o)
                0x00006ab0                _getpid
 .text._kill    0x00006ac0       0x10 C:/Users/29449/.renesas/platform/arm-gnu/13.3.Rel1/arm-gnu-toolchain-13.3.rel1-mingw-w64-i686-arm-none-eabi/bin/../lib/gcc/arm-none-eabi/13.3.1/thumb/v7e-m+fp/hard\libnosys.a(kill.o)
                0x00006ac0                _kill
 .text._exit    0x00006ad0        0x4 C:/Users/29449/.renesas/platform/arm-gnu/13.3.Rel1/arm-gnu-toolchain-13.3.rel1-mingw-w64-i686-arm-none-eabi/bin/../lib/gcc/arm-none-eabi/13.3.1/thumb/v7e-m+fp/hard\libnosys.a(_exit.o)
                0x00006ad0                _exit
 *(.rodata*)
 .rodata.g_prcr_masks
                0x00006ad4        0xa CMakeFiles/Armsync_Ctrller.elf.dir/ra/fsp/src/bsp/mcu/all/bsp_register_protection.c.obj
 *fill*         0x00006ade        0x2 
 .rodata.g_adc_on_adc
                0x00006ae0       0x34 CMakeFiles/Armsync_Ctrller.elf.dir/ra/fsp/src/r_adc/r_adc.c.obj
                0x00006ae0                g_adc_on_adc
 .rodata.g_timer_on_agt
                0x00006b14       0x34 CMakeFiles/Armsync_Ctrller.elf.dir/ra/fsp/src/r_agt/r_agt.c.obj
                0x00006b14                g_timer_on_agt
 .rodata.g_external_irq_on_icu
                0x00006b48       0x14 CMakeFiles/Armsync_Ctrller.elf.dir/ra/fsp/src/r_icu/r_icu.c.obj
                0x00006b48                g_external_irq_on_icu
 .rodata.g_vbatt_pins_input
                0x00006b5c        0x6 CMakeFiles/Armsync_Ctrller.elf.dir/ra/fsp/src/r_ioport/r_ioport.c.obj
 *fill*         0x00006b62        0x2 
 .rodata.g_uart_on_sci
                0x00006b64       0x2c CMakeFiles/Armsync_Ctrller.elf.dir/ra/fsp/src/r_sci_uart/r_sci_uart.c.obj
                0x00006b64                g_uart_on_sci
 .rodata.g_external_irq0
                0x00006b90        0xc CMakeFiles/Armsync_Ctrller.elf.dir/ra_gen/common_data.c.obj
                0x00006b90                g_external_irq0
 .rodata.g_external_irq0_cfg
                0x00006b9c       0x14 CMakeFiles/Armsync_Ctrller.elf.dir/ra_gen/common_data.c.obj
                0x00006b9c                g_external_irq0_cfg
 .rodata.g_external_irq0_ext_cfg
                0x00006bb0        0x1 CMakeFiles/Armsync_Ctrller.elf.dir/ra_gen/common_data.c.obj
                0x00006bb0                g_external_irq0_ext_cfg
 *fill*         0x00006bb1        0x3 
 .rodata.g_uart1
                0x00006bb4        0xc CMakeFiles/Armsync_Ctrller.elf.dir/ra_gen/hal_data.c.obj
                0x00006bb4                g_uart1
 .rodata.g_uart1_cfg
                0x00006bc0       0x20 CMakeFiles/Armsync_Ctrller.elf.dir/ra_gen/hal_data.c.obj
                0x00006bc0                g_uart1_cfg
 .rodata.g_uart1_cfg_extend
                0x00006be0       0x14 CMakeFiles/Armsync_Ctrller.elf.dir/ra_gen/hal_data.c.obj
                0x00006be0                g_uart1_cfg_extend
 .rodata.g_uart2
                0x00006bf4        0xc CMakeFiles/Armsync_Ctrller.elf.dir/ra_gen/hal_data.c.obj
                0x00006bf4                g_uart2
 .rodata.g_uart2_cfg
                0x00006c00       0x20 CMakeFiles/Armsync_Ctrller.elf.dir/ra_gen/hal_data.c.obj
                0x00006c00                g_uart2_cfg
 .rodata.g_uart2_cfg_extend
                0x00006c20       0x14 CMakeFiles/Armsync_Ctrller.elf.dir/ra_gen/hal_data.c.obj
                0x00006c20                g_uart2_cfg_extend
 .rodata.g_timer_main
                0x00006c34        0xc CMakeFiles/Armsync_Ctrller.elf.dir/ra_gen/hal_data.c.obj
                0x00006c34                g_timer_main
 .rodata.g_timer_main_cfg
                0x00006c40       0x20 CMakeFiles/Armsync_Ctrller.elf.dir/ra_gen/hal_data.c.obj
                0x00006c40                g_timer_main_cfg
 .rodata.g_timer_main_extend
                0x00006c60        0x8 CMakeFiles/Armsync_Ctrller.elf.dir/ra_gen/hal_data.c.obj
                0x00006c60                g_timer_main_extend
 .rodata.g_systick
                0x00006c68        0xc CMakeFiles/Armsync_Ctrller.elf.dir/ra_gen/hal_data.c.obj
                0x00006c68                g_systick
 .rodata.g_systick_cfg
                0x00006c74       0x20 CMakeFiles/Armsync_Ctrller.elf.dir/ra_gen/hal_data.c.obj
                0x00006c74                g_systick_cfg
 .rodata.g_systick_extend
                0x00006c94        0x8 CMakeFiles/Armsync_Ctrller.elf.dir/ra_gen/hal_data.c.obj
                0x00006c94                g_systick_extend
 .rodata.g_adc0
                0x00006c9c       0x10 CMakeFiles/Armsync_Ctrller.elf.dir/ra_gen/hal_data.c.obj
                0x00006c9c                g_adc0
 .rodata.g_adc0_channel_cfg
                0x00006cac       0x14 CMakeFiles/Armsync_Ctrller.elf.dir/ra_gen/hal_data.c.obj
                0x00006cac                g_adc0_channel_cfg
 .rodata.g_adc0_cfg
                0x00006cc0       0x18 CMakeFiles/Armsync_Ctrller.elf.dir/ra_gen/hal_data.c.obj
                0x00006cc0                g_adc0_cfg
 .rodata.g_adc0_cfg_extend
                0x00006cd8        0xb CMakeFiles/Armsync_Ctrller.elf.dir/ra_gen/hal_data.c.obj
                0x00006cd8                g_adc0_cfg_extend
 *fill*         0x00006ce3        0x1 
 .rodata.g_timer_buzzer_cfg
                0x00006ce4       0x20 CMakeFiles/Armsync_Ctrller.elf.dir/ra_gen/hal_data.c.obj
                0x00006ce4                g_timer_buzzer_cfg
 .rodata.g_timer_buzzer_extend
                0x00006d04       0x58 CMakeFiles/Armsync_Ctrller.elf.dir/ra_gen/hal_data.c.obj
                0x00006d04                g_timer_buzzer_extend
 .rodata.g_bsp_pin_cfg
                0x00006d5c        0xc CMakeFiles/Armsync_Ctrller.elf.dir/ra_gen/pin_data.c.obj
                0x00006d5c                g_bsp_pin_cfg
 .rodata.g_bsp_pin_cfg_data
                0x00006d68       0x90 CMakeFiles/Armsync_Ctrller.elf.dir/ra_gen/pin_data.c.obj
                0x00006d68                g_bsp_pin_cfg_data
 .rodata.g_interrupt_event_link_select
                0x00006df8        0xc CMakeFiles/Armsync_Ctrller.elf.dir/ra_gen/vector_data.c.obj
                0x00006df8                g_interrupt_event_link_select
 .rodata._ZN7AdcBase4initEv.str1.4
                0x00006e04      0x13c CMakeFiles/Armsync_Ctrller.elf.dir/src/Components/Src/adc.cpp.obj
                                 0x82 (size before relaxing)
 .rodata._ZN6Periph10initTimersEv.str1.4
                0x00006f40       0x85 CMakeFiles/Armsync_Ctrller.elf.dir/src/Components/Src/periph.cpp.obj
 .rodata._ZN6Periph4initEv.str1.4
                0x00006f40       0x14 CMakeFiles/Armsync_Ctrller.elf.dir/src/Components/Src/periph.cpp.obj
 .rodata.cpp_main.str1.4
                0x00006f40       0x30 CMakeFiles/Armsync_Ctrller.elf.dir/src/cpp_main.cpp.obj
 .rodata._printf_float.str1.1
                0x00006f40      0x137 C:/Users/29449/.renesas/platform/arm-gnu/13.3.Rel1/arm-gnu-toolchain-13.3.rel1-mingw-w64-i686-arm-none-eabi/bin/../lib/gcc/arm-none-eabi/13.3.1/thumb/v7e-m+fp/hard\libg_nano.a(libc_a-nano-vfprintf_float.o)
                                 0x12 (size before relaxing)
 .rodata._printf_i.str1.1
                0x00007077       0x22 C:/Users/29449/.renesas/platform/arm-gnu/13.3.Rel1/arm-gnu-toolchain-13.3.rel1-mingw-w64-i686-arm-none-eabi/bin/../lib/gcc/arm-none-eabi/13.3.1/thumb/v7e-m+fp/hard\libg_nano.a(libc_a-nano-vfprintf_i.o)
 .rodata._dtoa_r.str1.1
                0x00007077       0x90 C:/Users/29449/.renesas/platform/arm-gnu/13.3.Rel1/arm-gnu-toolchain-13.3.rel1-mingw-w64-i686-arm-none-eabi/bin/../lib/gcc/arm-none-eabi/13.3.1/thumb/v7e-m+fp/hard\libg_nano.a(libc_a-dtoa.o)
 .rodata._Balloc.str1.1
                0x00007077       0x71 C:/Users/29449/.renesas/platform/arm-gnu/13.3.Rel1/arm-gnu-toolchain-13.3.rel1-mingw-w64-i686-arm-none-eabi/bin/../lib/gcc/arm-none-eabi/13.3.1/thumb/v7e-m+fp/hard\libg_nano.a(libc_a-mprec.o)
 .rodata.__multadd.str1.1
                0x00007077       0x11 C:/Users/29449/.renesas/platform/arm-gnu/13.3.Rel1/arm-gnu-toolchain-13.3.rel1-mingw-w64-i686-arm-none-eabi/bin/../lib/gcc/arm-none-eabi/13.3.1/thumb/v7e-m+fp/hard\libg_nano.a(libc_a-mprec.o)
 *fill*         0x00007077        0x1 
 .rodata.p05.0  0x00007078        0xc C:/Users/29449/.renesas/platform/arm-gnu/13.3.Rel1/arm-gnu-toolchain-13.3.rel1-mingw-w64-i686-arm-none-eabi/bin/../lib/gcc/arm-none-eabi/13.3.1/thumb/v7e-m+fp/hard\libg_nano.a(libc_a-mprec.o)
 *fill*         0x00007084        0x4 
 .rodata.__mprec_bigtens
                0x00007088       0x28 C:/Users/29449/.renesas/platform/arm-gnu/13.3.Rel1/arm-gnu-toolchain-13.3.rel1-mingw-w64-i686-arm-none-eabi/bin/../lib/gcc/arm-none-eabi/13.3.1/thumb/v7e-m+fp/hard\libg_nano.a(libc_a-mprec.o)
                0x00007088                __mprec_bigtens
 .rodata.__mprec_tens
                0x000070b0       0xc8 C:/Users/29449/.renesas/platform/arm-gnu/13.3.Rel1/arm-gnu-toolchain-13.3.rel1-mingw-w64-i686-arm-none-eabi/bin/../lib/gcc/arm-none-eabi/13.3.1/thumb/v7e-m+fp/hard\libg_nano.a(libc_a-mprec.o)
                0x000070b0                __mprec_tens
 .rodata._svfprintf_r.str1.1
                0x00007178       0x11 C:/Users/29449/.renesas/platform/arm-gnu/13.3.Rel1/arm-gnu-toolchain-13.3.rel1-mingw-w64-i686-arm-none-eabi/bin/../lib/gcc/arm-none-eabi/13.3.1/thumb/v7e-m+fp/hard\libg_nano.a(libc_a-nano-svfprintf.o)
 .rodata._setlocale_r.str1.1
                0x00007178        0x9 C:/Users/29449/.renesas/platform/arm-gnu/13.3.Rel1/arm-gnu-toolchain-13.3.rel1-mingw-w64-i686-arm-none-eabi/bin/../lib/gcc/arm-none-eabi/13.3.1/thumb/v7e-m+fp/hard\libg_nano.a(libc_a-locale.o)
 .rodata.str1.1
                0x00007178        0x2 C:/Users/29449/.renesas/platform/arm-gnu/13.3.Rel1/arm-gnu-toolchain-13.3.rel1-mingw-w64-i686-arm-none-eabi/bin/../lib/gcc/arm-none-eabi/13.3.1/thumb/v7e-m+fp/hard\libg_nano.a(libc_a-locale.o)
 .rodata._ctype_
                0x00007178      0x101 C:/Users/29449/.renesas/platform/arm-gnu/13.3.Rel1/arm-gnu-toolchain-13.3.rel1-mingw-w64-i686-arm-none-eabi/bin/../lib/gcc/arm-none-eabi/13.3.1/thumb/v7e-m+fp/hard\libg_nano.a(libc_a-ctype_.o)
                0x00007178                _ctype_
 *(.mcuboot_sce9_key)
 *(.version)
 *fill*         0x00007279        0x3 
 .version       0x0000727c       0x50 CMakeFiles/Armsync_Ctrller.elf.dir/ra/fsp/src/bsp/mcu/all/bsp_common.c.obj
                0x000072cc                        __flash_readonly$$Limit = .

.glue_7         0x000072cc        0x0
 .glue_7        0x000072cc        0x0 linker stubs

.glue_7t        0x000072cc        0x0
 .glue_7t       0x000072cc        0x0 linker stubs

.vfp11_veneer   0x000072cc        0x0
 .vfp11_veneer  0x000072cc        0x0 linker stubs

.v4_bx          0x000072cc        0x0
 .v4_bx         0x000072cc        0x0 linker stubs

.init           0x000072cc        0x4
 .init          0x000072cc        0x4 C:/Users/29449/.renesas/platform/arm-gnu/13.3.Rel1/arm-gnu-toolchain-13.3.rel1-mingw-w64-i686-arm-none-eabi/bin/../lib/gcc/arm-none-eabi/13.3.1/thumb/v7e-m+fp/hard/crti.o
                0x000072cc                _init

.fini           0x000072d0        0x4
 .fini          0x000072d0        0x4 C:/Users/29449/.renesas/platform/arm-gnu/13.3.Rel1/arm-gnu-toolchain-13.3.rel1-mingw-w64-i686-arm-none-eabi/bin/../lib/gcc/arm-none-eabi/13.3.1/thumb/v7e-m+fp/hard/crti.o
                0x000072d0                _fini

.iplt           0x000072d4        0x0
 .iplt          0x000072d4        0x0 C:/Users/29449/.renesas/platform/arm-gnu/13.3.Rel1/arm-gnu-toolchain-13.3.rel1-mingw-w64-i686-arm-none-eabi/bin/../lib/gcc/arm-none-eabi/13.3.1/thumb/v7e-m+fp/hard/crtbegin.o

__flash_ctor$$
 *crtbegin.o(.ctors)
 *crtbegin?.o(.ctors)
 EXCLUDE_FILE(*crtend.o *crtend?.o) *(.ctors)
 *(SORT_BY_NAME(.ctors.*))
 *(.ctors)
 *crtbegin.o(.dtors)
 *crtbegin?.o(.dtors)
 EXCLUDE_FILE(*crtend.o *crtend?.o) *(.dtors)
 *(SORT_BY_NAME(.dtors.*))
 *(.dtors)

__flash_preinit_array$$
                0x000072d4        0x0
                0x000072d4                        __preinit_array_start = .
 *(.preinit_array)
                0x000072d4                        __preinit_array_end = .

__flash_.got$$
 *(.got.plt)
 *(.got)

__flash_init_array$$
                0x000072d4        0x8
                0x000072d4                        __init_array_start = .
 *(SORT_BY_NAME(.init_array.*))
 *(.init_array)
 .init_array    0x000072d4        0x4 C:/Users/29449/.renesas/platform/arm-gnu/13.3.Rel1/arm-gnu-toolchain-13.3.rel1-mingw-w64-i686-arm-none-eabi/bin/../lib/gcc/arm-none-eabi/13.3.1/thumb/v7e-m+fp/hard/crtbegin.o
 .init_array    0x000072d8        0x4 CMakeFiles/Armsync_Ctrller.elf.dir/src/cpp_main.cpp.obj
                0x000072dc                        __init_array_end = .

__flash_fini_array$$
                0x000072dc        0x4
                0x000072dc                        __fini_array_start = .
 *(SORT_BY_NAME(.fini_array.*))
 *(.fini_array)
 .fini_array    0x000072dc        0x4 C:/Users/29449/.renesas/platform/arm-gnu/13.3.Rel1/arm-gnu-toolchain-13.3.rel1-mingw-w64-i686-arm-none-eabi/bin/../lib/gcc/arm-none-eabi/13.3.1/thumb/v7e-m+fp/hard/crtbegin.o
                0x000072e0                        __fini_array_end = .

__flash_arm.extab$$
                0x000072e0       0x18
 *(.ARM.extab*)
 .ARM.extab.text.ADC0_Callback
                0x000072e0        0xc CMakeFiles/Armsync_Ctrller.elf.dir/src/Components/Src/callbacks.cpp.obj
 .ARM.extab.text.Timer_Main_Callback
                0x000072ec        0xc CMakeFiles/Armsync_Ctrller.elf.dir/src/Components/Src/callbacks.cpp.obj
 *(.gnu.linkonce.armextab.*)

__flash_arm.exidx$$
                0x000072f8       0xd8
                0x000072f8                        __exidx_start = .
 *(.ARM.exidx*)
 .ARM.exidx.text._ZN7AdcBase4initEv
                0x000072f8        0x8 CMakeFiles/Armsync_Ctrller.elf.dir/src/Components/Src/adc.cpp.obj
 .ARM.exidx.text._ZN7AdcBase9startScanEv
                0x00007300        0x8 CMakeFiles/Armsync_Ctrller.elf.dir/src/Components/Src/adc.cpp.obj
 .ARM.exidx.text._ZN7AdcBase10onScanCpltEv
                0x00007308        0x0 CMakeFiles/Armsync_Ctrller.elf.dir/src/Components/Src/adc.cpp.obj
                                  0x8 (size before relaxing)
 .ARM.exidx.text._ZN9AdcSliderC2E13e_adc_channeltt
                0x00007308        0x0 CMakeFiles/Armsync_Ctrller.elf.dir/src/Components/Src/adc.cpp.obj
                                  0x8 (size before relaxing)
 .ARM.exidx.text._ZN9AdcSlider6updateEv
                0x00007308        0x0 CMakeFiles/Armsync_Ctrller.elf.dir/src/Components/Src/adc.cpp.obj
                                  0x8 (size before relaxing)
 .ARM.exidx.text._ZNK9AdcSlider13_mapToPercentEv
                0x00007308        0x0 CMakeFiles/Armsync_Ctrller.elf.dir/src/Components/Src/adc.cpp.obj
                                  0x8 (size before relaxing)
 .ARM.exidx.text.ADC0_Callback
                0x00007308        0x8 CMakeFiles/Armsync_Ctrller.elf.dir/src/Components/Src/callbacks.cpp.obj
 .ARM.exidx.text.UART1_Callback
                0x00007310        0x8 CMakeFiles/Armsync_Ctrller.elf.dir/src/Components/Src/callbacks.cpp.obj
 .ARM.exidx.text.UART2_Callback
                0x00007318        0x0 CMakeFiles/Armsync_Ctrller.elf.dir/src/Components/Src/callbacks.cpp.obj
                                  0x8 (size before relaxing)
 .ARM.exidx.text.Timer_Main_Callback
                0x00007318        0x8 CMakeFiles/Armsync_Ctrller.elf.dir/src/Components/Src/callbacks.cpp.obj
 .ARM.exidx.text.Systick_Callback
                0x00007320        0x8 CMakeFiles/Armsync_Ctrller.elf.dir/src/Components/Src/callbacks.cpp.obj
 .ARM.exidx.text.External_IRQ0_Callback
                0x00007328        0x0 CMakeFiles/Armsync_Ctrller.elf.dir/src/Components/Src/callbacks.cpp.obj
                                  0x8 (size before relaxing)
 .ARM.exidx.text._ZN6Periph10initTimersEv
                0x00007328        0x8 CMakeFiles/Armsync_Ctrller.elf.dir/src/Components/Src/periph.cpp.obj
 .ARM.exidx.text._ZN6Periph4initEv
                0x00007330        0x0 CMakeFiles/Armsync_Ctrller.elf.dir/src/Components/Src/periph.cpp.obj
                                  0x8 (size before relaxing)
 .ARM.exidx.text._ZN6Periph18setBuzzerDutyCycleEh
                0x00007330        0x8 CMakeFiles/Armsync_Ctrller.elf.dir/src/Components/Src/periph.cpp.obj
 .ARM.exidx.text._ZN6Periph13setBuzzerFreqEm
                0x00007338        0x0 CMakeFiles/Armsync_Ctrller.elf.dir/src/Components/Src/periph.cpp.obj
                                  0x8 (size before relaxing)
 .ARM.exidx.text._ZN5Utils7bytes2FEPKh
                0x00007338        0x8 CMakeFiles/Armsync_Ctrller.elf.dir/src/Components/Src/utils.cpp.obj
 .ARM.exidx.text.cpp_main
                0x00007340        0x8 CMakeFiles/Armsync_Ctrller.elf.dir/src/cpp_main.cpp.obj
 .ARM.exidx.text.startup._GLOBAL__sub_I_sliderGrip
                0x00007348        0x8 CMakeFiles/Armsync_Ctrller.elf.dir/src/cpp_main.cpp.obj
 .ARM.exidx.text.hal_entry
                0x00007350        0x0 CMakeFiles/Armsync_Ctrller.elf.dir/src/hal_entry.cpp.obj
                                  0x8 (size before relaxing)
 .ARM.exidx.text.selfrel_offset31
                0x00007350        0x0 C:/Users/29449/.renesas/platform/arm-gnu/13.3.Rel1/arm-gnu-toolchain-13.3.rel1-mingw-w64-i686-arm-none-eabi/bin/../lib/gcc/arm-none-eabi/13.3.1/thumb/v7e-m+fp/hard\libgcc.a(unwind-arm.o)
                                  0x8 (size before relaxing)
 .ARM.exidx.text.search_EIT_table
                0x00007350        0x0 C:/Users/29449/.renesas/platform/arm-gnu/13.3.Rel1/arm-gnu-toolchain-13.3.rel1-mingw-w64-i686-arm-none-eabi/bin/../lib/gcc/arm-none-eabi/13.3.1/thumb/v7e-m+fp/hard\libgcc.a(unwind-arm.o)
                                  0x8 (size before relaxing)
 .ARM.exidx.text.__gnu_unwind_get_pr_addr
                0x00007350        0x0 C:/Users/29449/.renesas/platform/arm-gnu/13.3.Rel1/arm-gnu-toolchain-13.3.rel1-mingw-w64-i686-arm-none-eabi/bin/../lib/gcc/arm-none-eabi/13.3.1/thumb/v7e-m+fp/hard\libgcc.a(unwind-arm.o)
                                  0x8 (size before relaxing)
 .ARM.exidx.text.get_eit_entry
                0x00007350        0x8 C:/Users/29449/.renesas/platform/arm-gnu/13.3.Rel1/arm-gnu-toolchain-13.3.rel1-mingw-w64-i686-arm-none-eabi/bin/../lib/gcc/arm-none-eabi/13.3.1/thumb/v7e-m+fp/hard\libgcc.a(unwind-arm.o)
 .ARM.exidx.text.restore_non_core_regs
                0x00007358        0x8 C:/Users/29449/.renesas/platform/arm-gnu/13.3.Rel1/arm-gnu-toolchain-13.3.rel1-mingw-w64-i686-arm-none-eabi/bin/../lib/gcc/arm-none-eabi/13.3.1/thumb/v7e-m+fp/hard\libgcc.a(unwind-arm.o)
 .ARM.exidx.text._Unwind_decode_typeinfo_ptr.constprop.0
                0x00007360        0x8 C:/Users/29449/.renesas/platform/arm-gnu/13.3.Rel1/arm-gnu-toolchain-13.3.rel1-mingw-w64-i686-arm-none-eabi/bin/../lib/gcc/arm-none-eabi/13.3.1/thumb/v7e-m+fp/hard\libgcc.a(unwind-arm.o)
 .ARM.exidx.text._Unwind_DebugHook
                0x00007368        0x0 C:/Users/29449/.renesas/platform/arm-gnu/13.3.Rel1/arm-gnu-toolchain-13.3.rel1-mingw-w64-i686-arm-none-eabi/bin/../lib/gcc/arm-none-eabi/13.3.1/thumb/v7e-m+fp/hard\libgcc.a(unwind-arm.o)
                                  0x8 (size before relaxing)
 .ARM.exidx.text.unwind_phase2
                0x00007368        0x8 C:/Users/29449/.renesas/platform/arm-gnu/13.3.Rel1/arm-gnu-toolchain-13.3.rel1-mingw-w64-i686-arm-none-eabi/bin/../lib/gcc/arm-none-eabi/13.3.1/thumb/v7e-m+fp/hard\libgcc.a(unwind-arm.o)
 .ARM.exidx.text.unwind_phase2_forced
                0x00007370        0x8 C:/Users/29449/.renesas/platform/arm-gnu/13.3.Rel1/arm-gnu-toolchain-13.3.rel1-mingw-w64-i686-arm-none-eabi/bin/../lib/gcc/arm-none-eabi/13.3.1/thumb/v7e-m+fp/hard\libgcc.a(unwind-arm.o)
 .ARM.exidx.text.__gnu_Unwind_RaiseException
                0x00007378        0x8 C:/Users/29449/.renesas/platform/arm-gnu/13.3.Rel1/arm-gnu-toolchain-13.3.rel1-mingw-w64-i686-arm-none-eabi/bin/../lib/gcc/arm-none-eabi/13.3.1/thumb/v7e-m+fp/hard\libgcc.a(unwind-arm.o)
 .ARM.exidx.text.__gnu_Unwind_ForcedUnwind
                0x00007380        0x8 C:/Users/29449/.renesas/platform/arm-gnu/13.3.Rel1/arm-gnu-toolchain-13.3.rel1-mingw-w64-i686-arm-none-eabi/bin/../lib/gcc/arm-none-eabi/13.3.1/thumb/v7e-m+fp/hard\libgcc.a(unwind-arm.o)
 .ARM.exidx.text.__gnu_Unwind_Resume
                0x00007388        0x8 C:/Users/29449/.renesas/platform/arm-gnu/13.3.Rel1/arm-gnu-toolchain-13.3.rel1-mingw-w64-i686-arm-none-eabi/bin/../lib/gcc/arm-none-eabi/13.3.1/thumb/v7e-m+fp/hard\libgcc.a(unwind-arm.o)
 .ARM.exidx.text.__gnu_Unwind_Resume_or_Rethrow
                0x00007390        0x8 C:/Users/29449/.renesas/platform/arm-gnu/13.3.Rel1/arm-gnu-toolchain-13.3.rel1-mingw-w64-i686-arm-none-eabi/bin/../lib/gcc/arm-none-eabi/13.3.1/thumb/v7e-m+fp/hard\libgcc.a(unwind-arm.o)
 .ARM.exidx.text._Unwind_VRS_Get
                0x00007398        0x0 C:/Users/29449/.renesas/platform/arm-gnu/13.3.Rel1/arm-gnu-toolchain-13.3.rel1-mingw-w64-i686-arm-none-eabi/bin/../lib/gcc/arm-none-eabi/13.3.1/thumb/v7e-m+fp/hard\libgcc.a(unwind-arm.o)
                                  0x8 (size before relaxing)
 .ARM.exidx.text._Unwind_GetGR
                0x00007398        0x0 C:/Users/29449/.renesas/platform/arm-gnu/13.3.Rel1/arm-gnu-toolchain-13.3.rel1-mingw-w64-i686-arm-none-eabi/bin/../lib/gcc/arm-none-eabi/13.3.1/thumb/v7e-m+fp/hard\libgcc.a(unwind-arm.o)
                                  0x8 (size before relaxing)
 .ARM.exidx.text._Unwind_VRS_Set
                0x00007398        0x0 C:/Users/29449/.renesas/platform/arm-gnu/13.3.Rel1/arm-gnu-toolchain-13.3.rel1-mingw-w64-i686-arm-none-eabi/bin/../lib/gcc/arm-none-eabi/13.3.1/thumb/v7e-m+fp/hard\libgcc.a(unwind-arm.o)
                                  0x8 (size before relaxing)
 .ARM.exidx.text._Unwind_SetGR
                0x00007398        0x0 C:/Users/29449/.renesas/platform/arm-gnu/13.3.Rel1/arm-gnu-toolchain-13.3.rel1-mingw-w64-i686-arm-none-eabi/bin/../lib/gcc/arm-none-eabi/13.3.1/thumb/v7e-m+fp/hard\libgcc.a(unwind-arm.o)
                                  0x8 (size before relaxing)
 .ARM.exidx.text.__gnu_Unwind_Backtrace
                0x00007398        0x8 C:/Users/29449/.renesas/platform/arm-gnu/13.3.Rel1/arm-gnu-toolchain-13.3.rel1-mingw-w64-i686-arm-none-eabi/bin/../lib/gcc/arm-none-eabi/13.3.1/thumb/v7e-m+fp/hard\libgcc.a(unwind-arm.o)
 .ARM.exidx.text.__gnu_unwind_pr_common
                0x000073a0        0x8 C:/Users/29449/.renesas/platform/arm-gnu/13.3.Rel1/arm-gnu-toolchain-13.3.rel1-mingw-w64-i686-arm-none-eabi/bin/../lib/gcc/arm-none-eabi/13.3.1/thumb/v7e-m+fp/hard\libgcc.a(unwind-arm.o)
 .ARM.exidx.text.__aeabi_unwind_cpp_pr0
                0x000073a8        0x8 C:/Users/29449/.renesas/platform/arm-gnu/13.3.Rel1/arm-gnu-toolchain-13.3.rel1-mingw-w64-i686-arm-none-eabi/bin/../lib/gcc/arm-none-eabi/13.3.1/thumb/v7e-m+fp/hard\libgcc.a(unwind-arm.o)
 .ARM.exidx.text.__aeabi_unwind_cpp_pr1
                0x000073b0        0x0 C:/Users/29449/.renesas/platform/arm-gnu/13.3.Rel1/arm-gnu-toolchain-13.3.rel1-mingw-w64-i686-arm-none-eabi/bin/../lib/gcc/arm-none-eabi/13.3.1/thumb/v7e-m+fp/hard\libgcc.a(unwind-arm.o)
                                  0x8 (size before relaxing)
 .ARM.exidx.text.__aeabi_unwind_cpp_pr2
                0x000073b0        0x0 C:/Users/29449/.renesas/platform/arm-gnu/13.3.Rel1/arm-gnu-toolchain-13.3.rel1-mingw-w64-i686-arm-none-eabi/bin/../lib/gcc/arm-none-eabi/13.3.1/thumb/v7e-m+fp/hard\libgcc.a(unwind-arm.o)
                                  0x8 (size before relaxing)
 .ARM.exidx.text._Unwind_VRS_Pop
                0x000073b0       0x10 C:/Users/29449/.renesas/platform/arm-gnu/13.3.Rel1/arm-gnu-toolchain-13.3.rel1-mingw-w64-i686-arm-none-eabi/bin/../lib/gcc/arm-none-eabi/13.3.1/thumb/v7e-m+fp/hard\libgcc.a(unwind-arm.o)
                                  0x8 (size before relaxing)
 .ARM.exidx.text.next_unwind_byte
                0x000073c0        0x0 C:/Users/29449/.renesas/platform/arm-gnu/13.3.Rel1/arm-gnu-toolchain-13.3.rel1-mingw-w64-i686-arm-none-eabi/bin/../lib/gcc/arm-none-eabi/13.3.1/thumb/v7e-m+fp/hard\libgcc.a(pr-support.o)
                                  0x8 (size before relaxing)
 .ARM.exidx.text.__gnu_unwind_execute