T1EF0 000:003.413   SEGGER J-Link V9.42 Log File
T1EF0 000:003.536   DLL Compiled: May  6 2026 12:25:27
T1EF0 000:003.539   Logging started @ 2026-08-21 12:55
T1EF0 000:003.543   Process: C:\Users\WilliTourt\.eclipse\com.renesas.platform_1941209572\DebugComp\RA\e2-server-gdb.exe
T1EF0 000:003.550 - 3.546ms 
T1EF0 000:003.560 JLINK_GetDLLVersion()
T1EF0 000:003.564 - 0.004ms returns 94200
T1EF0 000:005.319 JLINK_OpenEx(...)
T1EF0 000:012.581   Firmware: J-Link OB-RA4M2 compiled Dec 10 2025 15:52:53
T1EF0 000:013.143   Firmware: J-Link OB-RA4M2 compiled Dec 10 2025 15:52:53
T1EF0 000:026.800   Hardware: V1.00
T1EF0 000:026.817   S/N: 1089959627
T1EF0 000:026.822   OEM: SEGGER
T1EF0 000:026.829   Feature(s): None
T1EF0 000:027.345   Bootloader: 2021 May 14
T1EF0 000:028.030   USB speed mode: Full speed (12 MBit/s)
T1EF0 000:028.448   TELNET listener socket opened on port 19021
T1EF0 000:028.535   WEBSRV WEBSRV_Init(): Starting webserver thread(s)
T1EF0 000:028.599   WEBSRV Failed to put socket into listener state (port 19080)
T1EF0 000:028.684   WEBSRV Webserver running on local port 19081
T1EF0 000:028.760   Looking for J-Link GUI Server exe at: C:\Users\WilliTourt\.eclipse\com.renesas.platform_1941209572\DebugComp\RA\ARM\Segger_v9.42.0\JLinkGUIServer.exe
T1EF0 000:028.831   Looking for J-Link GUI Server exe at: D:\SEGGER\JLink_V942\JLinkGUIServer.exe
T1EF0 000:028.841   Forking J-Link GUI Server: D:\SEGGER\JLink_V942\JLinkGUIServer.exe
T1EF0 000:032.242   J-Link GUI Server info: "J-Link GUI server V9.42 "
T1EF0 000:032.492 - 27.169ms returns "O.K."
T1EF0 000:032.588 JLINK_ExecCommand("ProjectFile=E:\Folders\Documents\Dev\Renesas\RA8P1\Projects\ArmSync_Solution_CPU1/ArmSync_Solution_CPU1 Debug_Attach.jlink", ...). 
T1EF0 000:045.373 - 12.786ms returns 0x00
T1EF0 000:045.588 JLINK_ExecCommand("device=R7KA8P1KF_CPU1", ...). 
T1EF0 000:046.407   Flash bank @ 0x02000000: SFL: Parsing sectorization info from ELF file
T1EF0 000:046.419     FlashDevice.SectorInfo[0]: .SectorSize = 0x00000800, .SectorStartAddr = 0x00000000
T1EF0 000:046.424   FlashBank @0x02000000: Sectorization info from SFL ELF file ignored because sectorization override from DLL / XML file is active.
T1EF0 000:046.696   Flash bank @ 0x02E07400: SFL: Parsing sectorization info from ELF file
T1EF0 000:046.703     FlashDevice.SectorInfo[0]: .SectorSize = 0x00000010, .SectorStartAddr = 0x00000000
T1EF0 000:046.707   FlashBank @0x02C9F020: Sectorization info from SFL ELF file ignored because sectorization override from DLL / XML file is active.
T1EF0 000:046.719   Flash bank @ 0x02E07400: SFL: Parsing sectorization info from ELF file
T1EF0 000:046.724     FlashDevice.SectorInfo[0]: .SectorSize = 0x00000010, .SectorStartAddr = 0x00000000
T1EF0 000:046.728   FlashBank @0x02E07400: Sectorization info from SFL ELF file ignored because sectorization override from DLL / XML file is active.
T1EF0 000:046.748   Flash bank @ 0x12000000: SFL: Parsing sectorization info from ELF file
T1EF0 000:046.752     FlashDevice.SectorInfo[0]: .SectorSize = 0x00000800, .SectorStartAddr = 0x00000000
T1EF0 000:046.757   FlashBank @0x12000000: Sectorization info from SFL ELF file ignored because sectorization override from DLL / XML file is active.
T1EF0 000:047.014   Flash bank @ 0x12E07400: SFL: Parsing sectorization info from ELF file
T1EF0 000:047.019     FlashDevice.SectorInfo[0]: .SectorSize = 0x00000010, .SectorStartAddr = 0x00000000
T1EF0 000:047.024   FlashBank @0x12C9F4C0: Sectorization info from SFL ELF file ignored because sectorization override from DLL / XML file is active.
T1EF0 000:047.034   Flash bank @ 0x12E07400: SFL: Parsing sectorization info from ELF file
T1EF0 000:047.039     FlashDevice.SectorInfo[0]: .SectorSize = 0x00000010, .SectorStartAddr = 0x00000000
T1EF0 000:047.044   FlashBank @0x12E07780: Sectorization info from SFL ELF file ignored because sectorization override from DLL / XML file is active.
T1EF0 000:047.096   Flash bank @ 0x70000000: SFL: Parsing sectorization info from ELF file
T1EF0 000:047.102     FlashDevice.SectorInfo[0]: .SectorSize = 0x00010000, .SectorStartAddr = 0x00000000
T1EF0 000:053.007   Flash bank @ 0x78000000: SFL: Parsing sectorization info from ELF file
T1EF0 000:053.033     FlashDevice.SectorInfo[0]: .SectorSize = 0x00010000, .SectorStartAddr = 0x00000000
T1EF0 000:058.994   Flash bank @ 0x80000000: SFL: Parsing sectorization info from ELF file
T1EF0 000:059.013     FlashDevice.SectorInfo[0]: .SectorSize = 0x00010000, .SectorStartAddr = 0x00000000
T1EF0 000:070.205   Flash bank @ 0x90000000: SFL: Parsing sectorization info from ELF file
T1EF0 000:070.224     FlashDevice.SectorInfo[0]: .SectorSize = 0x00010000, .SectorStartAddr = 0x00000000
T1EF0 000:081.264   Device "R7KA8P1KF_CPU1" selected.
T1EF0 000:081.541 - 35.952ms returns 0x00
T1EF0 000:081.562 JLINK_TIF_GetAvailable(...)
T1EF0 000:081.922 - 0.359ms 
T1EF0 000:081.973 JLINK_TIF_Select(JLINKARM_TIF_SWD)
T1EF0 000:082.604 - 0.633ms returns 0x00
T1EF0 000:082.622 JLINK_SetSpeed(4000)
T1EF0 000:082.761 - 0.140ms 
T1EF0 000:082.784 JLINK_ReadMem(0xE000EDF0, 0x4 Bytes, ...)
T1EF0 000:082.946   ConfigTargetSettings() start
T1EF0 000:082.953    J-Link Script File: Executing ConfigTargetSettings()
T1EF0 000:082.960   Configuring FlashDLNoRMWThreshold=0x200 in order to make sure that option bytes programming is done via read-modify-write
T1EF0 000:085.643   ConfigTargetSettings() end - Took 2.68ms
T1EF0 000:085.652   InitTarget() start
T1EF0 000:085.657    J-Link Script File: Executing InitTarget()
T1EF0 000:085.661   Identifying target device...
T1EF0 000:085.666   SWD selected. Executing JTAG -> SWD switching sequence...
T1EF0 000:086.360   Initializing DAP...
T1EF0 000:086.969   DAP initialized successfully.
T1EF0 000:086.975   Determining TrustZone configuration...
T1EF0 000:087.772     Secure Debug: Enabled (SSD)
T1EF0 000:087.968   Determining currently configured transfer type by reading the AHB-AP CSW register.
T1EF0 000:088.717     --> Correct transfer type configured. Done.
T1EF0 000:089.513   Primary CPU:   CPU0 (CM85), OFS bit=0x00000001
T1EF0 000:089.526   Secondary CPU: CPU1 (CM33)
T1EF0 000:089.530   Note: Detected primary CPU is based on the 'Device Configuration Information Register for Debug' register. Verify register value if primary/secondary is unexpected (https://kb.segger.com/Renesas_RA8).
T1EF0 000:089.536   InitTarget() end - Took 3.87ms
T1EF0 000:090.052   Found SW-DP with ID 0x6BA02477
T1EF0 000:091.917   DPIDR: 0x6BA02477
T1EF0 000:091.926   CoreSight SoC-400 or earlier
T1EF0 000:091.954   AP map detection skipped. Manually configured AP map found.
T1EF0 000:091.960   AP[0]: AHB-AP (IDR: Not set, ADDR: 0x00000000)
T1EF0 000:091.965   AP[1]: APB-AP (IDR: Not set, ADDR: 0x00000000)
T1EF0 000:091.969   AP[2]: AHB-AP (IDR: Not set, ADDR: 0x00000000)
T1EF0 000:092.806   AP[2]: Core found
T1EF0 000:092.811   AP[2]: AHB-AP ROM base: 0xE00FE000
T1EF0 000:093.136   CPUID register: 0x410FD214. Implementer code: 0x41 (ARM)
T1EF0 000:093.141   Feature set: Mainline
T1EF0 000:093.469   Cache: No cache
T1EF0 000:093.477   Found Cortex-M33 r0p4, Little endian.
T1EF0 000:093.757   -- Max. mem block: 0x0001D3F0
T1EF0 000:094.424   CPU_ReadMem(4 bytes @ 0xE000EDF0)
T1EF0 000:094.796   CPU_ReadMem(4 bytes @ 0xE0002000)
T1EF0 000:095.043   FPUnit: 8 code (BP) slots and 0 literal slots
T1EF0 000:095.049   CPU_ReadMem(4 bytes @ 0xE000EDFC)
T1EF0 000:095.348   CPU_ReadMem(4 bytes @ 0xE0001000)
T1EF0 000:095.599   CPU_ReadMem(4 bytes @ 0xE0001000)
T1EF0 000:095.863   CPU_ReadMem(4 bytes @ 0xE0001028)
T1EF0 000:096.112   CPU_ReadMem(4 bytes @ 0xE0001038)
T1EF0 000:096.388   CPU_ReadMem(4 bytes @ 0xE0001048)
T1EF0 000:096.692   CPU_ReadMem(4 bytes @ 0xE0001058)
T1EF0 000:096.985   CPU_WriteMem(4 bytes @ 0xE0001000)
T1EF0 000:097.270   CPU_ReadMem(4 bytes @ 0xE000ED88)
T1EF0 000:097.530   CPU_WriteMem(4 bytes @ 0xE000ED88)
T1EF0 000:097.790   CPU_ReadMem(4 bytes @ 0xE000ED88)
T1EF0 000:098.043   CPU_WriteMem(4 bytes @ 0xE000ED88)
T1EF0 000:098.344   CPU_ReadMem(4 bytes @ 0xE000EFB8)
T1EF0 000:098.588   Security extension: implemented
T1EF0 000:098.598   Secure debug: enabled
T1EF0 000:098.603   CoreSight components:
T1EF0 000:098.607   ROMTbl[0] @ E00FE000
T1EF0 000:098.612   CPU_ReadMem(64 bytes @ 0xE00FE000)
T1EF0 000:099.333   CPU_ReadMem(32 bytes @ 0xE00FFFE0)
T1EF0 000:099.853   [0][0]: E00FF000 CID B105100D PID 000BB4C9 ROM Table
T1EF0 000:099.883   ROMTbl[1] @ E00FF000
T1EF0 000:099.902   CPU_ReadMem(64 bytes @ 0xE00FF000)
T1EF0 000:100.564   CPU_ReadMem(32 bytes @ 0xE000EFE0)
T1EF0 000:101.065   CPU_ReadMem(4 bytes @ 0xE000EFBC)
T1EF0 000:101.346   CPU_ReadMem(4 bytes @ 0xE000EFCC)
T1EF0 000:101.603   [1][0]: E000E000 CID B105900D PID 000BBD21 DEVARCH 47702A04 DEVTYPE 00 Cortex-M33
T1EF0 000:101.612   CPU_ReadMem(32 bytes @ 0xE0001FE0)
T1EF0 000:102.056   CPU_ReadMem(4 bytes @ 0xE0001FBC)
T1EF0 000:102.423   CPU_ReadMem(4 bytes @ 0xE0001FCC)
T1EF0 000:102.700   [1][1]: E0001000 CID B105900D PID 000BBD21 DEVARCH 47701A02 DEVTYPE 00 DWT
T1EF0 000:102.708   CPU_ReadMem(32 bytes @ 0xE0002FE0)
T1EF0 000:103.153   CPU_ReadMem(4 bytes @ 0xE0002FBC)
T1EF0 000:103.434   CPU_ReadMem(4 bytes @ 0xE0002FCC)
T1EF0 000:103.726   [1][2]: E0002000 CID B105900D PID 000BBD21 DEVARCH 47701A03 DEVTYPE 00 FPB
T1EF0 000:103.736   CPU_ReadMem(32 bytes @ 0xE0000FE0)
T1EF0 000:104.148   CPU_ReadMem(4 bytes @ 0xE0000FBC)
T1EF0 000:104.397   CPU_ReadMem(4 bytes @ 0xE0000FCC)
T1EF0 000:104.644   [1][3]: E0000000 CID B105900D PID 000BBD21 DEVARCH 47701A01 DEVTYPE 43 ITM
T1EF0 000:104.649   CPU_ReadMem(32 bytes @ 0xE0041FE0)
T1EF0 000:105.062   CPU_ReadMem(4 bytes @ 0xE0041FBC)
T1EF0 000:105.397   CPU_ReadMem(4 bytes @ 0xE0041FCC)
T1EF0 000:105.643   [1][5]: E0041000 CID B105900D PID 002BBD21 DEVARCH 47724A13 DEVTYPE 13 ETM
T1EF0 000:105.649   CPU_ReadMem(32 bytes @ 0xE0042FE0)
T1EF0 000:106.157   CPU_ReadMem(4 bytes @ 0xE0042FBC)
T1EF0 000:106.427   CPU_ReadMem(4 bytes @ 0xE0042FCC)
T1EF0 000:106.671   [1][6]: E0042000 CID B105900D PID 000BBD21 DEVARCH 47701A14 DEVTYPE 14 CSS600-CTI
T1EF0 000:106.676   CPU_ReadMem(32 bytes @ 0xE0040FE0)
T1EF0 000:107.183   CPU_ReadMem(4 bytes @ 0xE0040FBC)
T1EF0 000:107.462   CPU_ReadMem(4 bytes @ 0xE0040FCC)
T1EF0 000:107.738   [0][1]: E0040000 CID B105900D PID 000BBD21 DEVARCH 00000000 DEVTYPE 11 TPIU
T1EF0 000:107.778   CPU_ReadMem(4 bytes @ 0xE000EDF0)
T1EF0 000:108.052   Data:  01 00 10 00
T1EF0 000:108.065   Debug reg: DHCSR
T1EF0 000:108.070 - 25.285ms returns 0
T1EF0 000:108.108 JLINK_ReadMem(0x40204038, 0x4 Bytes, ...)
T1EF0 000:108.116   CPU_ReadMem(4 bytes @ 0x40204038)
T1EF0 000:108.681   Data:  04 00 00 00
T1EF0 000:108.692 - 0.583ms returns 0
T1EF0 000:108.709 JLINK_ReadMem(0xE000EDF0, 0x4 Bytes, ...)
T1EF0 000:108.716   CPU_ReadMem(4 bytes @ 0xE000EDF0)
T1EF0 000:109.010   Data:  01 00 10 00
T1EF0 000:109.023   Debug reg: DHCSR
T1EF0 000:109.028 - 0.319ms returns 0
T1EF0 000:109.068 JLINK_ReadMem(0xE000EDF0, 0x4 Bytes, ...)
T1EF0 000:109.075   CPU_ReadMem(4 bytes @ 0xE000EDF0)
T1EF0 000:109.350   Data:  01 00 10 00
T1EF0 000:109.356   Debug reg: DHCSR
T1EF0 000:109.361 - 0.293ms returns 0
T1EF0 000:109.378 JLINK_ReadMem(0xE000EDF0, 0x4 Bytes, ...)
T1EF0 000:109.384   CPU_ReadMem(4 bytes @ 0xE000EDF0)
T1EF0 000:109.635   Data:  01 00 10 00
T1EF0 000:109.640   Debug reg: DHCSR
T1EF0 000:109.644 - 0.266ms returns 0
T1EF0 000:109.659 JLINK_ReadMem(0xE000EDF0, 0x4 Bytes, ...)
T1EF0 000:109.664   CPU_ReadMem(4 bytes @ 0xE000EDF0)
T1EF0 000:109.918   Data:  01 00 10 00
T1EF0 000:109.923   Debug reg: DHCSR
T1EF0 000:109.927 - 0.268ms returns 0
T1EF0 000:109.944 JLINK_ReadMem(0xE000EDF0, 0x4 Bytes, ...)
T1EF0 000:109.949   CPU_ReadMem(4 bytes @ 0xE000EDF0)
T1EF0 000:110.193   Data:  01 00 10 00
T1EF0 000:110.198   Debug reg: DHCSR
T1EF0 000:110.203 - 0.258ms returns 0
T1EF0 000:110.216 JLINK_ReadMem(0x40204038, 0x4 Bytes, ...)
T1EF0 000:110.221   CPU_ReadMem(4 bytes @ 0x40204038)
T1EF0 000:110.527   Data:  04 00 00 00
T1EF0 000:110.532 - 0.316ms returns 0
T1EF0 000:110.546 JLINK_ReadMem(0xE000EDF0, 0x4 Bytes, ...)
T1EF0 000:110.551   CPU_ReadMem(4 bytes @ 0xE000EDF0)
T1EF0 000:110.818   Data:  01 00 10 00
T1EF0 000:110.823   Debug reg: DHCSR
T1EF0 000:110.828 - 0.281ms returns 0
T1EF0 000:110.847 JLINK_ReadMem(0xE000EDF0, 0x4 Bytes, ...)
T1EF0 000:110.852   CPU_ReadMem(4 bytes @ 0xE000EDF0)
T1EF0 000:111.146   Data:  01 00 10 00
T1EF0 000:111.151   Debug reg: DHCSR
T1EF0 000:111.156 - 0.308ms returns 0
T1EF0 000:111.168 JLINK_ReadMem(0x40204030, 0x4 Bytes, ...)
T1EF0 000:111.174   CPU_ReadMem(4 bytes @ 0x40204030)
T1EF0 000:111.422   Data:  00 00 10 00
T1EF0 000:111.428 - 0.259ms returns 0
T1EF0 000:111.584 JLINK_SetEndian(ARM_ENDIAN_LITTLE)
T1EF0 000:111.588 - 0.004ms returns 0
T1EF0 000:111.592 JLINK_SetInitRegsOnReset(OFF)
T1EF0 000:111.595 - 0.003ms returns 1
T1EF0 000:111.599 JLINK_SetResetType(JLINKARM_CM3_RESET_TYPE_NORMAL)
T1EF0 000:111.603 - 0.003ms returns JLINKARM_CM3_RESET_TYPE_NORMAL
T1EF0 000:111.608 JLINK_ExecCommand("EnableFlashBPs", ...). 
T1EF0 000:111.612 - 0.003ms returns 0x00
T1EF0 000:111.618 JLINK_ExecCommand("SetAllowFlashCache = 1", ...). 
T1EF0 000:111.623 - 0.005ms returns 0x01
T1EF0 000:111.628 JLINK_ExecCommand("SetRestartOnClose = 0", ...). 
T1EF0 000:111.632 - 0.004ms returns 0x01
T1EF0 000:111.636 JLINK_ExecCommand("SetAllowSimulation = 0", ...). 
T1EF0 000:111.641 - 0.004ms returns 0x00
T1EF0 000:111.646 JLINK_EnableSoftBPs(ON)
T1EF0 000:111.649 - 0.005ms 
T1EF0 000:111.654 JLINK_Connect()
T1EF0 000:111.868   ConfigTargetSettings() start
T1EF0 000:111.874    J-Link Script File: Executing ConfigTargetSettings()
T1EF0 000:111.878   Configuring FlashDLNoRMWThreshold=0x200 in order to make sure that option bytes programming is done via read-modify-write
T1EF0 000:114.554   ConfigTargetSettings() end - Took 2.67ms
T1EF0 000:114.564   InitTarget() start
T1EF0 000:114.569    J-Link Script File: Executing InitTarget()
T1EF0 000:114.573   Identifying target device...
T1EF0 000:114.578   SWD selected. Executing JTAG -> SWD switching sequence...
T1EF0 000:115.228   Initializing DAP...
T1EF0 000:115.874   DAP initialized successfully.
T1EF0 000:115.881   Determining TrustZone configuration...
T1EF0 000:116.651     Secure Debug: Enabled (SSD)
T1EF0 000:116.843   Determining currently configured transfer type by reading the AHB-AP CSW register.
T1EF0 000:117.654     --> Correct transfer type configured. Done.
T1EF0 000:118.481   Primary CPU:   CPU0 (CM85), OFS bit=0x00000001
T1EF0 000:118.486   Secondary CPU: CPU1 (CM33)
T1EF0 000:118.490   Note: Detected primary CPU is based on the 'Device Configuration Information Register for Debug' register. Verify register value if primary/secondary is unexpected (https://kb.segger.com/Renesas_RA8).
T1EF0 000:118.496   InitTarget() end - Took 3.92ms
T1EF0 000:118.954   Found SW-DP with ID 0x6BA02477
T1EF0 000:120.735   DPIDR: 0x6BA02477
T1EF0 000:120.750   CoreSight SoC-400 or earlier
T1EF0 000:120.755   AP map detection skipped. Manually configured AP map found.
T1EF0 000:120.760   AP[0]: AHB-AP (IDR: Not set, ADDR: 0x00000000)
T1EF0 000:120.765   AP[1]: APB-AP (IDR: Not set, ADDR: 0x00000000)
T1EF0 000:120.770   AP[2]: AHB-AP (IDR: Not set, ADDR: 0x00000000)
T1EF0 000:121.568   AP[2]: Core found
T1EF0 000:121.580   AP[2]: AHB-AP ROM base: 0xE00FE000
T1EF0 000:121.962   CPUID register: 0x410FD214. Implementer code: 0x41 (ARM)
T1EF0 000:121.970   Feature set: Mainline
T1EF0 000:122.362   Cache: No cache
T1EF0 000:122.367   Found Cortex-M33 r0p4, Little endian.
T1EF0 000:122.498   -- Max. mem block: 0x0001D0F8
T1EF0 000:122.509   CPU_ReadMem(4 bytes @ 0xE000EDF0)
T1EF0 000:122.755   CPU_ReadMem(4 bytes @ 0xE0002000)
T1EF0 000:122.996   FPUnit: 8 code (BP) slots and 0 literal slots
T1EF0 000:123.002   CPU_ReadMem(4 bytes @ 0xE000EDFC)
T1EF0 000:123.243   CPU_ReadMem(4 bytes @ 0xE0001000)
T1EF0 000:123.523   CPU_ReadMem(4 bytes @ 0xE0001000)
T1EF0 000:123.769   CPU_ReadMem(4 bytes @ 0xE0001028)
T1EF0 000:124.011   CPU_ReadMem(4 bytes @ 0xE0001038)
T1EF0 000:124.252   CPU_ReadMem(4 bytes @ 0xE0001048)
T1EF0 000:124.522   CPU_ReadMem(4 bytes @ 0xE0001058)
T1EF0 000:124.818   CPU_WriteMem(4 bytes @ 0xE0001000)
T1EF0 000:125.172   CPU_ReadMem(4 bytes @ 0xE000ED88)
T1EF0 000:125.422   CPU_WriteMem(4 bytes @ 0xE000ED88)
T1EF0 000:125.691   CPU_ReadMem(4 bytes @ 0xE000ED88)
T1EF0 000:125.956   CPU_WriteMem(4 bytes @ 0xE000ED88)
T1EF0 000:126.268   CPU_ReadMem(4 bytes @ 0xE000EFB8)
T1EF0 000:126.554   Security extension: implemented
T1EF0 000:126.566   Secure debug: enabled
T1EF0 000:126.571   CoreSight components:
T1EF0 000:126.576   ROMTbl[0] @ E00FE000
T1EF0 000:126.582   CPU_ReadMem(64 bytes @ 0xE00FE000)
T1EF0 000:127.226   CPU_ReadMem(32 bytes @ 0xE00FFFE0)
T1EF0 000:127.697   [0][0]: E00FF000 CID B105100D PID 000BB4C9 ROM Table
T1EF0 000:127.704   ROMTbl[1] @ E00FF000
T1EF0 000:127.709   CPU_ReadMem(64 bytes @ 0xE00FF000)
T1EF0 000:128.476   CPU_ReadMem(32 bytes @ 0xE000EFE0)
T1EF0 000:128.916   CPU_ReadMem(4 bytes @ 0xE000EFBC)
T1EF0 000:129.230   CPU_ReadMem(4 bytes @ 0xE000EFCC)
T1EF0 000:129.475   [1][0]: E000E000 CID B105900D PID 000BBD21 DEVARCH 47702A04 DEVTYPE 00 Cortex-M33
T1EF0 000:129.485   CPU_ReadMem(32 bytes @ 0xE0001FE0)
T1EF0 000:129.996   CPU_ReadMem(4 bytes @ 0xE0001FBC)
T1EF0 000:130.251   CPU_ReadMem(4 bytes @ 0xE0001FCC)
T1EF0 000:130.513   [1][1]: E0001000 CID B105900D PID 000BBD21 DEVARCH 47701A02 DEVTYPE 00 DWT
T1EF0 000:130.519   CPU_ReadMem(32 bytes @ 0xE0002FE0)
T1EF0 000:131.029   CPU_ReadMem(4 bytes @ 0xE0002FBC)
T1EF0 000:131.348   CPU_ReadMem(4 bytes @ 0xE0002FCC)
T1EF0 000:131.593   [1][2]: E0002000 CID B105900D PID 000BBD21 DEVARCH 47701A03 DEVTYPE 00 FPB
T1EF0 000:131.599   CPU_ReadMem(32 bytes @ 0xE0000FE0)
T1EF0 000:132.026   CPU_ReadMem(4 bytes @ 0xE0000FBC)
T1EF0 000:132.358   CPU_ReadMem(4 bytes @ 0xE0000FCC)
T1EF0 000:132.636   [1][3]: E0000000 CID B105900D PID 000BBD21 DEVARCH 47701A01 DEVTYPE 43 ITM
T1EF0 000:132.651   CPU_ReadMem(32 bytes @ 0xE0041FE0)
T1EF0 000:133.101   CPU_ReadMem(4 bytes @ 0xE0041FBC)
T1EF0 000:133.388   CPU_ReadMem(4 bytes @ 0xE0041FCC)
T1EF0 000:133.649   [1][5]: E0041000 CID B105900D PID 002BBD21 DEVARCH 47724A13 DEVTYPE 13 ETM
T1EF0 000:133.662   CPU_ReadMem(32 bytes @ 0xE0042FE0)
T1EF0 000:134.176   CPU_ReadMem(4 bytes @ 0xE0042FBC)
T1EF0 000:134.448   CPU_ReadMem(4 bytes @ 0xE0042FCC)
T1EF0 000:134.769   [1][6]: E0042000 CID B105900D PID 000BBD21 DEVARCH 47701A14 DEVTYPE 14 CSS600-CTI
T1EF0 000:134.775   CPU_ReadMem(32 bytes @ 0xE0040FE0)
T1EF0 000:135.287   CPU_ReadMem(4 bytes @ 0xE0040FBC)
T1EF0 000:135.586   CPU_ReadMem(4 bytes @ 0xE0040FCC)
T1EF0 000:135.837   [0][1]: E0040000 CID B105900D PID 000BBD21 DEVARCH 00000000 DEVTYPE 11 TPIU
T1EF0 000:135.846 - 24.191ms returns 0x00
T1EF0 000:135.947 JLINK_ReadMem(0xE000EDF0, 0x4 Bytes, ...)
T1EF0 000:135.956   CPU_ReadMem(4 bytes @ 0xE000EDF0)
T1EF0 000:136.404   Data:  01 00 10 00
T1EF0 000:136.410   Debug reg: DHCSR
T1EF0 000:136.415 - 0.468ms returns 0
T1EF0 000:136.434 JLINK_IsHalted()
T1EF0 000:136.969 - 0.534ms returns FALSE
T1EF0 000:137.005 JLINK_ReadMem(0x4000F054, 0x1 Bytes, ...)
T1EF0 000:137.012   CPU_ReadMem(1 bytes @ 0x4000F054)
T1EF0 000:137.266   Data:  01
T1EF0 000:137.272 - 0.266ms returns 0
T1EF0 000:137.284 JLINK_Halt()
T1EF0 000:140.351   
  ***** Warning: 
T1EF0 000:140.367   CPU could not be halted
T1EF0 000:140.372 - 3.087ms returns 0x01
T1EF0 000:140.604 JLINK_ReadReg(XPSR)
T1EF0 000:140.877   CPU is running
T1EF0 000:140.891   
  ***** Error: 
T1EF0 000:140.896   Cannot read register 16 (XPSR) while CPU is running
T1EF0 000:140.901 - 0.296ms returns 0x00000000
T6D58 002:722.921 JLINK_IsHalted()
T6D58 002:723.365 - 0.443ms returns FALSE
T6D58 002:723.388 JLINK_IsHalted()
T6D58 002:723.665 - 0.277ms returns FALSE
T08E4 002:751.353 JLINK_GetNumBPUnits(Type = 0xFFFFFF00)
T08E4 002:751.376 - 0.118ms returns 0x08
T08E4 002:751.382 JLINK_GetNumWPUnits()
T08E4 002:751.386 - 0.003ms returns 4
T08E4 002:751.741 JLINK_GetNumBPUnits(Type = 0xFFFFFF00)
T08E4 002:751.753 - 0.012ms returns 0x08
T08E4 002:751.757 JLINK_GetNumWPUnits()
T08E4 002:751.761 - 0.003ms returns 4
T08E4 002:752.033 JLINK_ReadMem(0xE000EDF0, 0x4 Bytes, ...)
T08E4 002:752.057   CPU_ReadMem(4 bytes @ 0xE000EDF0)
T08E4 002:752.386   Data:  03 00 10 00
T08E4 002:752.397   Debug reg: DHCSR
T08E4 002:752.402 - 0.369ms returns 0
T08E4 002:752.425 JLINK_ReadMem(0x40204038, 0x4 Bytes, ...)
T08E4 002:752.433   CPU_ReadMem(4 bytes @ 0x40204038)
T08E4 002:752.807   Data:  04 00 00 00
T08E4 002:752.821 - 0.395ms returns 0
T08E4 002:752.839 JLINK_ReadMem(0xE000EDF0, 0x4 Bytes, ...)
T08E4 002:752.847   CPU_ReadMem(4 bytes @ 0xE000EDF0)
T08E4 002:753.225   Data:  03 00 10 00
T08E4 002:753.235   Debug reg: DHCSR
T08E4 002:753.240 - 0.401ms returns 0
T08E4 002:753.378 JLINK_GetNumBPUnits(Type = 0xFFFFFF00)
T08E4 002:753.389 - 0.011ms returns 0x08
T08E4 002:753.393 JLINK_GetNumWPUnits()
T08E4 002:753.397 - 0.003ms returns 4
T08E4 002:753.703 JLINK_ReadReg(XPSR)
T08E4 002:753.993   CPU is running
T08E4 002:754.002   
  ***** Error: 
T08E4 002:754.007   Cannot read register 16 (XPSR) while CPU is running
T08E4 002:754.012 - 0.308ms returns 0x00000000
T08E4 002:754.044 JLINK_ReadReg(R15 (PC))
T08E4 002:754.369   CPU is running
T08E4 002:754.385   
  ***** Error: 
T08E4 002:754.390   Cannot read register 15 (R15) while CPU is running
T08E4 002:754.395 - 0.354ms returns 0x00000000
T08E4 002:754.513 JLINK_GetNumBPUnits(Type = 0xFFFFFF00)
T08E4 002:754.524 - 0.010ms returns 0x08
T08E4 002:754.528 JLINK_GetNumWPUnits()
T08E4 002:754.532 - 0.003ms returns 4
T08E4 002:754.643 JLINK_GetNumBPUnits(Type = 0xFFFFFF00)
T08E4 002:754.656 - 0.012ms returns 0x08
T08E4 002:754.660 JLINK_GetNumWPUnits()
T08E4 002:754.663 - 0.003ms returns 4
T08E4 002:754.763 JLINK_GetNumBPUnits(Type = 0xFFFFFF00)
T08E4 002:754.768 - 0.005ms returns 0x08
T08E4 002:754.772 JLINK_GetNumWPUnits()
T08E4 002:754.775 - 0.003ms returns 4
T08E4 002:754.843 JLINK_GetNumBPUnits(Type = 0xFFFFFF00)
T08E4 002:754.848 - 0.004ms returns 0x08
T08E4 002:754.851 JLINK_GetNumWPUnits()
T08E4 002:754.854 - 0.003ms returns 4
T08E4 002:754.962 JLINK_GetNumBPUnits(Type = 0xFFFFFF00)
T08E4 002:754.967 - 0.004ms returns 0x08
T08E4 002:754.970 JLINK_GetNumWPUnits()
T08E4 002:754.974 - 0.003ms returns 4
T6D58 002:831.390 JLINK_IsHalted()
T6D58 002:831.755 - 0.365ms returns FALSE
T6D58 002:831.791 JLINK_IsHalted()
T6D58 002:832.043 - 0.251ms returns FALSE
T6D58 002:941.439 JLINK_IsHalted()
T6D58 002:941.829 - 0.389ms returns FALSE
T6D58 002:941.868 JLINK_IsHalted()
T6D58 002:942.142 - 0.273ms returns FALSE
T6D58 003:050.520 JLINK_IsHalted()
T6D58 003:050.879 - 0.358ms returns FALSE
T6D58 003:050.903 JLINK_IsHalted()
T6D58 003:051.184 - 0.280ms returns FALSE
T6D58 003:160.024 JLINK_IsHalted()
T6D58 003:160.401 - 0.376ms returns FALSE
T6D58 003:160.440 JLINK_IsHalted()
T6D58 003:160.710 - 0.269ms returns FALSE
T6D58 003:269.557 JLINK_IsHalted()
T6D58 003:269.965 - 0.406ms returns FALSE
T6D58 003:269.995 JLINK_IsHalted()
T6D58 003:270.370 - 0.373ms returns FALSE
T6D58 003:378.650 JLINK_IsHalted()
T6D58 003:379.040 - 0.388ms returns FALSE
T6D58 003:379.082 JLINK_IsHalted()
T6D58 003:379.364 - 0.282ms returns FALSE
T6D58 003:487.856 JLINK_IsHalted()
T6D58 003:488.329 - 0.472ms returns FALSE
T6D58 003:488.368 JLINK_IsHalted()
T6D58 003:488.691 - 0.322ms returns FALSE
T6D58 003:597.398 JLINK_IsHalted()
T6D58 003:597.760 - 0.362ms returns FALSE
T6D58 003:597.799 JLINK_IsHalted()
T6D58 003:598.066 - 0.266ms returns FALSE
T6D58 003:706.919 JLINK_IsHalted()
T6D58 003:710.647 - 3.726ms returns TRUE
T6D58 003:710.678 JLINK_ReadReg(XPSR)
T6D58 003:710.687   CPU_ReadMem(4 bytes @ 0xE000EE08)
T6D58 003:710.988 - 0.310ms returns 0xF9000000
T6D58 003:711.027 JLINK_ReadReg(R15 (PC))
T6D58 003:711.032 - 0.005ms returns 0x020824D8
T6D58 003:711.055 JLINK_ReadReg(XPSR)
T6D58 003:711.059 - 0.003ms returns 0xF9000000
T6D58 003:711.063 JLINK_ReadReg(XPSR)
T6D58 003:711.066 - 0.003ms returns 0xF9000000
T6D58 003:711.070 JLINK_ReadReg(R15 (PC))
T6D58 003:711.073 - 0.003ms returns 0x020824D8
T6D58 003:711.082 JLINK_ReadReg(XPSR)
T6D58 003:711.092 - 0.010ms returns 0xF9000000
T6D58 003:711.097 JLINK_ReadMem(0x020824D8, 0x1 Bytes, ...)
T6D58 003:711.108   CPU_ReadMem(64 bytes @ 0x020824C0)
T6D58 003:711.813    -- Updating C cache (64 bytes @ 0x020824C0)
T6D58 003:711.825    -- Read from C cache (1 bytes @ 0x020824D8)
T6D58 003:711.838   Data:  08
T6D58 003:711.844 - 0.746ms returns 0
T6D58 003:711.860 JLINK_IsHalted()
T6D58 003:711.864 - 0.004ms returns TRUE
T6D58 003:711.881 JLINK_ReadReg(XPSR)
T6D58 003:711.886 - 0.005ms returns 0xF9000000
T6D58 003:711.890 JLINK_ReadReg(XPSR)
T6D58 003:711.894 - 0.003ms returns 0xF9000000
T6D58 003:711.897 JLINK_ReadReg(R15 (PC))
T6D58 003:711.901 - 0.003ms returns 0x020824D8
T6D58 003:711.910 JLINK_ReadReg(XPSR)
T6D58 003:711.913 - 0.003ms returns 0xF9000000
T6D58 003:711.917 JLINK_ReadMem(0x020824D8, 0x1 Bytes, ...)
T6D58 003:711.922    -- Read from C cache (1 bytes @ 0x020824D8)
T6D58 003:711.926   Data:  08
T6D58 003:711.931 - 0.014ms returns 0
T6D58 003:711.972 JLINK_IsHalted()
T6D58 003:711.975 - 0.003ms returns TRUE
T6D58 003:711.979 JLINK_ReadReg(XPSR)
T6D58 003:711.982 - 0.003ms returns 0xF9000000
T6D58 003:711.986 JLINK_ReadReg(R15 (PC))
T6D58 003:711.990 - 0.003ms returns 0x020824D8
T6D58 003:711.998 JLINK_ReadReg(XPSR)
T6D58 003:712.002 - 0.003ms returns 0xF9000000
T6D58 003:712.005 JLINK_ReadReg(XPSR)
T6D58 003:712.009 - 0.003ms returns 0xF9000000
T6D58 003:712.013 JLINK_ReadReg(R15 (PC))
T6D58 003:712.016 - 0.003ms returns 0x020824D8
T6D58 003:712.024 JLINK_ReadReg(XPSR)
T6D58 003:712.028 - 0.003ms returns 0xF9000000
T6D58 003:712.032 JLINK_ReadMem(0x020824D8, 0x1 Bytes, ...)
T6D58 003:712.035    -- Read from C cache (1 bytes @ 0x020824D8)
T6D58 003:712.040   Data:  08
T6D58 003:712.044 - 0.012ms returns 0
T6D58 003:712.048 JLINK_IsHalted()
T6D58 003:712.051 - 0.003ms returns TRUE
T6D58 003:712.059 JLINK_ReadReg(XPSR)
T6D58 003:712.062 - 0.003ms returns 0xF9000000
T6D58 003:712.066 JLINK_ReadReg(XPSR)
T6D58 003:712.070 - 0.003ms returns 0xF9000000
T6D58 003:712.073 JLINK_ReadReg(R15 (PC))
T6D58 003:712.077 - 0.003ms returns 0x020824D8
T6D58 003:712.085 JLINK_ReadReg(XPSR)
T6D58 003:712.089 - 0.003ms returns 0xF9000000
T6D58 003:712.092 JLINK_ReadMem(0x020824D8, 0x1 Bytes, ...)
T6D58 003:712.096    -- Read from C cache (1 bytes @ 0x020824D8)
T6D58 003:712.100   Data:  08
T6D58 003:712.105 - 0.012ms returns 0
T6D58 003:712.610 JLINK_ReadRegs(NumRegs = 20)
T6D58 003:712.636   
  R0 (0)        = 0x00                 R1 (1)        = 0x00                 R2 (2)        = 0x00                 R3 (3)        = 0x00              
  R4 (4)        = 0x00                 R5 (5)        = 0x00                 R6 (6)        = 0x00                 R7 (7)        = 0x00              
  R8 (8)        = 0x03                 R9 (9)        = 0x2088A76            R10 (10)      = 0x00                 R11 (11)      = 0x2210A384        
  R12 (12)      = 0x2210A420           R13 (SP) (13) = 0x2210A200           R14 (14)      = 0xFFFFFFFF           R15 (PC) (15) = 0x20824D8         
  XPSR (16)     = 0xF9000000           MSPLIM (86)   = 0x00                 PSPLIM (87)   = 0x00                 CFBP (20)     = 0x00              
T6D58 003:712.642 - 0.032ms returns 0x00
T6D58 003:714.748 JLINK_ReadMem(0xE000EDF0, 0x4 Bytes, ...)
T6D58 003:714.769   CPU_ReadMem(4 bytes @ 0xE000EDF0)
T6D58 003:715.058   Data:  03 00 13 00
T6D58 003:715.072   Debug reg: DHCSR
T6D58 003:715.076 - 0.329ms returns 0
T6D58 003:715.486 JLINK_ReadMem(0x02082AD0, 0x2 Bytes, ...)
T6D58 003:715.497   CPU_ReadMem(64 bytes @ 0x02082AC0)
T6D58 003:716.261    -- Updating C cache (64 bytes @ 0x02082AC0)
T6D58 003:716.280    -- Read from C cache (2 bytes @ 0x02082AD0)
T6D58 003:716.285   Data:  08 B5
T6D58 003:716.291 - 0.804ms returns 0
T6D58 003:716.430 JLINK_ReadMem(0x020830F8, 0x2 Bytes, ...)
T6D58 003:716.445   CPU_ReadMem(64 bytes @ 0x020830C0)
T6D58 003:717.197    -- Updating C cache (64 bytes @ 0x020830C0)
T6D58 003:717.222    -- Read from C cache (2 bytes @ 0x020830F8)
T6D58 003:717.232   Data:  70 47
T6D58 003:717.237 - 0.806ms returns 0
T6D58 003:717.902 JLINK_ReadMem(0x020824D8, 0x4 Bytes, ...)
T6D58 003:717.917    -- Read from C cache (4 bytes @ 0x020824D8)
T6D58 003:717.924   Data:  08 B5 00 F0
T6D58 003:717.930 - 0.028ms returns 0
T08E4 003:719.024 JLINK_ReadReg(XPSR)
T08E4 003:719.039 - 0.014ms returns 0xF9000000
T08E4 003:719.043 JLINK_ReadReg(R15 (PC))
T08E4 003:719.047 - 0.003ms returns 0x020824D8
T08E4 003:719.290 JLINK_IsHalted()
T08E4 003:719.298 - 0.007ms returns TRUE
T08E4 003:719.303 JLINK_ReadReg(XPSR)
T08E4 003:719.308 - 0.005ms returns 0xF9000000
T08E4 003:719.312 JLINK_ReadReg(R15 (PC))
T08E4 003:719.316 - 0.003ms returns 0x020824D8
T08E4 003:719.332 JLINK_ReadReg(XPSR)
T08E4 003:719.336 - 0.003ms returns 0xF9000000
T08E4 003:719.340 JLINK_ReadReg(XPSR)
T08E4 003:719.344 - 0.003ms returns 0xF9000000
T08E4 003:719.348 JLINK_ReadReg(R15 (PC))
T08E4 003:719.351 - 0.003ms returns 0x020824D8
T08E4 003:719.359 JLINK_ReadReg(XPSR)
T08E4 003:719.363 - 0.003ms returns 0xF9000000
T08E4 003:719.368 JLINK_ReadMem(0x020824D8, 0x1 Bytes, ...)
T08E4 003:719.373    -- Read from C cache (1 bytes @ 0x020824D8)
T08E4 003:719.378   Data:  08
T08E4 003:719.383 - 0.015ms returns 0
T08E4 003:719.387 JLINK_IsHalted()
T08E4 003:719.566 - 0.179ms returns TRUE
T08E4 003:719.576 JLINK_ReadReg(XPSR)
T08E4 003:719.579 - 0.003ms returns 0xF9000000
T08E4 003:719.583 JLINK_ReadReg(XPSR)
T08E4 003:719.586 - 0.003ms returns 0xF9000000
T08E4 003:719.590 JLINK_ReadReg(R15 (PC))
T08E4 003:719.596 - 0.006ms returns 0x020824D8
T08E4 003:719.605 JLINK_ReadReg(XPSR)
T08E4 003:719.608 - 0.003ms returns 0xF9000000
T08E4 003:719.612 JLINK_ReadMem(0x020824D8, 0x1 Bytes, ...)
T08E4 003:719.616    -- Read from C cache (1 bytes @ 0x020824D8)
T08E4 003:719.620   Data:  08
T08E4 003:719.625 - 0.012ms returns 0
T08E4 003:719.648 JLINK_ReadMem(0xE0001000, 0x4 Bytes, ...)
T08E4 003:719.658   CPU_ReadMem(4 bytes @ 0xE0001000)
T08E4 003:720.023   Data:  01 00 00 40
T08E4 003:720.030   Debug reg: DWT_CTRL
T08E4 003:720.035 - 0.387ms returns 0
T08E4 003:720.064 JLINK_WriteMem(0xE0001FB0, 0x8 Bytes, ...)
T08E4 003:720.068   Data:  00 00 00 00 55 CE AC C5
T08E4 003:720.291   CPU_WriteMem(8 bytes @ 0xE0001FB0)
T08E4 003:720.600 - 0.535ms returns 0x8
T08E4 003:720.636 JLINK_ReadMem(0xE000EDFC, 0x4 Bytes, ...)
T08E4 003:720.644   CPU_ReadMem(4 bytes @ 0xE000EDFC)
T08E4 003:720.944   Data:  00 00 10 01
T08E4 003:720.949   Debug reg: DEMCR
T08E4 003:720.954 - 0.318ms returns 0
T08E4 003:722.403 JLINK_ReadMem(0xE0001004, 0x4 Bytes, ...)
T08E4 003:722.411   CPU_ReadMem(4 bytes @ 0xE0001004)
T08E4 003:722.693   Data:  47 25 4D 0E
T08E4 003:722.700   Debug reg: DWT_CYCCNT
T08E4 003:722.704 - 0.301ms returns 0
T6D58 003:742.557 JLINK_ReadMem(0x020824D8, 0x4 Bytes, ...)
T6D58 003:742.580    -- Read from C cache (4 bytes @ 0x020824D8)
T6D58 003:742.586   Data:  08 B5 00 F0
T6D58 003:742.592 - 0.035ms returns 0
T6D58 004:355.854 JLINK_ReadMem(0xE0001004, 0x4 Bytes, ...)
T6D58 004:355.888   Data:  47 25 4D 0E
T6D58 004:355.894   Debug reg: DWT_CYCCNT
T6D58 004:355.899 - 0.045ms returns 0
T6D58 004:355.905 JLINK_IsHalted()
T6D58 004:356.248 - 0.343ms returns TRUE
T6D58 004:357.096 JLINK_ReadMem(0xE0001004, 0x4 Bytes, ...)
T6D58 004:357.109   Data:  47 25 4D 0E
T6D58 004:357.114   Debug reg: DWT_CYCCNT
T6D58 004:357.119 - 0.023ms returns 0
T6D58 004:357.123 JLINK_GoEx(MaxEmulInsts = 0, Flags = 0x01)
T6D58 004:357.131   CPU_ReadMem(4 bytes @ 0xE0001000)
T6D58 004:358.108   Memory map 'after startup completion point' is active
T6D58 004:358.123 - 0.999ms 
T6D58 004:457.069 JLINK_IsHalted()
T6D58 004:457.504 - 0.436ms returns FALSE
T6D58 004:457.547 JLINK_IsHalted()
T6D58 004:457.799 - 0.251ms returns FALSE
T6D58 004:566.501 JLINK_IsHalted()
T6D58 004:566.929 - 0.427ms returns FALSE
T6D58 004:566.949 JLINK_IsHalted()
T6D58 004:567.259 - 0.310ms returns FALSE
T6D58 004:676.554 JLINK_IsHalted()
T6D58 004:676.917 - 0.362ms returns FALSE
T6D58 004:676.938 JLINK_IsHalted()
T6D58 004:677.257 - 0.318ms returns FALSE
T6D58 004:784.802 JLINK_IsHalted()
T6D58 004:785.361 - 0.559ms returns FALSE
T6D58 004:785.400 JLINK_IsHalted()
T6D58 004:785.665 - 0.265ms returns FALSE
T6D58 004:894.271 JLINK_IsHalted()
T6D58 004:894.773 - 0.502ms returns FALSE
T6D58 004:894.813 JLINK_IsHalted()
T6D58 004:895.214 - 0.400ms returns FALSE
T6D58 005:003.685 JLINK_IsHalted()
T6D58 005:004.061 - 0.375ms returns FALSE
T6D58 005:004.079 JLINK_IsHalted()
T6D58 005:004.357 - 0.278ms returns FALSE
T6D58 005:112.949 JLINK_IsHalted()
T6D58 005:113.370 - 0.419ms returns FALSE
T6D58 005:113.393 JLINK_IsHalted()
T6D58 005:113.675 - 0.280ms returns FALSE
T6D58 005:222.691 JLINK_IsHalted()
T6D58 005:223.065 - 0.373ms returns FALSE
T6D58 005:223.103 JLINK_IsHalted()
T6D58 005:223.378 - 0.274ms returns FALSE
T6D58 005:332.197 JLINK_IsHalted()
T6D58 005:332.559 - 0.361ms returns FALSE
T6D58 005:332.597 JLINK_IsHalted()
T6D58 005:332.848 - 0.250ms returns FALSE
T08E4 005:355.337 JLINK_IsHalted()
T08E4 005:355.782 - 0.443ms returns FALSE
T08E4 005:355.806 JLINK_IsHalted()
T08E4 005:356.077 - 0.270ms returns FALSE
T6D58 005:440.708 JLINK_IsHalted()
T6D58 005:441.064 - 0.354ms returns FALSE
T6D58 005:441.104 JLINK_IsHalted()
T6D58 005:441.380 - 0.275ms returns FALSE
T6D58 005:550.237 JLINK_IsHalted()
T6D58 005:550.615 - 0.377ms returns FALSE
T6D58 005:550.634 JLINK_IsHalted()
T6D58 005:550.937 - 0.302ms returns FALSE
T6D58 005:659.755 JLINK_IsHalted()
T6D58 005:660.262 - 0.506ms returns FALSE
T6D58 005:660.278 JLINK_IsHalted()
T6D58 005:660.630 - 0.351ms returns FALSE
T6D58 005:769.374 JLINK_IsHalted()
T6D58 005:769.776 - 0.402ms returns FALSE
T6D58 005:769.793 JLINK_IsHalted()
T6D58 005:770.045 - 0.251ms returns FALSE
T6D58 005:878.825 JLINK_IsHalted()
T6D58 006:131.087   
  ***** Error: 
T6D58 006:131.103   Communication timed out: Requested 4 bytes, received -1 bytes !
T6D58 006:131.113 - 252.288ms returns ERROR
T6D58 006:131.205 JLINK_IsHalted()
T6D58 006:143.160 - 11.954ms returns ERROR
T4460 006:144.422   
  ***** Error: Connection to emulator lost!
T1EF0 006:154.159 JLINK_Halt()
T1EF0 006:154.179 - 0.020ms returns 0x00
T1EF0 006:154.186 JLINK_ReadReg(XPSR)
T1EF0 006:154.189 - 0.003ms returns 0x00000000
T1EF0 006:164.239 JLINK_Close()
T1EF0 006:170.875 - 6.635ms
T1EF0 006:170.895   
T1EF0 006:170.898   Closed
