T55FC 000:000.893   SEGGER J-Link V9.42 Log File
T55FC 000:000.981   DLL Compiled: May  6 2026 12:25:27
T55FC 000:000.984   Logging started @ 2026-08-19 19:41
T55FC 000:000.988   Process: C:\Users\WilliTourt\.eclipse\com.renesas.platform_1941209572\DebugComp\RA\e2-server-gdb.exe
T55FC 000:000.995 - 0.991ms 
T55FC 000:001.004 JLINK_GetDLLVersion()
T55FC 000:001.008 - 0.004ms returns 94200
T55FC 000:002.608 JLINK_OpenEx(...)
T55FC 000:007.630   Firmware: J-Link OB-RA4M2 compiled Dec 10 2025 15:52:53
T55FC 000:008.343   Firmware: J-Link OB-RA4M2 compiled Dec 10 2025 15:52:53
T55FC 000:022.005   Hardware: V1.00
T55FC 000:022.018   S/N: 1089959627
T55FC 000:022.023   OEM: SEGGER
T55FC 000:022.030   Feature(s): None
T55FC 000:022.482   Bootloader: 2021 May 14
T55FC 000:022.856   USB speed mode: Full speed (12 MBit/s)
T55FC 000:023.138   TELNET listener socket opened on port 19021
T55FC 000:023.218   WEBSRV WEBSRV_Init(): Starting webserver thread(s)
T55FC 000:023.319   WEBSRV Webserver running on local port 19080
T55FC 000:023.392   Looking for J-Link GUI Server exe at: C:\Users\WilliTourt\.eclipse\com.renesas.platform_1941209572\DebugComp\RA\ARM\Segger_v9.42.0\JLinkGUIServer.exe
T55FC 000:023.454   Looking for J-Link GUI Server exe at: D:\SEGGER\JLink_V942\JLinkGUIServer.exe
T55FC 000:023.463   Forking J-Link GUI Server: D:\SEGGER\JLink_V942\JLinkGUIServer.exe
T55FC 000:066.089   J-Link GUI Server info: "J-Link GUI server V9.42 "
T55FC 000:067.547 - 64.934ms returns "O.K."
T55FC 000:067.627 JLINK_TIF_Select(JLINKARM_TIF_SWD)
T55FC 000:068.092 - 0.466ms returns 0x00
T55FC 000:068.111 JLINK_ClrRESET()
T55FC 000:068.283 - 0.171ms 
T55FC 000:118.623 JLINK_SetSpeed(1500)
T55FC 000:118.742 - 0.123ms 
T55FC 000:118.755 JLINK_CORESIGHT_Configure(PerformTIFInit=0)
T55FC 000:119.105 - 0.350ms returns 0
T55FC 000:119.117 JLINK_CORESIGHT_ReadAPDPReg(DP reg 0x00)
T55FC 000:119.536   Value=0x6BA02477
T55FC 000:119.541 - 0.425ms returns 0
T55FC 000:119.550 JLINK_CORESIGHT_WriteAPDPReg(DP reg 0x00, 0x0000001F)
T55FC 000:119.731 - 0.181ms returns 0
T55FC 000:119.738 JLINK_CORESIGHT_ReadAPDPReg(DP reg 0x00)
T55FC 000:119.920   Value=0x6BA02477
T55FC 000:119.924 - 0.186ms returns 0
T55FC 000:119.931 JLINK_CORESIGHT_WriteAPDPReg(DP reg 0x02, 0x00000000)
T55FC 000:120.106 - 0.175ms returns 0
T55FC 000:120.113 JLINK_CORESIGHT_WriteAPDPReg(DP reg 0x01, 0x50000000)
T55FC 000:120.360 - 0.246ms returns 0
T55FC 000:120.617 JLINK_CORESIGHT_ReadAPDPReg(DP reg 0x01)
T55FC 000:120.794   Value=0xF0000040
T55FC 000:120.799 - 0.182ms returns 0
T55FC 000:120.803 JLINK_CORESIGHT_WriteAPDPReg(DP reg 0x00, 0x0000001F)
T55FC 000:121.002 - 0.198ms returns 0
T55FC 000:121.006 JLINK_CORESIGHT_ReadAPDPReg(DP reg 0x00)
T55FC 000:121.186   Value=0x6BA02477
T55FC 000:121.190 - 0.184ms returns 0
T55FC 000:121.195 JLINK_CORESIGHT_WriteAPDPReg(DP reg 0x01, 0x54000000)
T55FC 000:121.359 - 0.164ms returns 0
T55FC 000:121.363 JLINK_CORESIGHT_WriteAPDPReg(DP reg 0x01, 0x50000F00)
T55FC 000:121.536 - 0.172ms returns 0
T55FC 000:121.540 JLINK_CORESIGHT_WriteAPDPReg(DP reg 0x02, 0x01000000)
T55FC 000:121.727 - 0.186ms returns 0
T55FC 000:121.742 JLINK_CORESIGHT_WriteAPDPReg(AP reg 0x00, 0x80000002)
T55FC 000:121.956 - 0.214ms returns 0
T55FC 000:121.969 JLINK_CORESIGHT_WriteAPDPReg(AP reg 0x01, 0x80011100)
T55FC 000:122.187 - 0.217ms returns 0
T55FC 000:122.198 JLINK_CORESIGHT_WriteAPDPReg(AP reg 0x03, 0x000000A5)
T55FC 000:122.388 - 0.190ms returns 0
T55FC 000:122.394 JLINK_CORESIGHT_WriteAPDPReg(AP reg 0x00, 0x80000002)
T55FC 000:122.584 - 0.190ms returns 0
T55FC 000:122.598 JLINK_CORESIGHT_WriteAPDPReg(AP reg 0x01, 0x80011100)
T55FC 000:122.784 - 0.186ms returns 0
T55FC 000:122.795 JLINK_CORESIGHT_ReadAPDPReg(AP reg 0x03)
T55FC 000:123.026   Value=0x000000A5
T55FC 000:123.032 - 0.237ms returns 0
T55FC 000:123.037 JLINK_ClrTMS()
T55FC 000:123.075 - 0.038ms 
T55FC 000:128.684 JLINK_SetTCK()
T55FC 000:128.743 - 0.058ms returns 0
T55FC 000:134.045 JLINK_SetRESET()
T55FC 000:134.248 - 0.203ms 
T55FC 000:334.696 JLINK_CORESIGHT_WriteAPDPReg(AP reg 0x00, 0x80000002)
T55FC 000:335.109 - 0.413ms returns 0
T55FC 000:335.126 JLINK_CORESIGHT_WriteAPDPReg(AP reg 0x01, 0x80011100)
T55FC 000:335.472 - 0.346ms returns 0
T55FC 000:335.485 JLINK_CORESIGHT_ReadAPDPReg(AP reg 0x03)
T55FC 000:335.832   Value=0x00000000
T55FC 000:335.844 - 0.359ms returns 0
T55FC 000:335.851 JLINK_CORESIGHT_WriteAPDPReg(AP reg 0x00, 0x80000002)
T55FC 000:338.051 - 2.195ms returns 0
T55FC 000:338.064 JLINK_CORESIGHT_WriteAPDPReg(AP reg 0x01, 0x80011140)
T55FC 000:338.414 - 0.349ms returns 0
T55FC 000:338.427 JLINK_CORESIGHT_ReadAPDPReg(AP reg 0x03)
T55FC 000:338.669   Value=0x00000002
T55FC 000:338.681 - 0.253ms returns 0
T55FC 000:338.687 JLINK_CORESIGHT_WriteAPDPReg(AP reg 0x00, 0x80000002)
T55FC 000:338.936 - 0.248ms returns 0
T55FC 000:338.949 JLINK_CORESIGHT_WriteAPDPReg(AP reg 0x01, 0x80011120)
T55FC 000:339.132 - 0.183ms returns 0
T55FC 000:339.138 JLINK_CORESIGHT_WriteAPDPReg(AP reg 0x03, 0x00000055)
T55FC 000:339.361 - 0.223ms returns 0
T55FC 000:339.365 JLINK_CORESIGHT_WriteAPDPReg(AP reg 0x00, 0x80000002)
T55FC 000:339.591 - 0.225ms returns 0
T55FC 000:339.619 JLINK_CORESIGHT_WriteAPDPReg(AP reg 0x01, 0x80011140)
T55FC 000:339.992 - 0.373ms returns 0
T55FC 000:340.001 JLINK_CORESIGHT_ReadAPDPReg(AP reg 0x03)
T55FC 000:340.235   Value=0x00000002
T55FC 000:340.245 - 0.243ms returns 0
T55FC 000:340.250 JLINK_CORESIGHT_ReadAPDPReg(AP reg 0x03)
T55FC 000:340.551   Value=0x00000002
T55FC 000:340.555 - 0.305ms returns 0
T55FC 000:340.560 JLINK_CORESIGHT_ReadAPDPReg(AP reg 0x03)
T55FC 000:340.783   Value=0x00000002
T55FC 000:340.787 - 0.227ms returns 0
T55FC 000:340.791 JLINK_CORESIGHT_ReadAPDPReg(AP reg 0x03)
T55FC 000:341.021   Value=0x00000002
T55FC 000:341.026 - 0.234ms returns 0
T55FC 000:341.054 JLINK_CORESIGHT_ReadAPDPReg(AP reg 0x03)
T55FC 000:341.262   Value=0x00000002
T55FC 000:341.267 - 0.213ms returns 0
T55FC 000:341.272 JLINK_CORESIGHT_ReadAPDPReg(AP reg 0x03)
T55FC 000:341.552   Value=0x00000002
T55FC 000:341.556 - 0.285ms returns 0
T55FC 000:341.561 JLINK_CORESIGHT_ReadAPDPReg(AP reg 0x03)
T55FC 000:341.783   Value=0x00000002
T55FC 000:341.788 - 0.227ms returns 0
T55FC 000:341.792 JLINK_CORESIGHT_ReadAPDPReg(AP reg 0x03)
T55FC 000:342.022   Value=0x00000002
T55FC 000:342.027 - 0.235ms returns 0
T55FC 000:342.032 JLINK_CORESIGHT_ReadAPDPReg(AP reg 0x03)
T55FC 000:342.234   Value=0x00000002
T55FC 000:342.239 - 0.206ms returns 0
T55FC 000:342.243 JLINK_CORESIGHT_ReadAPDPReg(AP reg 0x03)
T55FC 000:342.459   Value=0x00000002
T55FC 000:342.464 - 0.220ms returns 0
T55FC 000:342.468 JLINK_CORESIGHT_ReadAPDPReg(AP reg 0x03)
T55FC 000:342.797   Value=0x00000002
T55FC 000:342.807 - 0.339ms returns 0
T55FC 000:342.817 JLINK_CORESIGHT_ReadAPDPReg(AP reg 0x03)
T55FC 000:343.033   Value=0x00000002
T55FC 000:343.038 - 0.225ms returns 0
T55FC 000:343.043 JLINK_CORESIGHT_ReadAPDPReg(AP reg 0x03)
T55FC 000:343.252   Value=0x00000002
T55FC 000:343.257 - 0.214ms returns 0
T55FC 000:343.261 JLINK_CORESIGHT_ReadAPDPReg(AP reg 0x03)
T55FC 000:343.545   Value=0x00000002
T55FC 000:343.550 - 0.289ms returns 0
T55FC 000:343.555 JLINK_CORESIGHT_ReadAPDPReg(AP reg 0x03)
T55FC 000:343.784   Value=0x00000002
T55FC 000:343.789 - 0.234ms returns 0
T55FC 000:343.794 JLINK_CORESIGHT_ReadAPDPReg(AP reg 0x03)
T55FC 000:344.023   Value=0x00000002
T55FC 000:344.028 - 0.233ms returns 0
T55FC 000:344.032 JLINK_CORESIGHT_ReadAPDPReg(AP reg 0x03)
T55FC 000:344.260   Value=0x00000002
T55FC 000:344.265 - 0.233ms returns 0
T55FC 000:344.269 JLINK_CORESIGHT_ReadAPDPReg(AP reg 0x03)
T55FC 000:344.544   Value=0x00000002
T55FC 000:344.549 - 0.279ms returns 0
T55FC 000:344.553 JLINK_CORESIGHT_ReadAPDPReg(AP reg 0x03)
T55FC 000:344.782   Value=0x00000002
T55FC 000:344.787 - 0.234ms returns 0
T55FC 000:344.791 JLINK_CORESIGHT_ReadAPDPReg(AP reg 0x03)
T55FC 000:345.015   Value=0x00000002
T55FC 000:345.020 - 0.229ms returns 0
T55FC 000:345.024 JLINK_CORESIGHT_ReadAPDPReg(AP reg 0x03)
T55FC 000:345.252   Value=0x00000002
T55FC 000:345.261 - 0.236ms returns 0
T55FC 000:345.265 JLINK_CORESIGHT_ReadAPDPReg(AP reg 0x03)
T55FC 000:345.551   Value=0x00000002
T55FC 000:345.556 - 0.290ms returns 0
T55FC 000:345.560 JLINK_CORESIGHT_ReadAPDPReg(AP reg 0x03)
T55FC 000:345.787   Value=0x00000002
T55FC 000:345.791 - 0.231ms returns 0
T55FC 000:345.796 JLINK_CORESIGHT_ReadAPDPReg(AP reg 0x03)
T55FC 000:346.023   Value=0x00000002
T55FC 000:346.028 - 0.232ms returns 0
T55FC 000:346.032 JLINK_CORESIGHT_ReadAPDPReg(AP reg 0x03)
T55FC 000:346.259   Value=0x00000002
T55FC 000:346.264 - 0.231ms returns 0
T55FC 000:346.268 JLINK_CORESIGHT_ReadAPDPReg(AP reg 0x03)
T55FC 000:346.544   Value=0x00000002
T55FC 000:346.549 - 0.281ms returns 0
T55FC 000:346.553 JLINK_CORESIGHT_ReadAPDPReg(AP reg 0x03)
T55FC 000:346.783   Value=0x00000002
T55FC 000:346.788 - 0.235ms returns 0
T55FC 000:346.793 JLINK_CORESIGHT_ReadAPDPReg(AP reg 0x03)
T55FC 000:347.022   Value=0x00000002
T55FC 000:347.028 - 0.235ms returns 0
T55FC 000:347.033 JLINK_CORESIGHT_ReadAPDPReg(AP reg 0x03)
T55FC 000:347.262   Value=0x00000002
T55FC 000:347.267 - 0.234ms returns 0
T55FC 000:347.271 JLINK_CORESIGHT_ReadAPDPReg(AP reg 0x03)
T55FC 000:347.544   Value=0x00000002
T55FC 000:347.549 - 0.277ms returns 0
T55FC 000:347.553 JLINK_CORESIGHT_ReadAPDPReg(AP reg 0x03)
T55FC 000:347.782   Value=0x00000002
T55FC 000:347.787 - 0.233ms returns 0
T55FC 000:347.791 JLINK_CORESIGHT_ReadAPDPReg(AP reg 0x03)
T55FC 000:348.019   Value=0x00000002
T55FC 000:348.024 - 0.232ms returns 0
T55FC 000:348.028 JLINK_CORESIGHT_ReadAPDPReg(AP reg 0x03)
T55FC 000:348.257   Value=0x00000002
T55FC 000:348.261 - 0.233ms returns 0
T55FC 000:348.266 JLINK_CORESIGHT_ReadAPDPReg(AP reg 0x03)
T55FC 000:348.544   Value=0x00000002
T55FC 000:348.548 - 0.282ms returns 0
T55FC 000:348.553 JLINK_CORESIGHT_ReadAPDPReg(AP reg 0x03)
T55FC 000:348.782   Value=0x00000002
T55FC 000:348.787 - 0.234ms returns 0
T55FC 000:348.791 JLINK_CORESIGHT_ReadAPDPReg(AP reg 0x03)
T55FC 000:348.990   Value=0x00000002
T55FC 000:348.995 - 0.204ms returns 0
T55FC 000:348.999 JLINK_CORESIGHT_ReadAPDPReg(AP reg 0x03)
T55FC 000:349.226   Value=0x00000002
T55FC 000:349.231 - 0.231ms returns 0
T55FC 000:349.235 JLINK_CORESIGHT_ReadAPDPReg(AP reg 0x03)
T55FC 000:349.461   Value=0x00000002
T55FC 000:349.465 - 0.230ms returns 0
T55FC 000:349.469 JLINK_CORESIGHT_ReadAPDPReg(AP reg 0x03)
T55FC 000:349.802   Value=0x00000002
T55FC 000:349.806 - 0.337ms returns 0
T55FC 000:349.810 JLINK_CORESIGHT_ReadAPDPReg(AP reg 0x03)
T55FC 000:350.033   Value=0x00000002
T55FC 000:350.038 - 0.227ms returns 0
T55FC 000:350.042 JLINK_CORESIGHT_ReadAPDPReg(AP reg 0x03)
T55FC 000:350.270   Value=0x00000002
T55FC 000:350.275 - 0.233ms returns 0
T55FC 000:350.279 JLINK_CORESIGHT_ReadAPDPReg(AP reg 0x03)
T55FC 000:350.519   Value=0x00000002
T55FC 000:350.524 - 0.244ms returns 0
T55FC 000:350.528 JLINK_CORESIGHT_ReadAPDPReg(AP reg 0x03)
T55FC 000:350.757   Value=0x00000000
T55FC 000:350.762 - 0.234ms returns 0
T55FC 000:350.767 JLINK_CORESIGHT_WriteAPDPReg(AP reg 0x00, 0x80000002)
T55FC 000:350.945 - 0.179ms returns 0
T55FC 000:350.950 JLINK_CORESIGHT_WriteAPDPReg(AP reg 0x01, 0x80011130)
T55FC 000:351.132 - 0.182ms returns 0
T55FC 000:351.137 JLINK_CORESIGHT_ReadAPDPReg(AP reg 0x03)
T55FC 000:351.361   Value=0x000000C6
T55FC 000:351.365 - 0.228ms returns 0
T55FC 000:351.378 JLINK_CORESIGHT_WriteAPDPReg(AP reg 0x00, 0x80000002)
T55FC 000:351.556 - 0.178ms returns 0
T55FC 000:351.561 JLINK_CORESIGHT_WriteAPDPReg(AP reg 0x01, 0x80011140)
T55FC 000:351.738 - 0.177ms returns 0
T55FC 000:351.748 JLINK_CORESIGHT_ReadAPDPReg(AP reg 0x03)
T55FC 000:351.973   Value=0x00000002
T55FC 000:351.977 - 0.229ms returns 0
T55FC 000:351.985 JLINK_CORESIGHT_WriteAPDPReg(AP reg 0x00, 0x80000002)
T55FC 000:352.163 - 0.178ms returns 0
T55FC 000:352.169 JLINK_CORESIGHT_WriteAPDPReg(AP reg 0x01, 0x80011120)
T55FC 000:352.360 - 0.191ms returns 0
T55FC 000:352.367 JLINK_CORESIGHT_WriteAPDPReg(AP reg 0x03, 0x3A010001)
T55FC 000:352.546 - 0.178ms returns 0
T55FC 000:352.554 JLINK_CORESIGHT_WriteAPDPReg(AP reg 0x00, 0x80000002)
T55FC 000:352.728 - 0.173ms returns 0
T55FC 000:352.735 JLINK_CORESIGHT_WriteAPDPReg(AP reg 0x01, 0x80011140)
T55FC 000:352.914 - 0.179ms returns 0
T55FC 000:352.921 JLINK_CORESIGHT_ReadAPDPReg(AP reg 0x03)
T55FC 000:353.149   Value=0x00000002
T55FC 000:353.154 - 0.233ms returns 0
T55FC 000:353.161 JLINK_CORESIGHT_WriteAPDPReg(AP reg 0x00, 0x80000002)
T55FC 000:353.360 - 0.199ms returns 0
T55FC 000:353.367 JLINK_CORESIGHT_WriteAPDPReg(AP reg 0x01, 0x80011120)
T55FC 000:353.540 - 0.172ms returns 0
T55FC 000:353.546 JLINK_CORESIGHT_WriteAPDPReg(AP reg 0x03, 0x000003C5)
T55FC 000:353.720 - 0.173ms returns 0
T55FC 000:353.968 JLINK_CORESIGHT_WriteAPDPReg(AP reg 0x00, 0x80000002)
T55FC 000:354.163 - 0.195ms returns 0
T55FC 000:354.169 JLINK_CORESIGHT_WriteAPDPReg(AP reg 0x01, 0x80011140)
T55FC 000:354.359 - 0.190ms returns 0
T55FC 000:354.364 JLINK_CORESIGHT_ReadAPDPReg(AP reg 0x03)
T55FC 000:354.591   Value=0x00000000
T55FC 000:354.597 - 0.232ms returns 0
T55FC 000:354.602 JLINK_CORESIGHT_WriteAPDPReg(AP reg 0x00, 0x80000002)
T55FC 000:355.309 - 0.707ms returns 0
T55FC 000:355.318 JLINK_CORESIGHT_WriteAPDPReg(AP reg 0x01, 0x80011130)
T55FC 000:355.507 - 0.188ms returns 0
T55FC 000:355.519 JLINK_CORESIGHT_ReadAPDPReg(AP reg 0x03)
T55FC 000:355.749   Value=0x3A2A0081
T55FC 000:355.754 - 0.236ms returns 0
T55FC 000:355.759 JLINK_CORESIGHT_WriteAPDPReg(AP reg 0x00, 0x80000002)
T55FC 000:355.936 - 0.177ms returns 0
T55FC 000:355.941 JLINK_CORESIGHT_WriteAPDPReg(AP reg 0x01, 0x80011140)
T55FC 000:356.133 - 0.191ms returns 0
T55FC 000:356.138 JLINK_CORESIGHT_ReadAPDPReg(AP reg 0x03)
T55FC 000:356.363   Value=0x00000000
T55FC 000:356.400 - 0.261ms returns 0
T55FC 000:356.405 JLINK_CORESIGHT_WriteAPDPReg(AP reg 0x00, 0x80000002)
T55FC 000:356.584 - 0.179ms returns 0
T55FC 000:356.589 JLINK_CORESIGHT_WriteAPDPReg(AP reg 0x01, 0x80011130)
T55FC 000:356.871 - 0.282ms returns 0
T55FC 000:356.876 JLINK_CORESIGHT_ReadAPDPReg(AP reg 0x03)
T55FC 000:357.107   Value=0x808D5B00
T55FC 000:357.112 - 0.236ms returns 0
T55FC 000:357.117 JLINK_CORESIGHT_WriteAPDPReg(AP reg 0x00, 0x80000002)
T55FC 000:357.361 - 0.244ms returns 0
T55FC 000:357.365 JLINK_CORESIGHT_WriteAPDPReg(AP reg 0x01, 0x80011140)
T55FC 000:357.551 - 0.185ms returns 0
T55FC 000:357.555 JLINK_CORESIGHT_ReadAPDPReg(AP reg 0x03)
T55FC 000:357.777   Value=0x00000000
T55FC 000:357.782 - 0.227ms returns 0
T55FC 000:357.786 JLINK_CORESIGHT_WriteAPDPReg(AP reg 0x00, 0x80000002)
T55FC 000:357.966 - 0.179ms returns 0
T55FC 000:357.970 JLINK_CORESIGHT_WriteAPDPReg(AP reg 0x01, 0x80011130)
T55FC 000:358.124 - 0.154ms returns 0
T55FC 000:358.129 JLINK_CORESIGHT_ReadAPDPReg(AP reg 0x03)
T55FC 000:358.361   Value=0x0406070A
T55FC 000:358.366 - 0.237ms returns 0
T55FC 000:358.370 JLINK_CORESIGHT_WriteAPDPReg(AP reg 0x00, 0x80000002)
T55FC 000:358.548 - 0.178ms returns 0
T55FC 000:358.553 JLINK_CORESIGHT_WriteAPDPReg(AP reg 0x01, 0x80011140)
T55FC 000:358.732 - 0.179ms returns 0
T55FC 000:358.737 JLINK_CORESIGHT_ReadAPDPReg(AP reg 0x03)
T55FC 000:358.965   Value=0x00000000
T55FC 000:358.970 - 0.233ms returns 0
T55FC 000:358.974 JLINK_CORESIGHT_WriteAPDPReg(AP reg 0x00, 0x80000002)
T55FC 000:359.148 - 0.174ms returns 0
T55FC 000:359.153 JLINK_CORESIGHT_WriteAPDPReg(AP reg 0x01, 0x80011130)
T55FC 000:359.381 - 0.228ms returns 0
T55FC 000:359.391 JLINK_CORESIGHT_ReadAPDPReg(AP reg 0x03)
T55FC 000:359.643   Value=0x3254540B
T55FC 000:359.652 - 0.260ms returns 0
T55FC 000:359.657 JLINK_CORESIGHT_WriteAPDPReg(AP reg 0x00, 0x80000002)
T55FC 000:359.834 - 0.177ms returns 0
T55FC 000:359.839 JLINK_CORESIGHT_WriteAPDPReg(AP reg 0x01, 0x80011140)
T55FC 000:360.122 - 0.283ms returns 0
T55FC 000:360.127 JLINK_CORESIGHT_ReadAPDPReg(AP reg 0x03)
T55FC 000:360.361   Value=0x00000000
T55FC 000:360.366 - 0.238ms returns 0
T55FC 000:360.370 JLINK_CORESIGHT_WriteAPDPReg(AP reg 0x00, 0x80000002)
T55FC 000:360.548 - 0.178ms returns 0
T55FC 000:360.553 JLINK_CORESIGHT_WriteAPDPReg(AP reg 0x01, 0x80011130)
T55FC 000:360.757 - 0.204ms returns 0
T55FC 000:360.763 JLINK_CORESIGHT_ReadAPDPReg(AP reg 0x03)
T55FC 000:360.996   Value=0x5443F059
T55FC 000:361.001 - 0.237ms returns 0
T55FC 000:361.005 JLINK_CORESIGHT_WriteAPDPReg(AP reg 0x00, 0x80000002)
T55FC 000:361.182 - 0.177ms returns 0
T55FC 000:361.186 JLINK_CORESIGHT_WriteAPDPReg(AP reg 0x01, 0x80011140)
T55FC 000:361.361 - 0.174ms returns 0
T55FC 000:361.365 JLINK_CORESIGHT_ReadAPDPReg(AP reg 0x03)
T55FC 000:361.593   Value=0x00000000
T55FC 000:361.598 - 0.232ms returns 0
T55FC 000:361.602 JLINK_CORESIGHT_WriteAPDPReg(AP reg 0x00, 0x80000002)
T55FC 000:361.798 - 0.196ms returns 0
T55FC 000:361.803 JLINK_CORESIGHT_WriteAPDPReg(AP reg 0x01, 0x80011130)
T55FC 000:361.982 - 0.179ms returns 0
T55FC 000:361.987 JLINK_CORESIGHT_ReadAPDPReg(AP reg 0x03)
T55FC 000:362.216   Value=0x34325736
T55FC 000:362.221 - 0.234ms returns 0
T55FC 000:362.225 JLINK_CORESIGHT_WriteAPDPReg(AP reg 0x00, 0x80000002)
T55FC 000:362.386 - 0.161ms returns 0
T55FC 000:362.391 JLINK_CORESIGHT_WriteAPDPReg(AP reg 0x01, 0x80011140)
T55FC 000:362.569 - 0.178ms returns 0
T55FC 000:362.574 JLINK_CORESIGHT_ReadAPDPReg(AP reg 0x03)
T55FC 000:362.807   Value=0x00000000
T55FC 000:362.812 - 0.238ms returns 0
T55FC 000:362.816 JLINK_CORESIGHT_WriteAPDPReg(AP reg 0x00, 0x80000002)
T55FC 000:363.007 - 0.190ms returns 0
T55FC 000:363.011 JLINK_CORESIGHT_WriteAPDPReg(AP reg 0x01, 0x80011130)
T55FC 000:363.189 - 0.178ms returns 0
T55FC 000:363.194 JLINK_CORESIGHT_ReadAPDPReg(AP reg 0x03)
T55FC 000:363.411   Value=0x66082D30
T55FC 000:363.416 - 0.222ms returns 0
T55FC 000:363.420 JLINK_CORESIGHT_WriteAPDPReg(AP reg 0x00, 0x80000002)
T55FC 000:363.597 - 0.177ms returns 0
T55FC 000:363.602 JLINK_CORESIGHT_WriteAPDPReg(AP reg 0x01, 0x80011140)
T55FC 000:363.779 - 0.177ms returns 0
T55FC 000:363.784 JLINK_CORESIGHT_ReadAPDPReg(AP reg 0x03)
T55FC 000:363.988   Value=0x00000000
T55FC 000:363.993 - 0.208ms returns 0
T55FC 000:363.998 JLINK_CORESIGHT_WriteAPDPReg(AP reg 0x00, 0x80000002)
T55FC 000:364.176 - 0.178ms returns 0
T55FC 000:364.181 JLINK_CORESIGHT_WriteAPDPReg(AP reg 0x01, 0x80011130)
T55FC 000:364.367 - 0.186ms returns 0
T55FC 000:364.371 JLINK_CORESIGHT_ReadAPDPReg(AP reg 0x03)
T55FC 000:364.570   Value=0x4B375264
T55FC 000:364.575 - 0.203ms returns 0
T55FC 000:364.579 JLINK_CORESIGHT_WriteAPDPReg(AP reg 0x00, 0x80000002)
T55FC 000:364.757 - 0.178ms returns 0
T55FC 000:364.762 JLINK_CORESIGHT_WriteAPDPReg(AP reg 0x01, 0x80011140)
T55FC 000:364.939 - 0.177ms returns 0
T55FC 000:364.944 JLINK_CORESIGHT_ReadAPDPReg(AP reg 0x03)
T55FC 000:365.183   Value=0x00000000
T55FC 000:365.188 - 0.244ms returns 0
T55FC 000:365.193 JLINK_CORESIGHT_WriteAPDPReg(AP reg 0x00, 0x80000002)
T55FC 000:365.385 - 0.192ms returns 0
T55FC 000:365.394 JLINK_CORESIGHT_WriteAPDPReg(AP reg 0x01, 0x80011130)
T55FC 000:365.569 - 0.175ms returns 0
T55FC 000:365.574 JLINK_CORESIGHT_ReadAPDPReg(AP reg 0x03)
T55FC 000:365.814   Value=0x31503841
T55FC 000:365.825 - 0.250ms returns 0
T55FC 000:365.830 JLINK_CORESIGHT_WriteAPDPReg(AP reg 0x00, 0x80000002)
T55FC 000:366.008 - 0.177ms returns 0
T55FC 000:366.012 JLINK_CORESIGHT_WriteAPDPReg(AP reg 0x01, 0x80011140)
T55FC 000:366.170 - 0.157ms returns 0
T55FC 000:366.175 JLINK_CORESIGHT_ReadAPDPReg(AP reg 0x03)
T55FC 000:366.412   Value=0x00000000
T55FC 000:366.417 - 0.242ms returns 0
T55FC 000:366.422 JLINK_CORESIGHT_WriteAPDPReg(AP reg 0x00, 0x80000002)
T55FC 000:366.655 - 0.233ms returns 0
T55FC 000:366.660 JLINK_CORESIGHT_WriteAPDPReg(AP reg 0x01, 0x80011130)
T55FC 000:366.920 - 0.260ms returns 0
T55FC 000:366.927 JLINK_CORESIGHT_ReadAPDPReg(AP reg 0x03)
T55FC 000:367.158   Value=0x434C464B
T55FC 000:367.163 - 0.236ms returns 0
T55FC 000:367.167 JLINK_CORESIGHT_WriteAPDPReg(AP reg 0x00, 0x80000002)
T55FC 000:367.361 - 0.193ms returns 0
T55FC 000:367.365 JLINK_CORESIGHT_WriteAPDPReg(AP reg 0x01, 0x80011140)
T55FC 000:367.543 - 0.178ms returns 0
T55FC 000:367.548 JLINK_CORESIGHT_ReadAPDPReg(AP reg 0x03)
T55FC 000:367.783   Value=0x00000000
T55FC 000:367.789 - 0.241ms returns 0
T55FC 000:367.793 JLINK_CORESIGHT_WriteAPDPReg(AP reg 0x00, 0x80000002)
T55FC 000:367.971 - 0.177ms returns 0
T55FC 000:367.976 JLINK_CORESIGHT_WriteAPDPReg(AP reg 0x01, 0x80011130)
T55FC 000:368.153 - 0.177ms returns 0
T55FC 000:368.157 JLINK_CORESIGHT_ReadAPDPReg(AP reg 0x03)
T55FC 000:368.386   Value=0x20204341
T55FC 000:368.391 - 0.233ms returns 0
T55FC 000:368.395 JLINK_CORESIGHT_WriteAPDPReg(AP reg 0x00, 0x80000002)
T55FC 000:368.568 - 0.173ms returns 0
T55FC 000:368.573 JLINK_CORESIGHT_WriteAPDPReg(AP reg 0x01, 0x80011140)
T55FC 000:368.758 - 0.185ms returns 0
T55FC 000:368.762 JLINK_CORESIGHT_ReadAPDPReg(AP reg 0x03)
T55FC 000:368.992   Value=0x00000000
T55FC 000:368.996 - 0.233ms returns 0
T55FC 000:369.000 JLINK_CORESIGHT_WriteAPDPReg(AP reg 0x00, 0x80000002)
T55FC 000:369.179 - 0.178ms returns 0
T55FC 000:369.183 JLINK_CORESIGHT_WriteAPDPReg(AP reg 0x01, 0x80011130)
T55FC 000:369.361 - 0.177ms returns 0
T55FC 000:369.365 JLINK_CORESIGHT_ReadAPDPReg(AP reg 0x03)
T55FC 000:369.593   Value=0x00036020
T55FC 000:369.598 - 0.232ms returns 0
T55FC 000:369.637 JLINK_CORESIGHT_WriteAPDPReg(AP reg 0x00, 0x80000002)
T55FC 000:369.815 - 0.178ms returns 0
T55FC 000:369.820 JLINK_CORESIGHT_WriteAPDPReg(AP reg 0x01, 0x80011140)
T55FC 000:370.007 - 0.187ms returns 0
T55FC 000:370.012 JLINK_CORESIGHT_ReadAPDPReg(AP reg 0x03)
T55FC 000:370.240   Value=0x00000002
T55FC 000:370.244 - 0.232ms returns 0
T55FC 000:370.249 JLINK_CORESIGHT_WriteAPDPReg(AP reg 0x00, 0x80000002)
T55FC 000:370.494 - 0.245ms returns 0
T55FC 000:370.498 JLINK_CORESIGHT_WriteAPDPReg(AP reg 0x01, 0x80011120)
T55FC 000:370.677 - 0.178ms returns 0
T55FC 000:370.682 JLINK_CORESIGHT_WriteAPDPReg(AP reg 0x03, 0x39020001)
T55FC 000:370.928 - 0.246ms returns 0
T55FC 000:370.934 JLINK_CORESIGHT_WriteAPDPReg(AP reg 0x00, 0x80000002)
T55FC 000:371.116 - 0.181ms returns 0
T55FC 000:371.120 JLINK_CORESIGHT_WriteAPDPReg(AP reg 0x01, 0x80011140)
T55FC 000:371.282 - 0.161ms returns 0
T55FC 000:371.287 JLINK_CORESIGHT_ReadAPDPReg(AP reg 0x03)
T55FC 000:371.544   Value=0x00000002
T55FC 000:371.549 - 0.262ms returns 0
T55FC 000:371.553 JLINK_CORESIGHT_WriteAPDPReg(AP reg 0x00, 0x80000002)
T55FC 000:371.728 - 0.174ms returns 0
T55FC 000:371.732 JLINK_CORESIGHT_WriteAPDPReg(AP reg 0x01, 0x80011120)
T55FC 000:371.887 - 0.154ms returns 0
T55FC 000:371.899 JLINK_CORESIGHT_WriteAPDPReg(AP reg 0x03, 0x0003B312)
T55FC 000:372.054 - 0.154ms returns 0
T55FC 000:372.059 JLINK_CORESIGHT_WriteAPDPReg(AP reg 0x00, 0x80000002)
T55FC 000:372.237 - 0.177ms returns 0
T55FC 000:372.242 JLINK_CORESIGHT_WriteAPDPReg(AP reg 0x01, 0x80011140)
T55FC 000:372.494 - 0.252ms returns 0
T55FC 000:372.499 JLINK_CORESIGHT_ReadAPDPReg(AP reg 0x03)
T55FC 000:372.727   Value=0x00000000
T55FC 000:372.732 - 0.233ms returns 0
T55FC 000:372.736 JLINK_CORESIGHT_WriteAPDPReg(AP reg 0x00, 0x80000002)
T55FC 000:372.914 - 0.177ms returns 0
T55FC 000:372.918 JLINK_CORESIGHT_WriteAPDPReg(AP reg 0x01, 0x80011130)
T55FC 000:373.097 - 0.178ms returns 0
T55FC 000:373.101 JLINK_CORESIGHT_ReadAPDPReg(AP reg 0x03)
T55FC 000:373.360   Value=0xB90A0081
T55FC 000:373.365 - 0.263ms returns 0
T55FC 000:373.369 JLINK_CORESIGHT_WriteAPDPReg(AP reg 0x00, 0x80000002)
T55FC 000:373.547 - 0.177ms returns 0
T55FC 000:373.551 JLINK_CORESIGHT_WriteAPDPReg(AP reg 0x01, 0x80011140)
T55FC 000:373.728 - 0.176ms returns 0
T55FC 000:373.733 JLINK_CORESIGHT_ReadAPDPReg(AP reg 0x03)
T55FC 000:373.962   Value=0x00000000
T55FC 000:373.967 - 0.233ms returns 0
T55FC 000:373.971 JLINK_CORESIGHT_WriteAPDPReg(AP reg 0x00, 0x80000002)
T55FC 000:374.246 - 0.274ms returns 0
T55FC 000:374.251 JLINK_CORESIGHT_WriteAPDPReg(AP reg 0x01, 0x80011130)
T55FC 000:374.494 - 0.243ms returns 0
T55FC 000:374.499 JLINK_CORESIGHT_ReadAPDPReg(AP reg 0x03)
T55FC 000:374.732   Value=0xFFFFFFC0
T55FC 000:374.737 - 0.238ms returns 0
T55FC 000:374.741 JLINK_CORESIGHT_WriteAPDPReg(AP reg 0x00, 0x80000002)
T55FC 000:374.917 - 0.175ms returns 0
T55FC 000:374.923 JLINK_CORESIGHT_WriteAPDPReg(AP reg 0x01, 0x80011140)
T55FC 000:375.076 - 0.153ms returns 0
T55FC 000:375.081 JLINK_CORESIGHT_ReadAPDPReg(AP reg 0x03)
T55FC 000:375.364   Value=0x00000000
T55FC 000:375.369 - 0.288ms returns 0
T55FC 000:375.373 JLINK_CORESIGHT_WriteAPDPReg(AP reg 0x00, 0x80000002)
T55FC 000:375.551 - 0.177ms returns 0
T55FC 000:375.555 JLINK_CORESIGHT_WriteAPDPReg(AP reg 0x01, 0x80011130)
T55FC 000:375.732 - 0.177ms returns 0
T55FC 000:375.737 JLINK_CORESIGHT_ReadAPDPReg(AP reg 0x03)
T55FC 000:375.965   Value=0xFFFFFFFF
T55FC 000:375.970 - 0.233ms returns 0
T55FC 000:375.974 JLINK_CORESIGHT_WriteAPDPReg(AP reg 0x00, 0x80000002)
T55FC 000:376.152 - 0.178ms returns 0
T55FC 000:376.157 JLINK_CORESIGHT_WriteAPDPReg(AP reg 0x01, 0x80011140)
T55FC 000:376.361 - 0.204ms returns 0
T55FC 000:376.366 JLINK_CORESIGHT_ReadAPDPReg(AP reg 0x03)
T55FC 000:376.594   Value=0x00000000
T55FC 000:376.599 - 0.233ms returns 0
T55FC 000:376.603 JLINK_CORESIGHT_WriteAPDPReg(AP reg 0x00, 0x80000002)
T55FC 000:376.781 - 0.178ms returns 0
T55FC 000:376.786 JLINK_CORESIGHT_WriteAPDPReg(AP reg 0x01, 0x80011130)
T55FC 000:376.963 - 0.176ms returns 0
T55FC 000:376.967 JLINK_CORESIGHT_ReadAPDPReg(AP reg 0x03)
T55FC 000:377.362   Value=0x000385FF
T55FC 000:377.367 - 0.400ms returns 0
T55FC 000:377.410 JLINK_CORESIGHT_WriteAPDPReg(AP reg 0x00, 0x80000002)
T55FC 000:377.590 - 0.180ms returns 0
T55FC 000:377.595 JLINK_CORESIGHT_WriteAPDPReg(AP reg 0x01, 0x80011140)
T55FC 000:377.778 - 0.182ms returns 0
T55FC 000:377.782 JLINK_CORESIGHT_ReadAPDPReg(AP reg 0x03)
T55FC 000:378.011   Value=0x00000002
T55FC 000:378.016 - 0.233ms returns 0
T55FC 000:378.020 JLINK_CORESIGHT_WriteAPDPReg(AP reg 0x00, 0x80000002)
T55FC 000:378.194 - 0.174ms returns 0
T55FC 000:378.199 JLINK_CORESIGHT_WriteAPDPReg(AP reg 0x01, 0x80011120)
T55FC 000:378.366 - 0.167ms returns 0
T55FC 000:378.370 JLINK_CORESIGHT_WriteAPDPReg(AP reg 0x03, 0x2C010001)
T55FC 000:378.519 - 0.149ms returns 0
T55FC 000:378.524 JLINK_CORESIGHT_WriteAPDPReg(AP reg 0x00, 0x80000002)
T55FC 000:378.704 - 0.180ms returns 0
T55FC 000:378.947 JLINK_CORESIGHT_WriteAPDPReg(AP reg 0x01, 0x80011140)
T55FC 000:379.126 - 0.179ms returns 0
T55FC 000:379.131 JLINK_CORESIGHT_ReadAPDPReg(AP reg 0x03)
T55FC 000:379.361   Value=0x00000002
T55FC 000:379.365 - 0.234ms returns 0
T55FC 000:379.369 JLINK_CORESIGHT_WriteAPDPReg(AP reg 0x00, 0x80000002)
T55FC 000:379.548 - 0.178ms returns 0
T55FC 000:379.552 JLINK_CORESIGHT_WriteAPDPReg(AP reg 0x01, 0x80011120)
T55FC 000:379.733 - 0.180ms returns 0
T55FC 000:379.737 JLINK_CORESIGHT_WriteAPDPReg(AP reg 0x03, 0x000003D3)
T55FC 000:379.891 - 0.154ms returns 0
T55FC 000:379.896 JLINK_CORESIGHT_WriteAPDPReg(AP reg 0x00, 0x80000002)
T55FC 000:380.074 - 0.178ms returns 0
T55FC 000:380.079 JLINK_CORESIGHT_WriteAPDPReg(AP reg 0x01, 0x80011140)
T55FC 000:380.233 - 0.153ms returns 0
T55FC 000:380.237 JLINK_CORESIGHT_ReadAPDPReg(AP reg 0x03)
T55FC 000:380.461   Value=0x00000002
T55FC 000:380.466 - 0.228ms returns 0
T55FC 000:380.470 JLINK_CORESIGHT_ReadAPDPReg(AP reg 0x03)
T55FC 000:380.796   Value=0x00000002
T55FC 000:380.801 - 0.330ms returns 0
T55FC 000:380.805 JLINK_CORESIGHT_ReadAPDPReg(AP reg 0x03)
T55FC 000:381.032   Value=0x00000002
T55FC 000:381.037 - 0.232ms returns 0
T55FC 000:381.041 JLINK_CORESIGHT_ReadAPDPReg(AP reg 0x03)
T55FC 000:381.269   Value=0x00000002
T55FC 000:381.274 - 0.232ms returns 0
T55FC 000:381.278 JLINK_CORESIGHT_ReadAPDPReg(AP reg 0x03)
T55FC 000:381.539   Value=0x00000002
T55FC 000:381.544 - 0.266ms returns 0
T55FC 000:381.548 JLINK_CORESIGHT_ReadAPDPReg(AP reg 0x03)
T55FC 000:381.776   Value=0x00000002
T55FC 000:381.780 - 0.232ms returns 0
T55FC 000:381.784 JLINK_CORESIGHT_ReadAPDPReg(AP reg 0x03)
T55FC 000:382.016   Value=0x00000002
T55FC 000:382.021 - 0.236ms returns 0
T55FC 000:382.025 JLINK_CORESIGHT_ReadAPDPReg(AP reg 0x03)
T55FC 000:382.252   Value=0x00000002
T55FC 000:382.256 - 0.231ms returns 0
T55FC 000:382.261 JLINK_CORESIGHT_ReadAPDPReg(AP reg 0x03)
T55FC 000:382.544   Value=0x00000002
T55FC 000:382.548 - 0.288ms returns 0
T55FC 000:382.553 JLINK_CORESIGHT_ReadAPDPReg(AP reg 0x03)
T55FC 000:382.782   Value=0x00000002
T55FC 000:382.787 - 0.234ms returns 0
T55FC 000:382.791 JLINK_CORESIGHT_ReadAPDPReg(AP reg 0x03)
T55FC 000:383.018   Value=0x00000000
T55FC 000:383.023 - 0.232ms returns 0
T55FC 000:383.028 JLINK_CORESIGHT_WriteAPDPReg(AP reg 0x00, 0x80000002)
T55FC 000:383.206 - 0.178ms returns 0
T55FC 000:383.211 JLINK_CORESIGHT_WriteAPDPReg(AP reg 0x01, 0x80011130)
T55FC 000:383.387 - 0.176ms returns 0
T55FC 000:383.392 JLINK_CORESIGHT_ReadAPDPReg(AP reg 0x03)
T55FC 000:383.621   Value=0x2C020081
T55FC 000:383.626 - 0.233ms returns 0
T55FC 000:383.630 JLINK_CORESIGHT_WriteAPDPReg(AP reg 0x00, 0x80000002)
T55FC 000:383.809 - 0.179ms returns 0
T55FC 000:383.814 JLINK_CORESIGHT_WriteAPDPReg(AP reg 0x01, 0x80011140)
T55FC 000:384.117 - 0.303ms returns 0
T55FC 000:384.122 JLINK_CORESIGHT_ReadAPDPReg(AP reg 0x03)
T55FC 000:384.361   Value=0x00000000
T55FC 000:384.366 - 0.243ms returns 0
T55FC 000:384.370 JLINK_CORESIGHT_WriteAPDPReg(AP reg 0x00, 0x80000002)
T55FC 000:384.547 - 0.177ms returns 0
T55FC 000:384.552 JLINK_CORESIGHT_WriteAPDPReg(AP reg 0x01, 0x80011130)
T55FC 000:384.732 - 0.180ms returns 0
T55FC 000:384.737 JLINK_CORESIGHT_ReadAPDPReg(AP reg 0x03)
T55FC 000:384.961   Value=0x0003CE04
T55FC 000:384.966 - 0.229ms returns 0
T55FC 000:384.972 JLINK_CORESIGHT_WriteAPDPReg(AP reg 0x00, 0x80000002)
T55FC 000:385.246 - 0.274ms returns 0
T55FC 000:385.251 JLINK_CORESIGHT_WriteAPDPReg(AP reg 0x01, 0x80011140)
T55FC 000:385.494 - 0.243ms returns 0
T55FC 000:385.499 JLINK_CORESIGHT_ReadAPDPReg(AP reg 0x03)
T55FC 000:385.727   Value=0x00000002
T55FC 000:385.732 - 0.233ms returns 0
T55FC 000:385.736 JLINK_CORESIGHT_WriteAPDPReg(AP reg 0x00, 0x80000002)
T55FC 000:385.927 - 0.190ms returns 0
T55FC 000:385.943 JLINK_CORESIGHT_WriteAPDPReg(AP reg 0x01, 0x80011120)
T55FC 000:386.137 - 0.193ms returns 0
T55FC 000:386.143 JLINK_CORESIGHT_WriteAPDPReg(AP reg 0x03, 0x73010001)
T55FC 000:386.363 - 0.220ms returns 0
T55FC 000:386.373 JLINK_CORESIGHT_WriteAPDPReg(AP reg 0x00, 0x80000002)
T55FC 000:386.553 - 0.180ms returns 0
T55FC 000:386.558 JLINK_CORESIGHT_WriteAPDPReg(AP reg 0x01, 0x80011140)
T55FC 000:386.739 - 0.180ms returns 0
T55FC 000:386.744 JLINK_CORESIGHT_ReadAPDPReg(AP reg 0x03)
T55FC 000:386.974   Value=0x00000002
T55FC 000:386.979 - 0.235ms returns 0
T55FC 000:386.984 JLINK_CORESIGHT_WriteAPDPReg(AP reg 0x00, 0x80000002)
T55FC 000:387.164 - 0.180ms returns 0
T55FC 000:387.169 JLINK_CORESIGHT_WriteAPDPReg(AP reg 0x01, 0x80011120)
T55FC 000:387.362 - 0.192ms returns 0
T55FC 000:387.366 JLINK_CORESIGHT_WriteAPDPReg(AP reg 0x03, 0x0000038C)
T55FC 000:387.521 - 0.154ms returns 0
T55FC 000:387.526 JLINK_CORESIGHT_WriteAPDPReg(AP reg 0x00, 0x80000002)
T55FC 000:387.705 - 0.179ms returns 0
T55FC 000:387.710 JLINK_CORESIGHT_WriteAPDPReg(AP reg 0x01, 0x80011140)
T55FC 000:387.894 - 0.184ms returns 0
T55FC 000:387.899 JLINK_CORESIGHT_ReadAPDPReg(AP reg 0x03)
T55FC 000:388.138   Value=0x00000002
T55FC 000:388.143 - 0.244ms returns 0
T55FC 000:388.147 JLINK_CORESIGHT_ReadAPDPReg(AP reg 0x03)
T55FC 000:388.360   Value=0x00000002
T55FC 000:388.365 - 0.217ms returns 0
T55FC 000:388.369 JLINK_CORESIGHT_ReadAPDPReg(AP reg 0x03)
T55FC 000:388.596   Value=0x00000002
T55FC 000:388.601 - 0.231ms returns 0
T55FC 000:388.605 JLINK_CORESIGHT_ReadAPDPReg(AP reg 0x03)
T55FC 000:388.832   Value=0x00000002
T55FC 000:388.837 - 0.232ms returns 0
T55FC 000:388.841 JLINK_CORESIGHT_ReadAPDPReg(AP reg 0x03)
T55FC 000:389.068   Value=0x00000002
T55FC 000:389.073 - 0.232ms returns 0
T55FC 000:389.077 JLINK_CORESIGHT_ReadAPDPReg(AP reg 0x03)
T55FC 000:389.390   Value=0x00000002
T55FC 000:389.403 - 0.325ms returns 0
T55FC 000:389.410 JLINK_CORESIGHT_ReadAPDPReg(AP reg 0x03)
T55FC 000:389.639   Value=0x00000002
T55FC 000:389.644 - 0.234ms returns 0
T55FC 000:389.648 JLINK_CORESIGHT_ReadAPDPReg(AP reg 0x03)
T55FC 000:389.907   Value=0x00000002
T55FC 000:389.915 - 0.266ms returns 0
T55FC 000:389.919 JLINK_CORESIGHT_ReadAPDPReg(AP reg 0x03)
T55FC 000:390.147   Value=0x00000002
T55FC 000:390.152 - 0.232ms returns 0
T55FC 000:390.156 JLINK_CORESIGHT_ReadAPDPReg(AP reg 0x03)
T55FC 000:390.386   Value=0x00000002
T55FC 000:390.391 - 0.234ms returns 0
T55FC 000:390.395 JLINK_CORESIGHT_ReadAPDPReg(AP reg 0x03)
T55FC 000:390.621   Value=0x00000002
T55FC 000:390.626 - 0.231ms returns 0
T55FC 000:390.630 JLINK_CORESIGHT_ReadAPDPReg(AP reg 0x03)
T55FC 000:390.875   Value=0x00000002
T55FC 000:390.879 - 0.249ms returns 0
T55FC 000:390.883 JLINK_CORESIGHT_ReadAPDPReg(AP reg 0x03)
T55FC 000:391.112   Value=0x00000002
T55FC 000:391.117 - 0.233ms returns 0
T55FC 000:391.121 JLINK_CORESIGHT_ReadAPDPReg(AP reg 0x03)
T55FC 000:391.362   Value=0x00000000
T55FC 000:391.367 - 0.246ms returns 0
T55FC 000:391.372 JLINK_CORESIGHT_WriteAPDPReg(AP reg 0x00, 0x80000002)
T55FC 000:391.553 - 0.181ms returns 0
T55FC 000:391.567 JLINK_CORESIGHT_WriteAPDPReg(AP reg 0x01, 0x80011130)
T55FC 000:391.757 - 0.190ms returns 0
T55FC 000:391.762 JLINK_CORESIGHT_ReadAPDPReg(AP reg 0x03)
T55FC 000:391.998   Value=0x73020081
T55FC 000:392.009 - 0.246ms returns 0
T55FC 000:392.015 JLINK_CORESIGHT_WriteAPDPReg(AP reg 0x00, 0x80000002)
T55FC 000:392.201 - 0.186ms returns 0
T55FC 000:392.206 JLINK_CORESIGHT_WriteAPDPReg(AP reg 0x01, 0x80011140)
T55FC 000:392.387 - 0.180ms returns 0
T55FC 000:392.392 JLINK_CORESIGHT_ReadAPDPReg(AP reg 0x03)
T55FC 000:392.623   Value=0x00000000
T55FC 000:392.628 - 0.236ms returns 0
T55FC 000:392.633 JLINK_CORESIGHT_WriteAPDPReg(AP reg 0x00, 0x80000002)
T55FC 000:392.812 - 0.179ms returns 0
T55FC 000:392.817 JLINK_CORESIGHT_WriteAPDPReg(AP reg 0x01, 0x80011130)
T55FC 000:392.983 - 0.166ms returns 0
T55FC 000:392.993 JLINK_CORESIGHT_ReadAPDPReg(AP reg 0x03)
T55FC 000:393.228   Value=0x00038902
T55FC 000:393.233 - 0.239ms returns 0
T55FC 000:393.239 JLINK_CORESIGHT_WriteAPDPReg(AP reg 0x00, 0x80000002)
T55FC 000:393.495 - 0.256ms returns 0
T55FC 000:393.500 JLINK_CORESIGHT_WriteAPDPReg(AP reg 0x01, 0x80011140)
T55FC 000:393.679 - 0.179ms returns 0
T55FC 000:393.684 JLINK_CORESIGHT_ReadAPDPReg(AP reg 0x03)
T55FC 000:393.888   Value=0x00000002
T55FC 000:393.893 - 0.209ms returns 0
T55FC 000:393.898 JLINK_CORESIGHT_WriteAPDPReg(AP reg 0x00, 0x80000002)
T55FC 000:394.077 - 0.178ms returns 0
T55FC 000:394.082 JLINK_CORESIGHT_WriteAPDPReg(AP reg 0x01, 0x80011120)
T55FC 000:394.257 - 0.175ms returns 0
T55FC 000:394.262 JLINK_CORESIGHT_WriteAPDPReg(AP reg 0x03, 0x75010001)
T55FC 000:394.495 - 0.233ms returns 0
T55FC 000:394.500 JLINK_CORESIGHT_WriteAPDPReg(AP reg 0x00, 0x80000002)
T55FC 000:394.679 - 0.179ms returns 0
T55FC 000:394.684 JLINK_CORESIGHT_WriteAPDPReg(AP reg 0x01, 0x80011140)
T55FC 000:394.860 - 0.175ms returns 0
T55FC 000:394.865 JLINK_CORESIGHT_ReadAPDPReg(AP reg 0x03)
T55FC 000:395.094   Value=0x00000002
T55FC 000:395.098 - 0.233ms returns 0
T55FC 000:395.103 JLINK_CORESIGHT_WriteAPDPReg(AP reg 0x00, 0x80000002)
T55FC 000:395.283 - 0.180ms returns 0
T55FC 000:395.288 JLINK_CORESIGHT_WriteAPDPReg(AP reg 0x01, 0x80011120)
T55FC 000:395.495 - 0.207ms returns 0
T55FC 000:395.500 JLINK_CORESIGHT_WriteAPDPReg(AP reg 0x03, 0x0000038A)
T55FC 000:395.678 - 0.178ms returns 0
T55FC 000:395.683 JLINK_CORESIGHT_WriteAPDPReg(AP reg 0x00, 0x80000002)
T55FC 000:395.861 - 0.178ms returns 0
T55FC 000:395.866 JLINK_CORESIGHT_WriteAPDPReg(AP reg 0x01, 0x80011140)
T55FC 000:396.021 - 0.154ms returns 0
T55FC 000:396.026 JLINK_CORESIGHT_ReadAPDPReg(AP reg 0x03)
T55FC 000:396.233   Value=0x00000002
T55FC 000:396.238 - 0.212ms returns 0
T55FC 000:396.242 JLINK_CORESIGHT_ReadAPDPReg(AP reg 0x03)
T55FC 000:396.550   Value=0x00000002
T55FC 000:396.555 - 0.313ms returns 0
T55FC 000:396.559 JLINK_CORESIGHT_ReadAPDPReg(AP reg 0x03)
T55FC 000:396.763   Value=0x00000000
T55FC 000:396.768 - 0.208ms returns 0
T55FC 000:396.773 JLINK_CORESIGHT_WriteAPDPReg(AP reg 0x00, 0x80000002)
T55FC 000:396.955 - 0.182ms returns 0
T55FC 000:396.961 JLINK_CORESIGHT_WriteAPDPReg(AP reg 0x01, 0x80011130)
T55FC 000:397.141 - 0.179ms returns 0
T55FC 000:397.146 JLINK_CORESIGHT_ReadAPDPReg(AP reg 0x03)
T55FC 000:397.362   Value=0x75020081
T55FC 000:397.367 - 0.221ms returns 0
T55FC 000:397.371 JLINK_CORESIGHT_WriteAPDPReg(AP reg 0x00, 0x80000002)
T55FC 000:397.550 - 0.178ms returns 0
T55FC 000:397.555 JLINK_CORESIGHT_WriteAPDPReg(AP reg 0x01, 0x80011140)
T55FC 000:397.734 - 0.178ms returns 0
T55FC 000:397.738 JLINK_CORESIGHT_ReadAPDPReg(AP reg 0x03)
T55FC 000:397.962   Value=0x00000000
T55FC 000:397.967 - 0.228ms returns 0
T55FC 000:397.972 JLINK_CORESIGHT_WriteAPDPReg(AP reg 0x00, 0x80000002)
T55FC 000:398.246 - 0.274ms returns 0
T55FC 000:398.251 JLINK_CORESIGHT_WriteAPDPReg(AP reg 0x01, 0x80011130)
T55FC 000:398.494 - 0.243ms returns 0
T55FC 000:398.499 JLINK_CORESIGHT_ReadAPDPReg(AP reg 0x03)
T55FC 000:398.728   Value=0x00038702
T55FC 000:398.733 - 0.233ms returns 0
T55FC 000:398.740 JLINK_CORESIGHT_WriteAPDPReg(AP reg 0x00, 0x80000002)
T55FC 000:398.925 - 0.185ms returns 0
T55FC 000:398.930 JLINK_CORESIGHT_WriteAPDPReg(AP reg 0x01, 0x80011140)
T55FC 000:399.077 - 0.147ms returns 0
T55FC 000:399.082 JLINK_CORESIGHT_ReadAPDPReg(AP reg 0x03)
T55FC 000:399.360   Value=0x00000002
T55FC 000:399.365 - 0.282ms returns 0
T55FC 000:399.369 JLINK_CORESIGHT_WriteAPDPReg(AP reg 0x00, 0x80000002)
T55FC 000:399.546 - 0.177ms returns 0
T55FC 000:399.551 JLINK_CORESIGHT_WriteAPDPReg(AP reg 0x01, 0x80011120)
T55FC 000:399.727 - 0.176ms returns 0
T55FC 000:399.732 JLINK_CORESIGHT_WriteAPDPReg(AP reg 0x03, 0x4F010001)
T55FC 000:399.909 - 0.177ms returns 0
T55FC 000:399.914 JLINK_CORESIGHT_WriteAPDPReg(AP reg 0x00, 0x80000002)
T55FC 000:400.097 - 0.182ms returns 0
T55FC 000:400.101 JLINK_CORESIGHT_WriteAPDPReg(AP reg 0x01, 0x80011140)
T55FC 000:400.272 - 0.170ms returns 0
T55FC 000:400.277 JLINK_CORESIGHT_ReadAPDPReg(AP reg 0x03)
T55FC 000:400.543   Value=0x00000002
T55FC 000:400.548 - 0.271ms returns 0
T55FC 000:400.553 JLINK_CORESIGHT_WriteAPDPReg(AP reg 0x00, 0x80000002)
T55FC 000:400.731 - 0.178ms returns 0
T55FC 000:400.736 JLINK_CORESIGHT_WriteAPDPReg(AP reg 0x01, 0x80011120)
T55FC 000:400.913 - 0.177ms returns 0
T55FC 000:400.918 JLINK_CORESIGHT_WriteAPDPReg(AP reg 0x03, 0x000003B0)
T55FC 000:401.090 - 0.172ms returns 0
T55FC 000:401.095 JLINK_CORESIGHT_WriteAPDPReg(AP reg 0x00, 0x80000002)
T55FC 000:401.271 - 0.176ms returns 0
T55FC 000:401.276 JLINK_CORESIGHT_WriteAPDPReg(AP reg 0x01, 0x80011140)
T55FC 000:401.493 - 0.217ms returns 0
T55FC 000:401.498 JLINK_CORESIGHT_ReadAPDPReg(AP reg 0x03)
T55FC 000:401.724   Value=0x00000002
T55FC 000:401.729 - 0.230ms returns 0
T55FC 000:401.734 JLINK_CORESIGHT_ReadAPDPReg(AP reg 0x03)
T55FC 000:402.127   Value=0x00000002
T55FC 000:402.134 - 0.400ms returns 0
T55FC 000:402.211 JLINK_CORESIGHT_ReadAPDPReg(AP reg 0x03)
T55FC 000:402.439   Value=0x00000002
T55FC 000:402.449 - 0.237ms returns 0
T55FC 000:402.455 JLINK_CORESIGHT_ReadAPDPReg(AP reg 0x03)
T55FC 000:402.684   Value=0x00000002
T55FC 000:402.692 - 0.237ms returns 0
T55FC 000:402.697 JLINK_CORESIGHT_ReadAPDPReg(AP reg 0x03)
T55FC 000:402.908   Value=0x00000002
T55FC 000:402.914 - 0.216ms returns 0
T55FC 000:402.919 JLINK_CORESIGHT_ReadAPDPReg(AP reg 0x03)
T55FC 000:403.129   Value=0x00000002
T55FC 000:403.136 - 0.217ms returns 0
T55FC 000:403.141 JLINK_CORESIGHT_ReadAPDPReg(AP reg 0x03)
T55FC 000:403.362   Value=0x00000002
T55FC 000:403.368 - 0.226ms returns 0
T55FC 000:403.376 JLINK_CORESIGHT_ReadAPDPReg(AP reg 0x03)
T55FC 000:403.758   Value=0x00000002
T55FC 000:403.763 - 0.387ms returns 0
T55FC 000:403.768 JLINK_CORESIGHT_ReadAPDPReg(AP reg 0x03)
T55FC 000:404.003   Value=0x00000002
T55FC 000:404.008 - 0.240ms returns 0
T55FC 000:404.017 JLINK_CORESIGHT_ReadAPDPReg(AP reg 0x03)
T55FC 000:404.246   Value=0x00000002
T55FC 000:404.251 - 0.234ms returns 0
T55FC 000:404.259 JLINK_CORESIGHT_ReadAPDPReg(AP reg 0x03)
T55FC 000:404.543   Value=0x00000002
T55FC 000:404.553 - 0.294ms returns 0
T55FC 000:404.560 JLINK_CORESIGHT_ReadAPDPReg(AP reg 0x03)
T55FC 000:404.762   Value=0x00000002
T55FC 000:404.767 - 0.207ms returns 0
T55FC 000:404.774 JLINK_CORESIGHT_ReadAPDPReg(AP reg 0x03)
T55FC 000:405.003   Value=0x00000002
T55FC 000:405.008 - 0.234ms returns 0
T55FC 000:405.015 JLINK_CORESIGHT_ReadAPDPReg(AP reg 0x03)
T55FC 000:405.246   Value=0x00000002
T55FC 000:405.251 - 0.235ms returns 0
T55FC 000:405.258 JLINK_CORESIGHT_ReadAPDPReg(AP reg 0x03)
T55FC 000:405.546   Value=0x00000000
T55FC 000:405.553 - 0.295ms returns 0
T55FC 000:405.562 JLINK_CORESIGHT_WriteAPDPReg(AP reg 0x00, 0x80000002)
T55FC 000:405.757 - 0.195ms returns 0
T55FC 000:405.765 JLINK_CORESIGHT_WriteAPDPReg(AP reg 0x01, 0x80011130)
T55FC 000:405.943 - 0.178ms returns 0
T55FC 000:405.950 JLINK_CORESIGHT_ReadAPDPReg(AP reg 0x03)
T55FC 000:406.182   Value=0x4F0B0081
T55FC 000:406.188 - 0.237ms returns 0
T55FC 000:406.195 JLINK_CORESIGHT_WriteAPDPReg(AP reg 0x00, 0x80000002)
T55FC 000:406.361 - 0.166ms returns 0
T55FC 000:406.368 JLINK_CORESIGHT_WriteAPDPReg(AP reg 0x01, 0x80011140)
T55FC 000:406.546 - 0.178ms returns 0
T55FC 000:406.554 JLINK_CORESIGHT_ReadAPDPReg(AP reg 0x03)
T55FC 000:406.784   Value=0x00000000
T55FC 000:406.790 - 0.235ms returns 0
T55FC 000:406.797 JLINK_CORESIGHT_WriteAPDPReg(AP reg 0x00, 0x80000002)
T55FC 000:406.976 - 0.179ms returns 0
T55FC 000:406.984 JLINK_CORESIGHT_WriteAPDPReg(AP reg 0x01, 0x80011130)
T55FC 000:407.162 - 0.178ms returns 0
T55FC 000:407.171 JLINK_CORESIGHT_ReadAPDPReg(AP reg 0x03)
T55FC 000:407.412   Value=0x00040000
T55FC 000:407.418 - 0.247ms returns 0
T55FC 000:407.426 JLINK_CORESIGHT_WriteAPDPReg(AP reg 0x00, 0x80000002)
T55FC 000:407.608 - 0.182ms returns 0
T55FC 000:407.617 JLINK_CORESIGHT_WriteAPDPReg(AP reg 0x01, 0x80011140)
T55FC 000:407.802 - 0.185ms returns 0
T55FC 000:407.811 JLINK_CORESIGHT_ReadAPDPReg(AP reg 0x03)
T55FC 000:408.058   Value=0x00000000
T55FC 000:408.065 - 0.254ms returns 0
T55FC 000:408.073 JLINK_CORESIGHT_WriteAPDPReg(AP reg 0x00, 0x80000002)
T55FC 000:408.258 - 0.185ms returns 0
T55FC 000:408.266 JLINK_CORESIGHT_WriteAPDPReg(AP reg 0x01, 0x80011130)
T55FC 000:408.495 - 0.228ms returns 0
T55FC 000:408.504 JLINK_CORESIGHT_ReadAPDPReg(AP reg 0x03)
T55FC 000:408.708   Value=0x00000000
T55FC 000:408.714 - 0.210ms returns 0
T55FC 000:408.720 JLINK_CORESIGHT_WriteAPDPReg(AP reg 0x00, 0x80000002)
T55FC 000:408.898 - 0.177ms returns 0
T55FC 000:408.906 JLINK_CORESIGHT_WriteAPDPReg(AP reg 0x01, 0x80011140)
T55FC 000:409.083 - 0.177ms returns 0
T55FC 000:409.091 JLINK_CORESIGHT_ReadAPDPReg(AP reg 0x03)
T55FC 000:409.435   Value=0x00000000
T55FC 000:409.441 - 0.350ms returns 0
T55FC 000:409.447 JLINK_CORESIGHT_WriteAPDPReg(AP reg 0x00, 0x80000002)
T55FC 000:409.632 - 0.184ms returns 0
T55FC 000:409.639 JLINK_CORESIGHT_WriteAPDPReg(AP reg 0x01, 0x80011130)
T55FC 000:409.817 - 0.177ms returns 0
T55FC 000:409.824 JLINK_CORESIGHT_ReadAPDPReg(AP reg 0x03)
T55FC 000:410.031   Value=0x03A20000
T55FC 000:410.037 - 0.213ms returns 0
T55FC 000:410.329 JLINK_CORESIGHT_ReadAPDPReg(DP reg 0x01)
T55FC 000:410.513   Value=0xF0000F40
T55FC 000:410.518 - 0.189ms returns 0
T55FC 000:410.522 JLINK_CORESIGHT_WriteAPDPReg(DP reg 0x01, 0xA0000F40)
T55FC 000:410.698 - 0.175ms returns 0
T55FC 000:410.702 JLINK_CORESIGHT_ReadAPDPReg(DP reg 0x01)
T55FC 000:410.881   Value=0x00000F40
T55FC 000:410.886 - 0.183ms returns 0
T55FC 000:410.890 JLINK_ClrRESET()
T55FC 000:411.097 - 0.207ms 
T55FC 000:514.371 JLINK_Close()
T55FC 000:529.164 - 14.792ms
T55FC 000:529.180   
T55FC 000:529.183   Closed
